03-07 10:53:17.917  3643  3702 W art     : Long monitor contention event with owner method=long android.database.sqlite.SQLiteConnection.nativePrepareStatement(long, java.lang.String) from SQLiteConnection.java:4294967294 waiters=0 for 510ms
03-07 10:53:17.920  1367  2701 W ActivityManager: Unable to start service Intent { cmp=com.android.email/.service.AttachmentService } U=0: not found
03-07 10:53:17.925  3643  3708 W art     : Long monitor contention event with owner method=long android.database.sqlite.SQLiteConnection.nativePrepareStatement(long, java.lang.String) from SQLiteConnection.java:4294967294 waiters=1 for 511ms
03-07 10:53:17.950  3689  3689 I Exchange: EasService.onCreate
03-07 10:53:17.959  3643  3726 I Email   : Observing account changes for notifications
03-07 10:53:17.982  3689  3728 I Exchange: RestartPingTask
03-07 10:53:18.038  1367  1964 W SettingsProvider: You shouldn't keep your settings in the secure settings. This will soon become an error.
03-07 10:53:18.039  1367  1393 W SettingsProvider: You shouldn't keep your settings in the secure settings. This will soon become an error.
03-07 10:53:18.041  1367  2349 W SettingsProvider: You shouldn't keep your settings in the secure settings. This will soon become an error.
03-07 10:53:18.044  1367  2845 I ActivityManager: Killing 3240:com.android.cellbroadcastreceiver/u0a6 (adj 15): empty #17
03-07 10:53:18.111  3689  3689 I Exchange: RestartPingsTask did not start any pings.
03-07 10:53:18.111  3689  3689 I Exchange: PSS stopIfIdle
03-07 10:53:18.111  3689  3689 I Exchange: PSS has no active accounts; stopping service.
03-07 10:53:18.112  3689  3689 I Exchange: onDestroy
03-07 10:53:18.114  1367  2699 I ActivityManager: Killing 2617:android.process.acore/u0a4 (adj 15): empty #17
03-07 10:53:18.160  2499  2499 I SystemBroadcastReceiver: Boot has been completed
03-07 10:53:18.160  2499  2499 I SystemBroadcastReceiver: toggleAppIcon() : FLAG_SYSTEM = true
03-07 10:53:18.164  1941  3111 W MediaScanner: Error opening directory '/storage/B780-11A6/.android_secure/', skipping: Permission denied.
03-07 10:53:18.200  1367  2701 D CountryDetector: No listener is left
03-07 10:53:18.241  1941  3111 I art     : Waiting for a blocking GC DisableMovingGc
03-07 10:53:18.270  1367  2699 I ActivityManager: Start proc 3735:com.cyanogenmod.lockclock/u0a52 for broadcast com.cyanogenmod.lockclock/.ClockWidgetProvider
03-07 10:53:18.282  1941  3111 I art     : WaitForGcToComplete blocked for 39.951ms for cause DisableMovingGc
03-07 10:53:18.282  1941  3111 I art     : Starting a blocking GC DisableMovingGc
03-07 10:53:18.442  3749  3749 F libc    : page record for 0xb6eb800c was not found (block_size=64)
03-07 10:53:18.447  3748  3748 F libc    : page record for 0xb6e5a00c was not found (block_size=64)
03-07 10:53:18.451  3735  3735 W System  : ClassLoader referenced unknown path: /system/app/LockClock/lib/arm
03-07 10:53:18.517  1367  1964 I ActivityManager: Killing 3426:com.android.keychain/1000 (adj 15): empty #17
03-07 10:53:18.526  1929  2072 W NFC-LLC : LLC length mis-match
03-07 10:53:18.625  1367  2810 I ActivityManager: Start proc 3756:com.google.process.gapps/u0a68 for broadcast com.google.android.syncadapters.contacts/.ContactsSyncAdapterBroadcastReceiver
03-07 10:53:18.788  3756  3756 W System  : ClassLoader referenced unknown path: /system/app/GoogleContactsSyncAdapter/lib/arm
03-07 10:53:18.810  1367  1823 D ConnectivityService: handlePromptUnvalidated 100
03-07 10:53:18.878  3756  3756 I GoogleHttpClient: GMS http client unavailable, use old client
03-07 10:53:18.889  3756  3756 W System  : ClassLoader referenced unknown path: /system/framework/tcmclient.jar
03-07 10:53:18.933  3756  3773 I GoogleHttpClient: GMS http client unavailable, use old client
03-07 10:53:18.941  3756  3773 W System  : ClassLoader referenced unknown path: /system/framework/tcmclient.jar
03-07 10:53:18.968  1367  2701 I ActivityManager: Start proc 3775:android.process.acore/u0a4 for content provider com.android.providers.contacts/.ContactsProvider2
03-07 10:53:19.046  3336  3359 D OpenGLRenderer: endAllStagingAnimators on 0xb90af518 (RippleDrawable) with handle 0xb90a8fd0
03-07 10:53:19.185  3016  3780 D FileApkUtils: Optimizing (staging complete)
03-07 10:53:19.190  3016  3780 D FileApkUtils: Optimizing: DynamiteModules-prod.apk [0224a548494bce36274e23f9f1b42d4fbe3d4d8de53a7872e503f8974e43c3c3]
03-07 10:53:19.205  3775  3775 W System  : ClassLoader referenced unknown path: /system/priv-app/ContactsProvider/lib/arm
03-07 10:53:19.213  3016  3780 D DexOptUtils: Module /data/user/0/com.google.android.gms/app_chimera/m/00000000/DynamiteModules-prod.apk is already optimized. Bailing.
03-07 10:53:19.375  1367  1449 I ActivityManager: Waited long enough for: ServiceRecord{cf09b26 u0 com.android.providers.media/.MediaScannerService}
03-07 10:53:19.405  2996  2996 D ChimeraCfgMgr: Reading stored module config
03-07 10:53:19.463  3796  3796 F libc    : page record for 0xb6f1600c was not found (block_size=64)
03-07 10:53:19.471  3797  3797 F libc    : page record for 0xb6f5200c was not found (block_size=64)
03-07 10:53:19.475  3798  3798 F libc    : page record for 0xb6f2600c was not found (block_size=64)
03-07 10:53:19.549  2996  2996 D WearableService: callingUid 10012, callindPid: 2996
03-07 10:53:19.561  2996  2996 E GmsWearableNodeHelper: GoogleApiClient connection failed: ConnectionResult{statusCode=API_UNAVAILABLE, resolution=null, message=null}
03-07 10:53:19.568  3775  3775 W System  : ClassLoader referenced unknown path: /system/app/UserDictionaryProvider/lib/arm
03-07 10:53:19.786  3016  3016 W InstanceID/Rpc: Found 10012
03-07 10:53:19.998  3016  3810 D GCM     : COMPAT: Multi user ser=0 current=0
03-07 10:53:20.026  2996  2996 D GCM     : COMPAT: Multi user ser=0 current=0
03-07 10:53:20.075  3016  3814 I CheckinService: Disabling old GoogleServicesFramework version
03-07 10:53:20.083  3016  3016 D SystemUpdateService: onCreate
03-07 10:53:20.147  3016  3810 I GCoreUlr: Starting service, intent=Intent { act=com.google.android.location.reporting.ACTION_UPDATE_WORLD cmp=com.google.android.gms/com.google.android.location.reporting.service.DispatchingService (has extras) }, extras=Bundle[{receiverAction=android.intent.action.BOOT_COMPLETED}]
03-07 10:53:20.260  3016  3016 D SystemUpdateService: onStartCommand: intent: Intent { cmp=com.google.android.gms/.update.SystemUpdateService (has extras) }
03-07 10:53:20.278   383  3709 I chatty  : uid=1013(media) /system/bin/mediaserver expire 9 lines
03-07 10:53:20.311  3775  3792 I ContactLocale: AddressBook Labels [de-DE]: [, A, B, C, D, E, F, G, H, I, J, K, L, M, N, O, P, Q, R, S, T, U, V, W, X, Y, Z, , , , , , , , , , , , , , , , , , , , , , , , , , , , , , , , , , , , , , , , , , , , , , , , , , , , , , , , , , , , , , , , , , , , , , , , , , , , , , , , , , , , , , , , , , , , , , , , , , , , , , , , , , , , , , , , , , , , , , , , , , , , , , , , , , , , , , , , , , , , , , , , , , , , , , , , , , , , , , , , , , , , , , , , , , , , , , , , , , , , , , , , , , , #, ]
03-07 10:53:20.373  3016  3016 D ChimeraCfgMgr: Reading stored module config
03-07 10:53:20.490  3016  3016 D BootCompletedReceiver: Will schedule periodic tasks:android.intent.action.BOOT_COMPLETED.
03-07 10:53:20.503  3016  3016 D BootCompletedReceiver: Got an BootCompleted event.
03-07 10:53:20.531  1929  2072 W NFC-LLC : LLC length mis-match
03-07 10:53:20.577  3016  3016 D BootCompletedReceiver: Will NOT schedule AdAttestation signal task because it's disabled.
03-07 10:53:20.578  1367  1964 I BroadcastQueue: Delay finish: com.google.android.gms/.gass.chimera.BootCompletedBroadcastReceiver
03-07 10:53:20.631  3016  3819 I SystemUpdateService: cancelUpdate (empty URL)
03-07 10:53:20.641  3016  3819 I SystemUpdateService: active receiver: disabled
03-07 10:53:20.649  2996  3824 D GCM     : GcmService start Intent { act=android.intent.action.BOOT_COMPLETED flg=0x8000010 cmp=com.google.android.gms/.gcm.GcmService (has extras) } android.intent.action.BOOT_COMPLETED
03-07 10:53:20.656  1367  2845 D PackageManager: Ignoring attempt to set enabled state of disabled component com.google.android.gms/com.google.android.gms.update.SystemUpdateService$ActiveReceiver
03-07 10:53:20.713  3016  3822 V AuthZen : Handling intent: android.intent.action.BOOT_COMPLETED
03-07 10:53:20.782  2996  2996 I GCoreUlr: DispatchingService.onCreate()
03-07 10:53:20.826  3016  3815 I CheckinService: Checking schedule, now: 1457344400801 next: 1457379877897
03-07 10:53:20.826  3016  3815 I CheckinService: active receiver: disabled
03-07 10:53:20.840  1367  2700 I BroadcastQueue: Resuming delayed broadcast
03-07 10:53:20.888  1367  2629 I BroadcastQueue: Delay finish: com.google.android.gms/.tron.AlarmReceiver
03-07 10:53:20.900  2996  2996 V GLSActivity: AuthDelegateWrapperCreated with selected intent: Intent { cmp=com.google.android.gms/.auth.DefaultAuthDelegateService }
03-07 10:53:20.903  2996  2996 V GLSActivity: AuthDelegateWrapperCreated with selected intent: Intent { cmp=com.google.android.gms/.auth.DefaultAuthDelegateService }
03-07 10:53:20.982  3016  3822 D AuthZenEventHandler: Handling event: android.intent.action.BOOT_COMPLETED
03-07 10:53:20.993  2996  3830 I GCoreUlr: WorldUpdater received intent Intent { act=com.google.android.location.reporting.ACTION_UPDATE_WORLD cmp=com.google.android.gms/com.google.android.location.reporting.service.DispatchingService (has extras) } with receiverAction android.intent.action.BOOT_COMPLETED
03-07 10:53:21.015  2996  3823 I GCM     : GCM config loaded
03-07 10:53:21.055  1367  1940 I BroadcastQueue: Resuming delayed broadcast
03-07 10:53:21.144  3016  3016 D SystemUpdateService: onDestroy
03-07 10:53:21.174  3016  3822 W BaseAppContext: Using Auth Proxy for data requests.
03-07 10:53:21.268  2996  3839 I GCM     : Ack for not saved message 6
03-07 10:53:21.290  3735  3735 D WeatherUpdateService: Service started, but shouldn't update ... stopping
03-07 10:53:21.329  3016  3822 E BaseAppContext: Tried to stop global GMSCore RequestQueue. This is likely unintended, so ignoring.
03-07 10:53:21.387  3016  3822 I AuthZen : Fetching signing key...
03-07 10:53:21.476  2996  3830 I GCoreUlr: WorldUpdater:android.intent.action.BOOT_COMPLETED: Ensuring that reporting is stopped because of reasons: {account#-19#=[InactiveReason{mVersionCode=0, mIdentifier=12, mName='LocationDisabled'}, InactiveReason{mVersionCode=0, mIdentifier=6, mName='ReportingNotEnabled'}]}
03-07 10:53:21.509  3016  3822 I AuthZen : Signing key fetched successfully!
03-07 10:53:21.581  3016  3822 W BaseAppContext: Using Auth Proxy for data requests.
03-07 10:53:21.582  2996  3830 I GCoreUlr: Unbound from all location providers
03-07 10:53:21.582  2996  3830 I GCoreUlr: Place inference reporting - stopped
03-07 10:53:21.598  1367  2699 I ActivityManager: Killing 3411:com.android.dialer/u0a8 (adj 15): empty #17
03-07 10:53:21.671  3336  3336 W AudioManager: setStreamMute is deprecated. adjustStreamVolume should be used instead.
03-07 10:53:21.703  2996  2996 I GCoreUlr: DispatchingService.onDestroy()
03-07 10:53:21.703  2996  2996 I GCoreUlr: Stopping handler for UlrDispSvcFast
03-07 10:53:21.717  2996  2996 I GCoreUlr: Unbound from all location providers
03-07 10:53:21.717  2996  2996 I GCoreUlr: Place inference reporting - stopped
03-07 10:53:21.725  2996  2996 W Auth    : [FRP,FrpUpdateIntentService] Received invalid intent action: com.google.android.gms.auth.ACTION_INVALID
03-07 10:53:21.734  3336  3336 E CFV5    : getNewFilename: 1457344401734
03-07 10:53:21.739  3336  3336 E CFV5    : getNewFilename: 1457344401739
03-07 10:53:21.746  2996  2996 V GLSActivity: AuthDelegateWrapperCreated with selected intent: Intent { cmp=com.google.android.gms/.auth.DefaultAuthDelegateService }
03-07 10:53:21.790  3016  3822 D a       : Opening database auth.proximity.permit_store...
03-07 10:53:21.799  3016  3822 D AuthZenTransactionCache: Initialized cache in: /data/user/0/com.google.android.gms/files
03-07 10:53:21.801  3016  3822 D AuthZenTransactionCache: Clearing transaction cache
03-07 10:53:21.806  1367  1449 I ActivityManager: Waited long enough for: ServiceRecord{e13a1a u0 com.whatsapp/.ExternalMediaManager}
03-07 10:53:21.870  2996  2996 D PersistentNotificationBroadcastReceiver: Received intent: Intent { act=android.intent.action.BOOT_COMPLETED flg=0x8000010 cmp=com.google.android.gms/.common.notification.PersistentNotificationBroadcastReceiver (has extras) }
03-07 10:53:22.080  1367  1393 I ActivityManager: Start proc 3859:com.dropbox.android/u0a74 for broadcast com.dropbox.android/.service.WakeupReceiver
03-07 10:53:22.207  1367  2685 I ActivityManager: Killing 3463:com.quoord.tapatalkxda.activity/u0a83 (adj 15): empty #17
03-07 10:53:22.230  3336  3336 W AudioManager: setStreamMute is deprecated. adjustStreamVolume should be used instead.
03-07 10:53:22.243   383  3873 I chatty  : uid=1013(media) /system/bin/mediaserver expire 1 line
03-07 10:53:22.265   383  3665 I chatty  : uid=1013(media) /system/bin/mediaserver expire 120 lines
03-07 10:53:22.275   383  3875 I chatty  : uid=1013(media) /system/bin/mediaserver expire 3 lines
03-07 10:53:22.277   383  3879 I chatty  : uid=1013(media) /system/bin/mediaserver expire 8 lines
03-07 10:53:22.304   383  3881 I chatty  : uid=1013(media) /system/bin/mediaserver expire 3 lines
03-07 10:53:22.308  1907  2169 I vol.Events: writeEvent level_changed STREAM_SYSTEM 1
03-07 10:53:22.308  1907  2169 I vol.Events: writeEvent level_changed STREAM_RING 1
03-07 10:53:22.309  1907  2169 I vol.Events: writeEvent mute_changed STREAM_RING false
03-07 10:53:22.309   383  3885 I chatty  : uid=1013(media) /system/bin/mediaserver expire 8 lines
03-07 10:53:22.331  1907  2169 I vol.Events: writeEvent mute_changed STREAM_SYSTEM false
03-07 10:53:22.331  1907  2169 I vol.Events: writeEvent internal_ringer_mode_changed normal
03-07 10:53:22.356  1367  2349 D ZenLog  : set_ringer_mode_internal: AudioService.checkForRingerModeChange,i:vibrate->normal,e:vibrate->normal
03-07 10:53:22.358  1907  2169 I vol.Events: writeEvent external_ringer_mode_changed normal
03-07 10:53:22.398   383  3887 I chatty  : uid=1013(media) /system/bin/mediaserver expire 3 lines
03-07 10:53:22.398   383  3892 I chatty  : uid=1013(media) /system/bin/mediaserver expire 8 lines
03-07 10:53:22.420   383  3894 I chatty  : uid=1013(media) /system/bin/mediaserver expire 3 lines
03-07 10:53:22.420   383  3898 I chatty  : uid=1013(media) /system/bin/mediaserver expire 8 lines
03-07 10:53:22.448   383  3900 I chatty  : uid=1013(media) /system/bin/mediaserver expire 3 lines
03-07 10:53:22.449   383  3904 I chatty  : uid=1013(media) /system/bin/mediaserver expire 8 lines
03-07 10:53:22.492  3859  3859 I MultiDex: VM with version 2.1.0 has multidex support
03-07 10:53:22.492  3859  3859 I MultiDex: install
03-07 10:53:22.492  3859  3859 I MultiDex: VM has multidex support, MultiDex support library is disabled.
03-07 10:53:22.533  1929  2072 W NFC-LLC : LLC length mis-match
03-07 10:53:22.548  3336  3336 E Camera  : Error -2147483648
03-07 10:53:22.661  1367  1823 D ConnectivityService: notifyType CAP_CHANGED for NetworkAgentInfo [WIFI () - 100]
03-07 10:53:22.820  3016  3911 E ActivityThread: Failed to find provider info for com.android.contacts.metadata
03-07 10:53:22.883  3914  3914 F libc    : page record for 0xb6fa000c was not found (block_size=64)
03-07 10:53:22.897  3913  3913 F libc    : page record for 0xb6ef500c was not found (block_size=64)
03-07 10:53:22.912  1367  1443 D SyncManager: failed sync operation michzdimarco@gmail.com u0 (com.google), com.android.contacts.metadata, POLL, currentRunTime 59153, reason: UserStart, SyncResult: databaseError: true stats []
03-07 10:53:22.918  1367  1443 D SyncManager: not retrying sync operation because the error is a hard error: michzdimarco@gmail.com u0 (com.google), com.android.contacts.metadata, POLL, currentRunTime 107096, reason: UserStart
03-07 10:53:23.197  3016  3016 E ConnectivityChangeReceiver: Ignoring connectivity change
03-07 10:53:23.221  1367  1393 D ConnectivityService: listenForNetwork for Listen from uid/pid:10012/3016 for NetworkRequest [ id=4, legacyType=-1, [ Capabilities: INTERNET&NOT_RESTRICTED&TRUSTED&NOT_VPN] ]
03-07 10:53:23.407  1367  1940 I ActivityManager: Start proc 3922:com.dropbox.android:crash_uploader/u0a74 for service com.dropbox.android/.exception.CrashUploaderService
03-07 10:53:23.440   383  3905 I chatty  : uid=1013(media) /system/bin/mediaserver expire 14 lines
03-07 10:53:23.520  2825  2886 E ELEVEN  : calling refresh!
03-07 10:53:23.558  3922  3922 I MultiDex: VM with version 2.1.0 has multidex support
03-07 10:53:23.558  3922  3922 I MultiDex: install
03-07 10:53:23.558  3922  3922 I MultiDex: VM has multidex support, MultiDex support library is disabled.
03-07 10:53:23.618  3859  3859 I dbxyzptlk.db520600.aE.h: Loading /data/user/0/com.dropbox.android/files/extracted_libs/lib_breakpadinstaller_c306ccff239fbeae5a6a82383e69dc267516ea2b_armv7a
03-07 10:53:23.662  3859  3859 D breakpad: breakpad loaded; target path "/data/user/0/com.dropbox.android/app_crashdumps"
03-07 10:53:23.666  3859  3859 I dbxyzptlk.db520600.aE.h: Loading /data/user/0/com.dropbox.android/files/extracted_libs/lib_dbxfileobserver_b492ffd532b8b6365d97439f842c164c3c90fd4e_armv7a
03-07 10:53:23.682  3859  3859 I dbxyzptlk.db520600.aE.h: Loading /data/user/0/com.dropbox.android/files/extracted_libs/lib_dropboxsync_414b43ef3d7bd70dd5d381cbe4daa55d10b41cdf_armv7a
03-07 10:53:23.822  3016  3910 W DriveInitializer: Awaiting to be initialized
03-07 10:53:23.824  3016  3939 W DriveInitializer: Background init thread started
03-07 10:53:23.860  1367  2349 D VoldConnector: SND -> {15 volume mkdirs /storage/d440b144-9519-404b-a098-c6ee808391ab/Android/data/com.google.android.gms/files/}
03-07 10:53:23.861   189   206 E cutils  : Failed to mkdirat(/storage/d440b144-9519-404b-a098-c6ee808391ab/Android): Permission denied
03-07 10:53:23.861  1367  1789 D VoldConnector: RCV <- {400 15 Command failed}
03-07 10:53:23.863  3016  3939 W ContextImpl: Failed to ensure /storage/d440b144-9519-404b-a098-c6ee808391ab/Android/data/com.google.android.gms/files: 400
03-07 10:53:23.913  3942  3942 F libc    : page record for 0xb6ef700c was not found (block_size=64)
03-07 10:53:23.914  3943  3943 F libc    : page record for 0xb6eae00c was not found (block_size=64)
03-07 10:53:23.926  3944  3944 F libc    : page record for 0xb6ed000c was not found (block_size=64)
03-07 10:53:23.939  1367  2700 D VoldConnector: SND -> {16 volume mkdirs /storage/d440b144-9519-404b-a098-c6ee808391ab/Android/data/com.google.android.gms/files/}
03-07 10:53:23.940   189   206 E cutils  : Failed to mkdirat(/storage/d440b144-9519-404b-a098-c6ee808391ab/Android): Permission denied
03-07 10:53:23.940  1367  1789 D VoldConnector: RCV <- {400 16 Command failed}
03-07 10:53:23.941  3016  3940 W ContextImpl: Failed to ensure /storage/d440b144-9519-404b-a098-c6ee808391ab/Android/data/com.google.android.gms/files: 400
03-07 10:53:23.985  1367  1393 D VoldConnector: SND -> {17 volume mkdirs /storage/d440b144-9519-404b-a098-c6ee808391ab/Android/data/com.google.android.gms/files/}
03-07 10:53:23.986   189   206 E cutils  : Failed to mkdirat(/storage/d440b144-9519-404b-a098-c6ee808391ab/Android): Permission denied
03-07 10:53:23.987  1367  1789 D VoldConnector: RCV <- {400 17 Command failed}
03-07 10:53:23.987  3016  3940 W ContextImpl: Failed to ensure /storage/d440b144-9519-404b-a098-c6ee808391ab/Android/data/com.google.android.gms/files: 400
03-07 10:53:23.989  3016  3939 W DriveInitializer: Background init thread ended
03-07 10:53:24.006  1941  3111 D MediaScanner: stat() failed for /storage/8A8E-A42B/.android_secure: Permission denied
03-07 10:53:24.038  1367  2629 D VoldConnector: SND -> {18 volume mkdirs /storage/d440b144-9519-404b-a098-c6ee808391ab/Android/data/com.google.android.gms/files/}
03-07 10:53:24.039   189   206 E cutils  : Failed to mkdirat(/storage/d440b144-9519-404b-a098-c6ee808391ab/Android): Permission denied
03-07 10:53:24.039  1367  1789 D VoldConnector: RCV <- {400 18 Command failed}
03-07 10:53:24.040  3016  3940 W ContextImpl: Failed to ensure /storage/d440b144-9519-404b-a098-c6ee808391ab/Android/data/com.google.android.gms/files: 400
03-07 10:53:24.058  3859  3859 I libDropboxSync.so: Setting global terminate handler.
03-07 10:53:24.154  1367  2701 I ActivityManager: Killing 3491:com.cyanogenmod.updater/u0a2 (adj 15): empty #17
03-07 10:53:24.162  3859  3859 I dbxyzptlk.db520600.aE.h: Loading /data/user/0/com.dropbox.android/files/extracted_libs/lib_mupdf_65d8e7a72c46d3cc32b3f32f0482b3a6648eb947_armv7a
03-07 10:53:24.325  3859  3859 I com.dropbox.sync.android.I: Prepared cache dir '/data/user/0/com.dropbox.android/app_DropboxSyncCache/hizqkiq3952astb'.
03-07 10:53:24.391  3859  3859 I com.dropbox.sync.android.aL: Dropbox initialized for application: hizqkiq3952astb (com.dropbox.android/5.2.6 DropboxSync/3.1+dev (Android; 6.0.1; Sony Xperia T armeabi-v7a; de_DE))
03-07 10:53:24.535  1929  2072 W NFC-LLC : LLC length mis-match
03-07 10:53:24.552  3859  3859 I com.dropbox.android.service.DropboxNetworkReceiver: Setting receiver enabled: false
03-07 10:53:24.592  2996  3962 I Scheduler: Use legacy PeriodicScheduler
03-07 10:53:24.593  3859  3859 E ActivityThread: Failed to find provider info for com.dropbox.carousel.CuOwnerCheckProvider
03-07 10:53:24.597  1367  1821 D WifiStateMachine: L2Connected CMD_START_SCAN source -2 4, 5 -> obsolete
03-07 10:53:24.620  1367  1395 D VoldConnector: SND -> {19 volume mkdirs /storage/d440b144-9519-404b-a098-c6ee808391ab/Android/data/com.dropbox.android/files/}
03-07 10:53:24.621   189   206 E cutils  : Failed to mkdirat(/storage/d440b144-9519-404b-a098-c6ee808391ab/Android): Permission denied
03-07 10:53:24.621  1367  1789 D VoldConnector: RCV <- {400 19 Command failed}
03-07 10:53:24.622  3859  3859 W ContextImpl: Failed to ensure /storage/d440b144-9519-404b-a098-c6ee808391ab/Android/data/com.dropbox.android/files: 400
03-07 10:53:24.634  1367  1393 D VoldConnector: SND -> {20 volume mkdirs /storage/d440b144-9519-404b-a098-c6ee808391ab/Android/data/com.dropbox.android/cache/}
03-07 10:53:24.635   189   206 E cutils  : Failed to mkdirat(/storage/d440b144-9519-404b-a098-c6ee808391ab/Android): Permission denied
03-07 10:53:24.635  1367  1789 D VoldConnector: RCV <- {400 20 Command failed}
03-07 10:53:24.636  3859  3859 W ContextImpl: Failed to ensure /storage/d440b144-9519-404b-a098-c6ee808391ab/Android/data/com.dropbox.android/cache: 400
03-07 10:53:24.639  2996  3962 W InstanceID/Rpc: Found 10012
03-07 10:53:24.701  3859  3859 W Settings: Setting airplane_mode_on has moved from android.provider.Settings.System to android.provider.Settings.Global, returning read-only value.
03-07 10:53:24.727  3859  3859 I com.dropbox.sync.android.az: Created NativeDbappNoAuthClientProvider
03-07 10:53:24.992  3859  3859 I com.dropbox.sync.android.aC: Dropbox user 460785907 linked.
03-07 10:53:25.002  3859  3859 I libDropboxSync.so(contacts): contact_manager_v2_impl.cpp:1979: Found 0 byte avatar on startup
03-07 10:53:25.009  3859  3859 I libDropboxSync.so(contacts): contact_manager_v2_impl.cpp:2003: Restoring me_contact from disk cache.
03-07 10:53:25.009  3859  3859 I com.dropbox.sync.android.aY: Created DbxContactManager for uid='460785907'.
03-07 10:53:25.012  3859  3977 I libDropboxSync.so(contacts): contact_manager_v2_impl.cpp:1133: in notify_me_contact_listeners, 0 byte avatar
03-07 10:53:25.012  3859  3977 I libDropboxSync.so(contacts): contact_manager_v2_impl.cpp:1148: in notify_me_contact_listeners, 0 listeners
03-07 10:53:25.058  3859  3859 I com.dropbox.sync.android.bE: Created DbxNotificationManager for uid='460785907'.
03-07 10:53:25.074  3859  3859 I libDropboxSync.so(sync): file_activity_impl.cpp:45: inited pending comments db /data/user/0/com.dropbox.android/app_DropboxSyncCache/hizqkiq3952astb/460785907-dbapp/fa_cache.db
03-07 10:53:25.103  3859  3859 I com.dropbox.sync.android.aw: Created NativeDbappClientProvider for uid='460785907
03-07 10:53:25.243  3859  3859 W Settings: Setting airplane_mode_on has moved from android.provider.Settings.System to android.provider.Settings.Global, returning read-only value.
03-07 10:53:25.327  3859  3977 I libDropboxSync.so(contacts): contact_manager_v2_impl.cpp:2048: No cached unsearchable contacts
03-07 10:53:25.328  3859  3977 I libDropboxSync.so(contacts): contact_manager_v2_impl.cpp:2069: Maybe restoring 1 searchable contacts from disk cache.
03-07 10:53:25.328  3859  3977 I libDropboxSync.so(contact_manager): contact_manager_v2_impl.cpp:1040: No libphonenumber provided.
03-07 10:53:25.328  3859  3977 I libDropboxSync.so(contacts): contact_manager_v2_impl.cpp:1060: Setting 1 new searchable contacts.
03-07 10:53:25.328  3859  3977 I libDropboxSync.so(contacts): contact_manager_v2_impl.cpp:1086: Not writing previously cached data to searchable cache
03-07 10:53:25.328  3859  3977 I libDropboxSync.so(contacts): contact_manager_v2_impl.cpp:1943: Failed to open cachefile: local
03-07 10:53:25.328  3859  3859 I com.dropbox.sync.android.I: Removing unclaimed file/directory in cache: "local-dbapp_noauth"
03-07 10:53:25.328  3859  3977 I libDropboxSync.so(contacts): contact_manager_v2_impl.cpp:2012: No cached local contacts
03-07 10:53:25.351  3859  3859 I com.dropbox.sync.android.DbxSyncService: DbxSyncService starting.
03-07 10:53:25.361  1367  1395 I ActivityManager: Start proc 4005:com.wetter.androidclient/u0a81 for broadcast com.wetter.androidclient/.notifications.alarm.OnBootReceiver
03-07 10:53:25.409  2750  2771 I Finsky  : [77] com.google.android.finsky.billing.iab.m.a(3173): com.dropbox.android: Account determined from installer data - [scXQIq5BSFB-XztjFbzcPP79r9Y]
03-07 10:53:25.413  2750  2772 I Finsky  : [78] com.google.android.finsky.billing.iab.m.a(3173): com.dropbox.android: Account determined from installer data - [scXQIq5BSFB-XztjFbzcPP79r9Y]
03-07 10:53:25.448  3859  3992 I com.dropbox.sync.android.cx: Created new socket: SSL socket over Socket[address=api.dropbox.com/108.160.172.205,port=443,localPort=39166]
03-07 10:53:25.462  4005  4005 W System  : ClassLoader referenced unknown path: /data/app/com.wetter.androidclient-1/lib/arm
03-07 10:53:25.559  4005  4005 I MultiDex: VM with version 2.1.0 has multidex support
03-07 10:53:25.559  4005  4005 I MultiDex: install
03-07 10:53:25.559  4005  4005 I MultiDex: VM has multidex support, MultiDex support library is disabled.
03-07 10:53:25.782  4005  4005 D HockeyApp: Looking for exceptions in: /data/user/0/com.wetter.androidclient/files
03-07 10:53:25.783  4005  4005 D HockeyApp: Current handler class = com.android.internal.os.RuntimeInit$UncaughtHandler
03-07 10:53:25.823  1367  1395 I ActivityManager: Start proc 4022:com.google.android.calendar/u0a69 for broadcast com.google.android.calendar/com.android.calendar.alerts.AlertReceiver
03-07 10:53:25.824  1367  1395 I ActivityManager: Killing 2663:com.android.providers.calendar/u0a3 (adj 15): empty #17
03-07 10:53:25.934  4022  4022 W System  : ClassLoader referenced unknown path: /data/app/com.google.android.calendar-1/lib/arm
03-07 10:53:26.198  1367  2629 I ActivityManager: Start proc 4038:com.android.providers.calendar/u0a3 for content provider com.android.providers.calendar/.CalendarProvider2
03-07 10:53:26.292  4038  4038 W System  : ClassLoader referenced unknown path: /system/priv-app/CalendarProvider/lib/arm
03-07 10:53:26.348  4038  4038 I CalendarProvider2: Created com.android.providers.calendar.CalendarAlarmManager@9e79d37(com.android.providers.calendar.CalendarProvider2@90ee2a4)
03-07 10:53:26.430  3859  3983 I libDropboxSync.so(notif): notifications.cpp:456: fetched 0 notifications
03-07 10:53:26.437  3859  3983 I libDropboxSync.so(sync): notifications.cpp:207: longpoll done.  Going idle.
03-07 10:53:26.517  4022  4022 I AnalyticsLogBase: PlayLogger.onLoggerConnected
03-07 10:53:26.519  2996  2996 D WearableService: callingUid 10012, callindPid: 2996
03-07 10:53:26.529  2996  4064 E MDM     : [165] b.run: Couldn't connect to Google API client: ConnectionResult{statusCode=API_UNAVAILABLE, resolution=null, message=null}
03-07 10:53:26.538  1929  2072 W NFC-LLC : LLC length mis-match
03-07 10:53:26.545  3016  4067 D LocationInitializer: Restart initialization of location
03-07 10:53:26.779  3016  4070 W IcingInternalCorpora: getNumBytesRead when not calculated.
03-07 10:53:26.799  3859  3999 I libDropboxSync.so(notif): notifications.cpp:456: fetched 0 notifications
03-07 10:53:26.868  2996  2996 D AuthorizationBluetoothService: Received GmsCore event: Intent { act=com.google.android.gms.INITIALIZE flg=0x10 pkg=com.google.android.gms cmp=com.google.android.gms/.auth.be.proximity.authorization.bt.AuthorizationBluetoothService$AutoStarter }.
03-07 10:53:26.881  2996  2996 D a       : Opening database auth.proximity.permit_store...
03-07 10:53:26.951  2996  2996 V GLSActivity: AuthDelegateWrapperCreated with selected intent: Intent { cmp=com.google.android.gms/.auth.DefaultAuthDelegateService }
03-07 10:53:27.006  3016  4086 D LocationInitializer: Restart initialization of location
03-07 10:53:27.019  2996  2996 D AuthorizationBluetoothService: Received GmsCore event: Intent { act=com.google.android.gms.INITIALIZE flg=0x10 pkg=com.google.android.gms cmp=com.google.android.gms/.auth.be.proximity.authorization.bt.AuthorizationBluetoothService$AutoStarter }.
03-07 10:53:27.037  2996  2996 V GLSActivity: AuthDelegateWrapperCreated with selected intent: Intent { cmp=com.google.android.gms/.auth.DefaultAuthDelegateService }
03-07 10:53:27.038  2996  4085 E MDM     : [179] b.run: Couldn't connect to Google API client: ConnectionResult{statusCode=API_UNAVAILABLE, resolution=null, message=null}
03-07 10:53:27.078  3533  3533 D SimSelectNotification:  no of slots 1 provision = false
03-07 10:53:27.113  2996  2996 V UserPresentBroadcastReceiver: Received Intent { act=android.intent.action.USER_PRESENT flg=0x24000010 cmp=com.google.android.gms/.auth.trustagent.UserPresentBroadcastReceiver }.
03-07 10:53:27.154  3533  3533 D SimSelectNotification:  no of slots 1 provision = false
03-07 10:53:27.173  3533  3533 D SimSelectNotification:  no of slots 1 provision = false
03-07 10:53:27.247   349  1458 I system_monitor: alarm_callback - Received MAX alarm: xo_therm at Level:13
03-07 10:53:27.248   349  1458 I sysmon-cpu_frequency: execute_action - cpu frequency mitigation requester = xo_therm freq = 1512000
03-07 10:53:27.248   349  1458 I sysmon-cpu_frequency: Using previous CPU[0] frequency
03-07 10:53:27.248   349  1458 I sysmon-cpu_frequency: Using previous CPU[1] frequency
03-07 10:53:27.248   349  1458 I sysmon-cpu_frequency: log_idd - Thermal mitigation:sensor = xo_therm from level = 13 to 12
03-07 10:53:27.248   349  1458 E idd-api : idd_add_event: send failed, socket 29, errcode -2 (No such file or directory)
03-07 10:53:27.248   349  1458 I sysmon-charge_current_limit: set_charge_current_level - Set OK Charge Current limit:level 0
03-07 10:53:27.248   349  1458 I sysmon-charge_current_limit: log_idd - Thermal mitigation:sensor = xo_therm from level = 13 to 12
03-07 10:53:27.248   349  1458 E idd-api : idd_add_event: send failed, socket 29, errcode -2 (No such file or directory)
03-07 10:53:27.248   349  1458 I sysmon-usb_current_limit: set_usb_current_level - Set OK USB Current limit: 1100mA
03-07 10:53:27.248   349  1458 I sysmon-usb_current_limit: log_idd - Thermal mitigation:sensor = xo_therm from level = 13 to 12
03-07 10:53:27.249   349  1458 E idd-api : idd_add_event: send failed, socket 29, errcode -2 (No such file or directory)
03-07 10:53:27.249   349  1458 I sysmon-modem: execute_action - modem mitigation requester = xo_therm
03-07 10:53:27.249   349  1458 I sysmon-modem: log_idd - Thermal mitigation:sensor = xo_therm from level = 13 to 12
03-07 10:53:27.249   349  1458 E idd-api : idd_add_event: send failed, socket 29, errcode -2 (No such file or directory)
03-07 10:53:27.249   349  1458 E illumination_api: Failed to connect to illumination service: No such file or directory
03-07 10:53:27.249   349  1458 I sysmon-brightness_level: execute_action - Brightness to 255.
03-07 10:53:27.249   349  1458 I sysmon-brightness_level: log_idd - Thermal mitigation:sensor = xo_therm from level = 13 to 12
03-07 10:53:27.249   349  1458 E idd-api : idd_add_event: send failed, socket 29, errcode -2 (No such file or directory)
03-07 10:53:27.249   349  1445 I sysmon-modem: Modem already at mitigation state 0
03-07 10:53:27.251  4005  4005 I GAv4    : Google Analytics 7.8.95 is starting up. To enable debug logging on a device run:
03-07 10:53:27.251  4005  4005 I GAv4    :   adb shell setprop log.tag.GAv4 DEBUG
03-07 10:53:27.251  4005  4005 I GAv4    :   adb logcat -s GAv4
03-07 10:53:27.272  4005  4005 W GAv4    : AnalyticsReceiver is not registered or is disabled. Register the receiver for reliable dispatching on non-Google Play devices. See http://goo.gl/8Rd3yj for instructions.
03-07 10:53:27.275  4005  4005 W GAv4    : CampaignTrackingReceiver is not registered, not exported or is disabled. Installation campaign tracking is not possible. See http://goo.gl/8Rd3yj for instructions.
03-07 10:53:27.282  4005  4005 W GAv4    : string configuration name not recognized: ga_logLevel
03-07 10:53:27.285  4005  4094 W GAv4    : AnalyticsService not registered in the app manifest. Hits might not be delivered reliably. See http://goo.gl/8Rd3yj for instructions.
03-07 10:53:27.381  4038  4038 I CalendarProvider2: Sending notification intent: Intent { act=android.intent.action.PROVIDER_CHANGED dat=content://com.android.calendar flg=0x20000000 }
03-07 10:53:27.381  4038  4038 W ContentResolver: Failed to get type for: content://com.android.calendar (Unknown URL content://com.android.calendar)
03-07 10:53:27.579  1367  2629 I ActivityManager: START u0 {act=com.android.systemui.recents.SHOW_RECENTS flg=0x10804000 cmp=com.android.systemui/.recents.RecentsActivity} from uid 10018 on display 0
03-07 10:53:27.582  1907  1952 I art     : Background sticky concurrent mark sweep GC freed 34804(3MB) AllocSpace objects, 0(0B) LOS objects, 10% free, 25MB/28MB, paused 9.980ms total 75.324ms
03-07 10:53:27.634   383  2679 I chatty  : uid=1013(media) Binder_4 expire 5 lines
03-07 10:53:27.635   383  3680 I chatty  : uid=1013(media) /system/bin/mediaserver expire 10 lines
03-07 10:53:27.764  4097  4097 F libc    : page record for 0xb6e9800c was not found (block_size=64)
03-07 10:53:27.777  4098  4098 F libc    : page record for 0xb6f8200c was not found (block_size=64)
03-07 10:53:27.784   383   383 I chatty  : uid=1013(media) /system/bin/mediaserver expire 94 lines
03-07 10:53:27.789   383  3658 I chatty  : uid=1013(media) /system/bin/mediaserver expire 8 lines
03-07 10:53:27.789   383  3663 I chatty  : uid=1013(media) /system/bin/mediaserver expire 2 lines
03-07 10:53:27.795   383  3660 I chatty  : uid=1013(media) /system/bin/mediaserver expire 2 lines
03-07 10:53:27.798   383  3684 I chatty  : uid=1013(media) /system/bin/mediaserver expire 2 lines
03-07 10:53:27.836  1367  1496 I ActivityManager: Displayed com.android.systemui/.recents.RecentsActivity: +215ms
03-07 10:53:28.009  1367  1393 E ActivityManager: Activity Manager Crash
03-07 10:53:28.009  1367  1393 E ActivityManager: java.lang.IllegalStateException: Bad magic number for Bundle: 0x1
03-07 10:53:28.009  1367  1393 E ActivityManager: 	at android.os.BaseBundle.readFromParcelInner(BaseBundle.java:1363)
03-07 10:53:28.009  1367  1393 E ActivityManager: 	at android.os.BaseBundle.<init>(BaseBundle.java:90)
03-07 10:53:28.009  1367  1393 E ActivityManager: 	at android.os.Bundle.<init>(Bundle.java:68)
03-07 10:53:28.009  1367  1393 E ActivityManager: 	at android.os.Parcel.readBundle(Parcel.java:1778)
03-07 10:53:28.009  1367  1393 E ActivityManager: 	at android.os.Parcel.readBundle(Parcel.java:1762)
03-07 10:53:28.009  1367  1393 E ActivityManager: 	at android.content.Intent.readFromParcel(Intent.java:7983)
03-07 10:53:28.009  1367  1393 E ActivityManager: 	at android.content.Intent.<init>(Intent.java:7949)
03-07 10:53:28.009  1367  1393 E ActivityManager: 	at android.content.Intent$1.createFromParcel(Intent.java:7940)
03-07 10:53:28.009  1367  1393 E ActivityManager: 	at android.content.Intent$1.createFromParcel(Intent.java:7939)
03-07 10:53:28.009  1367  1393 E ActivityManager: 	at android.app.ActivityManagerNative.onTransact(ActivityManagerNative.java:453)
03-07 10:53:28.009  1367  1393 E ActivityManager: 	at com.android.server.am.ActivityManagerService.onTransact(ActivityManagerService.java:2664)
03-07 10:53:28.009  1367  1393 E ActivityManager: 	at android.os.Binder.execTransact(Binder.java:453)
03-07 10:53:28.057   383  1854 I chatty  : uid=1013(media) Binder_2 expire 12 lines
03-07 10:53:28.540  1929  2072 W NFC-LLC : LLC length mis-match
03-07 10:53:28.735  3533  3533 D SimSelectNotification:  no of slots 1 provision = false
03-07 10:53:28.791  1367  2349 I ActivityManager: Start proc 4111:com.android.cellbroadcastreceiver/u0a6 for broadcast com.android.cellbroadcastreceiver/.CellBroadcastReceiver
03-07 10:53:28.800  3336  3336 D BaseCamera: startCamera()
03-07 10:53:28.841   383  4117 I chatty  : uid=1013(media) /system/bin/mediaserver expire 4 lines
03-07 10:53:28.855   383  4116 I chatty  : uid=1013(media) /system/bin/mediaserver expire 1 line
03-07 10:53:28.868   383  4126 I chatty  : uid=1013(media) /system/bin/mediaserver expire 4 lines
03-07 10:53:28.879   383  4124 I chatty  : uid=1013(media) /system/bin/mediaserver expire 1 line
03-07 10:53:28.890   383  4128 I chatty  : uid=1013(media) /system/bin/mediaserver expire 4 lines
03-07 10:53:28.901   383  4127 I chatty  : uid=1013(media) /system/bin/mediaserver expire 1 line
03-07 10:53:28.909  1367  1940 E Parcel  : Reading a NULL string not supported here.
03-07 10:53:28.910   383  4133 I chatty  : uid=1013(media) /system/bin/mediaserver expire 2 lines
03-07 10:53:28.941   383  4134 I chatty  : uid=1013(media) /system/bin/mediaserver expire 3 lines
03-07 10:53:28.959  1367  2349 E ActivityManager: Activity Manager Crash
03-07 10:53:28.959  1367  2349 E ActivityManager: java.lang.IllegalStateException: Bad magic number for Bundle: 0x1
03-07 10:53:28.959  1367  2349 E ActivityManager: 	at android.os.BaseBundle.readFromParcelInner(BaseBundle.java:1363)
03-07 10:53:28.959  1367  2349 E ActivityManager: 	at android.os.BaseBundle.<init>(BaseBundle.java:90)
03-07 10:53:28.959  1367  2349 E ActivityManager: 	at android.os.Bundle.<init>(Bundle.java:68)
03-07 10:53:28.959  1367  2349 E ActivityManager: 	at android.os.Parcel.readBundle(Parcel.java:1778)
03-07 10:53:28.959  1367  2349 E ActivityManager: 	at android.os.Parcel.readBundle(Parcel.java:1762)
03-07 10:53:28.959  1367  2349 E ActivityManager: 	at android.content.Intent.readFromParcel(Intent.java:7983)
03-07 10:53:28.959  1367  2349 E ActivityManager: 	at android.content.Intent.<init>(Intent.java:7949)
03-07 10:53:28.959  1367  2349 E ActivityManager: 	at android.content.Intent$1.createFromParcel(Intent.java:7940)
03-07 10:53:28.959  1367  2349 E ActivityManager: 	at android.content.Intent$1.createFromParcel(Intent.java:7939)
03-07 10:53:28.959  1367  2349 E ActivityManager: 	at android.app.ActivityManagerNative.onTransact(ActivityManagerNative.java:453)
03-07 10:53:28.959  1367  2349 E ActivityManager: 	at com.android.server.am.ActivityManagerService.onTransact(ActivityManagerService.java:2664)
03-07 10:53:28.959  1367  2349 E ActivityManager: 	at android.os.Binder.execTransact(Binder.java:453)
03-07 10:53:28.960  1367  2700 E ActivityManager: Activity Manager Crash
03-07 10:53:28.960  1367  2700 E ActivityManager: java.lang.IllegalStateException: Bad magic number for Bundle: 0x1
03-07 10:53:28.960  1367  2700 E ActivityManager: 	at android.os.BaseBundle.readFromParcelInner(BaseBundle.java:1363)
03-07 10:53:28.960  1367  2700 E ActivityManager: 	at android.os.BaseBundle.<init>(BaseBundle.java:90)
03-07 10:53:28.960  1367  2700 E ActivityManager: 	at android.os.Bundle.<init>(Bundle.java:68)
03-07 10:53:28.960  1367  2700 E ActivityManager: 	at android.os.Parcel.readBundle(Parcel.java:1778)
03-07 10:53:28.960  1367  2700 E ActivityManager: 	at android.os.Parcel.readBundle(Parcel.java:1762)
03-07 10:53:28.960  1367  2700 E ActivityManager: 	at android.content.Intent.readFromParcel(Intent.java:7983)
03-07 10:53:28.960  1367  2700 E ActivityManager: 	at android.content.Intent.<init>(Intent.java:7949)
03-07 10:53:28.960  1367  2700 E ActivityManager: 	at android.content.Intent$1.createFromParcel(Intent.java:7940)
03-07 10:53:28.960  1367  2700 E ActivityManager: 	at android.content.Intent$1.createFromParcel(Intent.java:7939)
03-07 10:53:28.960  1367  2700 E ActivityManager: 	at android.app.ActivityManagerNative.onTransact(ActivityManagerNative.java:453)
03-07 10:53:28.960  1367  2700 E ActivityManager: 	at com.android.server.am.ActivityManagerService.onTransact(ActivityManagerService.java:2664)
03-07 10:53:28.960  1367  2700 E ActivityManager: 	at android.os.Binder.execTransact(Binder.java:453)
03-07 10:53:28.965  1367  1395 E ActivityManager: Activity Manager Crash
03-07 10:53:28.965  1367  1395 E ActivityManager: java.lang.IllegalStateException: Bad magic number for Bundle: 0x1
03-07 10:53:28.965  1367  1395 E ActivityManager: 	at android.os.BaseBundle.readFromParcelInner(BaseBundle.java:1363)
03-07 10:53:28.965  1367  1395 E ActivityManager: 	at android.os.BaseBundle.<init>(BaseBundle.java:90)
03-07 10:53:28.965  1367  1395 E ActivityManager: 	at android.os.Bundle.<init>(Bundle.java:68)
03-07 10:53:28.965  1367  1395 E ActivityManager: 	at android.os.Parcel.readBundle(Parcel.java:1778)
03-07 10:53:28.965  1367  1395 E ActivityManager: 	at android.os.Parcel.readBundle(Parcel.java:1762)
03-07 10:53:28.965  1367  1395 E ActivityManager: 	at android.content.Intent.readFromParcel(Intent.java:7983)
03-07 10:53:28.965  1367  1395 E ActivityManager: 	at android.content.Intent.<init>(Intent.java:7949)
03-07 10:53:28.965  1367  1395 E ActivityManager: 	at android.content.Intent$1.createFromParcel(Intent.java:7940)
03-07 10:53:28.965  1367  1395 E ActivityManager: 	at android.content.Intent$1.createFromParcel(Intent.java:7939)
03-07 10:53:28.965  1367  1395 E ActivityManager: 	at android.app.ActivityManagerNative.onTransact(ActivityManagerNative.java:453)
03-07 10:53:28.965  1367  1395 E ActivityManager: 	at com.android.server.am.ActivityManagerService.onTransact(ActivityManagerService.java:2664)
03-07 10:53:28.965  1367  1395 E ActivityManager: 	at android.os.Binder.execTransact(Binder.java:453)
03-07 10:53:28.967  1367  2699 E ActivityManager: Activity Manager Crash
03-07 10:53:28.967  1367  2699 E ActivityManager: java.lang.IllegalStateException: Bad magic number for Bundle: 0x1
03-07 10:53:28.967  1367  2699 E ActivityManager: 	at android.os.BaseBundle.readFromParcelInner(BaseBundle.java:1363)
03-07 10:53:28.967  1367  2699 E ActivityManager: 	at android.os.BaseBundle.<init>(BaseBundle.java:90)
03-07 10:53:28.967  1367  2699 E ActivityManager: 	at android.os.Bundle.<init>(Bundle.java:68)
03-07 10:53:28.967  1367  2699 E ActivityManager: 	at android.os.Parcel.readBundle(Parcel.java:1778)
03-07 10:53:28.967  1367  2699 E ActivityManager: 	at android.os.Parcel.readBundle(Parcel.java:1762)
03-07 10:53:28.967  1367  2699 E ActivityManager: 	at android.content.Intent.readFromParcel(Intent.java:7983)
03-07 10:53:28.967  1367  2699 E ActivityManager: 	at android.content.Intent.<init>(Intent.java:7949)
03-07 10:53:28.967  1367  2699 E ActivityManager: 	at android.content.Intent$1.createFromParcel(Intent.java:7940)
03-07 10:53:28.967  1367  2699 E ActivityManager: 	at android.content.Intent$1.createFromParcel(Intent.java:7939)
03-07 10:53:28.967  1367  2699 E ActivityManager: 	at android.app.ActivityManagerNative.onTransact(ActivityManagerNative.java:453)
03-07 10:53:28.967  1367  2699 E ActivityManager: 	at com.android.server.am.ActivityManagerService.onTransact(ActivityManagerService.java:2664)
03-07 10:53:28.967  1367  2699 E ActivityManager: 	at android.os.Binder.execTransact(Binder.java:453)
03-07 10:53:28.968  4135  4135 F libc    : page record for 0xb6ef800c was not found (block_size=64)
03-07 10:53:28.972  4136  4136 F libc    : page record for 0xb6f6c00c was not found (block_size=64)
03-07 10:53:28.973  4137  4137 F libc    : page record for 0xb6f4800c was not found (block_size=64)
03-07 10:53:28.975  1367  2685 E ActivityManager: Activity Manager Crash
03-07 10:53:28.975  1367  2685 E ActivityManager: java.lang.IllegalStateException: Bad magic number for Bundle: 0x1
03-07 10:53:28.975  1367  2685 E ActivityManager: 	at android.os.BaseBundle.readFromParcelInner(BaseBundle.java:1363)
03-07 10:53:28.975  1367  2685 E ActivityManager: 	at android.os.BaseBundle.<init>(BaseBundle.java:90)
03-07 10:53:28.975  1367  2685 E ActivityManager: 	at android.os.Bundle.<init>(Bundle.java:68)
03-07 10:53:28.975  1367  2685 E ActivityManager: 	at android.os.Parcel.readBundle(Parcel.java:1778)
03-07 10:53:28.975  1367  2685 E ActivityManager: 	at android.os.Parcel.readBundle(Parcel.java:1762)
03-07 10:53:28.975  1367  2685 E ActivityManager: 	at android.content.Intent.readFromParcel(Intent.java:7983)
03-07 10:53:28.975  1367  2685 E ActivityManager: 	at android.content.Intent.<init>(Intent.java:7949)
03-07 10:53:28.975  1367  2685 E ActivityManager: 	at android.content.Intent$1.createFromParcel(Intent.java:7940)
03-07 10:53:28.975  1367  2685 E ActivityManager: 	at android.content.Intent$1.createFromParcel(Intent.java:7939)
03-07 10:53:28.975  1367  2685 E ActivityManager: 	at android.app.ActivityManagerNative.onTransact(ActivityManagerNative.java:453)
03-07 10:53:28.975  1367  2685 E ActivityManager: 	at com.android.server.am.ActivityManagerService.onTransact(ActivityManagerService.java:2664)
03-07 10:53:28.975  1367  2685 E ActivityManager: 	at android.os.Binder.execTransact(Binder.java:453)
03-07 10:53:28.978  1367  2349 E ActivityManager: Activity Manager Crash
03-07 10:53:28.978  1367  2349 E ActivityManager: java.lang.IllegalStateException: Bad magic number for Bundle: 0x1
03-07 10:53:28.978  1367  2349 E ActivityManager: 	at android.os.BaseBundle.readFromParcelInner(BaseBundle.java:1363)
03-07 10:53:28.978  1367  2349 E ActivityManager: 	at android.os.BaseBundle.<init>(BaseBundle.java:90)
03-07 10:53:28.978  1367  2349 E ActivityManager: 	at android.os.Bundle.<init>(Bundle.java:68)
03-07 10:53:28.978  1367  2349 E ActivityManager: 	at android.os.Parcel.readBundle(Parcel.java:1778)
03-07 10:53:28.978  1367  2349 E ActivityManager: 	at android.os.Parcel.readBundle(Parcel.java:1762)
03-07 10:53:28.978  1367  2349 E ActivityManager: 	at android.content.Intent.readFromParcel(Intent.java:7983)
03-07 10:53:28.978  1367  2349 E ActivityManager: 	at android.content.Intent.<init>(Intent.java:7949)
03-07 10:53:28.978  1367  2349 E ActivityManager: 	at android.content.Intent$1.createFromParcel(Intent.java:7940)
03-07 10:53:28.978  1367  2349 E ActivityManager: 	at android.content.Intent$1.createFromParcel(Intent.java:7939)
03-07 10:53:28.978  1367  2349 E ActivityManager: 	at android.app.ActivityManagerNative.onTransact(ActivityManagerNative.java:453)
03-07 10:53:28.978  1367  2349 E ActivityManager: 	at com.android.server.am.ActivityManagerService.onTransact(ActivityManagerService.java:2664)
03-07 10:53:28.978  1367  2349 E ActivityManager: 	at android.os.Binder.execTransact(Binder.java:453)
03-07 10:53:28.983   383  4132 I chatty  : uid=1013(media) /system/bin/mediaserver expire 11 lines
03-07 10:53:29.022  1367  2810 E ActivityManager: Activity Manager Crash
03-07 10:53:29.022  1367  2810 E ActivityManager: java.lang.IllegalStateException: Bad magic number for Bundle: 0x1
03-07 10:53:29.022  1367  2810 E ActivityManager: 	at android.os.BaseBundle.readFromParcelInner(BaseBundle.java:1363)
03-07 10:53:29.022  1367  2810 E ActivityManager: 	at android.os.BaseBundle.<init>(BaseBundle.java:90)
03-07 10:53:29.022  1367  2810 E ActivityManager: 	at android.os.Bundle.<init>(Bundle.java:68)
03-07 10:53:29.022  1367  2810 E ActivityManager: 	at android.os.Parcel.readBundle(Parcel.java:1778)
03-07 10:53:29.022  1367  2810 E ActivityManager: 	at android.os.Parcel.readBundle(Parcel.java:1762)
03-07 10:53:29.022  1367  2810 E ActivityManager: 	at android.content.Intent.readFromParcel(Intent.java:7983)
03-07 10:53:29.022  1367  2810 E ActivityManager: 	at android.content.Intent.<init>(Intent.java:7949)
03-07 10:53:29.022  1367  2810 E ActivityManager: 	at android.content.Intent$1.createFromParcel(Intent.java:7940)
03-07 10:53:29.022  1367  2810 E ActivityManager: 	at android.content.Intent$1.createFromParcel(Intent.java:7939)
03-07 10:53:29.022  1367  2810 E ActivityManager: 	at android.app.ActivityManagerNative.onTransact(ActivityManagerNative.java:453)
03-07 10:53:29.022  1367  2810 E ActivityManager: 	at com.android.server.am.ActivityManagerService.onTransact(ActivityManagerService.java:2664)
03-07 10:53:29.022  1367  2810 E ActivityManager: 	at android.os.Binder.execTransact(Binder.java:453)
03-07 10:53:29.040   383  4166 I chatty  : uid=1013(media) /system/bin/mediaserver expire 27 lines
03-07 10:53:29.114  4111  4111 W System  : ClassLoader referenced unknown path: /system/priv-app/CellBroadcastReceiver/lib/arm
03-07 10:53:29.202  4111  4111 D CellBroadcastReceiver: subscriptionId = 1
03-07 10:53:29.203  4111  4111 D CellBroadcastReceiver: Service state changed! 0 Full: 0 1 voice home data home FONIC  26207 FONIC  26207  UMTS Unknown CSS not supported -1 -1 RoamInd=-1 DefRoamInd=-1 EmergOnly=false IsDataRoamingFromRegistration=false Current state=-1
03-07 10:53:29.236  1367  2349 I ActivityManager: Start proc 4170:com.cyanogenmod.updater/u0a2 for broadcast com.cyanogenmod.updater/.receiver.UpdateCheckReceiver
