03-07 10:55:02.826  2750  2750 I Finsky  : [1] com.google.android.finsky.download.e.a(244): com.nolanlawson.logcat from 1 to 2.
03-07 10:55:02.832  2750  2770 I art     : Background partial concurrent mark sweep GC freed 18928(1965KB) AllocSpace objects, 18(980KB) LOS objects, 31% free, 35MB/51MB, paused 5.585ms total 69.586ms
03-07 10:55:02.837  2750  2750 I Finsky  : [1] com.google.android.finsky.download.x.a(635): com.nolanlawson.logcat: onStart
03-07 10:55:02.908  2750  2750 I Finsky  : [1] com.google.android.finsky.download.x.b(404): com.nolanlawson.logcat: onProgress 0/-1 Status: 192.
03-07 10:55:02.912  1941  4718 D DownloadManager: [27] Starting
03-07 10:55:02.949  1941  4718 W ActivityThread: ClassLoader.loadClass: The class loader returned by Thread.getContextClassLoader() may fail for processes that host multiple applications. You should explicitly specify a context class loader. For example: Thread.setContextClassLoader(getClass().getClassLoader());
03-07 10:55:02.953  1941  4718 W System  : ClassLoader referenced unknown path: /system/framework/tcmclient.jar
03-07 10:55:03.047  4721  4721 F libc    : page record for 0xb6f9200c was not found (block_size=64)
03-07 10:55:03.057  4720  4720 F libc    : page record for 0xb6ea600c was not found (block_size=64)
03-07 10:55:04.066  4728  4728 F libc    : page record for 0xb6f5200c was not found (block_size=64)
03-07 10:55:04.073  4730  4730 F libc    : page record for 0xb6f8b00c was not found (block_size=64)
03-07 10:55:04.086  4729  4729 F libc    : page record for 0xb6f2000c was not found (block_size=64)
03-07 10:55:04.648  1929  2072 W NFC-LLC : LLC length mis-match
03-07 10:55:04.714  1941  4718 D DownloadManager: [27] Finished with status SUCCESS
03-07 10:55:04.773  1367  1940 W ActivityManager: Unable to start service Intent { cmp=com.android.vending/com.google.android.finsky.safemode.SafeModeService } U=0: not found
03-07 10:55:04.773  2750  2750 I Finsky  : [1] com.google.android.finsky.download.DownloadBroadcastReceiver.a(45): Intent received at DownloadBroadcastReceiver
03-07 10:55:04.791  2750  2750 I Finsky  : [1] com.google.android.finsky.download.x.b(404): com.nolanlawson.logcat: onProgress 308120/308120 Status: 200.
03-07 10:55:04.839  2750  2750 I Finsky  : [1] com.google.android.finsky.download.e.a(244): com.nolanlawson.logcat from 2 to 3.
03-07 10:55:04.842  2750  2750 I Finsky  : [1] com.google.android.finsky.download.x.b(603): com.nolanlawson.logcat: onComplete
03-07 10:55:04.843  2750  2750 I Finsky  : [1] com.google.android.finsky.download.x.i(344): Download com.nolanlawson.logcat removed from DownloadQueue
03-07 10:55:04.845   384   384 I installd: free_cache(0) avail 539217920
03-07 10:55:04.853  2750  2750 I Finsky  : [1] com.google.android.finsky.receivers.u.b(23905): Prepare to copy com.nolanlawson.logcat (com.nolanlawson.logcat) from content://downloads/my_downloads/27 (expect 308120 bytes, isGzipped: false)
03-07 10:55:04.893   384   384 I installd: free_cache(308120) avail 539213824
03-07 10:55:04.920  3016  3016 V Herrevad: NQAS connected
03-07 10:55:04.930  2750  3046 I Finsky  : [101] com.google.android.finsky.receivers.x.a(2958): com.nolanlawson.logcat (com.nolanlawson.logcat) (308120 bytes) copied successfully in 31 ms
03-07 10:55:04.969  2750  2750 I Finsky  : [1] com.google.android.finsky.receivers.x.onPostExecute(4039): Successfully copied APK to update com.nolanlawson.logcat (com.nolanlawson.logcat)
03-07 10:55:04.972  2750  2750 I Finsky  : [1] com.google.android.finsky.receivers.u.b(27118): Begin install of com.nolanlawson.logcat
03-07 10:55:04.985  1367  1822 D WifiService: New client listening to asynchronous messages
03-07 10:55:05.019  1941  1998 V DownloadManager: Deleting /data/user/0/com.android.providers.downloads/cache/downloadfile.bin via provider delete
03-07 10:55:05.037  2996  2996 I ConfigService: onCreate
03-07 10:55:05.195  1367  1542 I ActivityManager: Start proc 4743:com.android.defcontainer/u0a7 for service com.android.defcontainer/.DefaultContainerService
03-07 10:55:05.373  2750  2750 I Finsky  : [1] com.google.android.vending.verifier.PackageVerificationReceiver.onReceive(2101): Skipping verification because own installation
03-07 10:55:05.382  2750  2750 I Finsky  : [1] com.google.android.vending.verifier.PackageVerificationReceiver.onReceive(40): Verification requested, id = 0
03-07 10:55:05.392  3016  4739 I ReportNQOperation: [218] g.a: Not enough data to save wifi report to local db: com.google.android.gms.herrevad.g.s@4e99f7c
03-07 10:55:05.468  1367  1542 I PackageManager.DexOptimizer: Running dexopt (dex2oat) on: /data/app/vmdl538334230.tmp/base.apk pkg=com.nolanlawson.logcat isa=arm vmSafeMode=false debuggable=false oatDir = /data/app/vmdl538334230.tmp/oat bootComplete=true
03-07 10:55:05.574  4759  4759 I dex2oat : Starting dex2oat.
03-07 10:55:05.905  1367  3273 D NetlinkSocketObserver: NeighborEvent{elapsedMs=177400, 192.168.2.1, [00264D207E94], RTM_NEWNEIGH, NUD_REACHABLE}
03-07 10:55:05.985  4759  4759 I dex2oat : dex2oat took 415.809ms (threads: 2) arena alloc=596KB java alloc=304KB native alloc=1910KB free=93KB
03-07 10:55:06.229  1367  1542 W PackageManager: Not granting permission android.permission.READ_LOGS to package com.nolanlawson.logcat (protectionLevel=50 flags=0x1808be44)
03-07 10:55:06.229  1367  1542 W PackageManager: Unknown permission android.permission.ACCESS_SUPERUSER in package com.nolanlawson.logcat
03-07 10:55:06.374  1367  1542 V BackupManagerService: restoreAtInstall pkg=com.nolanlawson.logcat token=1 restoreSet=0
03-07 10:55:06.376  1367  1542 V BackupManagerService: Finishing install immediately
03-07 10:55:06.388  1367  1542 W Settings: Setting install_non_market_apps has moved from android.provider.Settings.Global to android.provider.Settings.Secure, returning read-only value.
03-07 10:55:06.388  1367  1542 I art     : Starting a blocking GC Explicit
03-07 10:55:06.454  1367  1542 I art     : Explicit concurrent mark sweep GC freed 23832(1450KB) AllocSpace objects, 11(416KB) LOS objects, 33% free, 16MB/24MB, paused 1.281ms total 65.985ms
03-07 10:55:06.457   384   384 E installd: Couldn't opendir /data/app/vmdl538334230.tmp: No such file or directory
03-07 10:55:06.475  1367  1787 I InputReader: Reconfiguring input devices.  changes=0x00000010
03-07 10:55:06.492  2750  2750 I Finsky  : [1] com.google.android.finsky.receivers.ag.a(2138): Successful install of com.nolanlawson.logcat
03-07 10:55:06.535  2750  2750 I Finsky  : [1] com.google.android.finsky.receivers.u.c(2293): Requested shortcut for com.nolanlawson.logcat
03-07 10:55:06.541  2535  2535 D CarrierServiceBindHelper: Receive action: android.intent.action.PACKAGE_ADDED
03-07 10:55:06.556  2535  2535 D CarrierServiceBindHelper: mHandler: 3
03-07 10:55:06.573  2535  2535 D CarrierConfigLoader: mHandler: 9 phoneId: 0
03-07 10:55:06.587  1367  2699 I ActivityManager: Start proc 4766:org.cyanogenmod.themes.provider/u0a20 for broadcast org.cyanogenmod.themes.provider/.AppReceiver
03-07 10:55:06.592  1367  2685 D VoldConnector: SND -> {25 volume mkdirs /storage/d440b144-9519-404b-a098-c6ee808391ab/Android/data/com.android.vending/files/}
03-07 10:55:06.593   189   206 E cutils  : Failed to mkdirat(/storage/d440b144-9519-404b-a098-c6ee808391ab/Android): Permission denied
03-07 10:55:06.594  1367  1789 D VoldConnector: RCV <- {400 25 Command failed}
03-07 10:55:06.594  2750  2750 W ContextImpl: Failed to ensure /storage/d440b144-9519-404b-a098-c6ee808391ab/Android/data/com.android.vending/files: 400
03-07 10:55:06.651  1929  2072 W NFC-LLC : LLC length mis-match
03-07 10:55:06.785  4766  4766 W System  : ClassLoader referenced unknown path: /system/priv-app/ThemesProvider/lib/arm
03-07 10:55:06.792  1367  1443 W Searchables: No global search activity found
03-07 10:55:06.793  1367  1443 W VoiceInteractionManagerService: no available voice recognition services found for user 0
03-07 10:55:07.324  1367  1940 I ActivityManager: Start proc 4780:com.google.android.partnersetup/u0a26 for broadcast com.google.android.partnersetup/.RlzPingBroadcastReceiver
03-07 10:55:07.435  4766  4792 D ThemesProvider: Deleted 0
03-07 10:55:07.450  4780  4780 W System  : ClassLoader referenced unknown path: /system/priv-app/GooglePartnerSetup/lib/arm
03-07 10:55:07.511  1367  1393 I ActivityManager: Start proc 4797:com.android.gallery3d/u0a46 for broadcast com.android.gallery3d/.app.PackagesMonitor
03-07 10:55:07.579  2750  2750 I Finsky  : [1] com.google.android.finsky.utils.PermissionPolicies$PermissionPolicyService.onStartCommand(117): post-install permissions check for com.nolanlawson.logcat
03-07 10:55:07.675  1367  2699 I ActivityManager: Start proc 4812:com.svox.pico/u0a58 for broadcast com.svox.pico/.VoiceDataInstallerReceiver
03-07 10:55:07.719  1367  2685 I ActivityManager: Killing 3322:com.android.messaging/u0a65 (adj 15): empty #17
03-07 10:55:07.852  1367  2810 I ActivityManager: Killing 3756:com.google.process.gapps/u0a68 (adj 15): empty #17
03-07 10:55:07.970  3016  4826 D PkgBroadcastIntentOp: Received broadcast action=android.intent.action.PACKAGE_ADDED and uri=com.nolanlawson.logcat
03-07 10:55:08.097  4828  4828 F libc    : page record for 0xb6f8700c was not found (block_size=64)
03-07 10:55:08.103  4827  4827 F libc    : page record for 0xb6eed00c was not found (block_size=64)
03-07 10:55:08.111  3016  4826 D WearableController: Received broadcast action=android.intent.action.PACKAGE_ADDED and uri=com.nolanlawson.logcat
03-07 10:55:08.297  3016  3016 D AsyncTaskServiceImpl: Submit a task: k
03-07 10:55:08.352  3016  4838 D k       : Processing package: com.nolanlawson.logcat
03-07 10:55:08.389  3016  4838 D b       : Look up (com.nolanlawson.logcat:43) returned no result
03-07 10:55:08.391  3016  3031 E DataBuffer: Internal data leak within a DataBuffer object detected!  Be sure to explicitly call release() on all DataBuffer extending objects when you are done with them. (internal object: com.google.android.gms.common.data.DataHolder@c3132ae)
03-07 10:55:08.393  3016  4838 D k       : Starting Hash for package com.nolanlawson.logcat:1.6.0
03-07 10:55:08.405  3016  4837 W BaseAppContext: Using Auth Proxy for data requests.
03-07 10:55:08.405  3016  4837 W BaseAppContext: Using Auth Proxy for data requests.
03-07 10:55:08.411  3016  4838 D k       : Package com.nolanlawson.logcat's hash: 60f11174555226d74edeedd822d8f4d93e04f312dfe78f197f1ccfdb86a228c2
03-07 10:55:08.413  3016  4837 W BaseAppContext: Using Auth Proxy for data requests.
03-07 10:55:08.416  3016  4838 D b       : Look up (com.nolanlawson.logcat:43) returned no result
03-07 10:55:08.422  3016  4837 W BaseAppContext: Using Auth Proxy for data requests.
03-07 10:55:08.520  2548  2548 W Launcher: setApplicationContext called twice! old=com.android.launcher3.LauncherApplication@90ee2a4 new=com.android.launcher3.LauncherApplication@90ee2a4
03-07 10:55:08.527  3016  4837 W BaseAppContext: Using Auth Proxy for data requests.
03-07 10:55:08.563  3016  4838 D k       : Saved the app info in cache for package:com.nolanlawson.logcat.
03-07 10:55:08.653  1929  2072 W NFC-LLC : LLC length mis-match
03-07 10:55:08.771  1367  2349 I ActivityManager: START u0 {act=com.android.systemui.recents.SHOW_RECENTS flg=0x10804000 cmp=com.android.systemui/.recents.RecentsActivity} from uid 10018 on display 0
03-07 10:55:09.110  4850  4850 F libc    : page record for 0xb6f0400c was not found (block_size=64)
03-07 10:55:09.110  4852  4852 F libc    : page record for 0xb6ef300c was not found (block_size=64)
03-07 10:55:09.115  4851  4851 F libc    : page record for 0xb6eed00c was not found (block_size=64)
03-07 10:55:09.437  1367  2810 I ActivityManager: START u0 {act=android.intent.action.MAIN cat=[android.intent.category.HOME] flg=0x10200000 cmp=com.cyanogenmod.trebuchet/com.android.launcher3.Launcher} from uid 10018 on display 0
03-07 10:55:09.457  1367  2629 I ActivityManager: Killing 3922:com.dropbox.android:crash_uploader/u0a74 (adj 15): empty #17
03-07 10:55:09.526  1367  2629 I ActivityManager: Killing 2750:com.android.vending/u0a27 (adj 9): remove task
03-07 10:55:09.572  3016  3828 I Icing   : Indexing 1DEA688A4298CB09EE935073691F7EA0989AF739 from com.google.android.gms
03-07 10:55:09.579  1367  1940 I WindowState: WIN DEATH: Window{7a46736 u0 com.android.vending/com.google.android.finsky.activities.MainActivity}
03-07 10:55:09.579  1367  2701 D GraphicsStats: Buffer count: 3
03-07 10:55:09.646  1367  2349 W art     : Long monitor contention event with owner method=boolean com.android.server.am.ActivityManagerService.removeTask(int) from ActivityManagerService.java:9059 waiters=0 for 192ms
03-07 10:55:09.659  3016  3828 I Icing   : Not enough disk space for indexing trimmable
03-07 10:55:09.687  1907  1907 D PhoneStatusBar: disable: < expand ICONS* alerts SYSTEM_INFO* back home recent clock search quick_settings >
03-07 10:55:09.818  3016  3828 D Icing   : Loaded CLD2 Version V2.0 - 20141016
03-07 10:55:09.829  3016  3828 I Icing   : Not enough disk space for indexing trimmable
03-07 10:55:09.857  3016  3828 I Icing   : Indexing done 1DEA688A4298CB09EE935073691F7EA0989AF739
03-07 10:55:10.208  2996  2996 I ConfigService: onDestroy
03-07 10:55:10.319  2548  2791 W OpenGLRenderer: Incorrectly called buildLayer on View: ShortcutAndWidgetContainer, destroying layer...
03-07 10:55:10.655  1929  2072 W NFC-LLC : LLC length mis-match
03-07 10:55:11.459  1367  2701 W InputMethodManagerService: Window already focused, ignoring focus gain of: com.android.internal.view.IInputMethodClient$Stub$Proxy@6d8c2e8 attribute=null, token = android.os.BinderProxy@5f135d8
03-07 10:55:11.479  1907  1907 D PhoneStatusBar: disable: < expand icons* alerts system_info* back home recent clock search quick_settings >
03-07 10:55:11.547  1367  1823 D ConnectivityService: notifyType CAP_CHANGED for NetworkAgentInfo [WIFI () - 100]
03-07 10:55:12.621  1367  1393 I ActivityManager: START u0 {act=android.intent.action.MAIN cat=[android.intent.category.LAUNCHER] flg=0x10200000 cmp=com.nolanlawson.logcat/.LogcatActivity bnds=[184,759][360,992] (has extras)} from uid 10021 on display 0
03-07 10:55:12.649  1367  1449 W BroadcastQueue: Permission Denial: broadcasting Intent { act=com.android.launcher3.action.LAUNCH flg=0x10 (has extras) } from com.cyanogenmod.trebuchet (pid=2548, uid=10021) requires com.google.android.launcher.permission.RECEIVE_LAUNCH_BROADCASTS due to receiver com.google.android.gms/.icing.proxy.ApplicationLauncherReceiver
03-07 10:55:12.657  1929  2072 W NFC-LLC : LLC length mis-match
03-07 10:55:12.686  1367  2685 I ActivityManager: Start proc 4865:com.nolanlawson.logcat/u0a86 for activity com.nolanlawson.logcat/.LogcatActivity
03-07 10:55:12.706  1367  1449 I ActivityManager: Start proc 4870:com.android.vending/u0a27 for broadcast com.android.vending/com.google.android.finsky.receivers.PackageMonitorReceiver$RegisteredReceiver
03-07 10:55:12.829  1907  1907 V PhoneStatusBar: setLightsOn(true)
03-07 10:55:12.877  4865  4865 W System  : ClassLoader referenced unknown path: /data/app/com.nolanlawson.logcat-1/lib/arm
03-07 10:55:12.926  4870  4870 W System  : ClassLoader referenced unknown path: /system/priv-app/Phonesky/lib/arm
03-07 10:55:13.058  4870  4870 W System  : ClassLoader referenced unknown path: /system/framework/tcmclient.jar
03-07 10:55:13.085  4870  4870 I Finsky  : [1] com.google.android.finsky.FinskyApp.onCreate(357): Initializing network with DFE https://android.clients.google.com/fdfe/
03-07 10:55:13.100  4870  4870 W System  : ClassLoader referenced unknown path: /system/framework/tcmclient.jar
03-07 10:55:13.143  4907  4907 F libc    : page record for 0xb6f9f00c was not found (block_size=64)
03-07 10:55:13.152  4906  4906 F libc    : page record for 0xb6f0d00c was not found (block_size=64)
03-07 10:55:13.191  4870  4870 W System  : ClassLoader referenced unknown path: /system/framework/tcmclient.jar
03-07 10:55:13.228  4870  4870 I Finsky  : [1] com.google.android.finsky.services.DailyHygiene.a(122): No need to run daily hygiene.
03-07 10:55:13.234  1367  1496 I ActivityManager: Displayed com.nolanlawson.logcat/.LogcatActivity: +567ms
03-07 10:55:13.266  4870  4870 W Settings: Setting download_manager_max_bytes_over_mobile has moved from android.provider.Settings.Secure to android.provider.Settings.Global.
03-07 10:55:13.273  4870  4870 W Settings: Setting download_manager_recommended_max_bytes_over_mobile has moved from android.provider.Settings.Secure to android.provider.Settings.Global.
03-07 10:55:13.277  4927  4927 D su      : su invoked.
03-07 10:55:13.277  4927  4927 D su      : starting daemon client 10086 10086
03-07 10:55:13.279  4929  4929 D su      : remote pid: 4927
03-07 10:55:13.280  4929  4929 D su      : remote pts_slave: 
03-07 10:55:13.280  4929  4929 D su      : waiting for child exit
03-07 10:55:13.281  4931  4931 D su      : su invoked.
03-07 10:55:13.281  4931  4931 E su      : SU from: u0_a86
03-07 10:55:13.283  4931  4931 D su      : Checking whether app [uid:10086, pkgName: com.nolanlawson.logcat] is allowed to be root
03-07 10:55:13.290  1367  1449 E AppOps  : Creating dialog box
03-07 10:55:13.429  1367  3437 I Adreno-EGL: <qeglDrvAPI_eglInitialize:381>: EGL 1.4 QUALCOMM build:  (CL3869936)
03-07 10:55:13.429  1367  3437 I Adreno-EGL: OpenGL ES Shader Compiler Version: 17.01.11.SPL
03-07 10:55:13.429  1367  3437 I Adreno-EGL: Build Date: 03/28/14 Fri
03-07 10:55:13.429  1367  3437 I Adreno-EGL: Local Branch: 
03-07 10:55:13.429  1367  3437 I Adreno-EGL: Remote Branch: 
03-07 10:55:13.429  1367  3437 I Adreno-EGL: Local Patches: 
03-07 10:55:13.429  1367  3437 I Adreno-EGL: Reconstruct Branch: 
03-07 10:55:13.429  1367  3437 I OpenGLRenderer: Initialized EGL, version 1.4
03-07 10:55:13.500  4870  4870 I Finsky  : [1] com.google.android.finsky.utils.ba.d(543): Package first launch for com.nolanlawson.logcat
03-07 10:55:13.529  4870  4870 I Finsky  : [1] com.google.android.finsky.receivers.h.a(1098): Installer kick - no action, not running yet
03-07 10:55:13.540  4870  4935 D Ads     : Skipping gmscore version check
03-07 10:55:13.545  4870  4870 I Finsky  : [1] com.google.android.finsky.b.j.a(273): result=false type=4
03-07 10:55:13.567  4870  4870 I Finsky  : [1] com.google.android.finsky.g.j.run(208): Loaded library for account: [scXQIq5BSFB-XztjFbzcPP79r9Y]
03-07 10:55:13.567  4870  4870 I Finsky  : [1] com.google.android.finsky.g.j.run(214): Finished loading 1 libraries.
03-07 10:55:13.586  4870  4870 I Finsky  : [1] com.google.android.finsky.utils.ExternalReferrer.a(4403): Suppress referrer timestamp for com.nolanlawson.logcat
03-07 10:55:13.591  4870  4870 I Finsky  : [1] com.google.android.finsky.utils.ExternalReferrer.a(4488): Referrer is empty for com.nolanlawson.logcat
03-07 10:55:13.591  4870  4870 I Finsky  : [1] com.google.android.finsky.utils.ExternalReferrer.a(4489): Dropped referrer for com.nolanlawson.logcat because unknown
03-07 10:55:13.596  4870  4870 I Finsky  : [1] com.google.android.finsky.services.ar.a(1049): Restore complete with 0 success and 0 failed.
03-07 10:55:14.170  4939  4939 F libc    : page record for 0xb6f2d00c was not found (block_size=64)
03-07 10:55:14.177  4940  4940 F libc    : page record for 0xb6f8900c was not found (block_size=64)
03-07 10:55:14.178  4938  4938 F libc    : page record for 0xb6f0200c was not found (block_size=64)
03-07 10:55:14.566  1367  1823 D ConnectivityService: notifyType CAP_CHANGED for NetworkAgentInfo [WIFI () - 100]
03-07 10:55:14.660  1929  2072 W NFC-LLC : LLC length mis-match
03-07 10:55:15.124  1367  2810 I ActivityManager: Killing 4170:com.cyanogenmod.updater/u0a2 (adj 15): empty #17
03-07 10:55:15.308  4931  4931 D su      : Privilege elevation allowed by appops
03-07 10:55:15.308  4931  4931 D su      : Allowing via appops.
03-07 10:55:15.308  4931  4931 D su      : 10086 /system/bin/app_process32 executing 0 /system/bin/sh using binary /system/bin/sh : sh
03-07 10:55:15.308  4931  4931 D su      : Waiting for pid 4947.
03-07 10:55:15.315  1367  3437 D OpenGLRenderer: endAllStagingAnimators on 0xb93be718 (RippleDrawable) with handle 0xb90ad930
03-07 10:55:15.317  1907  1907 V PhoneStatusBar: setLightsOn(true)
03-07 10:55:15.326  1907  1907 I SuControllerImpl: Got change
03-07 10:55:15.330  4931  4931 D su      : Finishing su operation for app [uid:10086, pkgName: com.nolanlawson.logcat]
03-07 10:55:15.334  4929  4929 D su      : sending code
03-07 10:55:15.334  4929  4929 D su      : child exited
03-07 10:55:15.335  4927  4927 D su      : client exited 0
03-07 10:55:15.363  1907  1907 I SuControllerImpl: Got change
03-07 10:55:15.489  1367  1496 W AppOps  : Finishing op nesting under-run: uid 1000 pkg android code 24 time=0 duration=0 nesting=0
03-07 10:55:15.546  4959  4959 D su      : su invoked.
03-07 10:55:15.546  4959  4959 D su      : starting daemon client 10086 10086
03-07 10:55:15.549  4961  4961 D su      : remote pid: 4959
03-07 10:55:15.549  4961  4961 D su      : remote pts_slave: 
03-07 10:55:15.551  4961  4961 D su      : waiting for child exit
03-07 10:55:15.556  4963  4963 D su      : su invoked.
03-07 10:55:15.557  4963  4963 E su      : SU from: u0_a86
03-07 10:55:15.557  4963  4963 D su      : Checking whether app [uid:10086, pkgName: com.nolanlawson.logcat] is allowed to be root
03-07 10:55:15.558  4963  4963 D su      : Privilege elevation allowed by appops
03-07 10:55:15.558  4963  4963 D su      : Allowing via appops.
03-07 10:55:15.558  4963  4963 D su      : 10086 /system/bin/app_process32 executing 0 /system/bin/sh using binary /system/bin/sh : sh
03-07 10:55:15.559  4963  4963 D su      : Waiting for pid 4964.
03-07 10:55:15.559  1907  1907 I SuControllerImpl: Got change
03-07 10:55:16.289  4963  4963 D su      : Finishing su operation for app [uid:10086, pkgName: com.nolanlawson.logcat]
03-07 10:55:16.291  1907  1907 I SuControllerImpl: Got change
03-07 10:55:16.292  4961  4961 D su      : sending code
03-07 10:55:16.292  4961  4961 D su      : child exited
03-07 10:55:16.294  4959  4959 D su      : client exited 0
03-07 10:55:16.343  4975  4975 D su      : su invoked.
03-07 10:55:16.343  4975  4975 D su      : starting daemon client 10086 10086
03-07 10:55:16.344  4977  4977 D su      : remote pid: 4975
03-07 10:55:16.344  4977  4977 D su      : remote pts_slave: 
03-07 10:55:16.345  4977  4977 D su      : waiting for child exit
03-07 10:55:16.346  4979  4979 D su      : su invoked.
03-07 10:55:16.346  4979  4979 E su      : SU from: u0_a86
03-07 10:55:16.346  4979  4979 D su      : Checking whether app [uid:10086, pkgName: com.nolanlawson.logcat] is allowed to be root
03-07 10:55:16.348  4979  4979 D su      : Privilege elevation allowed by appops
03-07 10:55:16.348  4979  4979 D su      : Allowing via appops.
03-07 10:55:16.348  4979  4979 D su      : 10086 /system/bin/app_process32 executing 0 /system/bin/sh using binary /system/bin/sh : sh
03-07 10:55:16.348  1907  1907 I SuControllerImpl: Got change
03-07 10:55:16.348  4979  4979 D su      : Waiting for pid 4980.
03-07 10:55:16.448  4979  4979 D su      : Finishing su operation for app [uid:10086, pkgName: com.nolanlawson.logcat]
03-07 10:55:16.449  1907  1907 I SuControllerImpl: Got change
03-07 10:55:16.451  4977  4977 D su      : sending code
03-07 10:55:16.451  4977  4977 D su      : child exited
03-07 10:55:16.452  4975  4975 D su      : client exited 0
03-07 10:55:16.564  4989  4989 D su      : su invoked.
03-07 10:55:16.564  4989  4989 D su      : starting daemon client 10086 10086
03-07 10:55:16.566  4991  4991 D su      : remote pid: 4989
03-07 10:55:16.566  4991  4991 D su      : remote pts_slave: 
03-07 10:55:16.567  4991  4991 D su      : waiting for child exit
03-07 10:55:16.567  4993  4993 D su      : su invoked.
03-07 10:55:16.567  4993  4993 E su      : SU from: u0_a86
03-07 10:55:16.568  4993  4993 D su      : Checking whether app [uid:10086, pkgName: com.nolanlawson.logcat] is allowed to be root
03-07 10:55:16.569  1907  1907 I SuControllerImpl: Got change
03-07 10:55:16.572  4993  4993 D su      : Privilege elevation allowed by appops
03-07 10:55:16.572  4993  4993 D su      : Allowing via appops.
03-07 10:55:16.572  4993  4993 D su      : 10086 /system/bin/app_process32 executing 0 /system/bin/sh using binary /system/bin/sh : sh
03-07 10:55:16.573  4993  4993 D su      : Waiting for pid 4994.
03-07 10:55:16.584  4993  4993 D su      : Finishing su operation for app [uid:10086, pkgName: com.nolanlawson.logcat]
03-07 10:55:16.594  4991  4991 D su      : sending code
03-07 10:55:16.594  4991  4991 D su      : child exited
03-07 10:55:16.596  1907  1907 I SuControllerImpl: Got change
03-07 10:55:16.596  4989  4989 D su      : client exited 0
03-07 10:55:16.634  1367  1393 W InputMethodManagerService: Window already focused, ignoring focus gain of: com.android.internal.view.IInputMethodClient$Stub$Proxy@b36b255 attribute=null, token = android.os.BinderProxy@e36b618
03-07 10:55:16.660  5000  5000 D su      : su invoked.
03-07 10:55:16.660  5000  5000 D su      : starting daemon client 10086 10086
03-07 10:55:16.662  1929  2072 W NFC-LLC : LLC length mis-match
03-07 10:55:16.663  5002  5002 D su      : remote pid: 5000
03-07 10:55:16.664  5002  5002 D su      : remote pts_slave: 
03-07 10:55:16.664  5002  5002 D su      : waiting for child exit
03-07 10:55:16.665  5004  5004 D su      : su invoked.
03-07 10:55:16.665  5004  5004 E su      : SU from: u0_a86
03-07 10:55:16.665  5004  5004 D su      : Checking whether app [uid:10086, pkgName: com.nolanlawson.logcat] is allowed to be root
03-07 10:55:16.667  5004  5004 D su      : Privilege elevation allowed by appops
03-07 10:55:16.667  5004  5004 D su      : Allowing via appops.
03-07 10:55:16.667  5004  5004 D su      : 10086 /system/bin/app_process32 executing 0 /system/bin/sh using binary /system/bin/sh : sh
03-07 10:55:16.667  5004  5004 D su      : Waiting for pid 5005.
03-07 10:55:16.675  1907  1907 I SuControllerImpl: Got change
03-07 10:55:17.580  1367  1823 D ConnectivityService: notifyType CAP_CHANGED for NetworkAgentInfo [WIFI () - 100]
03-07 10:55:18.192  5013  5013 F libc    : page record for 0xb6f2f00c was not found (block_size=64)
03-07 10:55:18.199  5012  5012 F libc    : page record for 0xb6ebb00c was not found (block_size=64)
03-07 10:55:18.474  4865  4865 I Choreographer: Skipped 47 frames!  The application may be doing too much work on its main thread.
03-07 10:55:18.664  1929  2072 W NFC-LLC : LLC length mis-match
03-07 10:55:19.215  5018  5018 F libc    : page record for 0xb6ee000c was not found (block_size=64)
03-07 10:55:19.222  5020  5020 F libc    : page record for 0xb6eee00c was not found (block_size=64)
03-07 10:55:19.231  5019  5019 F libc    : page record for 0xb6f3300c was not found (block_size=64)
03-07 10:55:20.667  1929  2072 W NFC-LLC : LLC length mis-match
03-07 10:55:22.472  2499  2499 D EmojiAltPhysicalKeyDetector: onKeyUp() : KeyEvent { action=ACTION_UP, keyCode=KEYCODE_MENU, scanCode=0, metaState=0, flags=0x48, repeatCount=0, eventTime=193975, downTime=193907, deviceId=-1, source=0x101 }
03-07 10:55:22.472  2499  2499 D EmojiAltPhysicalKeyDetector: onKeyUp() : Not Mapped: 82
03-07 10:55:22.669  1929  2072 W NFC-LLC : LLC length mis-match
03-07 10:55:22.767  2996  2996 V GLSActivity: AuthDelegateWrapperCreated with selected intent: Intent { cmp=com.google.android.gms/.auth.DefaultAuthDelegateService }
03-07 10:55:22.778  2996  2996 V GLSActivity: AuthDelegateWrapperCreated with selected intent: Intent { cmp=com.google.android.gms/.auth.DefaultAuthDelegateService }
03-07 10:55:22.780  2996  2996 V GLSActivity: AuthDelegateWrapperCreated with selected intent: Intent { cmp=com.google.android.gms/.auth.DefaultAuthDelegateService }
03-07 10:55:23.259  5031  5031 F libc    : page record for 0xb6f9200c was not found (block_size=64)
03-07 10:55:23.264  5030  5030 F libc    : page record for 0xb6ed800c was not found (block_size=64)
03-07 10:55:23.404  4870  4870 I Finsky  : [1] com.google.android.finsky.b.c.a(289): Completed 1 account content syncs with 1 successful.
03-07 10:55:23.415  4870  4870 I Finsky  : [1] com.google.android.finsky.services.j.a(150): Installation state replication succeeded.
03-07 10:55:24.280  5036  5036 F libc    : page record for 0xb6ef400c was not found (block_size=64)
03-07 10:55:24.289  5038  5038 F libc    : page record for 0xb6ef000c was not found (block_size=64)
03-07 10:55:24.293  5037  5037 F libc    : page record for 0xb6eff00c was not found (block_size=64)
03-07 10:55:24.671  1929  2072 W NFC-LLC : LLC length mis-match
03-07 10:55:24.775  1367  1964 W InputMethodManagerService: Window already focused, ignoring focus gain of: com.android.internal.view.IInputMethodClient$Stub$Proxy@f86c61f attribute=null, token = android.os.BinderProxy@e36b618
03-07 10:55:26.625  1367  1823 D ConnectivityService: notifyType CAP_CHANGED for NetworkAgentInfo [WIFI () - 100]
03-07 10:55:26.674  1929  2072 W NFC-LLC : LLC length mis-match
03-07 10:55:28.328  5048  5048 F libc    : page record for 0xb6e7e00c was not found (block_size=64)
03-07 10:55:28.332  5049  5049 F libc    : page record for 0xb6f0300c was not found (block_size=64)
03-07 10:55:28.675  1929  2072 W NFC-LLC : LLC length mis-match
03-07 10:55:29.163  1367  1395 I ActivityManager: START u0 {act=com.android.systemui.recents.SHOW_RECENTS flg=0x10804000 cmp=com.android.systemui/.recents.RecentsActivity} from uid 10018 on display 0
03-07 10:55:29.332  1367  1380 I art     : Background partial concurrent mark sweep GC freed 58080(5MB) AllocSpace objects, 27(1452KB) LOS objects, 33% free, 17MB/25MB, paused 1.648ms total 129.833ms
03-07 10:55:29.354  5056  5056 F libc    : page record for 0xb6f3900c was not found (block_size=64)
03-07 10:55:29.364  5055  5055 F libc    : page record for 0xb6eed00c was not found (block_size=64)
03-07 10:55:29.370  5057  5057 F libc    : page record for 0xb6ebc00c was not found (block_size=64)
03-07 10:55:29.642  1367  1823 D ConnectivityService: notifyType CAP_CHANGED for NetworkAgentInfo [WIFI () - 100]
03-07 10:55:30.098  1907  1907 V PhoneStatusBar: setLightsOn(true)
03-07 10:55:30.147  1907  1952 I art     : Background partial concurrent mark sweep GC freed 27193(1985KB) AllocSpace objects, 9(8MB) LOS objects, 40% free, 11MB/19MB, paused 5.096ms total 72.943ms
03-07 10:55:30.220  1907  1907 V PhoneStatusBar: setLightsOn(true)
03-07 10:55:30.678  1929  2072 W NFC-LLC : LLC length mis-match
03-07 10:55:30.800  1367  1821 D WifiStateMachine: starting scan for "WLAN-207E62"-WPA_PSK with 2412
03-07 10:55:31.688  1367  1786 I ActivityManager: START u0 {act=android.intent.action.MAIN cat=[android.intent.category.HOME] flg=0x10200000 cmp=com.cyanogenmod.trebuchet/com.android.launcher3.Launcher (has extras)} from uid 1000 on display 0
03-07 10:55:32.335  2548  2791 W OpenGLRenderer: Incorrectly called buildLayer on View: ShortcutAndWidgetContainer, destroying layer...
03-07 10:55:32.662  1367  1823 D ConnectivityService: notifyType CAP_CHANGED for NetworkAgentInfo [WIFI () - 100]
03-07 10:55:32.680  1929  2072 W NFC-LLC : LLC length mis-match
03-07 10:55:33.395  5068  5068 F libc    : page record for 0xb6ecf00c was not found (block_size=64)
03-07 10:55:33.407  5067  5067 F libc    : page record for 0xb6efb00c was not found (block_size=64)
03-07 10:55:33.645  1367  2700 I ActivityManager: START u0 {act=android.intent.action.MAIN cat=[android.intent.category.LAUNCHER] flg=0x10200000 cmp=com.flavionet.android.camera.pro/.Main (has extras)} from uid 10021 on display 0
03-07 10:55:33.713  1367  1449 W BroadcastQueue: Permission Denial: broadcasting Intent { act=com.android.launcher3.action.LAUNCH flg=0x10 (has extras) } from com.cyanogenmod.trebuchet (pid=2548, uid=10021) requires com.google.android.launcher.permission.RECEIVE_LAUNCH_BROADCASTS due to receiver com.google.android.gms/.icing.proxy.ApplicationLauncherReceiver
03-07 10:55:33.748  1367  2845 I ActivityManager: Start proc 5073:com.flavionet.android.camera.pro/u0a72 for activity com.flavionet.android.camera.pro/.Main
03-07 10:55:33.914  5073  5073 W System  : ClassLoader referenced unknown path: /data/app/com.flavionet.android.camera.pro-1/lib/arm
03-07 10:55:34.017  5073  5073 D Event   : No subscribers registered for event class com.flavionet.android.corecamera.b.a
03-07 10:55:34.018  5073  5073 D Event   : No subscribers registered for event class a.a.a.j
03-07 10:55:34.059  1367  2845 I ActivityManager: Config changes=480 {1.0 262mcc7mnc de_DE ldltr sw360dp w592dp h336dp 320dpi nrml land finger -keyb/v/h -nav/h s.9 themeResource=null}
03-07 10:55:34.064  1367  1787 I InputReader: Reconfiguring input devices.  changes=0x00000004
03-07 10:55:34.064  1367  1787 I InputReader: Device reconfigured: id=11, name='sensor00.f11_sensor0', size 720x1280, orientation 1, mode 1, display id 0
03-07 10:55:34.275  1367  1496 I WindowManager: Screen frozen for +253ms due to Window{401a49b u0 StatusBar}
03-07 10:55:34.310   383  2679 I chatty  : uid=1013(media) Binder_4 expire 6 lines
03-07 10:55:34.311   383  1854 I chatty  : uid=1013(media) Binder_2 expire 69 lines
03-07 10:55:34.323   383   383 I chatty  : uid=1013(media) /system/bin/mediaserver expire 21 lines
03-07 10:55:34.328  5073  5073 D Event   : No subscribers registered for event class com.flavionet.android.corecamera.b.c
03-07 10:55:34.328  5073  5073 D Event   : No subscribers registered for event class a.a.a.j
03-07 10:55:34.335  5073  5073 D BaseCamera: startCamera()
03-07 10:55:34.351  5073  5089 D OpenGLRenderer: Use EGL_SWAP_BEHAVIOR_PRESERVED: true
03-07 10:55:34.388  5073  5073 D Event   : No subscribers registered for event class com.flavionet.android.corecamera.b.a
03-07 10:55:34.388  5073  5073 D Event   : No subscribers registered for event class a.a.a.j
03-07 10:55:34.432  5092  5092 F libc    : page record for 0xb6f4d00c was not found (block_size=64)
03-07 10:55:34.433   383  1853 I chatty  : uid=1013(media) Binder_1 expire 3 lines
03-07 10:55:34.435  5073  5073 D Event   : No subscribers registered for event class com.flavionet.android.corecamera.b.c
03-07 10:55:34.435  5073  5073 D Event   : No subscribers registered for event class a.a.a.j
03-07 10:55:34.437  5073  5073 D BaseCamera: startCamera()
03-07 10:55:34.442  5091  5091 F libc    : page record for 0xb6ee600c was not found (block_size=64)
03-07 10:55:34.447  4865  4880 I art     : Background sticky concurrent mark sweep GC freed 122534(4MB) AllocSpace objects, 0(0B) LOS objects, 23% free, 15MB/20MB, paused 671us total 108.347ms
03-07 10:55:34.449  5090  5090 F libc    : page record for 0xb6f4100c was not found (block_size=64)
03-07 10:55:34.487  5073  5089 W Adreno-GSL: <get_panel_settings:3805>: Android framework reported version 2. So, don't force ES30
03-07 10:55:34.487  5073  5089 I Adreno-EGL: <qeglDrvAPI_eglInitialize:381>: EGL 1.4 QUALCOMM build:  (CL3869936)
03-07 10:55:34.487  5073  5089 I Adreno-EGL: OpenGL ES Shader Compiler Version: 17.01.11.SPL
03-07 10:55:34.487  5073  5089 I Adreno-EGL: Build Date: 03/28/14 Fri
03-07 10:55:34.487  5073  5089 I Adreno-EGL: Local Branch: 
03-07 10:55:34.487  5073  5089 I Adreno-EGL: Remote Branch: 
03-07 10:55:34.487  5073  5089 I Adreno-EGL: Local Patches: 
03-07 10:55:34.487  5073  5089 I Adreno-EGL: Reconstruct Branch: 
03-07 10:55:34.489  5073  5089 I OpenGLRenderer: Initialized EGL, version 1.4
03-07 10:55:34.517  5073  5073 D BaseCamera: startCamera()
03-07 10:55:34.531   383  5101 I chatty  : uid=1013(media) /system/bin/mediaserver expire 4 lines
03-07 10:55:34.543   383  5100 I chatty  : uid=1013(media) /system/bin/mediaserver expire 1 line
03-07 10:55:34.552   383  5103 I chatty  : uid=1013(media) /system/bin/mediaserver expire 4 lines
03-07 10:55:34.568   383  5102 I chatty  : uid=1013(media) /system/bin/mediaserver expire 1 line
03-07 10:55:34.575   383  5105 I chatty  : uid=1013(media) /system/bin/mediaserver expire 4 lines
03-07 10:55:34.585   383  5104 I chatty  : uid=1013(media) /system/bin/mediaserver expire 1 line
03-07 10:55:34.595   383  5109 I chatty  : uid=1013(media) /system/bin/mediaserver expire 2 lines
03-07 10:55:34.597  1367  2629 E Parcel  : Reading a NULL string not supported here.
03-07 10:55:34.630   383  5110 I chatty  : uid=1013(media) /system/bin/mediaserver expire 3 lines
03-07 10:55:34.655  1367  2701 E ActivityManager: Activity Manager Crash
03-07 10:55:34.655  1367  2701 E ActivityManager: java.lang.IllegalStateException: Bad magic number for Bundle: 0x1
03-07 10:55:34.655  1367  2701 E ActivityManager: 	at android.os.BaseBundle.readFromParcelInner(BaseBundle.java:1363)
03-07 10:55:34.655  1367  2701 E ActivityManager: 	at android.os.BaseBundle.<init>(BaseBundle.java:90)
03-07 10:55:34.655  1367  2701 E ActivityManager: 	at android.os.Bundle.<init>(Bundle.java:68)
03-07 10:55:34.655  1367  2701 E ActivityManager: 	at android.os.Parcel.readBundle(Parcel.java:1778)
03-07 10:55:34.655  1367  2701 E ActivityManager: 	at android.os.Parcel.readBundle(Parcel.java:1762)
03-07 10:55:34.655  1367  2701 E ActivityManager: 	at android.content.Intent.readFromParcel(Intent.java:7983)
03-07 10:55:34.655  1367  2701 E ActivityManager: 	at android.content.Intent.<init>(Intent.java:7949)
03-07 10:55:34.655  1367  2701 E ActivityManager: 	at android.content.Intent$1.createFromParcel(Intent.java:7940)
03-07 10:55:34.655  1367  2701 E ActivityManager: 	at android.content.Intent$1.createFromParcel(Intent.java:7939)
03-07 10:55:34.655  1367  2701 E ActivityManager: 	at android.app.ActivityManagerNative.onTransact(ActivityManagerNative.java:453)
03-07 10:55:34.655  1367  2701 E ActivityManager: 	at com.android.server.am.ActivityManagerService.onTransact(ActivityManagerService.java:2664)
03-07 10:55:34.655  1367  2701 E ActivityManager: 	at android.os.Binder.execTransact(Binder.java:453)
03-07 10:55:34.666  1367  2685 E ActivityManager: Activity Manager Crash
03-07 10:55:34.666  1367  2685 E ActivityManager: java.lang.IllegalStateException: Bad magic number for Bundle: 0x1
03-07 10:55:34.666  1367  2685 E ActivityManager: 	at android.os.BaseBundle.readFromParcelInner(BaseBundle.java:1363)
03-07 10:55:34.666  1367  2685 E ActivityManager: 	at android.os.BaseBundle.<init>(BaseBundle.java:90)
03-07 10:55:34.666  1367  2685 E ActivityManager: 	at android.os.Bundle.<init>(Bundle.java:68)
03-07 10:55:34.666  1367  2685 E ActivityManager: 	at android.os.Parcel.readBundle(Parcel.java:1778)
03-07 10:55:34.666  1367  2685 E ActivityManager: 	at android.os.Parcel.readBundle(Parcel.java:1762)
03-07 10:55:34.666  1367  2685 E ActivityManager: 	at android.content.Intent.readFromParcel(Intent.java:7983)
03-07 10:55:34.666  1367  2685 E ActivityManager: 	at android.content.Intent.<init>(Intent.java:7949)
03-07 10:55:34.666  1367  2685 E ActivityManager: 	at android.content.Intent$1.createFromParcel(Intent.java:7940)
03-07 10:55:34.666  1367  2685 E ActivityManager: 	at android.content.Intent$1.createFromParcel(Intent.java:7939)
03-07 10:55:34.666  1367  2685 E ActivityManager: 	at android.app.ActivityManagerNative.onTransact(ActivityManagerNative.java:453)
03-07 10:55:34.666  1367  2685 E ActivityManager: 	at com.android.server.am.ActivityManagerService.onTransact(ActivityManagerService.java:2664)
03-07 10:55:34.666  1367  2685 E ActivityManager: 	at android.os.Binder.execTransact(Binder.java:453)
03-07 10:55:34.670  1367  2845 E ActivityManager: Activity Manager Crash
03-07 10:55:34.670  1367  2845 E ActivityManager: java.lang.IllegalStateException: Bad magic number for Bundle: 0x1
03-07 10:55:34.670  1367  2845 E ActivityManager: 	at android.os.BaseBundle.readFromParcelInner(BaseBundle.java:1363)
03-07 10:55:34.670  1367  2845 E ActivityManager: 	at android.os.BaseBundle.<init>(BaseBundle.java:90)
03-07 10:55:34.670  1367  2845 E ActivityManager: 	at android.os.Bundle.<init>(Bundle.java:68)
03-07 10:55:34.670  1367  2845 E ActivityManager: 	at android.os.Parcel.readBundle(Parcel.java:1778)
03-07 10:55:34.670  1367  2845 E ActivityManager: 	at android.os.Parcel.readBundle(Parcel.java:1762)
03-07 10:55:34.670  1367  2845 E ActivityManager: 	at android.content.Intent.readFromParcel(Intent.java:7983)
03-07 10:55:34.670  1367  2845 E ActivityManager: 	at android.content.Intent.<init>(Intent.java:7949)
03-07 10:55:34.670  1367  2845 E ActivityManager: 	at android.content.Intent$1.createFromParcel(Intent.java:7940)
03-07 10:55:34.670  1367  2845 E ActivityManager: 	at android.content.Intent$1.createFromParcel(Intent.java:7939)
03-07 10:55:34.670  1367  2845 E ActivityManager: 	at android.app.ActivityManagerNative.onTransact(ActivityManagerNative.java:453)
03-07 10:55:34.670  1367  2845 E ActivityManager: 	at com.android.server.am.ActivityManagerService.onTransact(ActivityManagerService.java:2664)
03-07 10:55:34.670  1367  2845 E ActivityManager: 	at android.os.Binder.execTransact(Binder.java:453)
03-07 10:55:34.671  1367  2699 E ActivityManager: Activity Manager Crash
03-07 10:55:34.671  1367  2699 E ActivityManager: java.lang.IllegalStateException: Bad magic number for Bundle: 0x1
03-07 10:55:34.671  1367  2699 E ActivityManager: 	at android.os.BaseBundle.readFromParcelInner(BaseBundle.java:1363)
03-07 10:55:34.671  1367  2699 E ActivityManager: 	at android.os.BaseBundle.<init>(BaseBundle.java:90)
03-07 10:55:34.671  1367  2699 E ActivityManager: 	at android.os.Bundle.<init>(Bundle.java:68)
03-07 10:55:34.671  1367  2699 E ActivityManager: 	at android.os.Parcel.readBundle(Parcel.java:1778)
03-07 10:55:34.671  1367  2699 E ActivityManager: 	at android.os.Parcel.readBundle(Parcel.java:1762)
03-07 10:55:34.671  1367  2699 E ActivityManager: 	at android.content.Intent.readFromParcel(Intent.java:7983)
03-07 10:55:34.671  1367  2699 E ActivityManager: 	at android.content.Intent.<init>(Intent.java:7949)
03-07 10:55:34.671  1367  2699 E ActivityManager: 	at android.content.Intent$1.createFromParcel(Intent.java:7940)
03-07 10:55:34.671  1367  2699 E ActivityManager: 	at android.content.Intent$1.createFromParcel(Intent.java:7939)
03-07 10:55:34.671  1367  2699 E ActivityManager: 	at android.app.ActivityManagerNative.onTransact(ActivityManagerNative.java:453)
03-07 10:55:34.671  1367  2699 E ActivityManager: 	at com.android.server.am.ActivityManagerService.onTransact(ActivityManagerService.java:2664)
03-07 10:55:34.671  1367  2699 E ActivityManager: 	at android.os.Binder.execTransact(Binder.java:453)
03-07 10:55:34.680  1367  2700 E ActivityManager: Activity Manager Crash
03-07 10:55:34.680  1367  2700 E ActivityManager: java.lang.IllegalStateException: Bad magic number for Bundle: 0x1
03-07 10:55:34.680  1367  2700 E ActivityManager: 	at android.os.BaseBundle.readFromParcelInner(BaseBundle.java:1363)
03-07 10:55:34.680  1367  2700 E ActivityManager: 	at android.os.BaseBundle.<init>(BaseBundle.java:90)
03-07 10:55:34.680  1367  2700 E ActivityManager: 	at android.os.Bundle.<init>(Bundle.java:68)
03-07 10:55:34.680  1367  2700 E ActivityManager: 	at android.os.Parcel.readBundle(Parcel.java:1778)
03-07 10:55:34.680  1367  2700 E ActivityManager: 	at android.os.Parcel.readBundle(Parcel.java:1762)
03-07 10:55:34.680  1367  2700 E ActivityManager: 	at android.content.Intent.readFromParcel(Intent.java:7983)
03-07 10:55:34.680  1367  2700 E ActivityManager: 	at android.content.Intent.<init>(Intent.java:7949)
03-07 10:55:34.680  1367  2700 E ActivityManager: 	at android.content.Intent$1.createFromParcel(Intent.java:7940)
03-07 10:55:34.680  1367  2700 E ActivityManager: 	at android.content.Intent$1.createFromParcel(Intent.java:7939)
03-07 10:55:34.680  1367  2700 E ActivityManager: 	at android.app.ActivityManagerNative.onTransact(ActivityManagerNative.java:453)
03-07 10:55:34.680  1367  2700 E ActivityManager: 	at com.android.server.am.ActivityManagerService.onTransact(ActivityManagerService.java:2664)
03-07 10:55:34.680  1367  2700 E ActivityManager: 	at android.os.Binder.execTransact(Binder.java:453)
03-07 10:55:34.682  1367  2810 E ActivityManager: Activity Manager Crash
03-07 10:55:34.682  1367  2810 E ActivityManager: java.lang.IllegalStateException: Bad magic number for Bundle: 0x1
03-07 10:55:34.682  1367  2810 E ActivityManager: 	at android.os.BaseBundle.readFromParcelInner(BaseBundle.java:1363)
03-07 10:55:34.682  1367  2810 E ActivityManager: 	at android.os.BaseBundle.<init>(BaseBundle.java:90)
03-07 10:55:34.682  1367  2810 E ActivityManager: 	at android.os.Bundle.<init>(Bundle.java:68)
03-07 10:55:34.682  1367  2810 E ActivityManager: 	at android.os.Parcel.readBundle(Parcel.java:1778)
03-07 10:55:34.682  1367  2810 E ActivityManager: 	at android.os.Parcel.readBundle(Parcel.java:1762)
03-07 10:55:34.682  1367  2810 E ActivityManager: 	at android.content.Intent.readFromParcel(Intent.java:7983)
03-07 10:55:34.682  1367  2810 E ActivityManager: 	at android.content.Intent.<init>(Intent.java:7949)
03-07 10:55:34.682  1367  2810 E ActivityManager: 	at android.content.Intent$1.createFromParcel(Intent.java:7940)
03-07 10:55:34.682  1367  2810 E ActivityManager: 	at android.content.Intent$1.createFromParcel(Intent.java:7939)
03-07 10:55:34.682  1367  2810 E ActivityManager: 	at android.app.ActivityManagerNative.onTransact(ActivityManagerNative.java:453)
03-07 10:55:34.682  1367  2810 E ActivityManager: 	at com.android.server.am.ActivityManagerService.onTransact(ActivityManagerService.java:2664)
03-07 10:55:34.682  1367  2810 E ActivityManager: 	at android.os.Binder.execTransact(Binder.java:453)
03-07 10:55:34.683  1929  2072 W NFC-LLC : LLC length mis-match
03-07 10:55:34.684   383  5108 I chatty  : uid=1013(media) /system/bin/mediaserver expire 12 lines
03-07 10:55:34.731  1367  1940 E ActivityManager: Activity Manager Crash
03-07 10:55:34.731  1367  1940 E ActivityManager: java.lang.IllegalStateException: Bad magic number for Bundle: 0x1
03-07 10:55:34.731  1367  1940 E ActivityManager: 	at android.os.BaseBundle.readFromParcelInner(BaseBundle.java:1363)
03-07 10:55:34.731  1367  1940 E ActivityManager: 	at android.os.BaseBundle.<init>(BaseBundle.java:90)
03-07 10:55:34.731  1367  1940 E ActivityManager: 	at android.os.Bundle.<init>(Bundle.java:68)
03-07 10:55:34.731  1367  1940 E ActivityManager: 	at android.os.Parcel.readBundle(Parcel.java:1778)
03-07 10:55:34.731  1367  1940 E ActivityManager: 	at android.os.Parcel.readBundle(Parcel.java:1762)
03-07 10:55:34.731  1367  1940 E ActivityManager: 	at android.content.Intent.readFromParcel(Intent.java:7983)
03-07 10:55:34.731  1367  1940 E ActivityManager: 	at android.content.Intent.<init>(Intent.java:7949)
03-07 10:55:34.731  1367  1940 E ActivityManager: 	at android.content.Intent$1.createFromParcel(Intent.java:7940)
03-07 10:55:34.731  1367  1940 E ActivityManager: 	at android.content.Intent$1.createFromParcel(Intent.java:7939)
03-07 10:55:34.731  1367  1940 E ActivityManager: 	at android.app.ActivityManagerNative.onTransact(ActivityManagerNative.java:453)
03-07 10:55:34.731  1367  1940 E ActivityManager: 	at com.android.server.am.ActivityManagerService.onTransact(ActivityManagerService.java:2664)
03-07 10:55:34.731  1367  1940 E ActivityManager: 	at android.os.Binder.execTransact(Binder.java:453)
03-07 10:55:34.751   383  5133 I chatty  : uid=1013(media) /system/bin/mediaserver expire 86 lines
03-07 10:55:35.022  5073  5073 D BaseCamera: setViewfinderWidescreen()
03-07 10:55:35.029  5073  5073 D BaseCamera: setViewfinderWidescreen(1600, 1200)
03-07 10:55:35.040  5073  5073 D BaseCamera: Current preview size: 1600x1200
03-07 10:55:35.088  5073  5073 D Event   : No subscribers registered for event class com.flavionet.android.corecamera.b.c
03-07 10:55:35.088  5073  5073 D Event   : No subscribers registered for event class a.a.a.j
03-07 10:55:35.105  1367  1964 I ActivityManager: START u0 {act=com.android.systemui.recents.SHOW_RECENTS flg=0x10804000 cmp=com.android.systemui/.recents.RecentsActivity} from uid 10018 on display 0
03-07 10:55:35.162  5073  5073 D BaseCamera: setViewfinderWidescreen()
03-07 10:55:35.162  5073  5073 D BaseCamera: setViewfinderWidescreen(1600, 1200)
03-07 10:55:35.171  5073  5073 D BaseCamera: Current preview size: 1600x1200
03-07 10:55:35.171  5073  5073 D BaseCamera: surfaceChanged(1184, 720)
03-07 10:55:35.195   383  5112 I chatty  : uid=1013(media) /system/bin/mediaserver expire 22 lines
03-07 10:55:35.225   383  5133 I chatty  : uid=1013(media) /system/bin/mediaserver expire 189 lines
03-07 10:55:35.233   383  5110 I chatty  : uid=1013(media) /system/bin/mediaserver expire 6 lines
03-07 10:55:35.238   383   383 I chatty  : uid=1013(media) /system/bin/mediaserver expire 7 lines
03-07 10:55:35.264   383  5130 I chatty  : uid=1013(media) /system/bin/mediaserver expire 2 lines
03-07 10:55:35.423  5073  5073 I Choreographer: Skipped 57 frames!  The application may be doing too much work on its main thread.
03-07 10:55:35.455  1367  1964 I WindowManager: Screenshot max retries 4 of Token{a398034 ActivityRecord{b6af707 u0 com.flavionet.android.camera.pro/.Main t8}} appWin=Window{db9e07e u0 SurfaceView} drawState=3
03-07 10:55:35.457  5073  5073 D BaseCamera: surfaceChanged(1600, 1200)
03-07 10:55:35.457   383  1853 I chatty  : uid=1013(media) Binder_1 expire 12 lines
03-07 10:55:35.458   383  5129 I chatty  : uid=1013(media) /system/bin/mediaserver expire 4 lines
03-07 10:55:35.523   383  2204 I chatty  : uid=1013(media) Binder_3 expire 11 lines
03-07 10:55:35.540   383  5108 I chatty  : uid=1013(media) /system/bin/mediaserver expire 1 line
03-07 10:55:35.711   383  5111 I chatty  : uid=1013(media) /system/bin/mediaserver expire 1 line
03-07 10:55:35.958  5073  5089 V RenderScript: 0xb9011710 Launching thread(s), CPUs 2
03-07 10:55:36.117  1907  1952 I art     : Background sticky concurrent mark sweep GC freed 6062(450KB) AllocSpace objects, 2(464KB) LOS objects, 2% free, 19MB/19MB, paused 7.752ms total 46.482ms
