--------- beginning of crash
02-17 14:17:04.146   240   240 F libc    : page record for 0xb6f5100c was not found (block_size=64)
02-17 14:17:05.159   415   415 F libc    : page record for 0xb6e6e00c was not found (block_size=64)
02-17 14:17:05.164   418   418 F libc    : page record for 0xb6eb700c was not found (block_size=64)
03-07 10:52:19.058   491   491 F libc    : page record for 0xb6eee00c was not found (block_size=64)
03-07 10:52:19.107   499   499 F libc    : page record for 0xb6ed700c was not found (block_size=64)
03-07 10:52:19.211   513   513 F libc    : page record for 0xb6ead00c was not found (block_size=64)
03-07 10:52:23.564   902   902 F libc    : page record for 0xb6e5600c was not found (block_size=64)
03-07 10:52:23.578   903   903 F libc    : page record for 0xb6eff00c was not found (block_size=64)
03-07 10:52:24.603  1098  1098 F libc    : page record for 0xb6ed300c was not found (block_size=64)
03-07 10:52:24.610  1099  1099 F libc    : page record for 0xb6f1000c was not found (block_size=64)
03-07 10:52:24.636  1100  1100 F libc    : page record for 0xb6f6800c was not found (block_size=64)
03-07 10:52:28.565  1603  1603 F libc    : page record for 0xb6f8100c was not found (block_size=64)
03-07 10:52:28.594  1602  1602 F libc    : page record for 0xb6ebe00c was not found (block_size=64)
03-07 10:52:29.613  1617  1617 F libc    : page record for 0xb6ef700c was not found (block_size=64)
03-07 10:52:29.619  1619  1619 F libc    : page record for 0xb6f5e00c was not found (block_size=64)
03-07 10:52:29.630  1618  1618 F libc    : page record for 0xb6f5700c was not found (block_size=64)
03-07 10:52:33.564  1638  1638 F libc    : page record for 0xb6e7900c was not found (block_size=64)
03-07 10:52:33.569  1639  1639 F libc    : page record for 0xb6ef200c was not found (block_size=64)
03-07 10:52:34.576  1647  1647 F libc    : page record for 0xb6f2800c was not found (block_size=64)
03-07 10:52:34.578  1648  1648 F libc    : page record for 0xb6f3900c was not found (block_size=64)
03-07 10:52:34.582  1649  1649 F libc    : page record for 0xb6f8c00c was not found (block_size=64)
03-07 10:52:38.592  1669  1669 F libc    : page record for 0xb6eae00c was not found (block_size=64)
03-07 10:52:38.600  1668  1668 F libc    : page record for 0xb6e8500c was not found (block_size=64)
03-07 10:52:39.608  1679  1679 F libc    : page record for 0xb6f0100c was not found (block_size=64)
03-07 10:52:39.609  1680  1680 F libc    : page record for 0xb6f6700c was not found (block_size=64)
03-07 10:52:39.611  1681  1681 F libc    : page record for 0xb6f7100c was not found (block_size=64)
03-07 10:52:43.627  1701  1701 F libc    : page record for 0xb6eb900c was not found (block_size=64)
03-07 10:52:43.631  1700  1700 F libc    : page record for 0xb6ec000c was not found (block_size=64)
03-07 10:52:44.658  1710  1710 F libc    : page record for 0xb6f1d00c was not found (block_size=64)
03-07 10:52:44.659  1709  1709 F libc    : page record for 0xb6eed00c was not found (block_size=64)
03-07 10:52:44.663  1711  1711 F libc    : page record for 0xb6f5500c was not found (block_size=64)
--------- beginning of system
03-07 10:52:47.198  1367  1367 W PackageManager: Unknown permission com.android.launcher.permission.READ_SETTINGS in package com.android.settings
03-07 10:52:47.198  1367  1367 W PackageManager: Unknown permission com.android.launcher.permission.WRITE_SETTINGS in package com.android.settings
03-07 10:52:47.198  1367  1367 W PackageManager: Not granting permission android.permission.REAL_GET_TASKS to package com.cyanogenmod.eleven (protectionLevel=18 flags=0x3818be65)
03-07 10:52:47.199  1367  1367 W PackageManager: Not granting permission android.permission.WRITE_EXTERNAL_STORAGE to package com.google.android.talk because it was previously installed without
03-07 10:52:47.199  1367  1367 W PackageManager: Not granting permission android.permission.READ_CONTACTS to package com.google.android.talk because it was previously installed without
03-07 10:52:47.199  1367  1367 W PackageManager: Not granting permission android.permission.READ_PHONE_STATE to package com.google.android.talk because it was previously installed without
03-07 10:52:47.199  1367  1367 W PackageManager: Not granting permission android.permission.ACCESS_COARSE_LOCATION to package com.google.android.talk because it was previously installed without
03-07 10:52:47.199  1367  1367 W PackageManager: Not granting permission android.permission.ACCESS_FINE_LOCATION to package com.google.android.talk because it was previously installed without
03-07 10:52:47.199  1367  1367 W PackageManager: Not granting permission android.permission.CAMERA to package com.google.android.talk because it was previously installed without
03-07 10:52:47.199  1367  1367 W PackageManager: Not granting permission android.permission.RECORD_AUDIO to package com.google.android.talk because it was previously installed without
03-07 10:52:47.199  1367  1367 W PackageManager: Not granting permission android.permission.READ_EXTERNAL_STORAGE to package com.google.android.talk because it was previously installed without
03-07 10:52:47.199  1367  1367 W PackageManager: Not granting permission android.permission.READ_SMS to package com.google.android.talk because it was previously installed without
03-07 10:52:47.199  1367  1367 W PackageManager: Not granting permission android.permission.RECEIVE_SMS to package com.google.android.talk because it was previously installed without
03-07 10:52:47.199  1367  1367 W PackageManager: Not granting permission android.permission.SEND_SMS to package com.google.android.talk because it was previously installed without
03-07 10:52:47.203  1367  1367 W PackageManager: Not granting permission android.permission.RECEIVE_MMS to package com.google.android.talk because it was previously installed without
03-07 10:52:47.203  1367  1367 W PackageManager: Not granting permission android.permission.CALL_PHONE to package com.google.android.talk because it was previously installed without
03-07 10:52:47.203  1367  1367 W PackageManager: Not granting permission android.permission.WRITE_CONTACTS to package com.google.android.talk because it was previously installed without
03-07 10:52:47.203  1367  1367 W PackageManager: Not granting permission android.permission.REGISTER_CONNECTION_MANAGER to package com.google.android.talk (protectionLevel=18 flags=0x3849be44)
03-07 10:52:47.204  1367  1367 W PackageManager: Unknown permission android.permission.ACCESS_BLUETOOTH_AVRCP_CT_DATA in package com.android.systemui
03-07 10:52:47.204  1367  1367 W PackageManager: Unknown permission android.permission.HARDWARE_ABSTRACTION_ACCESS in package com.android.systemui
03-07 10:52:47.204  1367  1367 W PackageManager: Not granting permission android.permission.GET_ACCOUNTS to package com.google.android.play.games because it was previously installed without
03-07 10:52:47.206  1367  1367 V PackageManager: Disabling com.google.android.gsf/com.google.android.gsf.update.SystemUpdateActivity
03-07 10:52:47.207  1367  1367 V PackageManager: Disabling com.google.android.gsf/com.google.android.gsf.update.SystemUpdateService$Receiver
03-07 10:52:47.207  1367  1367 V PackageManager: Disabling com.google.android.gsf/com.google.android.gsf.update.SystemUpdateService$SecretCodeReceiver
03-07 10:52:47.207  1367  1367 V PackageManager: Disabling com.google.android.gms/com.google.android.gms.update.SystemUpdateActivity
03-07 10:52:47.207  1367  1367 V PackageManager: Disabling com.google.android.gms/com.google.android.gms.update.SystemUpdateService$Receiver
03-07 10:52:47.207  1367  1367 V PackageManager: Disabling com.google.android.gms/com.google.android.gms.update.SystemUpdateService$ActiveReceiver
03-07 10:52:47.207  1367  1367 V PackageManager: Disabling com.google.android.gms/com.google.android.gms.update.SystemUpdateService$SecretCodeReceiver
03-07 10:52:47.207  1367  1367 V PackageManager: Enabling com.google.android.gsf/com.google.android.gsf.update.SystemUpdateService
03-07 10:52:47.207  1367  1367 V PackageManager: Enabling com.google.android.gms/com.google.android.gms.update.SystemUpdateService
03-07 10:52:47.405  1367  1367 I SystemServer: User Service
03-07 10:52:47.419  1367  1367 I SystemServiceManager: Starting com.android.server.BatteryService
03-07 10:52:47.445  1367  1367 I SystemServiceManager: Starting com.android.server.usage.UsageStatsService
03-07 10:52:47.472  1367  1449 E KernelUidCpuTimeReader: Failed to read uid_cputime: /proc/uid_cputime/show_uid_stat: open failed: ENOENT (No such file or directory)
03-07 10:52:47.483  1367  1367 I SystemServiceManager: Starting com.android.server.webkit.WebViewUpdateService
03-07 10:52:47.490  1367  1367 I SystemServer: Reading configuration...
03-07 10:52:47.490  1367  1367 I SystemServer: Scheduling Policy
03-07 10:52:47.492  1367  1367 I SystemServiceManager: Starting com.android.server.telecom.TelecomLoaderService
03-07 10:52:47.499  1367  1367 I SystemServer: Telephony Registry
03-07 10:52:47.506  1367  1367 I SystemServer: Entropy Mixer
03-07 10:52:47.510  1367  1367 I EntropyMixer: Added HW RNG output to entropy pool
03-07 10:52:47.510  1367  1367 I EntropyMixer: Writing entropy...
03-07 10:52:47.525  1367  1367 I SystemServer: Camera Service
03-07 10:52:47.525  1367  1367 I SystemServiceManager: Starting com.android.server.camera.CameraService
03-07 10:52:47.535  1367  1730 I ServiceThread: Enabled StrictMode logging for CameraService_proxy looper.
03-07 10:52:47.536  1367  1367 I SystemServer: Account Manager
03-07 10:52:47.543  1367  1367 I SystemServer: Content Manager
03-07 10:52:47.549  1367  1367 I SystemServer: System Content Providers
03-07 10:52:47.641  1367  1367 I SystemServer: Vibrator Service
03-07 10:52:47.643  1367  1367 I SystemServer: Consumer IR Service
03-07 10:52:47.644  1367  1367 I SystemServiceManager: Starting com.android.server.AlarmManagerService
03-07 10:52:47.727  1367  1395 E ActivityManager: Activity Manager Crash
03-07 10:52:47.727  1367  1395 E ActivityManager: java.lang.IllegalStateException: Bad magic number for Bundle: 0x1
03-07 10:52:47.727  1367  1395 E ActivityManager: 	at android.os.BaseBundle.readFromParcelInner(BaseBundle.java:1363)
03-07 10:52:47.727  1367  1395 E ActivityManager: 	at android.os.BaseBundle.<init>(BaseBundle.java:90)
03-07 10:52:47.727  1367  1395 E ActivityManager: 	at android.os.Bundle.<init>(Bundle.java:68)
03-07 10:52:47.727  1367  1395 E ActivityManager: 	at android.os.Parcel.readBundle(Parcel.java:1778)
03-07 10:52:47.727  1367  1395 E ActivityManager: 	at android.os.Parcel.readBundle(Parcel.java:1762)
03-07 10:52:47.727  1367  1395 E ActivityManager: 	at android.content.Intent.readFromParcel(Intent.java:7983)
03-07 10:52:47.727  1367  1395 E ActivityManager: 	at android.content.Intent.<init>(Intent.java:7949)
03-07 10:52:47.727  1367  1395 E ActivityManager: 	at android.content.Intent$1.createFromParcel(Intent.java:7940)
03-07 10:52:47.727  1367  1395 E ActivityManager: 	at android.content.Intent$1.createFromParcel(Intent.java:7939)
03-07 10:52:47.727  1367  1395 E ActivityManager: 	at android.app.ActivityManagerNative.onTransact(ActivityManagerNative.java:453)
03-07 10:52:47.727  1367  1395 E ActivityManager: 	at com.android.server.am.ActivityManagerService.onTransact(ActivityManagerService.java:2664)
03-07 10:52:47.727  1367  1395 E ActivityManager: 	at android.os.Binder.execTransact(Binder.java:453)
03-07 10:52:47.741  1367  1393 E ActivityManager: Activity Manager Crash
03-07 10:52:47.741  1367  1393 E ActivityManager: java.lang.IllegalStateException: Bad magic number for Bundle: 0x1
03-07 10:52:47.741  1367  1393 E ActivityManager: 	at android.os.BaseBundle.readFromParcelInner(BaseBundle.java:1363)
03-07 10:52:47.741  1367  1393 E ActivityManager: 	at android.os.BaseBundle.<init>(BaseBundle.java:90)
03-07 10:52:47.741  1367  1393 E ActivityManager: 	at android.os.Bundle.<init>(Bundle.java:68)
03-07 10:52:47.741  1367  1393 E ActivityManager: 	at android.os.Parcel.readBundle(Parcel.java:1778)
03-07 10:52:47.741  1367  1393 E ActivityManager: 	at android.os.Parcel.readBundle(Parcel.java:1762)
03-07 10:52:47.741  1367  1393 E ActivityManager: 	at android.content.Intent.readFromParcel(Intent.java:7983)
03-07 10:52:47.741  1367  1393 E ActivityManager: 	at android.content.Intent.<init>(Intent.java:7949)
03-07 10:52:47.741  1367  1393 E ActivityManager: 	at android.content.Intent$1.createFromParcel(Intent.java:7940)
03-07 10:52:47.741  1367  1393 E ActivityManager: 	at android.content.Intent$1.createFromParcel(Intent.java:7939)
03-07 10:52:47.741  1367  1393 E ActivityManager: 	at android.app.ActivityManagerNative.onTransact(ActivityManagerNative.java:453)
03-07 10:52:47.741  1367  1393 E ActivityManager: 	at com.android.server.am.ActivityManagerService.onTransact(ActivityManagerService.java:2664)
03-07 10:52:47.741  1367  1393 E ActivityManager: 	at android.os.Binder.execTransact(Binder.java:453)
03-07 10:52:47.743  1367  1395 E ActivityManager: Activity Manager Crash
03-07 10:52:47.743  1367  1395 E ActivityManager: java.lang.IllegalStateException: Bad magic number for Bundle: 0x1
03-07 10:52:47.743  1367  1395 E ActivityManager: 	at android.os.BaseBundle.readFromParcelInner(BaseBundle.java:1363)
03-07 10:52:47.743  1367  1395 E ActivityManager: 	at android.os.BaseBundle.<init>(BaseBundle.java:90)
03-07 10:52:47.743  1367  1395 E ActivityManager: 	at android.os.Bundle.<init>(Bundle.java:68)
03-07 10:52:47.743  1367  1395 E ActivityManager: 	at android.os.Parcel.readBundle(Parcel.java:1778)
03-07 10:52:47.743  1367  1395 E ActivityManager: 	at android.os.Parcel.readBundle(Parcel.java:1762)
03-07 10:52:47.743  1367  1395 E ActivityManager: 	at android.content.Intent.readFromParcel(Intent.java:7983)
03-07 10:52:47.743  1367  1395 E ActivityManager: 	at android.content.Intent.<init>(Intent.java:7949)
03-07 10:52:47.743  1367  1395 E ActivityManager: 	at android.content.Intent$1.createFromParcel(Intent.java:7940)
03-07 10:52:47.743  1367  1395 E ActivityManager: 	at android.content.Intent$1.createFromParcel(Intent.java:7939)
03-07 10:52:47.743  1367  1395 E ActivityManager: 	at android.app.ActivityManagerNative.onTransact(ActivityManagerNative.java:453)
03-07 10:52:47.743  1367  1395 E ActivityManager: 	at com.android.server.am.ActivityManagerService.onTransact(ActivityManagerService.java:2664)
03-07 10:52:47.743  1367  1395 E ActivityManager: 	at android.os.Binder.execTransact(Binder.java:453)
03-07 10:52:47.745  1367  1393 E ActivityManager: Activity Manager Crash
03-07 10:52:47.745  1367  1393 E ActivityManager: java.lang.IllegalStateException: Bad magic number for Bundle: 0x1
03-07 10:52:47.745  1367  1393 E ActivityManager: 	at android.os.BaseBundle.readFromParcelInner(BaseBundle.java:1363)
03-07 10:52:47.745  1367  1393 E ActivityManager: 	at android.os.BaseBundle.<init>(BaseBundle.java:90)
03-07 10:52:47.745  1367  1393 E ActivityManager: 	at android.os.Bundle.<init>(Bundle.java:68)
03-07 10:52:47.745  1367  1393 E ActivityManager: 	at android.os.Parcel.readBundle(Parcel.java:1778)
03-07 10:52:47.745  1367  1393 E ActivityManager: 	at android.os.Parcel.readBundle(Parcel.java:1762)
03-07 10:52:47.745  1367  1393 E ActivityManager: 	at android.content.Intent.readFromParcel(Intent.java:7983)
03-07 10:52:47.745  1367  1393 E ActivityManager: 	at android.content.Intent.<init>(Intent.java:7949)
03-07 10:52:47.745  1367  1393 E ActivityManager: 	at android.content.Intent$1.createFromParcel(Intent.java:7940)
03-07 10:52:47.745  1367  1393 E ActivityManager: 	at android.content.Intent$1.createFromParcel(Intent.java:7939)
03-07 10:52:47.745  1367  1393 E ActivityManager: 	at android.app.ActivityManagerNative.onTransact(ActivityManagerNative.java:453)
03-07 10:52:47.745  1367  1393 E ActivityManager: 	at com.android.server.am.ActivityManagerService.onTransact(ActivityManagerService.java:2664)
03-07 10:52:47.745  1367  1393 E ActivityManager: 	at android.os.Binder.execTransact(Binder.java:453)
03-07 10:52:47.746  1367  1367 I SystemServer: Init Watchdog
03-07 10:52:47.746  1367  1367 I SystemServer: Input Manager
03-07 10:52:47.746  1367  1367 I InputManager: Initializing input manager, mUseDevInputEventForAudioJack=true
03-07 10:52:47.748  1367  1367 I SystemServer: Window Manager
03-07 10:52:47.750  1367  1395 E ActivityManager: Activity Manager Crash
03-07 10:52:47.750  1367  1395 E ActivityManager: java.lang.IllegalStateException: Bad magic number for Bundle: 0x1
03-07 10:52:47.750  1367  1395 E ActivityManager: 	at android.os.BaseBundle.readFromParcelInner(BaseBundle.java:1363)
03-07 10:52:47.750  1367  1395 E ActivityManager: 	at android.os.BaseBundle.<init>(BaseBundle.java:90)
03-07 10:52:47.750  1367  1395 E ActivityManager: 	at android.os.Bundle.<init>(Bundle.java:68)
03-07 10:52:47.750  1367  1395 E ActivityManager: 	at android.os.Parcel.readBundle(Parcel.java:1778)
03-07 10:52:47.750  1367  1395 E ActivityManager: 	at android.os.Parcel.readBundle(Parcel.java:1762)
03-07 10:52:47.750  1367  1395 E ActivityManager: 	at android.content.Intent.readFromParcel(Intent.java:7983)
03-07 10:52:47.750  1367  1395 E ActivityManager: 	at android.content.Intent.<init>(Intent.java:7949)
03-07 10:52:47.750  1367  1395 E ActivityManager: 	at android.content.Intent$1.createFromParcel(Intent.java:7940)
03-07 10:52:47.750  1367  1395 E ActivityManager: 	at android.content.Intent$1.createFromParcel(Intent.java:7939)
03-07 10:52:47.750  1367  1395 E ActivityManager: 	at android.app.ActivityManagerNative.onTransact(ActivityManagerNative.java:453)
03-07 10:52:47.750  1367  1395 E ActivityManager: 	at com.android.server.am.ActivityManagerService.onTransact(ActivityManagerService.java:2664)
03-07 10:52:47.750  1367  1395 E ActivityManager: 	at android.os.Binder.execTransact(Binder.java:453)
03-07 10:52:47.752  1367  1393 E ActivityManager: Activity Manager Crash
03-07 10:52:47.752  1367  1393 E ActivityManager: java.lang.IllegalStateException: Bad magic number for Bundle: 0x1
03-07 10:52:47.752  1367  1393 E ActivityManager: 	at android.os.BaseBundle.readFromParcelInner(BaseBundle.java:1363)
03-07 10:52:47.752  1367  1393 E ActivityManager: 	at android.os.BaseBundle.<init>(BaseBundle.java:90)
03-07 10:52:47.752  1367  1393 E ActivityManager: 	at android.os.Bundle.<init>(Bundle.java:68)
03-07 10:52:47.752  1367  1393 E ActivityManager: 	at android.os.Parcel.readBundle(Parcel.java:1778)
03-07 10:52:47.752  1367  1393 E ActivityManager: 	at android.os.Parcel.readBundle(Parcel.java:1762)
03-07 10:52:47.752  1367  1393 E ActivityManager: 	at android.content.Intent.readFromParcel(Intent.java:7983)
03-07 10:52:47.752  1367  1393 E ActivityManager: 	at android.content.Intent.<init>(Intent.java:7949)
03-07 10:52:47.752  1367  1393 E ActivityManager: 	at android.content.Intent$1.createFromParcel(Intent.java:7940)
03-07 10:52:47.752  1367  1393 E ActivityManager: 	at android.content.Intent$1.createFromParcel(Intent.java:7939)
03-07 10:52:47.752  1367  1393 E ActivityManager: 	at android.app.ActivityManagerNative.onTransact(ActivityManagerNative.java:453)
03-07 10:52:47.752  1367  1393 E ActivityManager: 	at com.android.server.am.ActivityManagerService.onTransact(ActivityManagerService.java:2664)
03-07 10:52:47.752  1367  1393 E ActivityManager: 	at android.os.Binder.execTransact(Binder.java:453)
03-07 10:52:47.776  1367  1395 E ActivityManager: Activity Manager Crash
03-07 10:52:47.776  1367  1395 E ActivityManager: java.lang.IllegalStateException: Bad magic number for Bundle: 0x1
03-07 10:52:47.776  1367  1395 E ActivityManager: 	at android.os.BaseBundle.readFromParcelInner(BaseBundle.java:1363)
03-07 10:52:47.776  1367  1395 E ActivityManager: 	at android.os.BaseBundle.<init>(BaseBundle.java:90)
03-07 10:52:47.776  1367  1395 E ActivityManager: 	at android.os.Bundle.<init>(Bundle.java:68)
03-07 10:52:47.776  1367  1395 E ActivityManager: 	at android.os.Parcel.readBundle(Parcel.java:1778)
03-07 10:52:47.776  1367  1395 E ActivityManager: 	at android.os.Parcel.readBundle(Parcel.java:1762)
03-07 10:52:47.776  1367  1395 E ActivityManager: 	at android.content.Intent.readFromParcel(Intent.java:7983)
03-07 10:52:47.776  1367  1395 E ActivityManager: 	at android.content.Intent.<init>(Intent.java:7949)
03-07 10:52:47.776  1367  1395 E ActivityManager: 	at android.content.Intent$1.createFromParcel(Intent.java:7940)
03-07 10:52:47.776  1367  1395 E ActivityManager: 	at android.content.Intent$1.createFromParcel(Intent.java:7939)
03-07 10:52:47.776  1367  1395 E ActivityManager: 	at android.app.ActivityManagerNative.onTransact(ActivityManagerNative.java:453)
03-07 10:52:47.776  1367  1395 E ActivityManager: 	at com.android.server.am.ActivityManagerService.onTransact(ActivityManagerService.java:2664)
03-07 10:52:47.776  1367  1395 E ActivityManager: 	at android.os.Binder.execTransact(Binder.java:453)
03-07 10:52:47.789  1367  1496 I WindowManager: No existing display settings /data/system/display_settings.xml; starting empty
03-07 10:52:47.815  1764  1764 F libc    : page record for 0xb6e8500c was not found (block_size=64)
03-07 10:52:47.822  1765  1765 F libc    : page record for 0xb6f8c00c was not found (block_size=64)
03-07 10:52:47.926  1367  1367 I InputManager: Starting input manager
03-07 10:52:47.929  1367  1367 I SystemServer: Bluetooth Service
03-07 10:52:47.929  1367  1367 I SystemServiceManager: Starting com.android.server.BluetoothService
03-07 10:52:47.941  1367  1367 I SystemServer: Input Method Service
03-07 10:52:48.054  1367  1367 I SystemServer: Accessibility Manager
03-07 10:52:48.090  1367  1367 I XXXXXX  : choosing minFree values for 32 Bit
03-07 10:52:48.090  1367  1367 I XXXXXX  : choosing minFree values for 32 Bit
03-07 10:52:48.090  1367  1367 I XXXXXX  : choosing minFree values for 32 Bit
03-07 10:52:48.090  1367  1367 I XXXXXX  : choosing minFree values for 32 Bit
03-07 10:52:48.090  1367  1367 I XXXXXX  : choosing minFree values for 32 Bit
03-07 10:52:48.090  1367  1367 I XXXXXX  : choosing minFree values for 32 Bit
03-07 10:52:48.091  1367  1367 I ActivityManager: Config changes=1df8 {1.0 ?mcc?mnc de_DE ldltr sw360dp w360dp h640dp 320dpi nrml long port ?uimode ?night -touch -keyb/v/h -nav/h s.2 themeResource=null}
03-07 10:52:48.118  1367  1367 I ActivityManager: Config changes=500 {1.0 ?mcc?mnc de_DE ldltr sw360dp w360dp h568dp 320dpi nrml port ?uimode ?night -touch -keyb/v/h -nav/h s.3 themeResource=null}
03-07 10:52:48.120  1367  1367 I SystemServiceManager: Starting com.android.server.MountService$Lifecycle
03-07 10:52:48.141  1367  1367 I SystemServiceManager: Starting com.android.server.UiModeManagerService
03-07 10:52:48.143  1367  1367 I ActivityManager: Config changes=200 {1.0 ?mcc?mnc de_DE ldltr sw360dp w360dp h568dp 320dpi nrml port -touch -keyb/v/h -nav/h s.4 themeResource=null}
03-07 10:52:48.145  1367  1788 D MountService: Thinking about reset, mSystemReady=false, mDaemonConnected=true
03-07 10:52:48.146  1367  1367 I SystemServer: LockSettingsService
03-07 10:52:48.146  1367  1788 D MountService: Thinking about reset, mSystemReady=false, mDaemonConnected=true
03-07 10:52:48.147  1367  1788 D CryptdConnector: SND -> {1 cryptfs getfield SystemLocale}
03-07 10:52:48.148   189   207 I Ext4Crypt: ext4 crypto complete called on /data
03-07 10:52:48.148   189   207 I Ext4Crypt: No master key, so not ext4enc
03-07 10:52:48.148  1367  1790 D CryptdConnector: RCV <- {200 1 -1}
03-07 10:52:48.149  1367  1788 W MountService: No primary storage mounted!
03-07 10:52:48.150  1367  1788 D VoldConnector: SND -> {1 asec list}
03-07 10:52:48.151  1367  1789 D VoldConnector: RCV <- {200 1 asec operation succeeded}
03-07 10:52:48.151  1367  1367 I SystemServiceManager: Starting com.android.server.DeviceIdleController
03-07 10:52:48.152  1367  1788 W PackageManager: Not granting permission android.permission.WRITE_EXTERNAL_STORAGE to package com.google.android.youtube because it was previously installed without
03-07 10:52:48.152  1367  1788 W PackageManager: Not granting permission android.permission.MANAGE_DOCUMENTS to package com.google.android.youtube (protectionLevel=18 flags=0x38583e44)
03-07 10:52:48.152  1367  1788 W PackageManager: Not granting permission android.permission.GET_ACCOUNTS to package com.google.android.youtube because it was previously installed without
03-07 10:52:48.152  1367  1788 W PackageManager: Not granting permission android.permission.CAMERA to package com.google.android.youtube because it was previously installed without
03-07 10:52:48.152  1367  1788 W PackageManager: Not granting permission android.permission.READ_EXTERNAL_STORAGE to package com.google.android.youtube because it was previously installed without
03-07 10:52:48.152  1367  1788 W PackageManager: Not granting permission com.google.android.googleapps.permission.GOOGLE_AUTH to package com.android.providers.calendar (protectionLevel=2 flags=0x30083e45)
03-07 10:52:48.152  1367  1788 W PackageManager: Not granting permission com.google.android.googleapps.permission.GOOGLE_AUTH.cl to package com.android.providers.calendar (protectionLevel=2 flags=0x30083e45)
03-07 10:52:48.152  1367  1788 W PackageManager: Not granting permission android.permission.ACCESS_COARSE_LOCATION to package org.telegram.messenger because it was previously installed without
03-07 10:52:48.152  1367  1788 W PackageManager: Not granting permission android.permission.ACCESS_FINE_LOCATION to package org.telegram.messenger because it was previously installed without
03-07 10:52:48.152  1367  1788 W PackageManager: Not granting permission android.permission.RECORD_AUDIO to package org.telegram.messenger because it was previously installed without
03-07 10:52:48.152  1367  1788 W PackageManager: Not granting permission android.permission.RECEIVE_SMS to package org.telegram.messenger because it was previously installed without
03-07 10:52:48.152  1367  1788 W PackageManager: Not granting permission android.permission.WRITE_EXTERNAL_STORAGE to package org.telegram.messenger because it was previously installed without
03-07 10:52:48.152  1367  1788 W PackageManager: Not granting permission android.permission.READ_EXTERNAL_STORAGE to package org.telegram.messenger because it was previously installed without
03-07 10:52:48.152  1367  1788 W PackageManager: Not granting permission android.permission.GET_ACCOUNTS to package org.telegram.messenger because it was previously installed without
03-07 10:52:48.153  1367  1788 W PackageManager: Not granting permission android.permission.READ_CONTACTS to package org.telegram.messenger because it was previously installed without
03-07 10:52:48.153  1367  1788 W PackageManager: Not granting permission android.permission.WRITE_CONTACTS to package org.telegram.messenger because it was previously installed without
03-07 10:52:48.153  1367  1788 W PackageManager: Not granting permission android.permission.READ_PHONE_STATE to package org.telegram.messenger because it was previously installed without
03-07 10:52:48.153  1367  1788 W PackageManager: Not granting permission android.permission.REAL_GET_TASKS to package org.cyanogenmod.wallpapers.photophase (protectionLevel=18 flags=0x3818be45)
03-07 10:52:48.153  1367  1788 W PackageManager: Not granting permission android.permission.ACCESS_COARSE_LOCATION to package com.whatsapp because it was previously installed without
03-07 10:52:48.153  1367  1788 W PackageManager: Not granting permission android.permission.ACCESS_FINE_LOCATION to package com.whatsapp because it was previously installed without
03-07 10:52:48.153  1367  1788 W PackageManager: Not granting permission android.permission.CAMERA to package com.whatsapp because it was previously installed without
03-07 10:52:48.153  1367  1788 W PackageManager: Not granting permission android.permission.GET_ACCOUNTS to package com.whatsapp because it was previously installed without
03-07 10:52:48.153  1367  1788 W PackageManager: Unknown permission android.permission.INSTALL_SHORTCUT in package com.whatsapp
03-07 10:52:48.153  1367  1788 W PackageManager: Not granting permission android.permission.READ_CONTACTS to package com.whatsapp because it was previously installed without
03-07 10:52:48.153  1367  1788 W PackageManager: Not granting permission android.permission.READ_PHONE_STATE to package com.whatsapp because it was previously installed without
03-07 10:52:48.153  1367  1788 W PackageManager: Not granting permission android.permission.RECEIVE_SMS to package com.whatsapp because it was previously installed without
03-07 10:52:48.153  1367  1788 W PackageManager: Not granting permission android.permission.RECORD_AUDIO to package com.whatsapp because it was previously installed without
03-07 10:52:48.153  1367  1788 W PackageManager: Not granting permission android.permission.SEND_SMS to package com.whatsapp because it was previously installed without
03-07 10:52:48.153  1367  1788 W PackageManager: Not granting permission android.permission.WRITE_CONTACTS to package com.whatsapp because it was previously installed without
03-07 10:52:48.154  1367  1788 W PackageManager: Not granting permission android.permission.WRITE_EXTERNAL_STORAGE to package com.whatsapp because it was previously installed without
03-07 10:52:48.154  1367  1788 W PackageManager: Unknown permission com.sec.android.provider.badge.permission.READ in package com.whatsapp
03-07 10:52:48.154  1367  1788 W PackageManager: Unknown permission com.sec.android.provider.badge.permission.WRITE in package com.whatsapp
03-07 10:52:48.154  1367  1788 W PackageManager: Unknown permission com.htc.launcher.permission.READ_SETTINGS in package com.whatsapp
03-07 10:52:48.154  1367  1788 W PackageManager: Unknown permission com.htc.launcher.permission.UPDATE_SHORTCUT in package com.whatsapp
03-07 10:52:48.154  1367  1788 W PackageManager: Unknown permission com.sonyericsson.home.permission.BROADCAST_BADGE in package com.whatsapp
03-07 10:52:48.154  1367  1788 W PackageManager: Not granting permission android.permission.READ_EXTERNAL_STORAGE to package com.whatsapp because it was previously installed without
03-07 10:52:48.154  1367  1788 W PackageManager: Not granting permission android.permission.WRITE_EXTERNAL_STORAGE to package de.herrenabend_sport_verein.comuniodroid because it was previously installed without
03-07 10:52:48.154  1367  1788 W PackageManager: Not granting permission android.permission.READ_PHONE_STATE to package de.herrenabend_sport_verein.comuniodroid because it was previously installed without
03-07 10:52:48.154  1367  1788 W PackageManager: Not granting permission android.permission.GET_ACCOUNTS to package de.herrenabend_sport_verein.comuniodroid because it was previously installed without
03-07 10:52:48.154  1367  1788 W PackageManager: Not granting permission android.permission.READ_EXTERNAL_STORAGE to package de.herrenabend_sport_verein.comuniodroid because it was previously installed without
03-07 10:52:48.154  1367  1788 W PackageManager: Not granting permission android.permission.ACCESS_DOWNLOAD_MANAGER to package com.android.browser (protectionLevel=18 flags=0x3849be45)
03-07 10:52:48.154  1367  1788 W PackageManager: Not granting permission android.permission.SEND_DOWNLOAD_COMPLETED_INTENTS to package com.android.browser (protectionLevel=2 flags=0x3849be45)
03-07 10:52:48.155  1367  1788 W PackageManager: Unknown permission com.cyngn.stats.SEND_ANALYTICS in package com.cyanogenmod.setupwizard
03-07 10:52:48.155  1367  1788 W PackageManager: Unknown permission com.cyanogen.permission.REQUEST_KILL_SWITCH_OP in package com.cyanogenmod.setupwizard
03-07 10:52:48.155  1367  1788 W PackageManager: Not granting permission android.permission.SEND_DOWNLOAD_COMPLETED_INTENTS to package com.android.vending (protectionLevel=2 flags=0x384abe45)
03-07 10:52:48.166  1367  1788 W PackageManager: Unknown permission android.permission.SEND_SMS_NO_CONFIRMATION in package com.android.vending
03-07 10:52:48.168  1367  1788 W PackageManager: Unknown permission com.android.permission.WHITELIST_BLUETOOTH_DEVICE in package com.android.nfc
03-07 10:52:48.168  1367  1788 W PackageManager: Not granting permission com.google.android.googleapps.permission.GOOGLE_AUTH.mail to package com.android.calendar (protectionLevel=2 flags=0x3049be45)
03-07 10:52:48.169  1367  1788 W PackageManager: Unknown permission android.permission.READ_OWNER_DATA in package com.google.android.setupwizard
03-07 10:52:48.169  1367  1788 W PackageManager: Unknown permission android.permission.WRITE_OWNER_DATA in package com.google.android.setupwizard
03-07 10:52:48.169  1367  1788 W PackageManager: Unknown permission com.google.android.apps.now.OPT_IN_WIZARD in package com.google.android.setupwizard
03-07 10:52:48.170  1367  1788 W PackageManager: Not granting permission android.permission.CAMERA to package com.dropbox.android because it was previously installed without
03-07 10:52:48.170  1367  1788 W PackageManager: Not granting permission android.permission.READ_EXTERNAL_STORAGE to package com.dropbox.android because it was previously installed without
03-07 10:52:48.170  1367  1788 W PackageManager: Not granting permission android.permission.WRITE_EXTERNAL_STORAGE to package com.dropbox.android because it was previously installed without
03-07 10:52:48.170  1367  1788 W PackageManager: Not granting permission android.permission.GET_ACCOUNTS to package com.dropbox.android because it was previously installed without
03-07 10:52:48.170  1367  1788 W PackageManager: Not granting permission android.permission.READ_CONTACTS to package com.dropbox.android because it was previously installed without
03-07 10:52:48.170  1367  1788 W PackageManager: Not granting permission android.permission.WRITE_EXTERNAL_STORAGE to package com.google.android.apps.maps because it was previously installed without
03-07 10:52:48.170  1367  1788 W PackageManager: Not granting permission android.permission.ACCESS_COARSE_LOCATION to package com.google.android.apps.maps because it was previously installed without
03-07 10:52:48.170  1367  1788 W PackageManager: Not granting permission android.permission.ACCESS_FINE_LOCATION to package com.google.android.apps.maps because it was previously installed without
03-07 10:52:48.170  1367  1788 W PackageManager: Not granting permission android.permission.GET_ACCOUNTS to package com.google.android.apps.maps because it was previously installed without
03-07 10:52:48.170  1367  1788 W PackageManager: Not granting permission com.google.android.gms.permission.CAR_SPEED to package com.google.android.apps.maps because it was previously installed without
03-07 10:52:48.170  1367  1788 W PackageManager: Not granting permission android.permission.READ_CONTACTS to package com.google.android.apps.maps because it was previously installed without
03-07 10:52:48.171  1367  1788 W PackageManager: Not granting permission android.permission.CALL_PHONE to package com.google.android.apps.maps because it was previously installed without
03-07 10:52:48.171  1367  1788 W PackageManager: Not granting permission android.permission.READ_EXTERNAL_STORAGE to package com.google.android.apps.maps because it was previously installed without
03-07 10:52:48.171  1367  1788 W PackageManager: Not granting permission android.permission.INTERACT_ACROSS_USERS to package com.google.android.syncadapters.contacts (protectionLevel=50 flags=0x38883e45)
03-07 10:52:48.172  1367  1788 W PackageManager: Not granting permission android.permission.ACCESS_COARSE_LOCATION to package com.android.chrome because it was previously installed without
03-07 10:52:48.172  1367  1788 W PackageManager: Not granting permission android.permission.ACCESS_FINE_LOCATION to package com.android.chrome because it was previously installed without
03-07 10:52:48.172  1367  1788 W PackageManager: Not granting permission android.permission.CAMERA to package com.android.chrome because it was previously installed without
03-07 10:52:48.172  1367  1788 W PackageManager: Not granting permission android.permission.GET_ACCOUNTS to package com.android.chrome because it was previously installed without
03-07 10:52:48.172  1367  1788 W PackageManager: Not granting permission android.permission.RECORD_AUDIO to package com.android.chrome because it was previously installed without
03-07 10:52:48.172  1367  1788 W PackageManager: Not granting permission android.permission.WRITE_EXTERNAL_STORAGE to package com.android.chrome because it was previously installed without
03-07 10:52:48.172  1367  1788 W PackageManager: Unknown permission com.chrome.permission.DEVICE_EXTRAS in package com.android.chrome
03-07 10:52:48.172  1367  1788 W PackageManager: Unknown permission com.sec.enterprise.knox.MDM_CONTENT_PROVIDER in package com.android.chrome
03-07 10:52:48.172  1367  1788 W PackageManager: Not granting permission android.permission.READ_EXTERNAL_STORAGE to package com.android.chrome because it was previously installed without
03-07 10:52:48.172  1367  1788 W PackageManager: Not granting permission android.permission.ACCESS_COARSE_LOCATION to package com.wetter.androidclient because it was previously installed without
03-07 10:52:48.173  1367  1788 W PackageManager: Not granting permission android.permission.ACCESS_FINE_LOCATION to package com.wetter.androidclient because it was previously installed without
03-07 10:52:48.174  1367  1788 W PackageManager: Unknown permission com.android.launcher.permission.READ_SETTINGS in package com.cyanogenmod.trebuchet
03-07 10:52:48.174  1367  1788 W PackageManager: Unknown permission com.android.launcher.permission.WRITE_SETTINGS in package com.cyanogenmod.trebuchet
03-07 10:52:48.174  1367  1788 W PackageManager: Unknown permission com.cyngn.stats.SEND_ANALYTICS in package com.cyanogenmod.trebuchet
03-07 10:52:48.175  1367  1788 W PackageManager: Unknown permission com.google.android.apps.enterprise.dmagent.permission.AutoSyncPermission in package com.google.android.gms
03-07 10:52:48.176  1367  1788 W PackageManager: Unknown permission com.google.android.googlequicksearchbox.permission.PAUSE_HOTWORD in package com.google.android.gms
03-07 10:52:48.176  1367  1788 W PackageManager: Unknown permission com.google.android.wearable.READ_SETTINGS in package com.google.android.gms
03-07 10:52:48.176  1367  1788 W PackageManager: Unknown permission com.google.android.launcher.permission.RECEIVE_LAUNCH_BROADCASTS in package com.google.android.gms
03-07 10:52:48.177  1367  1788 W PackageManager: Unknown permission com.google.android.gm.permission.READ_GMAIL in package com.google.android.gms
03-07 10:52:48.178  1367  1788 W PackageManager: Unknown permission com.android.launcher.permission.PRELOAD_WORKSPACE in package com.google.android.partnersetup
03-07 10:52:48.178  1367  1788 W PackageManager: Unknown permission android.permission.CANCEL_NOTIFICATIONS in package org.cyanogenmod.theme.chooser
03-07 10:52:48.179  1367  1788 W PackageManager: Not granting permission android.permission.DELETE_PACKAGES to package com.svox.pico (protectionLevel=18 flags=0x3808be45)
03-07 10:52:48.179  1367  1788 W PackageManager: Unknown permission android.permission.ACCESS_SUPERUSER in package com.cyanogenmod.filemanager
03-07 10:52:48.179  1367  1788 W PackageManager: Unknown permission com.cyanogenmod.filemanager.permissions.READ_THEME in package com.cyanogenmod.filemanager
03-07 10:52:48.179  1367  1788 W PackageManager: Not granting permission android.permission.ACCESS_COARSE_LOCATION to package com.google.android.calendar because it was previously installed without
03-07 10:52:48.179  1367  1788 W PackageManager: Not granting permission android.permission.READ_CONTACTS to package com.google.android.calendar because it was previously installed without
03-07 10:52:48.179  1367  1788 W PackageManager: Not granting permission android.permission.READ_CALENDAR to package com.google.android.calendar because it was previously installed without
03-07 10:52:48.179  1367  1788 W PackageManager: Not granting permission android.permission.WRITE_CALENDAR to package com.google.android.calendar because it was previously installed without
03-07 10:52:48.179  1367  1788 W PackageManager: Unknown permission com.google.android.gm.permission.READ_GMAIL in package com.google.android.calendar
03-07 10:52:48.180  1367  1788 W PackageManager: Unknown permission com.google.android.gm.exchange.BIND in package com.google.android.calendar
03-07 10:52:48.180  1367  1788 W PackageManager: Not granting permission android.permission.CALL_PHONE to package com.google.android.calendar because it was previously installed without
03-07 10:52:48.180  1367  1788 W PackageManager: Unknown permission android.permission.ACCESS_SUPERUSER in package com.jrummy.root.browserfree
03-07 10:52:48.180  1367  1788 W PackageManager: Unknown permission com.google.android.gallery3d.permission.PICASA_STORE in package com.android.dreams.phototable
03-07 10:52:48.180  1367  1788 W PackageManager: Not granting permission android.permission.CONTROL_KEYGUARD to package com.google.android.gsf.login (protectionLevel=2 flags=0x3048be45)
03-07 10:52:48.181  1367  1788 W PackageManager: Unknown permission com.android.vending.billing.IBillingAccountService.BIND2 in package com.google.android.gsf.login
03-07 10:52:48.182  1367  1788 W PackageManager: Unknown permission com.android.launcher.permission.READ_SETTINGS in package com.android.settings
03-07 10:52:48.182  1367  1788 W PackageManager: Unknown permission com.android.launcher.permission.WRITE_SETTINGS in package com.android.settings
03-07 10:52:48.183  1367  1788 W PackageManager: Not granting permission android.permission.REAL_GET_TASKS to package com.cyanogenmod.eleven (protectionLevel=18 flags=0x3818be65)
03-07 10:52:48.184  1367  1788 W PackageManager: Not granting permission android.permission.WRITE_EXTERNAL_STORAGE to package com.google.android.talk because it was previously installed without
03-07 10:52:48.184  1367  1788 W PackageManager: Not granting permission android.permission.READ_CONTACTS to package com.google.android.talk because it was previously installed without
03-07 10:52:48.184  1367  1788 W PackageManager: Not granting permission android.permission.READ_PHONE_STATE to package com.google.android.talk because it was previously installed without
03-07 10:52:48.184  1367  1788 W PackageManager: Not granting permission android.permission.ACCESS_COARSE_LOCATION to package com.google.android.talk because it was previously installed without
03-07 10:52:48.184  1367  1788 W PackageManager: Not granting permission android.permission.ACCESS_FINE_LOCATION to package com.google.android.talk because it was previously installed without
03-07 10:52:48.184  1367  1788 W PackageManager: Not granting permission android.permission.CAMERA to package com.google.android.talk because it was previously installed without
03-07 10:52:48.184  1367  1788 W PackageManager: Not granting permission android.permission.RECORD_AUDIO to package com.google.android.talk because it was previously installed without
03-07 10:52:48.184  1367  1788 W PackageManager: Not granting permission android.permission.READ_EXTERNAL_STORAGE to package com.google.android.talk because it was previously installed without
03-07 10:52:48.184  1367  1788 W PackageManager: Not granting permission android.permission.READ_SMS to package com.google.android.talk because it was previously installed without
03-07 10:52:48.184  1367  1788 W PackageManager: Not granting permission android.permission.RECEIVE_SMS to package com.google.android.talk because it was previously installed without
03-07 10:52:48.184  1367  1788 W PackageManager: Not granting permission android.permission.SEND_SMS to package com.google.android.talk because it was previously installed without
03-07 10:52:48.184  1367  1788 W PackageManager: Not granting permission android.permission.RECEIVE_MMS to package com.google.android.talk because it was previously installed without
03-07 10:52:48.184  1367  1788 W PackageManager: Not granting permission android.permission.CALL_PHONE to package com.google.android.talk because it was previously installed without
03-07 10:52:48.184  1367  1788 W PackageManager: Not granting permission android.permission.WRITE_CONTACTS to package com.google.android.talk because it was previously installed without
03-07 10:52:48.184  1367  1788 W PackageManager: Not granting permission android.permission.REGISTER_CONNECTION_MANAGER to package com.google.android.talk (protectionLevel=18 flags=0x3849be44)
03-07 10:52:48.210  1367  1788 W PackageManager: Unknown permission android.permission.ACCESS_BLUETOOTH_AVRCP_CT_DATA in package com.android.systemui
03-07 10:52:48.211  1367  1788 W PackageManager: Unknown permission android.permission.HARDWARE_ABSTRACTION_ACCESS in package com.android.systemui
03-07 10:52:48.211  1367  1788 W PackageManager: Not granting permission android.permission.GET_ACCOUNTS to package com.google.android.play.games because it was previously installed without
03-07 10:52:48.223  1367  1393 E ActivityManager: Activity Manager Crash
03-07 10:52:48.223  1367  1393 E ActivityManager: java.lang.IllegalStateException: Bad magic number for Bundle: 0x1
03-07 10:52:48.223  1367  1393 E ActivityManager: 	at android.os.BaseBundle.readFromParcelInner(BaseBundle.java:1363)
03-07 10:52:48.223  1367  1393 E ActivityManager: 	at android.os.BaseBundle.<init>(BaseBundle.java:90)
03-07 10:52:48.223  1367  1393 E ActivityManager: 	at android.os.Bundle.<init>(Bundle.java:68)
03-07 10:52:48.223  1367  1393 E ActivityManager: 	at android.os.Parcel.readBundle(Parcel.java:1778)
03-07 10:52:48.223  1367  1393 E ActivityManager: 	at android.os.Parcel.readBundle(Parcel.java:1762)
03-07 10:52:48.223  1367  1393 E ActivityManager: 	at android.content.Intent.readFromParcel(Intent.java:7983)
03-07 10:52:48.223  1367  1393 E ActivityManager: 	at android.content.Intent.<init>(Intent.java:7949)
03-07 10:52:48.223  1367  1393 E ActivityManager: 	at android.content.Intent$1.createFromParcel(Intent.java:7940)
03-07 10:52:48.223  1367  1393 E ActivityManager: 	at android.content.Intent$1.createFromParcel(Intent.java:7939)
03-07 10:52:48.223  1367  1393 E ActivityManager: 	at android.app.ActivityManagerNative.onTransact(ActivityManagerNative.java:453)
03-07 10:52:48.223  1367  1393 E ActivityManager: 	at com.android.server.am.ActivityManagerService.onTransact(ActivityManagerService.java:2664)
03-07 10:52:48.223  1367  1393 E ActivityManager: 	at android.os.Binder.execTransact(Binder.java:453)
03-07 10:52:48.349  1367  1788 W MountService: No primary storage mounted!
03-07 10:52:48.349  1367  1788 D VoldConnector: SND -> {2 asec list}
03-07 10:52:48.349  1367  1367 I SystemServiceManager: Starting com.android.server.devicepolicy.DevicePolicyManagerService$Lifecycle
03-07 10:52:48.350  1367  1789 D VoldConnector: RCV <- {200 2 asec operation succeeded}
03-07 10:52:48.355  1367  1367 I SystemServer: Status Bar
03-07 10:52:48.359  1367  1367 I SystemServer: Clipboard Service
03-07 10:52:48.361  1367  1367 I SystemServer: NetworkManagement Service
03-07 10:52:48.370  1367  1367 I SystemServer: Text Service Manager Service
03-07 10:52:48.374  1367  1367 I SystemServer: Network Score Service
03-07 10:52:48.383  1367  1393 E ActivityManager: Activity Manager Crash
03-07 10:52:48.383  1367  1393 E ActivityManager: java.lang.IllegalStateException: Bad magic number for Bundle: 0x1
03-07 10:52:48.383  1367  1393 E ActivityManager: 	at android.os.BaseBundle.readFromParcelInner(BaseBundle.java:1363)
03-07 10:52:48.383  1367  1393 E ActivityManager: 	at android.os.BaseBundle.<init>(BaseBundle.java:90)
03-07 10:52:48.383  1367  1393 E ActivityManager: 	at android.os.Bundle.<init>(Bundle.java:68)
03-07 10:52:48.383  1367  1393 E ActivityManager: 	at android.os.Parcel.readBundle(Parcel.java:1778)
03-07 10:52:48.383  1367  1393 E ActivityManager: 	at android.os.Parcel.readBundle(Parcel.java:1762)
03-07 10:52:48.383  1367  1393 E ActivityManager: 	at android.content.Intent.readFromParcel(Intent.java:7983)
03-07 10:52:48.383  1367  1393 E ActivityManager: 	at android.content.Intent.<init>(Intent.java:7949)
03-07 10:52:48.383  1367  1393 E ActivityManager: 	at android.content.Intent$1.createFromParcel(Intent.java:7940)
03-07 10:52:48.383  1367  1393 E ActivityManager: 	at android.content.Intent$1.createFromParcel(Intent.java:7939)
03-07 10:52:48.383  1367  1393 E ActivityManager: 	at android.app.ActivityManagerNative.onTransact(ActivityManagerNative.java:453)
03-07 10:52:48.383  1367  1393 E ActivityManager: 	at com.android.server.am.ActivityManagerService.onTransact(ActivityManagerService.java:2664)
03-07 10:52:48.383  1367  1393 E ActivityManager: 	at android.os.Binder.execTransact(Binder.java:453)
03-07 10:52:48.384  1367  1395 E ActivityManager: Activity Manager Crash
03-07 10:52:48.384  1367  1395 E ActivityManager: java.lang.IllegalStateException: Bad magic number for Bundle: 0x1
03-07 10:52:48.384  1367  1395 E ActivityManager: 	at android.os.BaseBundle.readFromParcelInner(BaseBundle.java:1363)
03-07 10:52:48.384  1367  1395 E ActivityManager: 	at android.os.BaseBundle.<init>(BaseBundle.java:90)
03-07 10:52:48.384  1367  1395 E ActivityManager: 	at android.os.Bundle.<init>(Bundle.java:68)
03-07 10:52:48.384  1367  1395 E ActivityManager: 	at android.os.Parcel.readBundle(Parcel.java:1778)
03-07 10:52:48.384  1367  1395 E ActivityManager: 	at android.os.Parcel.readBundle(Parcel.java:1762)
03-07 10:52:48.384  1367  1395 E ActivityManager: 	at android.content.Intent.readFromParcel(Intent.java:7983)
03-07 10:52:48.384  1367  1395 E ActivityManager: 	at android.content.Intent.<init>(Intent.java:7949)
03-07 10:52:48.384  1367  1395 E ActivityManager: 	at android.content.Intent$1.createFromParcel(Intent.java:7940)
03-07 10:52:48.384  1367  1395 E ActivityManager: 	at android.content.Intent$1.createFromParcel(Intent.java:7939)
