03-07 10:52:48.384  1367  1395 E ActivityManager: 	at android.app.ActivityManagerNative.onTransact(ActivityManagerNative.java:453)
03-07 10:52:48.384  1367  1395 E ActivityManager: 	at com.android.server.am.ActivityManagerService.onTransact(ActivityManagerService.java:2664)
03-07 10:52:48.384  1367  1395 E ActivityManager: 	at android.os.Binder.execTransact(Binder.java:453)
03-07 10:52:48.386  1367  1367 I SystemServer: NetworkStats Service
03-07 10:52:48.388  1367  1393 E ActivityManager: Activity Manager Crash
03-07 10:52:48.388  1367  1393 E ActivityManager: java.lang.IllegalStateException: Bad magic number for Bundle: 0x1
03-07 10:52:48.388  1367  1393 E ActivityManager: 	at android.os.BaseBundle.readFromParcelInner(BaseBundle.java:1363)
03-07 10:52:48.388  1367  1393 E ActivityManager: 	at android.os.BaseBundle.<init>(BaseBundle.java:90)
03-07 10:52:48.388  1367  1393 E ActivityManager: 	at android.os.Bundle.<init>(Bundle.java:68)
03-07 10:52:48.388  1367  1393 E ActivityManager: 	at android.os.Parcel.readBundle(Parcel.java:1778)
03-07 10:52:48.388  1367  1393 E ActivityManager: 	at android.os.Parcel.readBundle(Parcel.java:1762)
03-07 10:52:48.388  1367  1393 E ActivityManager: 	at android.content.Intent.readFromParcel(Intent.java:7983)
03-07 10:52:48.388  1367  1393 E ActivityManager: 	at android.content.Intent.<init>(Intent.java:7949)
03-07 10:52:48.388  1367  1393 E ActivityManager: 	at android.content.Intent$1.createFromParcel(Intent.java:7940)
03-07 10:52:48.388  1367  1393 E ActivityManager: 	at android.content.Intent$1.createFromParcel(Intent.java:7939)
03-07 10:52:48.388  1367  1393 E ActivityManager: 	at android.app.ActivityManagerNative.onTransact(ActivityManagerNative.java:453)
03-07 10:52:48.388  1367  1393 E ActivityManager: 	at com.android.server.am.ActivityManagerService.onTransact(ActivityManagerService.java:2664)
03-07 10:52:48.388  1367  1393 E ActivityManager: 	at android.os.Binder.execTransact(Binder.java:453)
03-07 10:52:48.390  1367  1393 E ActivityManager: Activity Manager Crash
03-07 10:52:48.390  1367  1393 E ActivityManager: java.lang.IllegalStateException: Bad magic number for Bundle: 0x1
03-07 10:52:48.390  1367  1393 E ActivityManager: 	at android.os.BaseBundle.readFromParcelInner(BaseBundle.java:1363)
03-07 10:52:48.390  1367  1393 E ActivityManager: 	at android.os.BaseBundle.<init>(BaseBundle.java:90)
03-07 10:52:48.390  1367  1393 E ActivityManager: 	at android.os.Bundle.<init>(Bundle.java:68)
03-07 10:52:48.390  1367  1393 E ActivityManager: 	at android.os.Parcel.readBundle(Parcel.java:1778)
03-07 10:52:48.390  1367  1393 E ActivityManager: 	at android.os.Parcel.readBundle(Parcel.java:1762)
03-07 10:52:48.390  1367  1393 E ActivityManager: 	at android.content.Intent.readFromParcel(Intent.java:7983)
03-07 10:52:48.390  1367  1393 E ActivityManager: 	at android.content.Intent.<init>(Intent.java:7949)
03-07 10:52:48.390  1367  1393 E ActivityManager: 	at android.content.Intent$1.createFromParcel(Intent.java:7940)
03-07 10:52:48.390  1367  1393 E ActivityManager: 	at android.content.Intent$1.createFromParcel(Intent.java:7939)
03-07 10:52:48.390  1367  1393 E ActivityManager: 	at android.app.ActivityManagerNative.onTransact(ActivityManagerNative.java:453)
03-07 10:52:48.390  1367  1393 E ActivityManager: 	at com.android.server.am.ActivityManagerService.onTransact(ActivityManagerService.java:2664)
03-07 10:52:48.390  1367  1393 E ActivityManager: 	at android.os.Binder.execTransact(Binder.java:453)
03-07 10:52:48.395  1367  1395 E ActivityManager: Activity Manager Crash
03-07 10:52:48.395  1367  1395 E ActivityManager: java.lang.IllegalStateException: Bad magic number for Bundle: 0x1
03-07 10:52:48.395  1367  1395 E ActivityManager: 	at android.os.BaseBundle.readFromParcelInner(BaseBundle.java:1363)
03-07 10:52:48.395  1367  1395 E ActivityManager: 	at android.os.BaseBundle.<init>(BaseBundle.java:90)
03-07 10:52:48.395  1367  1395 E ActivityManager: 	at android.os.Bundle.<init>(Bundle.java:68)
03-07 10:52:48.395  1367  1395 E ActivityManager: 	at android.os.Parcel.readBundle(Parcel.java:1778)
03-07 10:52:48.395  1367  1395 E ActivityManager: 	at android.os.Parcel.readBundle(Parcel.java:1762)
03-07 10:52:48.395  1367  1395 E ActivityManager: 	at android.content.Intent.readFromParcel(Intent.java:7983)
03-07 10:52:48.395  1367  1395 E ActivityManager: 	at android.content.Intent.<init>(Intent.java:7949)
03-07 10:52:48.395  1367  1395 E ActivityManager: 	at android.content.Intent$1.createFromParcel(Intent.java:7940)
03-07 10:52:48.395  1367  1395 E ActivityManager: 	at android.content.Intent$1.createFromParcel(Intent.java:7939)
03-07 10:52:48.395  1367  1395 E ActivityManager: 	at android.app.ActivityManagerNative.onTransact(ActivityManagerNative.java:453)
03-07 10:52:48.395  1367  1395 E ActivityManager: 	at com.android.server.am.ActivityManagerService.onTransact(ActivityManagerService.java:2664)
03-07 10:52:48.395  1367  1395 E ActivityManager: 	at android.os.Binder.execTransact(Binder.java:453)
03-07 10:52:48.397  1367  1393 E ActivityManager: Activity Manager Crash
03-07 10:52:48.397  1367  1393 E ActivityManager: java.lang.IllegalStateException: Bad magic number for Bundle: 0x1
03-07 10:52:48.397  1367  1393 E ActivityManager: 	at android.os.BaseBundle.readFromParcelInner(BaseBundle.java:1363)
03-07 10:52:48.397  1367  1393 E ActivityManager: 	at android.os.BaseBundle.<init>(BaseBundle.java:90)
03-07 10:52:48.397  1367  1393 E ActivityManager: 	at android.os.Bundle.<init>(Bundle.java:68)
03-07 10:52:48.397  1367  1393 E ActivityManager: 	at android.os.Parcel.readBundle(Parcel.java:1778)
03-07 10:52:48.397  1367  1393 E ActivityManager: 	at android.os.Parcel.readBundle(Parcel.java:1762)
03-07 10:52:48.397  1367  1393 E ActivityManager: 	at android.content.Intent.readFromParcel(Intent.java:7983)
03-07 10:52:48.397  1367  1393 E ActivityManager: 	at android.content.Intent.<init>(Intent.java:7949)
03-07 10:52:48.397  1367  1393 E ActivityManager: 	at android.content.Intent$1.createFromParcel(Intent.java:7940)
03-07 10:52:48.397  1367  1393 E ActivityManager: 	at android.content.Intent$1.createFromParcel(Intent.java:7939)
03-07 10:52:48.397  1367  1393 E ActivityManager: 	at android.app.ActivityManagerNative.onTransact(ActivityManagerNative.java:453)
03-07 10:52:48.397  1367  1393 E ActivityManager: 	at com.android.server.am.ActivityManagerService.onTransact(ActivityManagerService.java:2664)
03-07 10:52:48.397  1367  1393 E ActivityManager: 	at android.os.Binder.execTransact(Binder.java:453)
03-07 10:52:48.406  1367  1367 I SystemServer: NetworkPolicy Service
03-07 10:52:48.425  1367  1395 E ActivityManager: Activity Manager Crash
03-07 10:52:48.425  1367  1395 E ActivityManager: java.lang.IllegalStateException: Bad magic number for Bundle: 0x1
03-07 10:52:48.425  1367  1395 E ActivityManager: 	at android.os.BaseBundle.readFromParcelInner(BaseBundle.java:1363)
03-07 10:52:48.425  1367  1395 E ActivityManager: 	at android.os.BaseBundle.<init>(BaseBundle.java:90)
03-07 10:52:48.425  1367  1395 E ActivityManager: 	at android.os.Bundle.<init>(Bundle.java:68)
03-07 10:52:48.425  1367  1395 E ActivityManager: 	at android.os.Parcel.readBundle(Parcel.java:1778)
03-07 10:52:48.425  1367  1395 E ActivityManager: 	at android.os.Parcel.readBundle(Parcel.java:1762)
03-07 10:52:48.425  1367  1395 E ActivityManager: 	at android.content.Intent.readFromParcel(Intent.java:7983)
03-07 10:52:48.425  1367  1395 E ActivityManager: 	at android.content.Intent.<init>(Intent.java:7949)
03-07 10:52:48.425  1367  1395 E ActivityManager: 	at android.content.Intent$1.createFromParcel(Intent.java:7940)
03-07 10:52:48.425  1367  1395 E ActivityManager: 	at android.content.Intent$1.createFromParcel(Intent.java:7939)
03-07 10:52:48.425  1367  1395 E ActivityManager: 	at android.app.ActivityManagerNative.onTransact(ActivityManagerNative.java:453)
03-07 10:52:48.425  1367  1395 E ActivityManager: 	at com.android.server.am.ActivityManagerService.onTransact(ActivityManagerService.java:2664)
03-07 10:52:48.425  1367  1395 E ActivityManager: 	at android.os.Binder.execTransact(Binder.java:453)
03-07 10:52:48.476  1367  1786 I ActivityManager: Config changes=8 {1.0 ?mcc?mnc de_DE ldltr sw360dp w360dp h568dp 320dpi nrml port finger -keyb/v/h -nav/h s.5 themeResource=null}
03-07 10:52:48.502  1367  1367 I SystemServiceManager: Starting com.android.server.wifi.p2p.WifiP2pService
03-07 10:52:48.610  1367  1367 I SystemServiceManager: Starting com.android.server.wifi.WifiService
03-07 10:52:48.912  1367  1443 I UsageStatsService: User[0] Rollover scheduled @ 2016-03-08 01:00:00(1457395200000)
03-07 10:52:48.989  1367  1367 I SystemServiceManager: Starting com.android.server.wifi.WifiScanningService
03-07 10:52:48.991  1367  1367 I SystemServiceManager: Starting com.android.server.wifi.RttService
03-07 10:52:48.992  1367  1367 I SystemServiceManager: Starting com.android.server.ethernet.EthernetService
03-07 10:52:48.998  1367  1367 I SystemServer: Connectivity Service
03-07 10:52:49.003  1367  1367 D ConnectivityService: ConnectivityService starting up
03-07 10:52:49.009  1367  1367 D ConnectivityService: wifiOnly=false
03-07 10:52:49.009  1367  1367 E ConnectivityService: Ignoring protectedNetwork 14
03-07 10:52:49.009  1367  1367 E ConnectivityService: Ignoring protectedNetwork 15
03-07 10:52:49.013  1826  1826 F libc    : page record for 0xb6ef700c was not found (block_size=64)
03-07 10:52:49.020  1367  1367 I SystemServer: Network Service Discovery Service
03-07 10:52:49.023  1367  1367 D NsdService: Network service discovery enabled true
03-07 10:52:49.028  1825  1825 F libc    : page record for 0xb6f0b00c was not found (block_size=64)
03-07 10:52:49.029  1367  1367 I SystemServer: UpdateLock Service
03-07 10:52:49.031  1367  1367 I SystemServiceManager: Starting com.android.server.notification.NotificationManagerService
03-07 10:52:49.032  1824  1824 F libc    : page record for 0xb6efb00c was not found (block_size=64)
03-07 10:52:49.052  1367  1367 I ZenModeConfig: Migrating existing shared 'from': stars
03-07 10:52:49.064  1367  1367 D ZenLog  : config: readXml,ZenModeConfig[user=0,allowCalls=true,allowRepeatCallers=false,allowMessages=true,allowCallsFrom=stars,allowMessagesFrom=stars,allowReminders=true,allowEvents=true,automaticRules={7f717b14837a456ea3229a2a456034bc=ZenRule[enabled=false,snoozing=false,name=Abends unter der Woche,zenMode=ZEN_MODE_ALARMS,conditionId=condition://android/schedule?days=1.2.3.4.5&start=22.0&end=7.0,condition=Condition[id=condition://android/schedule?days=1.2.3.4.5&start=22.0&end=7.0,summary=...,line1=...,line2=...,icon=0,state=STATE_FALSE,flags=2],component=ComponentInfo{android/com.android.server.notification.ScheduleConditionProvider}], 0cdd9e3094134ea0b0a71371977a8348=ZenRule[enabled=false,snoozing=false,name=Termin,zenMode=ZEN_MODE_ALARMS,conditionId=condition://android/event?userId=-10000&calendar=&reply=1,condition=Condition[id=condition://android/event?userId=-10000&calendar=&reply=1,summary=...,line1=...,line2=...,icon=0,state=STATE_FALSE,flags=2],component=ComponentInfo{android/com.android.server.notification.EventConditionProvider}], 294e86affff24854904acc4340b2e9db=ZenRule[enabled=false,snoozing=false,name=Wochenende,zenMode=ZEN_MODE_ALARMS,conditionId=condition://android/schedule?days=6.7&start=23.30&end=10.0,condition=Condition[id=condition://android/schedule?days=6.7&start=23.30&end=10.0,summary=...,line1=...,line2=...,icon=0,state=STATE_FALSE,flags=2],component=ComponentInfo{android/com.android.server.notification.ScheduleConditionProvider}]},manualRule=null],Diff[automaticRule[7f717b14837a456ea3229a2a456034bc]:insert,automaticRule[0cdd9e3094134ea0b0a71371977a8348]:insert,automaticRule[294e86affff24854904acc4340b2e9db]:insert,automaticRule[7a58b0bdb5c64162b17df223fbab4d0d]:delete,automaticRule[41cea3067b66421bbb8fe5b348de59ea]:delete,automaticRule[d215a222cc4b4734a0820e450e927277]:delete]
03-07 10:52:49.065  1367  1367 D ConditionProviders: Subscribing to condition://android/schedule?days=1.2.3.4.5&start=22.0&end=7.0 with ComponentInfo{android/com.android.server.notification.ScheduleConditionProvider}
03-07 10:52:49.065  1367  1367 D ZenLog  : subscribe: condition://android/schedule?days=1.2.3.4.5&start=22.0&end=7.0,ok
03-07 10:52:49.065  1367  1367 D ConditionProviders: Subscribing to condition://android/event?userId=-10000&calendar=&reply=1 with ComponentInfo{android/com.android.server.notification.EventConditionProvider}
03-07 10:52:49.065  1367  1367 D ZenLog  : subscribe: condition://android/event?userId=-10000&calendar=&reply=1,ok
03-07 10:52:49.065  1367  1367 D ConditionProviders: Subscribing to condition://android/schedule?days=6.7&start=23.30&end=10.0 with ComponentInfo{android/com.android.server.notification.ScheduleConditionProvider}
03-07 10:52:49.065  1367  1367 D ZenLog  : subscribe: condition://android/schedule?days=6.7&start=23.30&end=10.0,ok
03-07 10:52:49.082  1367  1367 I SystemServiceManager: Starting com.android.server.storage.DeviceStorageMonitorService
03-07 10:52:49.088  1367  1367 I SystemServer: Location Manager
03-07 10:52:49.094  1367  1367 I SystemServer: Country Detector
03-07 10:52:49.097  1367  1367 I SystemServer: Search Service
03-07 10:52:49.098  1367  1367 I SystemServer: DropBox Service
03-07 10:52:49.107  1367  1367 I SystemServer: Wallpaper Service
03-07 10:52:49.112  1367  1367 W WallpaperManagerService: no current wallpaper -- first boot?
03-07 10:52:49.112  1367  1367 I SystemServer: Audio Service
03-07 10:52:49.349  1367  1393 E ActivityManager: Activity Manager Crash
03-07 10:52:49.349  1367  1393 E ActivityManager: java.lang.IllegalStateException: Bad magic number for Bundle: 0x1
03-07 10:52:49.349  1367  1393 E ActivityManager: 	at android.os.BaseBundle.readFromParcelInner(BaseBundle.java:1363)
03-07 10:52:49.349  1367  1393 E ActivityManager: 	at android.os.BaseBundle.<init>(BaseBundle.java:90)
03-07 10:52:49.349  1367  1393 E ActivityManager: 	at android.os.Bundle.<init>(Bundle.java:68)
03-07 10:52:49.349  1367  1393 E ActivityManager: 	at android.os.Parcel.readBundle(Parcel.java:1778)
03-07 10:52:49.349  1367  1393 E ActivityManager: 	at android.os.Parcel.readBundle(Parcel.java:1762)
03-07 10:52:49.349  1367  1393 E ActivityManager: 	at android.content.Intent.readFromParcel(Intent.java:7983)
03-07 10:52:49.349  1367  1393 E ActivityManager: 	at android.content.Intent.<init>(Intent.java:7949)
03-07 10:52:49.349  1367  1393 E ActivityManager: 	at android.content.Intent$1.createFromParcel(Intent.java:7940)
03-07 10:52:49.349  1367  1393 E ActivityManager: 	at android.content.Intent$1.createFromParcel(Intent.java:7939)
03-07 10:52:49.349  1367  1393 E ActivityManager: 	at android.app.ActivityManagerNative.onTransact(ActivityManagerNative.java:453)
03-07 10:52:49.349  1367  1393 E ActivityManager: 	at com.android.server.am.ActivityManagerService.onTransact(ActivityManagerService.java:2664)
03-07 10:52:49.349  1367  1393 E ActivityManager: 	at android.os.Binder.execTransact(Binder.java:453)
03-07 10:52:49.358  1367  1449 I DropBoxManagerService: Cleaning temp file: /data/system/dropbox/drop16.tmp
03-07 10:52:50.194  1367  1367 I SystemServiceManager: Starting com.android.server.DockObserver
03-07 10:52:50.195  1367  1367 I SystemServer: Wired Accessory Manager
03-07 10:52:50.197  1367  1367 I SystemServiceManager: Starting com.android.server.usb.UsbService$Lifecycle
03-07 10:52:50.264  1367  1367 I SystemServer: Serial Service
03-07 10:52:50.265  1367  1367 I SystemServiceManager: Starting com.android.server.twilight.TwilightService
03-07 10:52:50.269  1367  1367 I SystemServiceManager: Starting com.android.server.job.JobSchedulerService
03-07 10:52:50.275  1367  1367 I SystemServiceManager: Starting com.android.server.backup.BackupManagerService$Lifecycle
03-07 10:52:50.277  1367  1367 I SystemServiceManager: Starting com.android.server.appwidget.AppWidgetService
03-07 10:52:50.279  1367  1367 I SystemServiceManager: Starting com.android.server.voiceinteraction.VoiceInteractionManagerService
03-07 10:52:50.281  1367  1367 W SoundTriggerHelper: listModules status=0, # of modules=0
03-07 10:52:50.284  1367  1367 I SystemServer: Gesture Launcher Service
03-07 10:52:50.284  1367  1367 I SystemServiceManager: Starting com.android.server.GestureLauncherService
03-07 10:52:50.284  1367  1367 I SystemServer: DiskStats Service
03-07 10:52:50.285  1367  1367 I SystemServer: SamplingProfiler Service
03-07 10:52:50.295  1367  1367 I SystemServer: NetworkTimeUpdateService
03-07 10:52:50.296  1367  1367 I SystemServer: CommonTimeManagementService
03-07 10:52:50.297  1367  1367 I SystemServer: CertBlacklister
03-07 10:52:50.298  1367  1367 I SystemServiceManager: Starting com.android.server.dreams.DreamManagerService
03-07 10:52:50.301  1367  1367 I SystemServer: Assets Atlas Service
03-07 10:52:50.308  1367  1367 I SystemServiceManager: Starting com.android.server.print.PrintManagerService
03-07 10:52:50.312  1367  1367 I SystemServiceManager: Starting com.android.server.restrictions.RestrictionsManagerService
03-07 10:52:50.313  1367  1367 I SystemServiceManager: Starting com.android.server.media.MediaSessionService
03-07 10:52:50.326  1367  1367 I SystemServer: Theme Service
03-07 10:52:50.358  1367  1367 I SystemServer: Media Router Service
03-07 10:52:50.359  1367  1367 I SystemServiceManager: Starting com.android.server.trust.TrustManagerService
03-07 10:52:50.362  1367  1367 I SystemServiceManager: Starting com.android.server.fingerprint.FingerprintService
03-07 10:52:50.369  1367  1367 W FingerprintService: fingerprint service not available
03-07 10:52:50.369  1367  1367 V FingerprintService: Fingerprint HAL id: 0
03-07 10:52:50.369  1367  1367 I SystemServer: BackgroundDexOptService
03-07 10:52:50.381  1367  1367 I SystemServiceManager: Starting com.android.server.pm.LauncherAppsService
03-07 10:52:50.382  1367  1367 I SystemServer: EdgeGesture service
03-07 10:52:50.383  1367  1367 I SystemServiceManager: Starting com.android.server.media.projection.MediaProjectionManagerService
03-07 10:52:50.416  1367  1367 I SystemServiceManager: Starting com.android.server.MmsServiceBroker
03-07 10:52:50.418  1367  1367 I SystemServer: org.cyanogenmod.platform.internal.CMStatusBarManagerService
03-07 10:52:50.427  1367  1367 I SystemServiceManager: Starting org.cyanogenmod.platform.internal.CMStatusBarManagerService
03-07 10:52:50.434  1367  1367 I SystemServer: org.cyanogenmod.platform.internal.ProfileManagerService
03-07 10:52:50.441  1367  1367 I SystemServiceManager: Starting org.cyanogenmod.platform.internal.ProfileManagerService
03-07 10:52:50.456  1367  1822 D WifiService: New client listening to asynchronous messages
03-07 10:52:50.474  1367  1367 I SystemServer: org.cyanogenmod.platform.internal.PartnerInterfaceService
03-07 10:52:50.477  1367  1367 I SystemServiceManager: Starting org.cyanogenmod.platform.internal.PartnerInterfaceService
03-07 10:52:50.477  1367  1367 I SystemServer: org.cyanogenmod.platform.internal.CMTelephonyManagerService
03-07 10:52:50.480  1367  1367 I SystemServiceManager: Starting org.cyanogenmod.platform.internal.CMTelephonyManagerService
03-07 10:52:50.483  1367  1367 I SystemServer: org.cyanogenmod.platform.internal.CMHardwareService
03-07 10:52:50.485  1367  1367 I SystemServiceManager: Starting org.cyanogenmod.platform.internal.CMHardwareService
03-07 10:52:50.495  1367  1367 I SystemServer: org.cyanogenmod.platform.internal.AppSuggestManagerService
03-07 10:52:50.496  1367  1367 I SystemServiceManager: Starting org.cyanogenmod.platform.internal.AppSuggestManagerService
03-07 10:52:50.498  1367  1367 E AppSgstMgrService: no app suggest provider found
03-07 10:52:50.499  1367  1367 I SystemServer: org.cyanogenmod.platform.internal.PerformanceManagerService
03-07 10:52:50.504  1367  1367 I SystemServiceManager: Starting org.cyanogenmod.platform.internal.PerformanceManagerService
03-07 10:52:50.525  1367  1860 I ServiceThread: Enabled StrictMode logging for PerformanceManager looper.
03-07 10:52:50.544  1367  1367 E LockSettingsStorage: Cannot read file java.io.FileNotFoundException: /data/system/gatekeeper.password.key: open failed: ENOENT (No such file or directory)
03-07 10:52:50.545  1367  1367 E LockSettingsStorage: Cannot read file java.io.FileNotFoundException: /data/system/password.key: open failed: ENOENT (No such file or directory)
03-07 10:52:50.545  1367  1367 E LockSettingsStorage: Cannot read file java.io.FileNotFoundException: /data/system/gatekeeper.pattern.key: open failed: ENOENT (No such file or directory)
03-07 10:52:50.545  1367  1367 E LockSettingsStorage: Cannot read file java.io.FileNotFoundException: /data/system/gatekeeper.gesture.key: open failed: ENOENT (No such file or directory)
03-07 10:52:50.545  1367  1367 E LockSettingsStorage: Cannot read file java.io.FileNotFoundException: /data/system/gesture.key: open failed: ENOENT (No such file or directory)
03-07 10:52:50.545  1367  1367 I SystemServiceManager: Starting phase 480
03-07 10:52:50.565  1367  1367 I SystemServiceManager: Starting phase 500
03-07 10:52:50.572  1367  1367 I WifiService: WifiService starting up with Wi-Fi enabled
03-07 10:52:50.574  1367  1367 D WifiService: setWifiEnabled: true pid=1367, uid=1000
03-07 10:52:50.574  1367  1367 E WifiService: Invoking mWifiStateMachine.setWifiEnabled
03-07 10:52:50.590  1367  1823 D ConnectivityService: Got NetworkFactory Messenger for Ethernet
03-07 10:52:50.605  1367  1367 V BackupManagerService: No ancestral data
03-07 10:52:50.669  1367  1367 V KeyValueBackupJob: Scheduling k/v pass in 247 minutes
03-07 10:52:50.824  1367  1367 V BackupManagerService: Starting with transport com.google.android.gms/.backup.BackupTransportService
03-07 10:52:50.824  1367  1367 V BackupManagerService: Found transports: 2
03-07 10:52:50.829  1367  1367 I BackupManagerService: Found stale backup journal, scheduling
03-07 10:52:50.907  1367  1449 E KernelUidCpuTimeReader: Failed to read uid_cputime: /proc/uid_cputime/show_uid_stat: open failed: ENOENT (No such file or directory)
03-07 10:52:50.907  1367  1514 W KeyguardServiceDelegate: onScreenTurningOn(): no keyguard service!
03-07 10:52:50.939  1367  1367 I ActivityManager: System now ready
03-07 10:52:50.941  1367  1367 I SystemServer: Making services ready
03-07 10:52:50.941  1367  1367 I SystemServiceManager: Starting phase 550
03-07 10:52:50.944  1367  1788 D MountService: Thinking about reset, mSystemReady=true, mDaemonConnected=true
03-07 10:52:50.944  1367  1788 D VoldConnector: SND -> {3 volume reset}
03-07 10:52:50.944  1367  1449 I ActivityManager: Force stopping com.android.providers.media appid=10009 user=-1: vold reset
03-07 10:52:50.945  1367  1367 D UsbAlsaManager: Adding ALSA device AlsaDevice: [card: 0, device: 30, type: 1]
03-07 10:52:50.946  1367  1367 D UsbAlsaManager: Adding ALSA device AlsaDevice: [card: 0, device: 29, type: 2]
03-07 10:52:50.946  1367  1367 D UsbAlsaManager: Adding ALSA device AlsaDevice: [card: 0, device: 14, type: 1]
03-07 10:52:50.946  1367  1367 D UsbAlsaManager: Adding ALSA device AlsaDevice: [card: 0, device: 13, type: 1]
03-07 10:52:50.946  1367  1367 D UsbAlsaManager: Adding ALSA device AlsaDevice: [card: 0, device: 14, type: 2]
03-07 10:52:50.946  1367  1367 D UsbAlsaManager: Adding ALSA device AlsaDevice: [card: 0, device: 12, type: 1]
03-07 10:52:50.946  1367  1367 D UsbAlsaManager: Adding ALSA device AlsaDevice: [card: 0, device: 13, type: 2]
03-07 10:52:50.946  1367  1367 D UsbAlsaManager: Adding ALSA device AlsaDevice: [card: 0, device: 11, type: 1]
03-07 10:52:50.946  1367  1367 D UsbAlsaManager: Adding ALSA device AlsaDevice: [card: 0, device: 12, type: 2]
03-07 10:52:50.946  1367  1367 D UsbAlsaManager: Adding ALSA device AlsaDevice: [card: 0, device: 10, type: 1]
03-07 10:52:50.946  1367  1367 D UsbAlsaManager: Adding ALSA device AlsaDevice: [card: 0, device: 10, type: 2]
03-07 10:52:50.946  1367  1367 D UsbAlsaManager: Adding ALSA device AlsaDevice: [card: 0, device: 9, type: 1]
03-07 10:52:50.946  1367  1367 D UsbAlsaManager: Adding ALSA device AlsaDevice: [card: 0, device: 9, type: 2]
03-07 10:52:50.946  1367  1367 D UsbAlsaManager: Adding ALSA device AlsaDevice: [card: 0, device: 7, type: 1]
03-07 10:52:50.946  1367  1367 D UsbAlsaManager: Adding ALSA device AlsaDevice: [card: 0, device: 8, type: 2]
03-07 10:52:50.946  1367  1367 D UsbAlsaManager: Adding ALSA device AlsaDevice: [card: 0, device: 6, type: 1]
03-07 10:52:50.946  1367  1367 D UsbAlsaManager: Adding ALSA device AlsaDevice: [card: 0, device: 5, type: 1]
03-07 10:52:50.946  1367  1367 D UsbAlsaManager: Adding ALSA device AlsaDevice: [card: 0, device: 6, type: 2]
03-07 10:52:50.946  1367  1367 D UsbAlsaManager: Adding ALSA device AlsaDevice: [card: 0, device: 4, type: 1]
03-07 10:52:50.946  1367  1367 D UsbAlsaManager: Adding ALSA device AlsaDevice: [card: 0, device: 5, type: 2]
03-07 10:52:50.946  1367  1367 D UsbAlsaManager: Adding ALSA device AlsaDevice: [card: 0, device: 3, type: 1]
03-07 10:52:50.947  1367  1367 D UsbAlsaManager: Adding ALSA device AlsaDevice: [card: 0, device: 2, type: 1]
03-07 10:52:50.947  1367  1367 D UsbAlsaManager: Adding ALSA device AlsaDevice: [card: 0, device: 3, type: 2]
03-07 10:52:50.947  1367  1367 D UsbAlsaManager: Adding ALSA device AlsaDevice: [card: 0, device: 1, type: 1]
03-07 10:52:50.947  1367  1367 D UsbAlsaManager: Adding ALSA device AlsaDevice: [card: 0, device: 2, type: 2]
03-07 10:52:50.947  1367  1367 D UsbAlsaManager: Adding ALSA device AlsaDevice: [card: 0, device: 0, type: 1]
03-07 10:52:50.947  1367  1367 D UsbAlsaManager: Adding ALSA device AlsaDevice: [card: 0, device: 1, type: 2]
03-07 10:52:50.947  1367  1367 D UsbAlsaManager: Adding ALSA device AlsaDevice: [card: 0, device: 0, type: 2]
03-07 10:52:50.947  1367  1789 D VoldConnector: RCV <- {651 emulated 7}
03-07 10:52:50.948  1367  1789 D VoldConnector: RCV <- {659 emulated}
03-07 10:52:50.948  1367  1789 D VoldConnector: RCV <- {650 emulated 2 "" ""}
03-07 10:52:50.948  1367  1789 D VoldConnector: RCV <- {654 emulated emulated}
03-07 10:52:50.948  1367  1789 D VoldConnector: RCV <- {651 emulated 0}
03-07 10:52:50.948  1367  1789 D VoldConnector: RCV <- {651 public:179_15 7}
03-07 10:52:50.948  1367  1789 D VoldConnector: RCV <- {659 public:179_15}
03-07 10:52:50.948  1367  1789 D VoldConnector: RCV <- {649 disk:179_0}
03-07 10:52:50.948  1367  1789 D VoldConnector: RCV <- {640 disk:179_0 38}
03-07 10:52:50.949  1367  1789 D VoldConnector: RCV <- {650 public:179_15 0 "disk:179_0" ""}
03-07 10:52:50.949  1367  1789 D VoldConnector: RCV <- {654 public:179_15 sdcard0}
03-07 10:52:50.949  1367  1789 D VoldConnector: RCV <- {651 public:179_15 0}
03-07 10:52:50.949  1367  1789 D VoldConnector: RCV <- {651 public:179_33 7}
03-07 10:52:50.949  1367  1789 D VoldConnector: RCV <- {659 public:179_33}
03-07 10:52:50.949  1367  1789 D VoldConnector: RCV <- {651 public:179_34 7}
03-07 10:52:50.953   189   206 V vold    : /system/bin/sgdisk
03-07 10:52:50.953   189   206 V vold    :     --android-dump
03-07 10:52:50.953   189   206 V vold    :     /dev/block/vold/disk:179_32
03-07 10:52:50.953  1367  1789 D VoldConnector: RCV <- {659 public:179_34}
03-07 10:52:50.953  1367  1789 D VoldConnector: RCV <- {649 disk:179_32}
03-07 10:52:50.953  1367  1789 D VoldConnector: RCV <- {640 disk:179_32 5}
03-07 10:52:50.954  1367  1789 D VoldConnector: RCV <- {641 disk:179_32 31117541376}
03-07 10:52:50.954  1367  1789 D VoldConnector: RCV <- {642 disk:179_32 }
03-07 10:52:50.954  1367  1789 D VoldConnector: RCV <- {644 disk:179_32 /sys//devices/platform/msm_sdcc.3/mmc_host/mmc1/mmc1:1234/block/mmcblk1}
03-07 10:52:51.003   189   206 V vold    : DISK mbr
03-07 10:52:51.004   189   206 V vold    : PART 1 c
03-07 10:52:51.004   189   206 V vold    : PART 2 83
03-07 10:52:51.004   189   206 V vold    : PART 3 82
03-07 10:52:51.005  1367  1789 D VoldConnector: RCV <- {650 public:179_33 0 "disk:179_32" ""}
03-07 10:52:51.005  1367  1789 D VoldConnector: RCV <- {654 public:179_33 sdcard1}
03-07 10:52:51.006  1367  1789 D VoldConnector: RCV <- {651 public:179_33 0}
03-07 10:52:51.006  1367  1789 D VoldConnector: RCV <- {650 public:179_34 0 "disk:179_32" ""}
03-07 10:52:51.006  1367  1789 D VoldConnector: RCV <- {654 public:179_34 sdcard1}
03-07 10:52:51.006  1367  1789 D VoldConnector: RCV <- {651 public:179_34 0}
03-07 10:52:51.007  1367  1789 D VoldConnector: RCV <- {643 disk:179_32}
03-07 10:52:51.007  1367  1789 D VoldConnector: RCV <- {200 3 Command succeeded}
03-07 10:52:51.007  1367  1788 D VoldConnector: SND -> {4 volume user_added 0 0}
03-07 10:52:51.008  1367  1789 D VoldConnector: RCV <- {200 4 Command succeeded}
03-07 10:52:51.019  1367  1453 V MountService: Found primary storage at VolumeInfo{public:179_15}:
03-07 10:52:51.019  1367  1453 V MountService:     type=PUBLIC diskId=disk:179_0 partGuid=null mountFlags=0 mountUserId=-1 
03-07 10:52:51.019  1367  1453 V MountService:     state=UNMOUNTED 
03-07 10:52:51.019  1367  1453 V MountService:     fsType=null fsUuid=null fsLabel=null 
03-07 10:52:51.019  1367  1453 V MountService:     path=null internalPath=null 
03-07 10:52:51.037  1367  1449 I ActivityManager: Start proc 1902:com.android.settings/1000 for broadcast com.android.settings/.widget.SettingsAppWidgetProvider
03-07 10:52:51.069  1367  1367 I ActivityManager: Start proc 1907:com.android.systemui/u0a18 for service com.android.systemui/.keyguard.KeyguardService
03-07 10:52:51.070  1367  1367 I SystemServer: WebViewFactory preparation
03-07 10:52:51.071  1367  1788 D VoldConnector: SND -> {5 volume mount public:179_15 3 0}
03-07 10:52:51.073   189   206 V vold    : /system/bin/blkid
03-07 10:52:51.073   189   206 V vold    :     -c
03-07 10:52:51.073   189   206 V vold    :     /dev/null
03-07 10:52:51.073   189   206 V vold    :     -s
03-07 10:52:51.073   189   206 V vold    :     TYPE
03-07 10:52:51.073   189   206 V vold    :     -s
03-07 10:52:51.073   189   206 V vold    :     UUID
03-07 10:52:51.073   189   206 V vold    :     -s
03-07 10:52:51.073   189   206 V vold    :     LABEL
03-07 10:52:51.073   189   206 V vold    :     /dev/block/vold/public:179_15
03-07 10:52:51.074  1367  1789 D VoldConnector: RCV <- {651 public:179_15 1}
03-07 10:52:51.108  1367  1367 I ActivityManager: Start proc 1917:WebViewLoader-armeabi-v7a/1037 [android.webkit.WebViewFactory$RelroFileCreator] for 
03-07 10:52:51.127  1367  1367 I ActivityManager: Start proc 1929:com.android.nfc/1027 for service com.android.nfc/.NfcBootstrapService
03-07 10:52:51.128  1367  1367 D NetworkManagement: enabling bandwidth control
03-07 10:52:51.156  1367  1449 I ActivityManager: Start proc 1941:android.process.media/u0a9 for broadcast com.android.providers.media/.MtpReceiver
03-07 10:52:51.185   189   206 V vold    : /dev/block/vold/public:179_15: UUID="8A8E-A42B" TYPE="exfat" 
03-07 10:52:51.186   189   206 V vold    : /system/bin/fsck.exfat
03-07 10:52:51.186   189   206 V vold    :     /dev/block/vold/public:179_15
03-07 10:52:51.187  1367  1789 D VoldConnector: RCV <- {652 public:179_15 exfat}
03-07 10:52:51.188  1367  1789 D VoldConnector: RCV <- {653 public:179_15 8A8E-A42B}
03-07 10:52:51.188  1367  1789 D VoldConnector: RCV <- {654 public:179_15 sdcard0}
03-07 10:52:51.188  1367  1789 D VoldConnector: RCV <- {656 public:179_15 /mnt/media_rw/8A8E-A42B}
03-07 10:52:51.188  1367  1789 D VoldConnector: RCV <- {655 public:179_15 /storage/8A8E-A42B}
03-07 10:52:51.908  1367  1452 W WindowManager: Keyguard drawn timeout. Setting mKeyguardDrawComplete
03-07 10:52:52.326  1367  1367 E NetdConnector: NDC Command {8 bandwidth enable} took too long (1198ms)
03-07 10:52:52.328  1367  1816 E NetdConnector: NDC Command {9 interface getcfg p2p0} took too long (629ms)
03-07 10:52:52.401   189   206 V vold    : /system/bin/mount.exfat
03-07 10:52:52.401   189   206 V vold    :     -o
03-07 10:52:52.401   189   206 V vold    :     noatime,nodev,nosuid,dirsync,uid=1023,gid=1023,fmask=7,dmask=7,noexec,rw
03-07 10:52:52.401   189   206 V vold    :     /dev/block/vold/public:179_15
03-07 10:52:52.401   189   206 V vold    :     /mnt/media_rw/8A8E-A42B
03-07 10:52:52.555   189   206 V vold    : Waiting for FUSE to spin up...
03-07 10:52:52.605   189   206 V vold    : Waiting for FUSE to spin up...
03-07 10:52:52.614  1367  1823 D ConnectivityService: Got NetworkFactory Messenger for WIFI
03-07 10:52:52.614  1367  1823 D ConnectivityService: Got NetworkFactory Messenger for WIFI_UT
03-07 10:52:52.655  1367  1789 D VoldConnector: RCV <- {651 public:179_15 2}
03-07 10:52:52.655  1367  1789 D VoldConnector: RCV <- {200 5 Command succeeded}
03-07 10:52:52.657  1367  1788 E VoldConnector: NDC Command {5 volume mount public:179_15 3 0} took too long (1586ms)
03-07 10:52:52.657  1367  1788 D VoldConnector: SND -> {6 volume mount public:179_33 2 0}
03-07 10:52:52.658   189   206 V vold    : /system/bin/blkid
03-07 10:52:52.658   189   206 V vold    :     -c
03-07 10:52:52.658   189   206 V vold    :     /dev/null
03-07 10:52:52.658   189   206 V vold    :     -s
03-07 10:52:52.658   189   206 V vold    :     TYPE
03-07 10:52:52.658   189   206 V vold    :     -s
03-07 10:52:52.658   189   206 V vold    :     UUID
03-07 10:52:52.658   189   206 V vold    :     -s
03-07 10:52:52.658   189   206 V vold    :     LABEL
03-07 10:52:52.658   189   206 V vold    :     /dev/block/vold/public:179_33
03-07 10:52:52.658  1367  1789 D VoldConnector: RCV <- {651 public:179_33 1}
03-07 10:52:52.860   189   206 V vold    : /dev/block/vold/public:179_33: UUID="B780-11A6" TYPE="vfat" 
03-07 10:52:52.861   189   206 V vold    : /system/bin/fsck_msdos
03-07 10:52:52.861   189   206 V vold    :     -p
03-07 10:52:52.861   189   206 V vold    :     -f
03-07 10:52:52.861   189   206 V vold    :     /dev/block/vold/public:179_33
03-07 10:52:52.862  1367  1789 D VoldConnector: RCV <- {652 public:179_33 vfat}
03-07 10:52:52.862  1367  1789 D VoldConnector: RCV <- {653 public:179_33 B780-11A6}
03-07 10:52:52.862  1367  1789 D VoldConnector: RCV <- {654 public:179_33 sdcard1}
03-07 10:52:52.862  1367  1789 D VoldConnector: RCV <- {656 public:179_33 /mnt/media_rw/B780-11A6}
03-07 10:52:52.862  1367  1789 D VoldConnector: RCV <- {655 public:179_33 /storage/B780-11A6}
03-07 10:52:52.931  2200  2200 D fsck_msdos: sectors Per cluster :32 
03-07 10:52:52.931  2200  2200 D fsck_msdos: boot->ClusterOffset :19722 
03-07 10:52:52.931  2200  2200 I fsck_msdos: FAT32 Filesystem
03-07 10:52:52.931  2200  2200 D fsck_msdos: Using cluster_chain_descriptor
03-07 10:52:52.931  2200  2200 I fsck_msdos: Total clusters 1263849 
03-07 10:52:53.138  1367  1964 I StatusBarManagerService: registerStatusBar bar=com.android.internal.statusbar.IStatusBar$Stub$Proxy@a2f44af
03-07 10:52:53.221  2200  2200 I fsck_msdos: ** Phase 2 - Check Cluster Chains 
03-07 10:52:53.221  2200  2200 I fsck_msdos: Begin to handle the cluster chain
03-07 10:52:53.367  2264  2264 F libc    : page record for 0xb6f5900c was not found (block_size=64)
03-07 10:52:53.383  2263  2263 F libc    : page record for 0xb6eb900c was not found (block_size=64)
03-07 10:52:53.562  2200  2200 D fsck_msdos: rootDir->head :2
03-07 10:52:53.669  1367  1822 D WifiService: New client listening to asynchronous messages
03-07 10:52:53.763  2200  2200 D fsck_msdos: Verify Filesystem information
03-07 10:52:53.763  2200  2200 W fsck_msdos: 457 files, 2561680 free (684393 clusters)
03-07 10:52:53.763  2200  2200 I fsck_msdos: free_rb_tree 
03-07 10:52:53.764  2200  2200 I fsck_msdos: free_fragment_tree
03-07 10:52:53.764  2200  2200 I fsck_msdos: free_fragment_tree
03-07 10:52:53.764  2200  2200 I fsck_msdos: free_fragment_tree: rb_tree is empty 
03-07 10:52:53.872   189   206 I Vold    : Filesystem check completed OK
03-07 10:52:53.898   189   206 V vold    : Waiting for FUSE to spin up...
03-07 10:52:53.974  1367  1789 D VoldConnector: RCV <- {651 public:179_33 2}
03-07 10:52:53.975  1367  1789 D VoldConnector: RCV <- {200 6 Command succeeded}
03-07 10:52:53.976  1367  1788 E VoldConnector: NDC Command {6 volume mount public:179_33 2 0} took too long (1319ms)
03-07 10:52:53.976  1367  1788 D VoldConnector: SND -> {7 volume mount public:179_34 2 0}
03-07 10:52:53.977   189   206 V vold    : /system/bin/blkid
03-07 10:52:53.977   189   206 V vold    :     -c
03-07 10:52:53.977   189   206 V vold    :     /dev/null
03-07 10:52:53.977   189   206 V vold    :     -s
03-07 10:52:53.977   189   206 V vold    :     TYPE
03-07 10:52:53.977   189   206 V vold    :     -s
03-07 10:52:53.977   189   206 V vold    :     UUID
03-07 10:52:53.977   189   206 V vold    :     -s
03-07 10:52:53.977   189   206 V vold    :     LABEL
03-07 10:52:53.977   189   206 V vold    :     /dev/block/vold/public:179_34
03-07 10:52:53.977  1367  1789 D VoldConnector: RCV <- {651 public:179_34 1}
03-07 10:52:54.119   189   206 V vold    : /dev/block/vold/public:179_34: UUID="d440b144-9519-404b-a098-c6ee808391ab" TYPE="ext2" 
03-07 10:52:54.119   189   206 W vold    : public:179_34 unsupported filesystem check, skipping
03-07 10:52:54.120  1367  1789 D VoldConnector: RCV <- {652 public:179_34 ext2}
03-07 10:52:54.120  1367  1789 D VoldConnector: RCV <- {653 public:179_34 d440b144-9519-404b-a098-c6ee808391ab}
03-07 10:52:54.120  1367  1789 D VoldConnector: RCV <- {654 public:179_34 sdcard1}
03-07 10:52:54.120  1367  1789 D VoldConnector: RCV <- {656 public:179_34 /mnt/media_rw/d440b144-9519-404b-a098-c6ee808391ab}
03-07 10:52:54.120  1367  1789 D VoldConnector: RCV <- {655 public:179_34 /storage/d440b144-9519-404b-a098-c6ee808391ab}
03-07 10:52:54.155  1367  1964 I ActivityManager: Start proc 2341:com.android.externalstorage/u0a10 for broadcast com.android.externalstorage/.MountReceiver
03-07 10:52:54.225  1367  1940 D ConnectivityService: listenForNetwork for Listen from uid/pid:10018/1907 for NetworkRequest [ id=3, legacyType=-1, [] ]
03-07 10:52:54.354   189   206 V vold    : Waiting for FUSE to spin up...
03-07 10:52:54.402  2399  2399 F libc    : page record for 0xb6f7100c was not found (block_size=64)
03-07 10:52:54.404  1367  1789 D VoldConnector: RCV <- {651 public:179_34 2}
03-07 10:52:54.405  1367  1789 D VoldConnector: RCV <- {200 7 Command succeeded}
03-07 10:52:54.414  2400  2400 F libc    : page record for 0xb6ee300c was not found (block_size=64)
03-07 10:52:54.415  2398  2398 F libc    : page record for 0xb6f1700c was not found (block_size=64)
03-07 10:52:54.441  1367  1393 E ActivityManager: Activity Manager Crash
03-07 10:52:54.441  1367  1393 E ActivityManager: java.lang.IllegalStateException: Bad magic number for Bundle: 0x1
03-07 10:52:54.441  1367  1393 E ActivityManager: 	at android.os.BaseBundle.readFromParcelInner(BaseBundle.java:1363)
03-07 10:52:54.441  1367  1393 E ActivityManager: 	at android.os.BaseBundle.<init>(BaseBundle.java:90)
03-07 10:52:54.441  1367  1393 E ActivityManager: 	at android.os.Bundle.<init>(Bundle.java:68)
03-07 10:52:54.441  1367  1393 E ActivityManager: 	at android.os.Parcel.readBundle(Parcel.java:1778)
03-07 10:52:54.441  1367  1393 E ActivityManager: 	at android.os.Parcel.readBundle(Parcel.java:1762)
03-07 10:52:54.441  1367  1393 E ActivityManager: 	at android.content.Intent.readFromParcel(Intent.java:7983)
03-07 10:52:54.441  1367  1393 E ActivityManager: 	at android.content.Intent.<init>(Intent.java:7949)
03-07 10:52:54.441  1367  1393 E ActivityManager: 	at android.content.Intent$1.createFromParcel(Intent.java:7940)
03-07 10:52:54.441  1367  1393 E ActivityManager: 	at android.content.Intent$1.createFromParcel(Intent.java:7939)
03-07 10:52:54.441  1367  1393 E ActivityManager: 	at android.app.ActivityManagerNative.onTransact(ActivityManagerNative.java:453)
03-07 10:52:54.441  1367  1393 E ActivityManager: 	at com.android.server.am.ActivityManagerService.onTransact(ActivityManagerService.java:2664)
03-07 10:52:54.441  1367  1393 E ActivityManager: 	at android.os.Binder.execTransact(Binder.java:453)
03-07 10:52:54.445  1367  1940 E ActivityManager: Activity Manager Crash
03-07 10:52:54.445  1367  1940 E ActivityManager: java.lang.IllegalStateException: Bad magic number for Bundle: 0x1
03-07 10:52:54.445  1367  1940 E ActivityManager: 	at android.os.BaseBundle.readFromParcelInner(BaseBundle.java:1363)
03-07 10:52:54.445  1367  1940 E ActivityManager: 	at android.os.BaseBundle.<init>(BaseBundle.java:90)
03-07 10:52:54.445  1367  1940 E ActivityManager: 	at android.os.Bundle.<init>(Bundle.java:68)
03-07 10:52:54.445  1367  1940 E ActivityManager: 	at android.os.Parcel.readBundle(Parcel.java:1778)
03-07 10:52:54.445  1367  1940 E ActivityManager: 	at android.os.Parcel.readBundle(Parcel.java:1762)
03-07 10:52:54.445  1367  1940 E ActivityManager: 	at android.content.Intent.readFromParcel(Intent.java:7983)
03-07 10:52:54.445  1367  1940 E ActivityManager: 	at android.content.Intent.<init>(Intent.java:7949)
03-07 10:52:54.445  1367  1940 E ActivityManager: 	at android.content.Intent$1.createFromParcel(Intent.java:7940)
03-07 10:52:54.445  1367  1940 E ActivityManager: 	at android.content.Intent$1.createFromParcel(Intent.java:7939)
03-07 10:52:54.445  1367  1940 E ActivityManager: 	at android.app.ActivityManagerNative.onTransact(ActivityManagerNative.java:453)
03-07 10:52:54.445  1367  1940 E ActivityManager: 	at com.android.server.am.ActivityManagerService.onTransact(ActivityManagerService.java:2664)
03-07 10:52:54.445  1367  1940 E ActivityManager: 	at android.os.Binder.execTransact(Binder.java:453)
03-07 10:52:54.448  1367  1393 E ActivityManager: Activity Manager Crash
03-07 10:52:54.448  1367  1393 E ActivityManager: java.lang.IllegalStateException: Bad magic number for Bundle: 0x1
03-07 10:52:54.448  1367  1393 E ActivityManager: 	at android.os.BaseBundle.readFromParcelInner(BaseBundle.java:1363)
03-07 10:52:54.448  1367  1393 E ActivityManager: 	at android.os.BaseBundle.<init>(BaseBundle.java:90)
03-07 10:52:54.448  1367  1393 E ActivityManager: 	at android.os.Bundle.<init>(Bundle.java:68)
03-07 10:52:54.448  1367  1393 E ActivityManager: 	at android.os.Parcel.readBundle(Parcel.java:1778)
03-07 10:52:54.448  1367  1393 E ActivityManager: 	at android.os.Parcel.readBundle(Parcel.java:1762)
03-07 10:52:54.448  1367  1393 E ActivityManager: 	at android.content.Intent.readFromParcel(Intent.java:7983)
03-07 10:52:54.448  1367  1393 E ActivityManager: 	at android.content.Intent.<init>(Intent.java:7949)
03-07 10:52:54.448  1367  1393 E ActivityManager: 	at android.content.Intent$1.createFromParcel(Intent.java:7940)
03-07 10:52:54.448  1367  1393 E ActivityManager: 	at android.content.Intent$1.createFromParcel(Intent.java:7939)
03-07 10:52:54.448  1367  1393 E ActivityManager: 	at android.app.ActivityManagerNative.onTransact(ActivityManagerNative.java:453)
03-07 10:52:54.448  1367  1393 E ActivityManager: 	at com.android.server.am.ActivityManagerService.onTransact(ActivityManagerService.java:2664)
03-07 10:52:54.448  1367  1393 E ActivityManager: 	at android.os.Binder.execTransact(Binder.java:453)
03-07 10:52:54.450  1367  2349 E ActivityManager: Activity Manager Crash
03-07 10:52:54.450  1367  2349 E ActivityManager: java.lang.IllegalStateException: Bad magic number for Bundle: 0x1
03-07 10:52:54.450  1367  2349 E ActivityManager: 	at android.os.BaseBundle.readFromParcelInner(BaseBundle.java:1363)
03-07 10:52:54.450  1367  2349 E ActivityManager: 	at android.os.BaseBundle.<init>(BaseBundle.java:90)
03-07 10:52:54.450  1367  2349 E ActivityManager: 	at android.os.Bundle.<init>(Bundle.java:68)
03-07 10:52:54.450  1367  2349 E ActivityManager: 	at android.os.Parcel.readBundle(Parcel.java:1778)
03-07 10:52:54.450  1367  2349 E ActivityManager: 	at android.os.Parcel.readBundle(Parcel.java:1762)
03-07 10:52:54.450  1367  2349 E ActivityManager: 	at android.content.Intent.readFromParcel(Intent.java:7983)
03-07 10:52:54.450  1367  2349 E ActivityManager: 	at android.content.Intent.<init>(Intent.java:7949)
03-07 10:52:54.450  1367  2349 E ActivityManager: 	at android.content.Intent$1.createFromParcel(Intent.java:7940)
03-07 10:52:54.450  1367  2349 E ActivityManager: 	at android.content.Intent$1.createFromParcel(Intent.java:7939)
03-07 10:52:54.450  1367  2349 E ActivityManager: 	at android.app.ActivityManagerNative.onTransact(ActivityManagerNative.java:453)
03-07 10:52:54.450  1367  2349 E ActivityManager: 	at com.android.server.am.ActivityManagerService.onTransact(ActivityManagerService.java:2664)
03-07 10:52:54.450  1367  2349 E ActivityManager: 	at android.os.Binder.execTransact(Binder.java:453)
03-07 10:52:54.453  1367  1940 E ActivityManager: Activity Manager Crash
03-07 10:52:54.453  1367  1940 E ActivityManager: java.lang.IllegalStateException: Bad magic number for Bundle: 0x1
03-07 10:52:54.453  1367  1940 E ActivityManager: 	at android.os.BaseBundle.readFromParcelInner(BaseBundle.java:1363)
03-07 10:52:54.453  1367  1940 E ActivityManager: 	at android.os.BaseBundle.<init>(BaseBundle.java:90)
03-07 10:52:54.453  1367  1940 E ActivityManager: 	at android.os.Bundle.<init>(Bundle.java:68)
03-07 10:52:54.453  1367  1940 E ActivityManager: 	at android.os.Parcel.readBundle(Parcel.java:1778)
03-07 10:52:54.453  1367  1940 E ActivityManager: 	at android.os.Parcel.readBundle(Parcel.java:1762)
03-07 10:52:54.453  1367  1940 E ActivityManager: 	at android.content.Intent.readFromParcel(Intent.java:7983)
03-07 10:52:54.453  1367  1940 E ActivityManager: 	at android.content.Intent.<init>(Intent.java:7949)
03-07 10:52:54.453  1367  1940 E ActivityManager: 	at android.content.Intent$1.createFromParcel(Intent.java:7940)
03-07 10:52:54.453  1367  1940 E ActivityManager: 	at android.content.Intent$1.createFromParcel(Intent.java:7939)
03-07 10:52:54.453  1367  1940 E ActivityManager: 	at android.app.ActivityManagerNative.onTransact(ActivityManagerNative.java:453)
03-07 10:52:54.453  1367  1940 E ActivityManager: 	at com.android.server.am.ActivityManagerService.onTransact(ActivityManagerService.java:2664)
03-07 10:52:54.453  1367  1940 E ActivityManager: 	at android.os.Binder.execTransact(Binder.java:453)
03-07 10:52:54.481  1367  1940 E ActivityManager: Activity Manager Crash
03-07 10:52:54.481  1367  1940 E ActivityManager: java.lang.IllegalStateException: Bad magic number for Bundle: 0x1
03-07 10:52:54.481  1367  1940 E ActivityManager: 	at android.os.BaseBundle.readFromParcelInner(BaseBundle.java:1363)
03-07 10:52:54.481  1367  1940 E ActivityManager: 	at android.os.BaseBundle.<init>(BaseBundle.java:90)
03-07 10:52:54.481  1367  1940 E ActivityManager: 	at android.os.Bundle.<init>(Bundle.java:68)
03-07 10:52:54.481  1367  1940 E ActivityManager: 	at android.os.Parcel.readBundle(Parcel.java:1778)
03-07 10:52:54.481  1367  1940 E ActivityManager: 	at android.os.Parcel.readBundle(Parcel.java:1762)
03-07 10:52:54.481  1367  1940 E ActivityManager: 	at android.content.Intent.readFromParcel(Intent.java:7983)
03-07 10:52:54.481  1367  1940 E ActivityManager: 	at android.content.Intent.<init>(Intent.java:7949)
03-07 10:52:54.481  1367  1940 E ActivityManager: 	at android.content.Intent$1.createFromParcel(Intent.java:7940)
03-07 10:52:54.481  1367  1940 E ActivityManager: 	at android.content.Intent$1.createFromParcel(Intent.java:7939)
03-07 10:52:54.481  1367  1940 E ActivityManager: 	at android.app.ActivityManagerNative.onTransact(ActivityManagerNative.java:453)
03-07 10:52:54.481  1367  1940 E ActivityManager: 	at com.android.server.am.ActivityManagerService.onTransact(ActivityManagerService.java:2664)
03-07 10:52:54.481  1367  1940 E ActivityManager: 	at android.os.Binder.execTransact(Binder.java:453)
03-07 10:52:54.602  1367  1393 E ActivityManager: Activity Manager Crash
03-07 10:52:54.602  1367  1393 E ActivityManager: java.lang.IllegalStateException: Bad magic number for Bundle: 0x1
03-07 10:52:54.602  1367  1393 E ActivityManager: 	at android.os.BaseBundle.readFromParcelInner(BaseBundle.java:1363)
03-07 10:52:54.602  1367  1393 E ActivityManager: 	at android.os.BaseBundle.<init>(BaseBundle.java:90)
03-07 10:52:54.602  1367  1393 E ActivityManager: 	at android.os.Bundle.<init>(Bundle.java:68)
03-07 10:52:54.602  1367  1393 E ActivityManager: 	at android.os.Parcel.readBundle(Parcel.java:1778)
03-07 10:52:54.602  1367  1393 E ActivityManager: 	at android.os.Parcel.readBundle(Parcel.java:1762)
03-07 10:52:54.602  1367  1393 E ActivityManager: 	at android.content.Intent.readFromParcel(Intent.java:7983)
03-07 10:52:54.602  1367  1393 E ActivityManager: 	at android.content.Intent.<init>(Intent.java:7949)
03-07 10:52:54.602  1367  1393 E ActivityManager: 	at android.content.Intent$1.createFromParcel(Intent.java:7940)
03-07 10:52:54.602  1367  1393 E ActivityManager: 	at android.content.Intent$1.createFromParcel(Intent.java:7939)
03-07 10:52:54.602  1367  1393 E ActivityManager: 	at android.app.ActivityManagerNative.onTransact(ActivityManagerNative.java:453)
03-07 10:52:54.602  1367  1393 E ActivityManager: 	at com.android.server.am.ActivityManagerService.onTransact(ActivityManagerService.java:2664)
03-07 10:52:54.602  1367  1393 E ActivityManager: 	at android.os.Binder.execTransact(Binder.java:453)
03-07 10:52:54.715  1367  1367 E NetdConnector: NDC Command {10 strict enable} took too long (2388ms)
03-07 10:52:54.716  1367  1816 E NetdConnector: NDC Command {11 interface setcfg p2p0 0.0.0.0 0 up multicast broadcast} took too long (2388ms)
03-07 10:52:54.732  1367  1822 D WifiService: New client listening to asynchronous messages
03-07 10:52:55.032  1367  1367 I SystemServiceManager: Starting phase 600
03-07 10:52:55.053  1367  1367 I BackupManagerService: Backup enabled => true
03-07 10:52:55.070  1367  1367 E InputMethodManagerService: Ignoring updateSystemUiLocked due to an invalid token. uid:1000 token:null
03-07 10:52:55.128  1367  1367 I ActivityManager: Start proc 2499:com.android.inputmethod.latin/u0a49 for service com.android.inputmethod.latin/.LatinIME
