03-31 23:43:39.373  1832  1832 W KeyguardUpdateMonitor: invalid subId in handleServiceStateChange()
03-31 23:43:39.388  2502  2861 D SIP     : [SipSharedPreferences] isReceivingCallsEnabled, option not set; use default value, exception: android.provider.Settings$SettingNotFoundException: sip_receive_calls
03-31 23:43:39.388  1832  1832 D PhoneStatusBar: disable: < expand* ICONS alerts SYSTEM_INFO back* HOME RECENT clock SEARCH quick_settings >
03-31 23:43:39.409  2502  2746 E PhoneInterfaceManager: [PhoneIntfMgr] getIccId: ICC ID is null or empty.
03-31 23:43:39.434  2833  2833 D CellBroadcastReceiver: subscriptionId = -2
03-31 23:43:39.457  1383  2625 I ActivityManager: Start proc 2869:com.android.messaging/u0a59 for broadcast com.android.messaging/.receiver.DefaultSmsSubscriptionChangeReceiver
03-31 23:43:39.517  2852  2852 W System  : ClassLoader referenced unknown path: /system/app/Exchange2/lib/arm
03-31 23:43:39.526  2502  2530 E PhoneInterfaceManager: [PhoneIntfMgr] getIccId: ICC ID is null or empty.
03-31 23:43:39.546  1832  1832 W KeyguardUpdateMonitor: invalid subId in handleServiceStateChange()
03-31 23:43:39.575  2502  2526 E PhoneInterfaceManager: [PhoneIntfMgr] getIccId: ICC ID is null or empty.
03-31 23:43:39.602  2502  2733 E PhoneInterfaceManager: [PhoneIntfMgr] getIccId: ICC ID is null or empty.
03-31 23:43:39.620  2502  2530 E PhoneInterfaceManager: [PhoneIntfMgr] getIccId: ICC ID is null or empty.
03-31 23:43:39.630  2502  2746 E PhoneInterfaceManager: [PhoneIntfMgr] getIccId: ICC ID is null or empty.
03-31 23:43:39.642  2869  2869 W System  : ClassLoader referenced unknown path: /system/app/messaging/lib/arm
03-31 23:43:39.723  1832  1832 D CarrierText: onSimStateChanged: SimLocked
03-31 23:43:39.749  1832  1832 D PhoneStatusBar: disable: < expand ICONS alerts SYSTEM_INFO back HOME RECENT clock SEARCH quick_settings >
03-31 23:43:39.768  1383  2647 I ActivityManager: Start proc 2883:com.android.email/u0a36 for content provider com.android.email/.provider.EmailProvider
03-31 23:43:39.823   630   672 D BootAnimation: playing boot audio here
03-31 23:43:39.824   630   672 W BootAnimation: Audio service is not initiated.
03-31 23:43:39.877  1383  1476 I SystemServiceManager: Starting phase 1000
03-31 23:43:39.910  1832  1832 D PhoneStatusBar: disable: < expand ICONS alerts SYSTEM_INFO back HOME RECENT clock SEARCH quick_settings >
03-31 23:43:39.914  2591  2672 I ContactDirectoryManager: deleted 0 stale rows which don't have any relevant directory
03-31 23:43:39.917  1383  1476 W ContextImpl: Calling a method in the system process without a qualified user: android.app.ContextImpl.sendBroadcast:788 org.cyanogenmod.platform.internal.CMHardwareService.onBootPhase:361 com.android.server.SystemServiceManager.startBootPhase:135 com.android.server.am.ActivityManagerService.finishBooting:6649 com.android.server.am.ActivityManagerService.bootAnimationComplete:6716 
03-31 23:43:39.928  1383  1476 I ActivityManager: Start proc 2898:com.android.bluetooth/1002 for on-hold
03-31 23:43:39.955  1832  1832 D PhoneStatusBar: disable: < expand ICONS alerts SYSTEM_INFO BACK* HOME RECENT clock SEARCH quick_settings >
03-31 23:43:40.060  2591  2672 I ContactDirectoryManager: Discovered 0 contact directories in 1309ms
03-31 23:43:40.135  2728  2756 E ELEVEN  : calling refresh!
03-31 23:43:40.177  1856  2015 W NFC-LLC : LLC length mis-match
03-31 23:43:40.188  2883  2883 W System  : ClassLoader referenced unknown path: /system/app/Email/lib/arm
03-31 23:43:40.225  2502  2746 V BlacklistProvider: Query uri=content://blacklist, match=0
03-31 23:43:40.241  2443  2443 D SimSelectNotification:  no of slots 1 provision = false
03-31 23:43:40.246  2502  2502 E PhoneInterfaceManager: [PhoneIntfMgr] getIccId: ICC ID is null or empty.
03-31 23:43:40.280  2898  2898 D AdapterServiceConfig: addA2dpProfile: isA2dpSinkEnabled = falseisHfpClientEnabled false serviceName HeadsetService
03-31 23:43:40.280  2898  2898 D AdapterServiceConfig: Adding HeadsetService
03-31 23:43:40.281  2898  2898 D AdapterServiceConfig: addA2dpProfile: isA2dpSinkEnabled = falseisHfpClientEnabled false serviceName A2dpService
03-31 23:43:40.281  2898  2898 D AdapterServiceConfig: Adding A2dpService
03-31 23:43:40.281  2898  2898 D AdapterServiceConfig: addA2dpProfile: isA2dpSinkEnabled = falseisHfpClientEnabled false serviceName HidService
03-31 23:43:40.281  2898  2898 D AdapterServiceConfig: Adding HidService
03-31 23:43:40.281  2898  2898 D AdapterServiceConfig: addA2dpProfile: isA2dpSinkEnabled = falseisHfpClientEnabled false serviceName HealthService
03-31 23:43:40.283  2898  2898 D AdapterServiceConfig: Adding HealthService
03-31 23:43:40.283  2898  2898 D AdapterServiceConfig: addA2dpProfile: isA2dpSinkEnabled = falseisHfpClientEnabled false serviceName PanService
03-31 23:43:40.283  2898  2898 D AdapterServiceConfig: Adding PanService
03-31 23:43:40.283  2898  2898 D AdapterServiceConfig: addA2dpProfile: isA2dpSinkEnabled = falseisHfpClientEnabled false serviceName GattService
03-31 23:43:40.283  2898  2898 D AdapterServiceConfig: Adding GattService
03-31 23:43:40.284  2898  2898 D AdapterServiceConfig: addA2dpProfile: isA2dpSinkEnabled = falseisHfpClientEnabled false serviceName BluetoothMapService
03-31 23:43:40.284  2898  2898 D AdapterServiceConfig: Adding BluetoothMapService
03-31 23:43:40.284  2898  2898 D AdapterServiceConfig: Could not find profile bit mask
03-31 23:43:40.284  2898  2898 D AdapterServiceConfig: addA2dpProfile: isA2dpSinkEnabled = falseisHfpClientEnabled false serviceName HidDevService
03-31 23:43:40.284  2898  2898 D AdapterServiceConfig: Adding HidDevService
03-31 23:43:40.301  2502  2526 E PhoneInterfaceManager: [PhoneIntfMgr] getIccId: ICC ID is null or empty.
03-31 23:43:40.324  2502  2530 E PhoneInterfaceManager: [PhoneIntfMgr] getIccId: ICC ID is null or empty.
03-31 23:43:40.337  2869  2943 I MessagingAppDataModel: Fixup: Send failed - 0 Download failed - 0
03-31 23:43:40.354  1383  1475 D BluetoothManagerService: Message: 20
03-31 23:43:40.354  1383  1475 D BluetoothManagerService: Added callback: android.bluetooth.IBluetoothManagerCallback$Stub$Proxy@53c3e82:true
03-31 23:43:40.354  2898  2898 D BluetoothAdapterState: make() - Creating AdapterState
03-31 23:43:40.358  2898  2945 I BluetoothAdapterState: Entering OffState
03-31 23:43:40.360  2898  2898 I bt_bluedroid: init
03-31 23:43:40.369  2502  2746 E PhoneInterfaceManager: [PhoneIntfMgr] getIccId: ICC ID is null or empty.
03-31 23:43:40.387  2898  2946 I bt_bte_conf: bte_load_ble_conf attempt to load ble stack conf from /etc/bluetooth/ble_stack.conf
03-31 23:43:40.388  2898  2946 E bt_osi_config: config_new unable to open file '/etc/bluetooth/ble_stack.conf': No such file or directory
03-31 23:43:40.388  2898  2946 I bt_bte_conf: bte_load_ble_conf file >/etc/bluetooth/ble_stack.conf< not found
03-31 23:43:40.388  2898  2946 I bt_stack_config: init attempt to load stack conf from /etc/bluetooth/bt_stack.conf
03-31 23:43:40.392  2898  2898 I bt_bluedroid: get_profile_interface socket
03-31 23:43:40.402  2898  2949 D BluetoothAdapterProperties: Address is:D0:51:62:9C:CF:9A
03-31 23:43:40.403  1383  1383 D BluetoothManagerService: Bluetooth Adapter name changed to Xperia T
03-31 23:43:40.403  1383  1383 D BluetoothManagerService: Stored Bluetooth name: Xperia T
03-31 23:43:40.403  2898  2949 D BluetoothAdapterProperties: Name is: Xperia T
03-31 23:43:40.408  2502  2530 E PhoneInterfaceManager: [PhoneIntfMgr] getIccId: ICC ID is null or empty.
03-31 23:43:40.411  2898  2898 I bt_bluedroid: get_profile_interface sdp
03-31 23:43:40.435  1383  1383 D BluetoothManagerService: BluetoothServiceConnection: com.android.bluetooth.btservice.AdapterService
03-31 23:43:40.436  1383  1475 D BluetoothManagerService: Message: 40
03-31 23:43:40.436  1383  1475 D BluetoothManagerService: MESSAGE_BLUETOOTH_SERVICE_CONNECTED: 1
03-31 23:43:40.438  2898  2930 I bt_bluedroid: config_hci_snoop_log
03-31 23:43:40.441  1383  1475 D BluetoothManagerService: Calling onBluetoothServiceUp callbacks
03-31 23:43:40.441  1383  1475 D BluetoothManagerService: Broadcasting onBluetoothServiceUp() to 6 receivers.
03-31 23:43:40.445  2898  2945 D BluetoothAdapterState: Current state: OFF, message: 0
03-31 23:43:40.447  2898  2945 D BluetoothAdapterProperties: Setting state to 14
03-31 23:43:40.447  2898  2945 I BluetoothAdapterState: Bluetooth adapter state changed: 10-> 14
03-31 23:43:40.447  1383  1475 D BluetoothManagerService: Message: 60
03-31 23:43:40.447  1383  1475 D BluetoothManagerService: MESSAGE_BLUETOOTH_STATE_CHANGE: prevState = 10, newState=14
03-31 23:43:40.447  1383  1475 D BluetoothManagerService: BLE State Change Intent: 10 -> 14
03-31 23:43:40.449  2898  2945 D BluetoothBondStateMachine: make
03-31 23:43:40.454  2898  2955 I BluetoothBondStateMachine: StableState(): Entering Off State
03-31 23:43:40.458  1383  2635 I ActivityManager: Start proc 2956:com.android.dialer/u0a8 for broadcast com.android.dialer/.calllog.CallLogReceiver
03-31 23:43:40.461  2898  2898 D BtGatt.GattService: classInitNative called
03-31 23:43:40.461  2898  2898 I BtGatt.JNI: classInitNative(L912): classInitNative: Success!
03-31 23:43:40.462  1383  2953 I RecoverySystem: Deleted: /cache/recovery/log
03-31 23:43:40.462  1383  2953 I RecoverySystem: Deleted: /cache/recovery/.version
03-31 23:43:40.462  1383  2953 I RecoverySystem: Deleted: /cache/recovery/recovery.fstab
03-31 23:43:40.462  1383  2953 I RecoverySystem: Deleted: /cache/recovery/storage.fstab
03-31 23:43:40.463  1383  2953 I RecoverySystem: Deleted: /cache/recovery/intent
03-31 23:43:40.473  2898  2945 I BluetoothAdapterState: Entering PendingCommandState
03-31 23:43:40.477  1383  2950 I ActivityManager: Start proc 2961:com.android.keychain/1000 for service com.android.keychain/.KeyChainService
03-31 23:43:40.493  1383  2953 I BootReceiver: Copying /proc/last_kmsg to DropBox (SYSTEM_LAST_KMSG)
03-31 23:43:40.517  2898  2898 D BtGatt.DebugUtils: handleDebugAction() action=null
03-31 23:43:40.517  2898  2898 D BluetoothAdapterService: getAdapterService() - returning com.android.bluetooth.btservice.AdapterService@2c97a34
03-31 23:43:40.518  2898  2898 D BtGatt.GattService: Received start request. Starting profile...
03-31 23:43:40.518  2898  2898 D BluetoothAdapterService: getAdapterService() - returning com.android.bluetooth.btservice.AdapterService@2c97a34
03-31 23:43:40.518  2898  2898 D BtGatt.GattService: start()
03-31 23:43:40.519  2898  2898 I bt_bluedroid: get_profile_interface gatt
03-31 23:43:40.519  2898  2898 D BluetoothAdapterService: getAdapterService() - returning com.android.bluetooth.btservice.AdapterService@2c97a34
03-31 23:43:40.519  2898  2898 D BtGatt.AdvertiseManager: advertise manager created
03-31 23:43:40.529  1383  2953 I BootReceiver: Copying audit failures to DropBox
03-31 23:43:40.538  1383  2953 I BootReceiver: Copied 148 worth of audits to DropBox
03-31 23:43:40.548  1383  2953 I BootReceiver: Checking for fsck errors
03-31 23:43:40.571  2502  2530 E PhoneInterfaceManager: [PhoneIntfMgr] getIccId: ICC ID is null or empty.
03-31 23:43:40.579  2898  2898 D BtGatt.GattService:  profile started successfully
03-31 23:43:40.579  2898  2898 W BluetoothAdapterService: onProfileServiceStateChange() serviceName=com.android.bluetooth.gatt.GattService, state=12, doUpdate=true
03-31 23:43:40.579  2898  2898 V BluetoothAdapterState: isTurningOff()=false
03-31 23:43:40.579  2898  2898 V BluetoothAdapterState: isTurningOn()=false
03-31 23:43:40.579  2898  2898 V BluetoothAdapterState: isBleTurningOn()=true
03-31 23:43:40.582  2898  2898 V BluetoothAdapterState: isBleTurningOff()=false
03-31 23:43:40.585  2898  2945 D BluetoothAdapterState: Current state: PENDING_COMMAND, message: 4
03-31 23:43:40.585  2898  2945 I bt_bluedroid: enable
03-31 23:43:40.585  2898  2946 D bt_stack_manager: event_start_up_stack is bringing up the stack.
03-31 23:43:40.586  2898  2946 I bt_snoop: Time GMT offset 7200
03-31 23:43:40.590  2898  2946 I bt_hci  : start_up
03-31 23:43:40.606  2898  2946 I bt_vendor: alloc value 0xa233a14d
03-31 23:43:40.607  2898  2946 I bt_vendor: bt-vendor : init
03-31 23:43:40.607  2898  2946 I bt_vendor: bt-vendor : get_bt_soc_type
03-31 23:43:40.607  2898  2946 I bt_vendor: qcom.bluetooth.soc set to 
03-31 23:43:40.607  2898  2946 I bt_vendor: qcom.bluetooth.soc not set, so using default.
03-31 23:43:40.607  2898  2946 I bt_vendor: init: Local BD Address : 9a:cf:9c:62:51:d0
03-31 23:43:40.607  2898  2946 I bt_vendor: bt-vendor : BT_VND_OP_POWER_CTRL: Off
03-31 23:43:40.607  2898  2946 I bt_vendor: bt-vendor : BT_VND_OP_POWER_CTRL: On
03-31 23:43:40.607  2898  2946 W bt_vendor: Hw_config: First Time BT on after boot.Starting hciattach daemon BTStatus=
03-31 23:43:40.638  2961  2961 W System  : ClassLoader referenced unknown path: /system/app/KeyChain/lib/arm
03-31 23:43:40.651  2502  2530 E PhoneInterfaceManager: [PhoneIntfMgr] getIccId: ICC ID is null or empty.
03-31 23:43:40.672  2997  2997 I sony-bluetooth: /system/etc/init.sony.bt.sh: Transport : smd 
03-31 23:43:40.718  2502  2526 E PhoneInterfaceManager: [PhoneIntfMgr] getIccId: ICC ID is null or empty.
03-31 23:43:40.726  2502  2746 E PhoneInterfaceManager: [PhoneIntfMgr] getIccId: ICC ID is null or empty.
03-31 23:43:40.727  3007  3007 I sony-bluetooth: /system/etc/init.sony.bt.sh: BDADDR: d0:51:62:9c:cf:9a 
03-31 23:43:40.743  3010  3010 I sony-bluetooth: /system/etc/init.sony.bt.sh: Power Class: Ignored. Default(1) used (1-CLASS1/2-CLASS2/3-CUSTOM) 
03-31 23:43:40.762  3013  3013 I sony-bluetooth: /system/etc/init.sony.bt.sh: Power Class: To override, Before turning BT ON; setprop qcom.bt.dev_power_class <1 or 2 or 3> 
03-31 23:43:40.764  2869  2940 W MessagingApp: canonicalizeMccMnc: invalid mccmnc:null ,null
03-31 23:43:40.805  3017  3017 I hci_qcomm_init: /system/bin/hci_qcomm_init -d /dev/ttyHS0 -s 3000000 -i 115200 -r 19200000 -c -p 0 -P 1 -b d0:51:62:9c:cf:9a
03-31 23:43:40.806  3017  3017 I hci_qcomm_init: ro.qualcomm.bt.hci_transport: smd 
03-31 23:43:40.806  3017  3017 I hci_qcomm_init: Failed to open the /sys/devices/platform/wcnss_wlan.0/smd_channel_ready 
03-31 23:43:40.807  2956  2956 W System  : ClassLoader referenced unknown path: /system/priv-app/Dialer/lib/arm
03-31 23:43:40.819  2883  3023 D ActivityThread: Loading provider com.android.email.provider;com.android.email.notifier: com.android.email.provider.EmailProvider
03-31 23:43:40.823  2502  2530 E PhoneInterfaceManager: [PhoneIntfMgr] getIccId: ICC ID is null or empty.
03-31 23:43:40.830  1383  2635 D MmsServiceBroker: getCarrierConfigValues() by com.android.messaging
03-31 23:43:40.830  1383  2635 W MmsServiceBroker: MmsService not connected. Try connecting...
03-31 23:43:40.830  1383  1383 I MmsServiceBroker: Connecting to MmsService
03-31 23:43:40.831  1383  1383 W ContextImpl: Calling a method in the system process without a qualified user: android.app.ContextImpl.bindService:1295 com.android.server.MmsServiceBroker.tryConnecting:240 com.android.server.MmsServiceBroker.-wrap3:-1 com.android.server.MmsServiceBroker$1.handleMessage:82 android.os.Handler.dispatchMessage:102 
03-31 23:43:40.835  2502  2502 W System  : ClassLoader referenced unknown path: /system/priv-app/MmsService/lib/arm
03-31 23:43:40.843  2502  2502 D MmsService: onCreate
03-31 23:43:40.846  1383  1383 I MmsServiceBroker: MmsService connected
03-31 23:43:40.847  2502  2746 D MmsService: getCarrierConfigValues
03-31 23:43:40.847  2502  2746 I MmsService: mms config for sub 1: null
03-31 23:43:40.847  2502  3029 I MmsService: MmsConfigManager loads in background mcc/mnc: 0/0
03-31 23:43:40.847  2869  2940 I MessagingApp: Carrier configs loaded: Bundle[{maxImageHeight=1944, maxMessageSize=614400, maxImageWidth=2592}] from resources+system for subId=1
03-31 23:43:40.851  2502  3029 E PhoneInterfaceManager: [PhoneIntfMgr] getIccId: ICC ID is null or empty.
03-31 23:43:40.911  2869  2869 W art     : Long monitor contention event with owner method=void com.android.messaging.sms.r.load() from SourceFile:147 waiters=1 for 569ms
03-31 23:43:40.914  2869  2869 I MessagingApp: Carrier config changed. Reloading MMS config.
03-31 23:43:40.919  2502  2526 E PhoneInterfaceManager: [PhoneIntfMgr] getIccId: ICC ID is null or empty.
03-31 23:43:40.937  2502  2526 E PhoneInterfaceManager: [PhoneIntfMgr] getIccId: ICC ID is null or empty.
03-31 23:43:40.941  2869  3031 I MessagingAppDataModel: SyncMessagesAction: Starting batch for messages from 1459460366368 to 1459460620192 (message update limit = 80, message scan limit = 4000)
03-31 23:43:40.955  2869  3030 W MessagingApp: canonicalizeMccMnc: invalid mccmnc:null ,null
03-31 23:43:40.970  2502  2530 E PhoneInterfaceManager: [PhoneIntfMgr] getIccId: ICC ID is null or empty.
03-31 23:43:40.972  1383  2625 D MmsServiceBroker: getCarrierConfigValues() by com.android.messaging
03-31 23:43:40.972  2502  2733 D MmsService: getCarrierConfigValues
03-31 23:43:40.972  2502  2733 I MmsService: mms config for sub 1: Bundle[{httpSocketTimeout=60000, aliasMinChars=2, smsToMmsTextThreshold=-1, enableSMSDeliveryReports=true, maxMessageTextSize=-1, supportMmsContentDisposition=true, enabledTransID=false, aliasEnabled=false, supportHttpCharsetHeader=false, allowAttachAudio=true, smsToMmsTextLengthThreshold=-1, recipientLimit=2147483647, uaProfTagName=x-wap-profile, aliasMaxChars=48, maxImageHeight=480, enableMMSDeliveryReports=false, userAgent=, config_cellBroadcastAppLinks=true, maxSubjectLength=40, httpParams=, enableGroupMms=true, emailGatewayNumber=, maxMessageSize=307200, naiSuffix=, enableMMSReadReports=false, maxImageWidth=640, uaProfUrl=, enabledMMS=true, enabledNotifyWapMMSC=false, sendMultipartSmsAsSeparateMessages=false, enableMultipartSMS=true}]
03-31 23:43:40.974  2869  3030 I MessagingApp: Carrier configs loaded: Bundle[{httpSocketTimeout=60000, aliasMinChars=2, smsToMmsTextThreshold=-1, enableSMSDeliveryReports=true, maxMessageTextSize=-1, supportMmsContentDisposition=true, enabledTransID=false, aliasEnabled=false, supportHttpCharsetHeader=false, allowAttachAudio=true, smsToMmsTextLengthThreshold=-1, recipientLimit=2147483647, uaProfTagName=x-wap-profile, aliasMaxChars=48, maxImageHeight=480, enableMMSDeliveryReports=false, userAgent=, config_cellBroadcastAppLinks=true, maxSubjectLength=40, httpParams=, enableGroupMms=true, emailGatewayNumber=, maxMessageSize=307200, naiSuffix=, enableMMSReadReports=false, maxImageWidth=640, uaProfUrl=, enabledMMS=true, enabledNotifyWapMMSC=false, sendMultipartSmsAsSeparateMessages=false, enableMultipartSMS=true}] from resources+system for subId=1
03-31 23:43:40.997  2502  2526 E PhoneInterfaceManager: [PhoneIntfMgr] getIccId: ICC ID is null or empty.
03-31 23:43:41.006  2502  2526 E PhoneInterfaceManager: [PhoneIntfMgr] getIccId: ICC ID is null or empty.
03-31 23:43:41.018  2502  2502 V OtaStartupReceiver: onOtaspChanged: mOtaspMode=1
03-31 23:43:41.020  2869  2942 W MessagingApp: canonicalizeMccMnc: invalid mccmnc:null ,null
03-31 23:43:41.025  2495  2495 I HeadsetService: Starting service.
03-31 23:43:41.037  1383  1732 I ActivityManager: Start proc 3034:com.cyanogenmod.updater/u0a2 for broadcast com.cyanogenmod.updater/.receiver.UpdateCheckReceiver
03-31 23:43:41.045  2502  2746 E PhoneInterfaceManager: [PhoneIntfMgr] getIccId: ICC ID is null or empty.
03-31 23:43:41.086   384   384 D PermissionCache: checking android.permission.MODIFY_AUDIO_ROUTING for uid=10000 => granted (701 us)
03-31 23:43:41.098   384  1773 D PermissionCache: checking android.permission.MODIFY_AUDIO_SETTINGS for uid=10000 => granted (274 us)
03-31 23:43:41.100  2502  2530 E PhoneInterfaceManager: [PhoneIntfMgr] getIccId: ICC ID is null or empty.
03-31 23:43:41.110  1383  2625 D MmsServiceBroker: getCarrierConfigValues() by com.android.messaging
03-31 23:43:41.110  2502  2526 D MmsService: getCarrierConfigValues
03-31 23:43:41.110  2502  2526 I MmsService: mms config for sub 1: Bundle[{httpSocketTimeout=60000, aliasMinChars=2, smsToMmsTextThreshold=-1, enableSMSDeliveryReports=true, maxMessageTextSize=-1, supportMmsContentDisposition=true, enabledTransID=false, aliasEnabled=false, supportHttpCharsetHeader=false, allowAttachAudio=true, smsToMmsTextLengthThreshold=-1, recipientLimit=2147483647, uaProfTagName=x-wap-profile, aliasMaxChars=48, maxImageHeight=480, enableMMSDeliveryReports=false, userAgent=, config_cellBroadcastAppLinks=true, maxSubjectLength=40, httpParams=, enableGroupMms=true, emailGatewayNumber=, maxMessageSize=307200, naiSuffix=, enableMMSReadReports=false, maxImageWidth=640, uaProfUrl=, enabledMMS=true, enabledNotifyWapMMSC=false, sendMultipartSmsAsSeparateMessages=false, enableMultipartSMS=true}]
03-31 23:43:41.114   384  1773 E AudioFlinger: createEffect() unknown output thread
03-31 23:43:41.114  2495  2495 E AudioEffect: set(): AudioFlinger could not create effect, status: -22
03-31 23:43:41.114  2495  2495 E AudioEffects-JNI: AudioEffect initCheck failed -3
03-31 23:43:41.114  2495  2495 E AudioEffect-JAVA: Error code -3 when initializing AudioEffect.
03-31 23:43:41.115  2495  2495 E HeadsetService: Cannot initialize effect engine for type: 0bed4300-ddd6-11db-8f34-0002a5d5c51b Error: -3
03-31 23:43:41.115  2495  2495 E HeadsetService: java.lang.RuntimeException: Cannot initialize effect engine for type: 0bed4300-ddd6-11db-8f34-0002a5d5c51b Error: -3
03-31 23:43:41.115  2495  2495 E HeadsetService: 	at android.media.audiofx.AudioEffect.<init>(AudioEffect.java:411)
03-31 23:43:41.115  2495  2495 E HeadsetService: 	at android.media.audiofx.Equalizer.<init>(Equalizer.java:139)
03-31 23:43:41.115  2495  2495 E HeadsetService: 	at org.cyanogenmod.audiofx.HeadsetService$EffectSet.<init>(HeadsetService.java:92)
03-31 23:43:41.115  2495  2495 E HeadsetService: 	at org.cyanogenmod.audiofx.HeadsetService.saveDefaults(HeadsetService.java:464)
03-31 23:43:41.115  2495  2495 E HeadsetService: 	at org.cyanogenmod.audiofx.HeadsetService.onCreate(HeadsetService.java:388)
03-31 23:43:41.115  2495  2495 E HeadsetService: 	at android.app.ActivityThread.handleCreateService(ActivityThread.java:2911)
03-31 23:43:41.115  2495  2495 E HeadsetService: 	at android.app.ActivityThread.-wrap4(ActivityThread.java)
03-31 23:43:41.115  2495  2495 E HeadsetService: 	at android.app.ActivityThread$H.handleMessage(ActivityThread.java:1446)
03-31 23:43:41.115  2495  2495 E HeadsetService: 	at android.os.Handler.dispatchMessage(Handler.java:102)
03-31 23:43:41.115  2495  2495 E HeadsetService: 	at android.os.Looper.loop(Looper.java:148)
03-31 23:43:41.115  2495  2495 E HeadsetService: 	at android.app.ActivityThread.main(ActivityThread.java:5461)
03-31 23:43:41.115  2495  2495 E HeadsetService: 	at java.lang.reflect.Method.invoke(Native Method)
03-31 23:43:41.115  2495  2495 E HeadsetService: 	at com.android.internal.os.ZygoteInit$MethodAndArgsCaller.run(ZygoteInit.java:726)
03-31 23:43:41.115  2495  2495 E HeadsetService: 	at com.android.internal.os.ZygoteInit.main(ZygoteInit.java:616)
03-31 23:43:41.123  2869  2942 I MessagingApp: Carrier configs loaded: Bundle[{httpSocketTimeout=60000, aliasMinChars=2, smsToMmsTextThreshold=-1, enableSMSDeliveryReports=true, maxMessageTextSize=-1, supportMmsContentDisposition=true, enabledTransID=false, aliasEnabled=false, supportHttpCharsetHeader=false, allowAttachAudio=true, smsToMmsTextLengthThreshold=-1, recipientLimit=2147483647, uaProfTagName=x-wap-profile, aliasMaxChars=48, maxImageHeight=480, enableMMSDeliveryReports=false, userAgent=, config_cellBroadcastAppLinks=true, maxSubjectLength=40, httpParams=, enableGroupMms=true, emailGatewayNumber=, maxMessageSize=307200, naiSuffix=, enableMMSReadReports=false, maxImageWidth=640, uaProfUrl=, enabledMMS=true, enabledNotifyWapMMSC=false, sendMultipartSmsAsSeparateMessages=false, enableMultipartSMS=true}] from resources+system for subId=1
03-31 23:43:41.123  2495  2495 I HeadsetService: Headset=false; Bluetooth=false ; USB=false; Speaker=true
03-31 23:43:41.128  2495  2495 I HeadsetService: Stopping service.
03-31 23:43:41.182  1383  2624 W ActivityManager: Unable to start service Intent { cmp=com.android.email/.service.AttachmentService } U=0: not found
03-31 23:43:41.182  1383  1408 W ActivityManager: Unable to start service Intent { cmp=com.android.email/.service.AttachmentService } U=0: not found
03-31 23:43:41.185  2852  2852 I Exchange: EasService.onCreate
03-31 23:43:41.191  3034  3034 W System  : ClassLoader referenced unknown path: /system/priv-app/CMUpdater/lib/arm
03-31 23:43:41.199  2883  3051 I Email   : Observing account changes for notifications
03-31 23:43:41.207  2852  3052 I Exchange: RestartPingTask
03-31 23:43:41.230  2869  3032 I MessagingAppDataModel: SyncMessagesAction: All messages now in sync
03-31 23:43:41.257  3034  3034 I UpdateCheckReceiver: Scheduling future, repeating update checks.
03-31 23:43:41.257  2852  2852 I Exchange: RestartPingsTask did not start any pings.
03-31 23:43:41.259  2852  2852 I Exchange: PSS stopIfIdle
03-31 23:43:41.259  2852  2852 I Exchange: PSS has no active accounts; stopping service.
03-31 23:43:41.262  2852  2852 I Exchange: onDestroy
03-31 23:43:41.269  2502  2733 E PhoneInterfaceManager: [PhoneIntfMgr] getIccId: ICC ID is null or empty.
03-31 23:43:41.287  1383  2697 I ActivityManager: Start proc 3063:com.android.providers.calendar/u0a3 for broadcast com.android.providers.calendar/.CalendarReceiver
03-31 23:43:41.308  3017  3017 I hci_qcomm_init: Done intiailizing UART
03-31 23:43:41.308  3017  3017 I hci_qcomm_init: bt_hci_qcomm_init : Started
03-31 23:43:41.308  3017  3017 I hci_qcomm_init: bt_hci_qcomm_init: Detecting BT SOC firmware at baud rate 115200
03-31 23:43:41.311  3017  3017 I hci_qcomm_init: bt_hci_qcomm_vs_getappversion : Succeeded
03-31 23:43:41.311  3017  3017 I hci_qcomm_init: bt_hci_qcomm_init : Found QSoC type 19.
03-31 23:43:41.311  3017  3017 I hci_qcomm_init: bt_hci_qcomm_init - Clock=32Mhz ClockSharing=No Logging=No SOC=BT2.1 xo_support=No
03-31 23:43:41.311  3017  3017 I hci_qcomm_init: bt_hci_qcomm_init - Opened NVM module.
03-31 23:43:41.311  3017  3017 I hci_qcomm_init: bt_hci_qcomm_download_nvm - Sending NVM tag #2 (size 9)
03-31 23:43:41.313  3017  3017 I hci_qcomm_init: bt_hci_qcomm_download_nvm - Sending NVM tag #83 (size 6)
03-31 23:43:41.314  3017  3017 I hci_qcomm_init: bt_hci_qcomm_download_nvm - Sending NVM tag #36 (size 15)
03-31 23:43:41.317  3017  3017 I hci_qcomm_init: bt_hci_qcomm_download_nvm - Finished sending NVM data.
03-31 23:43:41.317  3017  3017 I hci_qcomm_init: bt_hci_qcomm_init - NVM download completed, doing HCI Reset...
03-31 23:43:41.319  2502  2530 E PhoneInterfaceManager: [PhoneIntfMgr] getIccId: ICC ID is null or empty.
03-31 23:43:41.359  3017  3017 I hci_qcomm_init: bt_hci_qcomm_init - Successful
03-31 23:43:41.359  3017  3017 I hci_qcomm_init: BTS402x initialized successfully 
03-31 23:43:41.359  3017  3017 I hci_qcomm_init: BTS_DEVICE=/dev/ttyHS0;
03-31 23:43:41.359  3017  3017 I hci_qcomm_init: BTS_BAUD=3000000;
03-31 23:43:41.359  3017  3017 I hci_qcomm_init: BTS_TYPE=qualcomm-ibs;
03-31 23:43:41.359  3017  3017 I hci_qcomm_init: BTS_ADDRESS=d0:51:62:9c:cf:9a;
03-31 23:43:41.359  3017  3017 I hci_qcomm_init: export BTS_DEVICE BTS_BAUD BTS_TYPE BTS_ADDRESS;
03-31 23:43:41.359  3017  3017 I hci_qcomm_init:  Binary file: 5.01.0_2003
03-31 23:43:41.378  3076  3076 I sony-bluetooth: /system/etc/init.sony.bt.sh: Bluetooth QSoC firmware download succeeded,  d0:51:62:9c:cf:9a smd 
03-31 23:43:41.380  3063  3063 W System  : ClassLoader referenced unknown path: /system/priv-app/CalendarProvider/lib/arm
03-31 23:43:41.410  3082  3082 I sony-bluetooth: /system/etc/init.sony.bt.sh: start bluetooth smd transport 
03-31 23:43:41.411  2898  2946 I bt_vendor: bluetooth status is on
03-31 23:43:41.411  2898  2946 D bt_hci  : start_up starting async portion
03-31 23:43:41.411  2898  2985 I bt_hci  : event_finish_startup
03-31 23:43:41.411  2898  2985 I bt_hci_mct: hal_open
03-31 23:43:41.411  2898  2985 I bt_vendor: bt-vendor : BT_VND_OP_USERIAL_OPEN
03-31 23:43:41.413  2898  2985 I bt_vendor: Done intiailizing UART
03-31 23:43:41.414  2898  2985 I bt_vendor: Done intiailizing UART
03-31 23:43:41.414  2898  2985 I bt_hci_mct: hal_open got uart fds: CMD=53, EVT=53, ACL_OUT=54, ACL_IN=54
03-31 23:43:41.415  2502  2733 E PhoneInterfaceManager: [PhoneIntfMgr] getIccId: ICC ID is null or empty.
03-31 23:43:41.417  2898  2985 I bt_vendor: Bluetooth FW and transport layer are initialized
03-31 23:43:41.417  2898  2985 I bt_vendor: firmware callback
03-31 23:43:41.417  2898  2985 I bt_hci  : firmware_config_callback
03-31 23:43:41.421  2898  3087 I bt_btu  : btu_task pending for preload complete event
03-31 23:43:41.421  2898  3087 I bt_btu_task: Bluetooth chip preload is complete
03-31 23:43:41.421  2898  3087 I bt_btu  : btu_task received preload complete event
03-31 23:43:41.423  2898  3087 W bt_l2cap: L2CAP - L2CA_Register() called for PSM: 0x0001
03-31 23:43:41.425  2502  2526 E PhoneInterfaceManager: [PhoneIntfMgr] getIccId: ICC ID is null or empty.
03-31 23:43:41.426  2898  3087 W bt_l2cap: L2CAP - L2CA_Register() called for PSM: 0x001f
03-31 23:43:41.426  2898  3087 W bt_l2cap: L2CAP - L2CA_Register() called for PSM: 0x0003
03-31 23:43:41.428  2898  3087 I         : BTE_InitTraceLevels -- TRC_HCI : Level 2
03-31 23:43:41.428  2898  3087 I         : BTE_InitTraceLevels -- TRC_L2CAP : Level 2
03-31 23:43:41.428  2898  3087 I         : BTE_InitTraceLevels -- TRC_RFCOMM : Level 2
03-31 23:43:41.428  2898  3087 I         : BTE_InitTraceLevels -- TRC_AVCT : Level 2
03-31 23:43:41.429  2898  3087 I         : BTE_InitTraceLevels -- TRC_AVDT : Level 2
03-31 23:43:41.429  2898  3087 I         : BTE_InitTraceLevels -- TRC_AVRC : Level 2
03-31 23:43:41.429  2898  3087 I         : BTE_InitTraceLevels -- TRC_A2D : Level 2
03-31 23:43:41.429  2898  3087 I         : BTE_InitTraceLevels -- TRC_BNEP : Level 2
03-31 23:43:41.429  2898  3087 I         : BTE_InitTraceLevels -- TRC_BTM : Level 2
03-31 23:43:41.429  2898  3087 I         : BTE_InitTraceLevels -- TRC_HID_HOST : Level 2
03-31 23:43:41.429  2898  3087 I         : BTE_InitTraceLevels -- TRC_GAP : Level 2
03-31 23:43:41.429  2898  3087 I         : BTE_InitTraceLevels -- TRC_PAN : Level 2
03-31 23:43:41.429  2898  3087 I         : BTE_InitTraceLevels -- TRC_SDP : Level 2
03-31 23:43:41.429  2898  3087 I         : BTE_InitTraceLevels -- TRC_GATT : Level 2
03-31 23:43:41.429  2898  3087 I         : BTE_InitTraceLevels -- TRC_SMP : Level 2
03-31 23:43:41.429  2898  3087 I         : BTE_InitTraceLevels -- TRC_HID_DEV : Level 2
03-31 23:43:41.429  2898  3087 I         : BTE_InitTraceLevels -- TRC_LATENCY_AUDIO : Level 2
03-31 23:43:41.429  2898  3087 I         : BTE_InitTraceLevels -- TRC_BTAPP : Level 2
03-31 23:43:41.429  2898  3087 I         : BTE_InitTraceLevels -- TRC_BTIF : Level 2
03-31 23:43:41.450  3063  3063 I CalendarProvider2: Created com.android.providers.calendar.CalendarAlarmManager@8e551a5(com.android.providers.calendar.CalendarProvider2@322397a)
03-31 23:43:41.467  2898  2985 D bt_hci  : get_waiting_command VS event found treat it as valid 0xffff
03-31 23:43:41.467  2898  2985 W bt_hci  : filter_incoming_event command complete event with no matching command. opcode: 0x0.
03-31 23:43:41.469  2898  2985 D bt_osi_alarm: reschedule_root_alarm alarm expiration too close for posix timers, switching to guns
03-31 23:43:41.471  2898  2985 D bt_osi_alarm: reschedule_root_alarm alarm expiration too close for posix timers, switching to guns
03-31 23:43:41.483  2898  2985 D bt_hci  : get_waiting_command VS event found treat it as valid 0xffff
03-31 23:43:41.483  1383  1408 I ActivityManager: Start proc 3092:com.android.managedprovisioning/u0a11 for broadcast com.android.managedprovisioning/.BootReminder
03-31 23:43:41.483  2898  2985 W bt_hci  : filter_incoming_event command complete event with no matching command. opcode: 0x0.
03-31 23:43:41.486  2898  2985 D bt_osi_alarm: reschedule_root_alarm alarm expiration too close for posix timers, switching to guns
03-31 23:43:41.492  2898  3087 I bt_btm_sec: BTM_SecRegister p_cb_info->p_le_callback == 0x0xa22adcc5
03-31 23:43:41.492  2898  3087 I bt_btm_sec: BTM_SecRegister btm_cb.api.p_le_callback = 0x0xa22adcc5 
03-31 23:43:41.497  2898  2985 D bt_osi_alarm: reschedule_root_alarm alarm expiration too close for posix timers, switching to guns
03-31 23:43:41.499  2898  2985 D bt_osi_alarm: reschedule_root_alarm alarm expiration too close for posix timers, switching to guns
03-31 23:43:41.500  2898  2985 D bt_osi_alarm: reschedule_root_alarm alarm expiration too close for posix timers, switching to guns
03-31 23:43:41.502  2898  2985 D bt_osi_alarm: reschedule_root_alarm alarm expiration too close for posix timers, switching to guns
03-31 23:43:41.503  2898  2985 D bt_osi_alarm: reschedule_root_alarm alarm expiration too close for posix timers, switching to guns
03-31 23:43:41.505  2898  2949 I bt_btif_storage: btif_storage_get_adapter_property service_mask:0x20000000
03-31 23:43:41.505  2898  2949 D BluetoothAdapterProperties: Address is:D0:51:62:9C:CF:9A
03-31 23:43:41.509  2898  2985 D bt_osi_alarm: reschedule_root_alarm alarm expiration too close for posix timers, switching to guns
03-31 23:43:41.511  2898  2985 D bt_osi_alarm: reschedule_root_alarm alarm expiration too close for posix timers, switching to guns
03-31 23:43:41.527  2898  2949 D BluetoothAdapterProperties: Name is: Xperia T
03-31 23:43:41.527  1383  1383 D BluetoothManagerService: Bluetooth Adapter name changed to Xperia T
03-31 23:43:41.528  1383  1383 D BluetoothManagerService: Stored Bluetooth name: Xperia T
03-31 23:43:41.529  2898  2949 D BluetoothAdapterProperties: Scan Mode:20
03-31 23:43:41.529  2898  2949 D BluetoothAdapterProperties: Discoverable Timeout:120
03-31 23:43:41.529  2898  2949 E bt_utils:  Can't copy it from Base file /etc/bluetooth/iot_devlist.conf
03-31 23:43:41.530  2898  2949 D bt_hci  : do_postload posting postload work item
03-31 23:43:41.530  2898  2985 I bt_hci  : event_postload
03-31 23:43:41.530  2898  2985 I bt_vendor: sco_config_cb
03-31 23:43:41.530  2898  2985 I bt_hci  : sco_config_callback postload finished.
03-31 23:43:41.530  2898  2985 I bt_vendor: low_power_mode_cb
03-31 23:43:41.532  2898  2949 D bt_bte_conf: Device ID record 1 : primary
03-31 23:43:41.532  2898  2949 D bt_bte_conf:   vendorId            = 001d
03-31 23:43:41.532  2898  2949 D bt_bte_conf:   vendorIdSource      = 0001
03-31 23:43:41.532  2898  2949 D bt_bte_conf:   product             = 1200
03-31 23:43:41.532  2898  2949 D bt_bte_conf:   version             = 1436
03-31 23:43:41.532  2898  2949 D bt_bte_conf:   clientExecutableURL = 
03-31 23:43:41.532  2898  2949 D bt_bte_conf:   serviceDescription  = 
03-31 23:43:41.532  2898  2949 D bt_bte_conf:   documentationURL    = 
03-31 23:43:41.532  2898  2949 D bt_bte_conf: bte_load_did_conf no section named DID2.
03-31 23:43:41.532  2898  2946 D bt_stack_manager: event_start_up_stack finished
03-31 23:43:41.532  2898  2945 D BluetoothAdapterState: Current state: PENDING_COMMAND, message: 3
03-31 23:43:41.535  2898  2945 D BluetoothAdapterProperties: Setting state to 15
03-31 23:43:41.535  2898  2945 I BluetoothAdapterState: Bluetooth adapter state changed: 14-> 15
03-31 23:43:41.535  1383  1475 D BluetoothManagerService: Message: 60
03-31 23:43:41.535  1383  1475 D BluetoothManagerService: MESSAGE_BLUETOOTH_STATE_CHANGE: prevState = 14, newState=15
03-31 23:43:41.535  1383  1475 D BluetoothManagerService: Bluetooth is in LE only mode
03-31 23:43:41.535  1383  1475 D BluetoothManagerService: Binding Bluetooth GATT service
03-31 23:43:41.536  1383  1475 D BluetoothManagerService: BLE State Change Intent: 14 -> 15
03-31 23:43:41.537  1383  1383 D BluetoothManagerService: BluetoothServiceConnection: com.android.bluetooth.gatt.GattService
03-31 23:43:41.537  2898  2945 I BluetoothAdapterState: Entering BleOnState
03-31 23:43:41.537  1383  1475 D BluetoothManagerService: Message: 40
03-31 23:43:41.537  1383  1475 D BluetoothManagerService: MESSAGE_BLUETOOTH_SERVICE_CONNECTED: 2
03-31 23:43:41.538  1383  1475 D BluetoothManagerService: BluetoothGatt Service is Up
03-31 23:43:41.538  1383  1475 D BluetoothManagerService: isBleAppPresent() count: 0
03-31 23:43:41.538  2898  2945 D BluetoothAdapterState: Current state: BLE ON, message: 1
03-31 23:43:41.538  2898  2945 D BluetoothAdapterProperties: Setting state to 11
03-31 23:43:41.538  2898  2945 I BluetoothAdapterState: Bluetooth adapter state changed: 15-> 11
03-31 23:43:41.539  2898  2945 W BluetoothAdapterService: Total profiles =8
03-31 23:43:41.539  2898  2945 W BluetoothAdapterService: setProfileServiceState() - Starting service com.android.bluetooth.hfp.HeadsetService
03-31 23:43:41.544  2898  2945 W BluetoothAdapterService: setProfileServiceState() - Starting service com.android.bluetooth.a2dp.A2dpService
03-31 23:43:41.545  2898  2945 W BluetoothAdapterService: setProfileServiceState() - Starting service com.android.bluetooth.hid.HidService
03-31 23:43:41.546  1383  1475 D BluetoothManagerService: Message: 60
03-31 23:43:41.546  1383  1475 D BluetoothManagerService: MESSAGE_BLUETOOTH_STATE_CHANGE: prevState = 15, newState=11
03-31 23:43:41.546  1383  1475 D BluetoothManagerService: BLE State Change Intent: 15 -> 11
03-31 23:43:41.547  2898  2945 W BluetoothAdapterService: setProfileServiceState() - Starting service com.android.bluetooth.hdp.HealthService
03-31 23:43:41.547  1383  1383 D BluetoothHeadset: Proxy object connected
03-31 23:43:41.548  1383  1383 D BluetoothHeadset: Proxy object connected
03-31 23:43:41.548  1383  1383 D BluetoothHeadset: getConnectedDevices()
03-31 23:43:41.548  2502  2502 D BluetoothHeadset: Proxy object connected
03-31 23:43:41.549  2898  2945 W BluetoothAdapterService: setProfileServiceState() - Starting service com.android.bluetooth.pan.PanService
03-31 23:43:41.549  1383  1383 D BluetoothHeadset: Proxy object connected
03-31 23:43:41.549  2898  2898 D BluetoothAdapterService: getAdapterService() - returning com.android.bluetooth.btservice.AdapterService@2c97a34
03-31 23:43:41.550  2898  2898 D HeadsetService: Received start request. Starting profile...
03-31 23:43:41.550  2898  2898 D BluetoothAdapterService: getAdapterService() - returning com.android.bluetooth.btservice.AdapterService@2c97a34
03-31 23:43:41.550  2898  2945 W BluetoothAdapterService: setProfileServiceState() - Starting service com.android.bluetooth.map.BluetoothMapService
03-31 23:43:41.552  2898  2945 W BluetoothAdapterService: setProfileServiceState() - Starting service com.android.bluetooth.hid.HidDevService
03-31 23:43:41.552  2898  2898 I BluetoothHeadsetServiceJni: classInitNative: succeeds
03-31 23:43:41.556  2898  2898 D HeadsetStateMachine: make
03-31 23:43:41.560  2898  2945 I BluetoothAdapterState: Entering PendingCommandState
03-31 23:43:41.572  2898  2898 D HeadsetStateMachine: max_hf_connections = 1
03-31 23:43:41.572  2898  2898 I bt_bluedroid: get_profile_interface handsfree
03-31 23:43:41.574  2898  3087 D bt_btif : AG evt (hdl 0x0001): State 0, Event 0x0500
03-31 23:43:41.574  2898  2949 I bt_btif_storage: btif_storage_get_adapter_property service_mask:0x20000040
03-31 23:43:41.574  2898  2949 D bt_btif : btif_hf_upstreams_evt: event=BTA_AG_ENABLE_EVT
03-31 23:43:41.574  2898  2949 E bt_btif : btif_hf_upstreams_evt: Invalid index 37378
03-31 23:43:41.578  2898  3106 D HeadsetStateMachine: Enter Disconnected: -2, size: 0
03-31 23:43:41.578  2898  2985 D bt_osi_alarm: reschedule_root_alarm alarm expiration too close for posix timers, switching to guns
03-31 23:43:41.579  2898  2949 D bt_btif : btif_hf_upstreams_evt: event=BTA_AG_REGISTER_EVT
03-31 23:43:41.579  2898  2898 D HeadsetService:  profile started successfully
03-31 23:43:41.581  2898  2985 D bt_osi_alarm: reschedule_root_alarm alarm expiration too close for posix timers, switching to guns
03-31 23:43:41.586  1383  1383 D BluetoothA2dp: Proxy object connected
03-31 23:43:41.587  2898  2898 D BluetoothAdapterService: getAdapterService() - returning com.android.bluetooth.btservice.AdapterService@2c97a34
03-31 23:43:41.587  2898  2898 D A2dpService: Received start request. Starting profile...
03-31 23:43:41.587  2898  2898 D BluetoothAdapterService: getAdapterService() - returning com.android.bluetooth.btservice.AdapterService@2c97a34
03-31 23:43:41.587  2898  2898 D A2dpService: maxA2dpConnections = 1
03-31 23:43:41.587  2898  2898 D A2dpService: multiCastState = 0
03-31 23:43:41.590  1383  1383 D AudioService: onServiceConnected: A2dp Service connected: 0
03-31 23:43:41.598  2898  2898 I bt_bluedroid: get_profile_interface avrcp
03-31 23:43:41.608  1383  1408 V AudioService: updateRemoteControllerOnExistingMediaPlayers: size of Player list: 0
03-31 23:43:41.608  1383  1408 E AudioService: No RCC entry present to update
03-31 23:43:41.608  2898  2898 E RemoteController: Cannot set synchronization mode on an unregistered RemoteController
03-31 23:43:41.608  2898  2898 I BluetoothA2dpServiceJni: classInitNative: succeeds
03-31 23:43:41.608  2898  2898 D A2dpStateMachine: make
03-31 23:43:41.613  2898  2898 I bt_bluedroid: get_profile_interface a2dp
03-31 23:43:41.613  2898  2898 D bt_btif : ## A2DP START MEDIA THREAD ##
03-31 23:43:41.613  2898  2898 D bt_btif : ## A2DP MEDIA THREAD STARTED ##
03-31 23:43:41.613  2898  2898 D bt_btif : btif_av_state_idle_handler event:BTIF_SM_ENTER_EVT flags 0 on Index = 0
03-31 23:43:41.613  2898  2898 E bt_btif : btif_sm_get_state : Invalid handle
03-31 23:43:41.613  2898  2898 D bt_btif : ## ON A2DP IDLE ##
03-31 23:43:41.614  2898  3087 W bt_l2cap: L2CAP - L2CA_Register() called for PSM: 0x0019
03-31 23:43:41.614  2898  3087 W bt_l2cap: L2CAP - L2CA_Register() called for PSM: 0x0017
03-31 23:43:41.614  2898  3087 D bt_btif :  AVRC_Open AVRC_Open role: 1, control:3 status:0, handle:0
03-31 23:43:41.614  2898  2949 I bt_btif_storage: btif_storage_get_adapter_property service_mask:0x20000048
03-31 23:43:41.614  2898  2949 D bt_btif : btif_av_state_idle_handler event:BTA_AV_ENABLE_EVT flags 0 on Index = 0
03-31 23:43:41.614  2898  2949 D bt_btif : btif_av_state_idle_handler event:BTA_AV_REGISTER_EVT flags 0 on Index = 0
03-31 23:43:41.618  2898  2985 D bt_osi_alarm: reschedule_root_alarm alarm expiration too close for posix timers, switching to guns
03-31 23:43:41.619  2898  2985 D bt_osi_alarm: reschedule_root_alarm alarm expiration too close for posix timers, switching to guns
03-31 23:43:41.619  2898  3110 D bt_btif : btif_media_thread_handle_cmd : 2 BTIF_MEDIA_STOP_AA_TX
03-31 23:43:41.619  2898  3110 D bt_btif : btif_media_task_aa_stop_tx is_tx_timer: 0
03-31 23:43:41.620  2898  3110 D bt_btif : btif_media_thread_handle_cmd: BTIF_MEDIA_STOP_AA_TX DONE
03-31 23:43:41.620  2898  3110 D bt_btif :  btif_media_thread_init
03-31 23:43:41.622  2898  2898 D A2dpService: setA2dpService(): set to: null
03-31 23:43:41.622  2898  2898 D A2dpService:  profile started successfully
03-31 23:43:41.623  2898  2898 I BluetoothHidServiceJni: classInitNative: succeeds
03-31 23:43:41.623  2898  3109 D A2dpStateMachine: Enter Disconnected: -2
03-31 23:43:41.623  2898  3109 D A2dpStateMachine: mConnectedDevicesList size: 0
03-31 23:43:41.628  2898  2898 D BluetoothAdapterService: getAdapterService() - returning com.android.bluetooth.btservice.AdapterService@2c97a34
03-31 23:43:41.628  1832  1832 D BluetoothInputDevice: Proxy object connected
03-31 23:43:41.628  1832  1832 D HidProfile: Bluetooth service connected
03-31 23:43:41.629  2898  2898 D HidService: Received start request. Starting profile...
03-31 23:43:41.629  2898  2898 D BluetoothAdapterService: getAdapterService() - returning com.android.bluetooth.btservice.AdapterService@2c97a34
03-31 23:43:41.629  2898  2898 I bt_bluedroid: get_profile_interface hidhost
03-31 23:43:41.629  2898  2898 D HidService:  profile started successfully
03-31 23:43:41.629  2898  2949 I bt_bta_hh: BTA_HhEnable sec_mask:0x36 p_cback:0xa2286f19
03-31 23:43:41.629  2898  3087 W bt_l2cap: L2CAP - L2CA_Register() called for PSM: 0x0011
03-31 23:43:41.629  2898  3087 W bt_l2cap: L2CAP - L2CA_Register() called for PSM: 0x0013
03-31 23:43:41.630  2898  2949 I bt_btif_storage: btif_storage_get_adapter_property service_mask:0x20100048
03-31 23:43:41.630  2898  2898 I BluetoothHealthServiceJni: classInitNative: succeeds
03-31 23:43:41.631  2898  2898 D BluetoothAdapterService: getAdapterService() - returning com.android.bluetooth.btservice.AdapterService@2c97a34
03-31 23:43:41.631  2898  2898 D HealthService: Received start request. Starting profile...
03-31 23:43:41.631  2898  2898 D BluetoothAdapterService: getAdapterService() - returning com.android.bluetooth.btservice.AdapterService@2c97a34
03-31 23:43:41.632  2443  2443 D BluetoothInputDevice: Proxy object connected
03-31 23:43:41.633  2898  2898 I bt_bluedroid: get_profile_interface health
03-31 23:43:41.633  2443  2443 D HidProfile: Bluetooth service connected
03-31 23:43:41.633  2898  2898 D HealthService:  profile started successfully
03-31 23:43:41.634  2898  2898 I BluetoothPanServiceJni: classInitNative(L113): succeeds
03-31 23:43:41.639  3092  3092 W System  : ClassLoader referenced unknown path: /system/priv-app/ManagedProvisioning/lib/arm
03-31 23:43:41.641  1832  1832 D BluetoothPan: BluetoothPAN Proxy object connected
03-31 23:43:41.641  1832  1832 D PanProfile: Bluetooth service connected
03-31 23:43:41.641  2898  2898 D BluetoothAdapterService: getAdapterService() - returning com.android.bluetooth.btservice.AdapterService@2c97a34
03-31 23:43:41.642  2898  2898 D PanService: Received start request. Starting profile...
03-31 23:43:41.642  2898  2898 D BluetoothAdapterService: getAdapterService() - returning com.android.bluetooth.btservice.AdapterService@2c97a34
03-31 23:43:41.642  2443  2443 D BluetoothPan: BluetoothPAN Proxy object connected
03-31 23:43:41.643  2898  2898 D BluetoothPanServiceJni: initializeNative(L118): pan
03-31 23:43:41.643  2898  2898 I bt_bluedroid: get_profile_interface pan
03-31 23:43:41.643  2898  3087 W bt_l2cap: L2CAP - L2CA_Register() called for PSM: 0x000f
03-31 23:43:41.643  2898  2949 D BluetoothPanServiceJni: control_state_callback(L61): state:0, local_role:3, ifname:bt-pan
03-31 23:43:41.644  2898  2898 D PanService:  profile started successfully
03-31 23:43:41.647  2898  2985 D bt_osi_alarm: reschedule_root_alarm alarm expiration too close for posix timers, switching to guns
03-31 23:43:41.647  2443  2443 D PanProfile: Bluetooth service connected
03-31 23:43:41.648  2898  2985 D bt_osi_alarm: reschedule_root_alarm alarm expiration too close for posix timers, switching to guns
03-31 23:43:41.654  2898  2985 D bt_osi_alarm: reschedule_root_alarm alarm expiration too close for posix timers, switching to guns
03-31 23:43:41.659  1832  1832 D BluetoothMap: Proxy object connected
03-31 23:43:41.659  2898  2985 D bt_osi_alarm: reschedule_root_alarm alarm expiration too close for posix timers, switching to guns
03-31 23:43:41.659  1832  1832 D MapProfile: Bluetooth service connected
03-31 23:43:41.659  2898  2985 D bt_osi_alarm: reschedule_root_alarm alarm expiration too close for posix timers, switching to guns
03-31 23:43:41.659  1832  1832 D BluetoothMap: getConnectedDevices()
03-31 23:43:41.660  2898  2898 D BluetoothAdapterService: getAdapterService() - returning com.android.bluetooth.btservice.AdapterService@2c97a34
03-31 23:43:41.660  2898  2985 D bt_osi_alarm: reschedule_root_alarm alarm expiration too close for posix timers, switching to guns
03-31 23:43:41.660  2898  2898 D BluetoothMapService: Received start request. Starting profile...
03-31 23:43:41.660  2898  2898 D BluetoothAdapterService: getAdapterService() - returning com.android.bluetooth.btservice.AdapterService@2c97a34
03-31 23:43:41.660  2898  2898 D BluetoothMapService: start()
03-31 23:43:41.661  2898  2898 D BluetoothUtils: callingUid =1002
03-31 23:43:41.661  1832  1832 D BluetoothMap: Bluetooth is Not enabled
03-31 23:43:41.661  2898  2898 E BluetoothUtils: foregroundUser =0
03-31 23:43:41.661  2898  2898 E BluetoothUtils: callingUser =0
03-31 23:43:41.663  2898  2985 D bt_osi_alarm: reschedule_root_alarm alarm expiration too close for posix timers, switching to guns
03-31 23:43:41.663  2898  2898 D BluetoothMapAccountEmailLoader: mEmailContext Assigned 
03-31 23:43:41.663  2898  2985 D bt_osi_alarm: reschedule_root_alarm alarm expiration too close for posix timers, switching to guns
03-31 23:43:41.664  2898  2898 D BluetoothMapAccountLoader: Found 0 application(s) with intent android.bluetooth.action.BLUETOOTH_MAP_PROVIDER
03-31 23:43:41.665  2898  2898 D BluetoothMapAccountLoader: Found 0 application(s) with intent android.bluetooth.action.BLUETOOTH_MAP_IM_PROVIDER
03-31 23:43:41.665  2898  2898 D BluetoothMapAccountEmailLoader: Groups SIZE: 0
03-31 23:43:41.665  2898  2898 D BluetoothMapAccountEmailLoader: Found 0 applications - Support legacy default or primary email Account
03-31 23:43:41.665  2898  2898 D BluetoothMapAccountEmailLoader: Finding accounts for app com.android.email
03-31 23:43:41.665  2898  2985 D bt_osi_alarm: reschedule_root_alarm alarm expiration too close for posix timers, switching to guns
03-31 23:43:41.667  2898  2985 D bt_osi_alarm: reschedule_root_alarm alarm expiration too close for posix timers, switching to guns
03-31 23:43:41.669  2898  2985 D bt_osi_alarm: reschedule_root_alarm alarm expiration too close for posix timers, switching to guns
03-31 23:43:41.670  2443  2443 D BluetoothMap: Proxy object connected
03-31 23:43:41.672  2443  2443 D MapProfile: Bluetooth service connected
03-31 23:43:41.673  2443  2443 D BluetoothMap: getConnectedDevices()
03-31 23:43:41.673  2443  2443 D BluetoothMap: Bluetooth is Not enabled
03-31 23:43:41.676  2898  2898 D BluetoothMapAccountEmailLoader: parseAccnts: 0
