03-31 23:43:32.794   384  2304 I caladbolg:    2237967 cald_camctrl.c                    (9158)  2304 I [INF] - Cald_CamCtrl_Func_PowerDown
03-31 23:43:32.813  2385  2385 F libc    : page record for 0xb6e5700c was not found (block_size=64)
03-31 23:43:32.814  1383  1732 E ActivityManager: Activity Manager Crash
03-31 23:43:32.814  1383  1732 E ActivityManager: java.lang.NullPointerException: Attempt to invoke virtual method 'java.lang.String java.lang.String.intern()' on a null object reference
03-31 23:43:32.814  1383  1732 E ActivityManager: 	at android.content.Intent.readFromParcel(Intent.java:8032)
03-31 23:43:32.814  1383  1732 E ActivityManager: 	at android.content.Intent.<init>(Intent.java:8012)
03-31 23:43:32.814  1383  1732 E ActivityManager: 	at android.content.Intent$1.createFromParcel(Intent.java:8003)
03-31 23:43:32.814  1383  1732 E ActivityManager: 	at android.content.Intent$1.createFromParcel(Intent.java:8002)
03-31 23:43:32.814  1383  1732 E ActivityManager: 	at android.app.ActivityManagerNative.onTransact(ActivityManagerNative.java:453)
03-31 23:43:32.814  1383  1732 E ActivityManager: 	at com.android.server.am.ActivityManagerService.onTransact(ActivityManagerService.java:2670)
03-31 23:43:32.814  1383  1732 E ActivityManager: 	at android.os.Binder.execTransact(Binder.java:453)
03-31 23:43:32.818   384  1773 I caladbolg:    2238425 cald_client.c                      (396)  1773 I [INF] - Cald_Client_ICamera_ReleaseCamera (0)
03-31 23:43:32.818   384  1773 I caladbolg:    2238516 cald_client.c                     (1935)  1773 I [INF] Cald_Client_Delete
03-31 23:43:32.818   384  1773 I caladbolg:    2238852 cald_server.c                      (923)  1773 I [INF] Cald_Server_ICameraServer_Stop
03-31 23:43:32.818   384  1773 I caladbolg:    2238913 cald_camctrl.c                   (18032)  1773 I [INF] + Cald_CamCtrl_Delete
03-31 23:43:32.819   384  1773 I caladbolg:    2240103 cald_hal.c                        (5596)  1773 I [INF] + Cald_Hal_Delete
03-31 23:43:32.820   384  1773 I caladbolg:    2240378 cald_hal.c                        (5609)  1773 I [INF] - Cald_Hal_Delete
03-31 23:43:32.820   384  1773 I caladbolg:    2240439 cald_camctrl.c                   (18039)  1773 I [INF] - Cald_CamCtrl_Delete
03-31 23:43:32.820   384  1773 I caladbolg:    2240500 cald_camctrl.c                   (18032)  1773 I [INF] + Cald_CamCtrl_Delete
03-31 23:43:32.825  2384  2384 F libc    : page record for 0xb6f7400c was not found (block_size=64)
03-31 23:43:32.828   384  1773 I caladbolg:    2244742 cald_hal.c                        (5596)  1773 I [INF] + Cald_Hal_Delete
03-31 23:43:32.828  2383  2383 F libc    : page record for 0xb6f0b00c was not found (block_size=64)
03-31 23:43:32.832  2382  2382 F libc    : page record for 0xb6f2300c was not found (block_size=64)
03-31 23:43:32.839   384  1773 I caladbolg:    2246574 cald_hal.c                        (5609)  1773 I [INF] - Cald_Hal_Delete
03-31 23:43:32.839   384  1773 I caladbolg:    2246665 cald_camctrl.c                   (18039)  1773 I [INF] - Cald_CamCtrl_Delete
03-31 23:43:32.840  1383  1890 D DASH    : device/sony/blue-common/sensors/sensors_wrapper.c(227): sensors_wrapper_activate: lock
03-31 23:43:32.840  1383  1890 D DASH    : device/sony/blue-common/sensors/sensors_wrapper.c(253): sensors_wrapper_activate: unlock
03-31 23:43:32.840   384  1773 I caladbolg:    2247184 cald_pal.c                        (4835)  1773 I [INF] PAL_Delete
03-31 23:43:32.844  2386  2386 F libc    : page record for 0xb6f6a00c was not found (block_size=64)
03-31 23:43:32.846   384  1773 E idd-api : idd_set_sdata: send failed, socket 14, errcode -2 (No such file or directory)
03-31 23:43:32.846   384  1773 I libcamera: stopCamera: X
03-31 23:43:32.846   384  1773 I libcamera: release: X
03-31 23:43:32.846   384  1773 I CameraFlashlight: Destroying camera 0
03-31 23:43:32.847   384  1773 I CameraService: onTorchStatusChangedLocked: Torch status changed for cameraId=0, newStatus=1
03-31 23:43:32.847   384  1773 I libcamera: HAL_getNumberOfCameras: E
03-31 23:43:32.847   384  1773 I libcamera: HAL_Camera_GetCameraInfo: HAL_gCameraNum=2
03-31 23:43:32.847   384  1773 I libcamera: HAL_getNumberOfCameras: X
03-31 23:43:32.847   384  1773 I CameraService: onTorchStatusChangedLocked: Torch status changed for cameraId=0, newStatus=1
03-31 23:43:32.847   384  1773 I CameraService: disconnect: Disconnected client for camera 0 for PID 384
03-31 23:43:32.847   384  1773 D NuPlayerDriver: reset(0xb8f0ad10)
03-31 23:43:32.847   384  1773 D NuPlayerDriver: notifyListener_l(0xb8f0ad10), (8, 0, 0)
03-31 23:43:32.848   384  2290 W AMessage: failed to post message as target looper for handler 0 is gone.
03-31 23:43:32.848   384  2290 D NuPlayerDriver: notifyResetComplete(0xb8f0ad10)
03-31 23:43:32.848   384  1773 D NuPlayerDriver: reset(0xb8f15990)
03-31 23:43:32.848   384  1773 D NuPlayerDriver: notifyListener_l(0xb8f15990), (8, 0, 0)
03-31 23:43:32.848   384  2292 W AMessage: failed to post message as target looper for handler 0 is gone.
03-31 23:43:32.848   384  2292 D NuPlayerDriver: notifyResetComplete(0xb8f15990)
03-31 23:43:32.848   384  1773 D NuPlayerDriver: reset(0xb8ed6ed8)
03-31 23:43:32.848   384  1773 D NuPlayerDriver: notifyListener_l(0xb8ed6ed8), (8, 0, 0)
03-31 23:43:32.848   384  2297 W AMessage: failed to post message as target looper for handler 0 is gone.
03-31 23:43:32.849   384  2297 D NuPlayerDriver: notifyResetComplete(0xb8ed6ed8)
03-31 23:43:32.849   384  2132 I CameraService: getCameraCharacteristics: Switching to HAL1 shim implementation...
03-31 23:43:32.849   384  2132 I libcamera: HAL_getCameraInfo: E cameraId=1
03-31 23:43:32.849   384  2132 I libcamera: HAL_Camera_GetCameraInfo: HAL_gCameraNum=2
03-31 23:43:32.849   384  2132 I libcamera: HAL_getCameraInfo: X
03-31 23:43:32.849   384  2132 I CameraService: CameraService::connect call (PID 384 "media", camera ID 1) for HAL version default and Camera API version 1
03-31 23:43:32.850   384  2132 E CameraService: getCameraPriorityFromProcState: Received invalid process state -1 from ActivityManagerService!
03-31 23:43:32.850   384  2132 I libcamera: HAL_getNumberOfCameras: E
03-31 23:43:32.850   384  2132 I libcamera: HAL_Camera_GetCameraInfo: HAL_gCameraNum=2
03-31 23:43:32.850   384  2132 I libcamera: HAL_getNumberOfCameras: X
03-31 23:43:32.850   384  2132 I CameraService: onTorchStatusChangedLocked: Torch status changed for cameraId=0, newStatus=0
03-31 23:43:32.850   384  2132 I libcamera: HAL_getCameraInfo: E cameraId=1
03-31 23:43:32.850   384  2132 I libcamera: HAL_Camera_GetCameraInfo: HAL_gCameraNum=2
03-31 23:43:32.850   384  2132 I libcamera: HAL_getCameraInfo: X
03-31 23:43:32.880   384  2400 D NuPlayerDriver: notifyListener_l(0xb8f0d948), (1, 0, 0)
03-31 23:43:32.882  1383  1383 E NetdConnector: NDC Command {4 strict enable} took too long (2579ms)
03-31 23:43:32.884  1383  1761 E NetdConnector: NDC Command {5 interface getcfg wlan0} took too long (2581ms)
03-31 23:43:32.886   380  1466 D CommandListener: Setting iface cfg
03-31 23:43:32.886   380  1466 D CommandListener: Trying to bring down wlan0
03-31 23:43:32.894   384  2402 D NuPlayerDriver: notifyListener_l(0xb8f8d648), (1, 0, 0)
03-31 23:43:32.895   380  1466 D CommandListener: Clearing all IP addresses on wlan0
03-31 23:43:32.900  1383  1383 W System  : ClassLoader referenced unknown path: /system/framework/ConnectivityExt.jar
03-31 23:43:32.901  1383  1383 W ConnectivityExtension: Connectivity extension is not available
03-31 23:43:32.915   384  2404 D NuPlayerDriver: notifyListener_l(0xb8f0b4d0), (1, 0, 0)
03-31 23:43:32.916   384  2132 I CameraClient: Opening camera 1
03-31 23:43:32.916   384  2132 I libcamera: HAL_getCameraInfo: E cameraId=1
03-31 23:43:32.916   384  2132 I libcamera: HAL_Camera_GetCameraInfo: HAL_gCameraNum=2
03-31 23:43:32.916   384  2132 I libcamera: HAL_getCameraInfo: X
03-31 23:43:32.916   384  2132 I libcamera: HAL_getNumberOfCameras: E
03-31 23:43:32.916   384  2132 I libcamera: HAL_Camera_GetCameraInfo: HAL_gCameraNum=2
03-31 23:43:32.916   384  2132 I libcamera: HAL_getNumberOfCameras: X
03-31 23:43:32.916   384  2132 I libcamera: HAL_openCameraHardware: E cameraId=1
03-31 23:43:32.917   384  2132 W SHIM_ServiceManager: Permission failure: android.permission.CAMERA from uid=1013 pid=384
03-31 23:43:32.917   384  2132 I libcamera: HAL_Camera_GetCameraInfo: HAL_gCameraNum=2
03-31 23:43:32.919   384  2132 I caladbolg:    2298275 cald_pal.c                        (4812)  2132 I [INF] PAL_Create
03-31 23:43:32.921   384  2132 I caladbolg:    2298672 cald_camctrl.c                   (17998)  2132 I [INF] + Cald_CamCtrl_Create
03-31 23:43:32.921   384  2132 I caladbolg:    2298794 cald_hal.c                        (5552)  2132 I [INF] + Cald_Hal_Create
03-31 23:43:32.925   384  2410 I mm-camera: qcamsvr_start: old_mode = 7
03-31 23:43:32.931  1383  1408 E Parcel  : Reading a NULL string not supported here.
03-31 23:43:32.932  1383  1919 D DASH    : device/sony/blue-common/sensors/sensors_wrapper.c(227): sensors_wrapper_activate: lock
03-31 23:43:32.934   384  2132 I mm-camera-c2d_client: c2d_interface_create: idx = 0 handle = 256
03-31 23:43:32.935   384  2132 I caladbolg:    2305692 cald_hal.c                        (5580)  2132 I [INF] - Cald_Hal_Create
03-31 23:43:32.935   384  2132 I caladbolg:    2305753 cald_camctrl.c                    (8834)  2132 I [INF] Module name SOI13BS0
03-31 23:43:32.943   384  2132 I caladbolg:    2313444 cald_camctrl.c                    (6237)  2132 I [INF] CameraIndex :    [0x1]
03-31 23:43:32.943   384  2132 I caladbolg:    2313505 cald_camctrl.c                    (6238)  2132 I [INF] numOfCameras:    [0x2]
03-31 23:43:32.943   384  2132 I caladbolg:    2313566 cald_camctrl.c                    (6239)  2132 I [INF] majorVersion:    [0x2]
03-31 23:43:32.943   384  2132 I caladbolg:    2313627 cald_camctrl.c                    (6240)  2132 I [INF] minorVersion:    [0x1]
03-31 23:43:32.944   384  2132 I caladbolg:    2314298 cald_camctrl.c                   (18023)  2132 I [INF] - Cald_CamCtrl_Create
03-31 23:43:32.944   384  2132 I caladbolg:    2314359 cald_camctrl.c                   (17998)  2132 I [INF] + Cald_CamCtrl_Create
03-31 23:43:32.944   384  2132 I caladbolg:    2314481 cald_hal.c                        (5552)  2132 I [INF] + Cald_Hal_Create
03-31 23:43:32.948   384  2132 I caladbolg:    2315183 cald_hal.c                        (5580)  2132 I [INF] - Cald_Hal_Create
03-31 23:43:32.948   384  2132 I caladbolg:    2315763 cald_camctrl.c                    (8834)  2132 I [INF] Module name STW01BM0
03-31 23:43:32.959   384  2132 I caladbolg:    2324462 cald_camctrl.c                    (6237)  2132 I [INF] CameraIndex :    [0x2]
03-31 23:43:32.959   384  2132 I caladbolg:    2324523 cald_camctrl.c                    (6238)  2132 I [INF] numOfCameras:    [0x2]
03-31 23:43:32.959   384  2132 I caladbolg:    2324584 cald_camctrl.c                    (6239)  2132 I [INF] majorVersion:    [0x2]
03-31 23:43:32.959   384  2132 I caladbolg:    2324645 cald_camctrl.c                    (6240)  2132 I [INF] minorVersion:    [0x1]
03-31 23:43:32.960   384  2132 I caladbolg:    2325255 cald_camctrl.c                   (18023)  2132 I [INF] - Cald_CamCtrl_Create
03-31 23:43:32.965  1383  1406 E ActivityManager: Activity Manager Crash
03-31 23:43:32.965  1383  1406 E ActivityManager: java.lang.NullPointerException: Attempt to invoke virtual method 'java.lang.String java.lang.String.intern()' on a null object reference
03-31 23:43:32.965  1383  1406 E ActivityManager: 	at android.content.Intent.readFromParcel(Intent.java:8032)
03-31 23:43:32.965  1383  1406 E ActivityManager: 	at android.content.Intent.<init>(Intent.java:8012)
03-31 23:43:32.965  1383  1406 E ActivityManager: 	at android.content.Intent$1.createFromParcel(Intent.java:8003)
03-31 23:43:32.965  1383  1406 E ActivityManager: 	at android.content.Intent$1.createFromParcel(Intent.java:8002)
03-31 23:43:32.965  1383  1406 E ActivityManager: 	at android.app.ActivityManagerNative.onTransact(ActivityManagerNative.java:453)
03-31 23:43:32.965  1383  1406 E ActivityManager: 	at com.android.server.am.ActivityManagerService.onTransact(ActivityManagerService.java:2670)
03-31 23:43:32.965  1383  1406 E ActivityManager: 	at android.os.Binder.execTransact(Binder.java:453)
03-31 23:43:32.970  1383  1919 D DASH    : device/sony/blue-common/sensors/sensors_wrapper.c(253): sensors_wrapper_activate: unlock
03-31 23:43:32.970  1383  1919 D DASH    : device/sony/blue-common/sensors/sensors_wrapper.c(269): sensors_wrapper_set_delay: lock
03-31 23:43:32.970  1383  1919 D DASH    : device/sony/blue-common/sensors/sensors_wrapper.c(281): sensors_wrapper_set_delay: unlock
03-31 23:43:32.970  1383  1919 D DASH    : device/sony/blue-common/sensors/sensors_wrapper.c(269): sensors_wrapper_set_delay: lock
03-31 23:43:32.970  1383  1919 D DASH    : device/sony/blue-common/sensors/sensors_wrapper.c(281): sensors_wrapper_set_delay: unlock
03-31 23:43:32.970  1383  1890 D DASH    : device/sony/blue-common/sensors/sensors_wrapper.c(269): sensors_wrapper_set_delay: lock
03-31 23:43:32.971  1383  1890 D DASH    : device/sony/blue-common/sensors/sensors_wrapper.c(281): sensors_wrapper_set_delay: unlock
03-31 23:43:32.972  1383  1408 E ActivityManager: Activity Manager Crash
03-31 23:43:32.972  1383  1408 E ActivityManager: java.lang.NullPointerException: Attempt to invoke virtual method 'java.lang.String java.lang.String.intern()' on a null object reference
03-31 23:43:32.972  1383  1408 E ActivityManager: 	at android.content.Intent.readFromParcel(Intent.java:8032)
03-31 23:43:32.972  1383  1408 E ActivityManager: 	at android.content.Intent.<init>(Intent.java:8012)
03-31 23:43:32.972  1383  1408 E ActivityManager: 	at android.content.Intent$1.createFromParcel(Intent.java:8003)
03-31 23:43:32.972  1383  1408 E ActivityManager: 	at android.content.Intent$1.createFromParcel(Intent.java:8002)
03-31 23:43:32.972  1383  1408 E ActivityManager: 	at android.app.ActivityManagerNative.onTransact(ActivityManagerNative.java:453)
03-31 23:43:32.972  1383  1408 E ActivityManager: 	at com.android.server.am.ActivityManagerService.onTransact(ActivityManagerService.java:2670)
03-31 23:43:32.972  1383  1408 E ActivityManager: 	at android.os.Binder.execTransact(Binder.java:453)
03-31 23:43:32.975  1383  1732 E ActivityManager: Activity Manager Crash
03-31 23:43:32.975  1383  1732 E ActivityManager: java.lang.NullPointerException: Attempt to invoke virtual method 'java.lang.String java.lang.String.intern()' on a null object reference
03-31 23:43:32.975  1383  1732 E ActivityManager: 	at android.content.Intent.readFromParcel(Intent.java:8032)
03-31 23:43:32.975  1383  1732 E ActivityManager: 	at android.content.Intent.<init>(Intent.java:8012)
03-31 23:43:32.975  1383  1732 E ActivityManager: 	at android.content.Intent$1.createFromParcel(Intent.java:8003)
03-31 23:43:32.975  1383  1732 E ActivityManager: 	at android.content.Intent$1.createFromParcel(Intent.java:8002)
03-31 23:43:32.975  1383  1732 E ActivityManager: 	at android.app.ActivityManagerNative.onTransact(ActivityManagerNative.java:453)
03-31 23:43:32.975  1383  1732 E ActivityManager: 	at com.android.server.am.ActivityManagerService.onTransact(ActivityManagerService.java:2670)
03-31 23:43:32.975  1383  1732 E ActivityManager: 	at android.os.Binder.execTransact(Binder.java:453)
03-31 23:43:32.983  1383  1406 E ActivityManager: Activity Manager Crash
03-31 23:43:32.983  1383  1406 E ActivityManager: java.lang.NullPointerException: Attempt to invoke virtual method 'java.lang.String java.lang.String.intern()' on a null object reference
03-31 23:43:32.983  1383  1406 E ActivityManager: 	at android.content.Intent.readFromParcel(Intent.java:8032)
03-31 23:43:32.983  1383  1406 E ActivityManager: 	at android.content.Intent.<init>(Intent.java:8012)
03-31 23:43:32.983  1383  1406 E ActivityManager: 	at android.content.Intent$1.createFromParcel(Intent.java:8003)
03-31 23:43:32.983  1383  1406 E ActivityManager: 	at android.content.Intent$1.createFromParcel(Intent.java:8002)
03-31 23:43:32.983  1383  1406 E ActivityManager: 	at android.app.ActivityManagerNative.onTransact(ActivityManagerNative.java:453)
03-31 23:43:32.983  1383  1406 E ActivityManager: 	at com.android.server.am.ActivityManagerService.onTransact(ActivityManagerService.java:2670)
03-31 23:43:32.983  1383  1406 E ActivityManager: 	at android.os.Binder.execTransact(Binder.java:453)
03-31 23:43:32.985   384  2132 E QCOM PowerHAL: Invalid hint ID.
03-31 23:43:32.988   384  2132 E QCOM PowerHAL: Invalid hint ID.
03-31 23:43:32.997  1383  1919 E ActivityManager: Activity Manager Crash
03-31 23:43:32.997  1383  1919 E ActivityManager: java.lang.NullPointerException: Attempt to invoke virtual method 'java.lang.String java.lang.String.intern()' on a null object reference
03-31 23:43:32.997  1383  1919 E ActivityManager: 	at android.content.Intent.readFromParcel(Intent.java:8032)
03-31 23:43:32.997  1383  1919 E ActivityManager: 	at android.content.Intent.<init>(Intent.java:8012)
03-31 23:43:32.997  1383  1919 E ActivityManager: 	at android.content.Intent$1.createFromParcel(Intent.java:8003)
03-31 23:43:32.997  1383  1919 E ActivityManager: 	at android.content.Intent$1.createFromParcel(Intent.java:8002)
03-31 23:43:32.997  1383  1919 E ActivityManager: 	at android.app.ActivityManagerNative.onTransact(ActivityManagerNative.java:453)
03-31 23:43:32.997  1383  1919 E ActivityManager: 	at com.android.server.am.ActivityManagerService.onTransact(ActivityManagerService.java:2670)
03-31 23:43:32.997  1383  1919 E ActivityManager: 	at android.os.Binder.execTransact(Binder.java:453)
03-31 23:43:32.998  1383  1890 E ActivityManager: Activity Manager Crash
03-31 23:43:32.998  1383  1890 E ActivityManager: java.lang.NullPointerException: Attempt to invoke virtual method 'java.lang.String java.lang.String.intern()' on a null object reference
03-31 23:43:32.998  1383  1890 E ActivityManager: 	at android.content.Intent.readFromParcel(Intent.java:8032)
03-31 23:43:32.998  1383  1890 E ActivityManager: 	at android.content.Intent.<init>(Intent.java:8012)
03-31 23:43:32.998  1383  1890 E ActivityManager: 	at android.content.Intent$1.createFromParcel(Intent.java:8003)
03-31 23:43:32.998  1383  1890 E ActivityManager: 	at android.content.Intent$1.createFromParcel(Intent.java:8002)
03-31 23:43:32.998  1383  1890 E ActivityManager: 	at android.app.ActivityManagerNative.onTransact(ActivityManagerNative.java:453)
03-31 23:43:32.998  1383  1890 E ActivityManager: 	at com.android.server.am.ActivityManagerService.onTransact(ActivityManagerService.java:2670)
03-31 23:43:32.998  1383  1890 E ActivityManager: 	at android.os.Binder.execTransact(Binder.java:453)
03-31 23:43:32.999   384  2132 I caladbolg:    2328734 cald_server.c                      (904)  2132 I [INF] Cald_Server_ICameraServer_Start
03-31 23:43:33.012   384  2132 I caladbolg:    2329314 cald_client.c                     (1926)  2132 I [INF] Cald_Client_Create
03-31 23:43:33.012   384  2132 I caladbolg:    2329406 cald_client.c                      (307)  2132 I [INF] + Cald_Client_ICamera_ReserveCamera index[0x2] priority[0] pICBCamera[0xb498e5d8] userData[0xb8ed1ca8]
03-31 23:43:33.012   384  2408 I caladbolg:    2329528 cald_camctrl.c                    (9020)  2408 P [PFM]    2329467 + Cald_CamCtrl_PowerUp
03-31 23:43:33.012   384  2408 I caladbolg:    2329620 cald_capctrl.c                   (10365)  2408 I [INF] + Cald_CapCtrl_Create
03-31 23:43:33.026   384  2408 I caladbolg:    2334228 cald_capctrl.c                   (10393)  2408 I [INF] - Cald_CapCtrl_Create
03-31 23:43:33.027   384  2408 I caladbolg:    2334381 cald_iqctrl.c                    (19921)  2408 I [INF] + Cald_IqCtrl_Create
03-31 23:43:33.042   384  2408 I caladbolg:    2341522 cald_iqctrl.c                    (19968)  2408 I [INF] - Cald_IqCtrl_Create
03-31 23:43:33.050   384  2408 I caladbolg:    2342682 cald_hal_qct_camera.c             (5977)  2408 P [HAL]    2342621 + Cald_Hal_Qct_If_PowerUp 
03-31 23:43:33.050   384  2408 I caladbolg:    2342896 cald_hal_qct_camera.c             (6046)  2408 P [HAL]    2342865 - Cald_Hal_Qct_If_PowerUp
03-31 23:43:33.057  1383  1408 E ActivityManager: Activity Manager Crash
03-31 23:43:33.057  1383  1408 E ActivityManager: java.lang.NullPointerException: Attempt to invoke virtual method 'java.lang.String java.lang.String.intern()' on a null object reference
03-31 23:43:33.057  1383  1408 E ActivityManager: 	at android.content.Intent.readFromParcel(Intent.java:8032)
03-31 23:43:33.057  1383  1408 E ActivityManager: 	at android.content.Intent.<init>(Intent.java:8012)
03-31 23:43:33.057  1383  1408 E ActivityManager: 	at android.content.Intent$1.createFromParcel(Intent.java:8003)
03-31 23:43:33.057  1383  1408 E ActivityManager: 	at android.content.Intent$1.createFromParcel(Intent.java:8002)
03-31 23:43:33.057  1383  1408 E ActivityManager: 	at android.app.ActivityManagerNative.onTransact(ActivityManagerNative.java:453)
03-31 23:43:33.057  1383  1408 E ActivityManager: 	at com.android.server.am.ActivityManagerService.onTransact(ActivityManagerService.java:2670)
03-31 23:43:33.057  1383  1408 E ActivityManager: 	at android.os.Binder.execTransact(Binder.java:453)
03-31 23:43:33.058   384  2408 I caladbolg:    2345185 cald_camctrl.c                    (9035)  2408 P [PFM]    2345124 - Cald_CamCtrl_PowerUp
03-31 23:43:33.058   384  2132 I caladbolg:    2345307 cald_client.c                      (332)  2132 I [INF] - Cald_Client_ICamera_ReserveCamera (0)
03-31 23:43:33.059   384  2132 I caladbolg:    2345673 cald_client.c                      (113)  2132 I [INF] + Cald_Client_ICamera_GetCameraCaps 
03-31 23:43:33.059   384  2132 I caladbolg:    2345795 cald_client.c                      (137)  2132 I [INF] - Cald_Client_ICamera_GetCameraCaps (0)
03-31 23:43:33.059   384  2132 I caladbolg:    2345887 cald_client.c                      (151)  2132 I [INF] + Cald_Client_ICamera_GetPreviewCaps 
03-31 23:43:33.059   384  2132 I caladbolg:    2346009 cald_client.c                      (177)  2132 I [INF] - Cald_Client_ICamera_GetPreviewCaps (0)
03-31 23:43:33.059   384  2132 I caladbolg:    2346070 cald_client.c                      (268)  2132 I [INF] + Cald_Client_ICamera_GetSnapshotCaps 
03-31 23:43:33.060   384  2132 I caladbolg:    2346192 cald_client.c                      (293)  2132 I [INF] - Cald_Client_ICamera_GetSnapshotCaps (0)
03-31 23:43:33.060   384  2132 I caladbolg:    2346253 cald_client.c                      (191)  2132 I [INF] + Cald_Client_ICamera_GetVideoCaps 
03-31 23:43:33.060   384  2132 I caladbolg:    2346375 cald_client.c                      (217)  2132 I [INF] - Cald_Client_ICamera_GetVideoCaps (0)
03-31 23:43:33.061   384  2408 I caladbolg:    2347230 cald_camctrl.c                   (11707)  2408 I [INF] Thumbnail size [640 x 480]
03-31 23:43:33.061   384  2132 I caladbolg:    2348084 cald_client.c                      (113)  2132 I [INF] + Cald_Client_ICamera_GetCameraCaps 
03-31 23:43:33.062   384  2132 I caladbolg:    2348206 cald_client.c                      (137)  2132 I [INF] - Cald_Client_ICamera_GetCameraCaps (0)
03-31 23:43:33.062   384  2132 I caladbolg:    2348267 cald_client.c                      (151)  2132 I [INF] + Cald_Client_ICamera_GetPreviewCaps 
03-31 23:43:33.062   384  2132 I caladbolg:    2348390 cald_client.c                      (177)  2132 I [INF] - Cald_Client_ICamera_GetPreviewCaps (0)
03-31 23:43:33.062   384  2132 I caladbolg:    2348481 cald_client.c                      (268)  2132 I [INF] + Cald_Client_ICamera_GetSnapshotCaps 
03-31 23:43:33.062   384  2132 I caladbolg:    2348603 cald_client.c                      (293)  2132 I [INF] - Cald_Client_ICamera_GetSnapshotCaps (0)
03-31 23:43:33.062   384  2132 E idd-api : idd_set_sdata: send failed, socket 14, errcode -2 (No such file or directory)
03-31 23:43:33.063   384  2132 E idd-api : idd_set_sdata: send failed, socket 14, errcode -2 (No such file or directory)
03-31 23:43:33.063   384  2132 I libcamera: HAL_openCameraHardware: X created hardware=0xb8ed1ca8
03-31 23:43:33.064   384  2132 I caladbolg:    2350434 cald_client.c                      (941)  2132 I [INF] + Cald_Client_ICamera_CancelAutoLock 
03-31 23:43:33.065   384  2132 I caladbolg:    2350801 cald_client.c                      (959)  2132 I [INF] - Cald_Client_ICamera_CancelAutoLock (0)
03-31 23:43:33.066   384  2132 I caladbolg:    2351045 cald_client.c                      (879)  2132 I [INF] + Cald_Client_ICamera_CancelSnapshot 
03-31 23:43:33.067   384  2418 I caladbolg:    2351411 cald_hal_qct_camera.c             (6321)  2418 P [HAL]    2351350 + Cald_Hal_Qct_If_StopYuvSnapshot 
03-31 23:43:33.067   384  2418 I caladbolg:    2351533 cald_hal_qct_camera.c             (6375)  2418 P [HAL]    2351503 - Cald_Hal_Qct_If_StopYuvSnapshot
03-31 23:43:33.067   384  2132 I caladbolg:    2351960 cald_client.c                      (897)  2132 I [INF] - Cald_Client_ICamera_CancelSnapshot (0)
03-31 23:43:33.067   384  2132 I libcamera: release: E
03-31 23:43:33.067   384  2132 I caladbolg:    2352083 cald_client.c                      (879)  2132 I [INF] + Cald_Client_ICamera_CancelSnapshot 
03-31 23:43:33.068   384  2418 I caladbolg:    2352388 cald_hal_qct_camera.c             (6321)  2418 P [HAL]    2352327 + Cald_Hal_Qct_If_StopYuvSnapshot 
03-31 23:43:33.068   384  2418 I caladbolg:    2352510 cald_hal_qct_camera.c             (6375)  2418 P [HAL]    2352479 - Cald_Hal_Qct_If_StopYuvSnapshot
03-31 23:43:33.068   384  2132 I caladbolg:    2352846 cald_client.c                      (897)  2132 I [INF] - Cald_Client_ICamera_CancelSnapshot (0)
03-31 23:43:33.068   384  2132 I libcamera: stopCamera: E
03-31 23:43:33.068   384  2132 I caladbolg:    2352937 cald_client.c                      (372)  2132 I [INF] + Cald_Client_ICamera_ReleaseCamera 
03-31 23:43:33.068   384  2408 I caladbolg:    2353029 cald_camctrl.c                    (9120)  2408 I [INF] + Cald_CamCtrl_Func_PowerDown
03-31 23:43:33.068   384  2418 I caladbolg:    2353151 cald_capctrl.c                    (7662)  2418 I [INF] + Cald_CapCtrl_FSM_Func_StopCaptureCtrl
03-31 23:43:33.069   384  2418 I caladbolg:    2353212 cald_capctrl.c                    (7664)  2418 I [INF] - Cald_CapCtrl_FSM_Func_StopCaptureCtrl
03-31 23:43:33.075   384  2432 I caladbolg:    2353731 cald_iqctrl.c                    (13895)  2432 I [INF] + Cald_IqCtrl_FSM_Func_StopIqCtrl
03-31 23:43:33.075   384  2432 I caladbolg:    2353853 cald_iqctrl.c                    (12259)  2432 I [INF] + Cald_IqCtrl_Callback
03-31 23:43:33.075   384  2432 I caladbolg:    2353975 cald_iqctrl.c                    (12323)  2432 I [INF] - Cald_IqCtrl_Callback
03-31 23:43:33.080   384  2432 I caladbolg:    2360018 cald_iqctrl.c                     (8630)  2432 I [INF] + Cald_IqCtrl_FSM_Func_AE_StopAewb
03-31 23:43:33.080   384  2432 I caladbolg:    2360689 cald_iqctrl.c                     (8666)  2432 I [INF] - Cald_IqCtrl_FSM_Func_AE_StopAewb
03-31 23:43:33.081   384  2432 I caladbolg:    2360781 cald_iqctrl.c                    (13957)  2432 I [INF] - Cald_IqCtrl_FSM_Func_StopIqCtrl
03-31 23:43:33.085   384  2408 I caladbolg:    2365481 cald_hal_qct_camera.c             (6056)  2408 P [HAL]    2365359 + Cald_Hal_Qct_If_PowerDown 
03-31 23:43:33.149  1383  1761 D wifi    : set interface wlan0 flags (UP)
03-31 23:43:33.149  1383  1761 I WifiHAL : Initializing wifi
03-31 23:43:33.150  1383  1761 I WifiHAL : nl_socket_set_buffer_size successful for user_sock
03-31 23:43:33.150  1383  1761 I WifiHAL : Initiialized diag sock successfully
03-31 23:43:33.150  1383  1761 D WifiHAL : WifihalGeneric 0x9ed1a380 constructed
03-31 23:43:33.151  1383  1761 I WifiHAL : ******HexDump len:0*********
03-31 23:43:33.151  1383  1761 I WifiHAL : ******HexDump End***********
03-31 23:43:33.151  1383  1761 E WifiHAL : wifi_error acquire_supported_features(wifi_interface_handle, feature_set*): requestResponse Error:-95
03-31 23:43:33.151  1383  1761 D WifiHAL : WifihalGeneric 0x9ed1a380 destructor
03-31 23:43:33.151  1383  1761 I WifiHAL : Failed to get supported feature set : -95
03-31 23:43:33.151  1383  1761 I WifiHAL : Initializing Gscan Event Handlers
03-31 23:43:33.151  1383  1761 I WifiHAL : Initialized Wifi HAL Successfully; vendor cmd = 103 Supported features : 0
03-31 23:43:33.151  1383  1761 D wifi    : Did set static halHandle = 0xb73467c8
03-31 23:43:33.151  1383  1761 D wifi    : halHandle = 0xb73467c8, mVM = 0xb6f97430, mCls = 0x96a
03-31 23:43:33.151  1383  1761 D wifi    : array field set
03-31 23:43:33.151  1383  1761 I WifiNative-HAL: interface[0] = wlan0
03-31 23:43:33.151  1383  1761 I WifiNative-HAL: interface[1] = p2p0
03-31 23:43:33.164  1383  1761 D WifiMonitor: startMonitoring(wlan0) with mConnected = false
03-31 23:43:33.165  1383  1761 E WifiHW  : Unable to open connection to supplicant on "@android:wpa_wlan0": No such file or directory
03-31 23:43:33.167  1383  1446 I ActivityManager: Start proc 2443:com.android.settings/1000 for broadcast com.android.settings/.widget.SettingsAppWidgetProvider
03-31 23:43:33.173  1383  2441 I WifiNative-HAL: Waiting for HAL events mWifiHalHandle=-1221302328
03-31 23:43:33.173  1383  2441 D wifi    : waitForHalEvents called, vm = 0xb6f97430, obj = 0x96a, env = 0xb734e9d8
03-31 23:43:33.447  2442  2442 I wpa_supplicant: Successfully initialized wpa_supplicant
03-31 23:43:33.451  2442  2442 I wpa_supplicant: rfkill: Cannot open RFKILL control device
03-31 23:43:33.473  1383  1383 D PermissionMonitor: Monitoring
03-31 23:43:33.487  1383  1383 D PermissionMonitor: Users: 1, Apps: 67
03-31 23:43:33.496  1383  1383 I SystemServiceManager: Starting phase 600
03-31 23:43:33.501  1383  1475 D BluetoothManagerService: Message: 20
03-31 23:43:33.501  1383  1475 D BluetoothManagerService: Added callback: android.bluetooth.BluetoothAdapter$1@381eabd:true
03-31 23:43:33.503  1383  1475 D BluetoothManagerService: Message: 30
03-31 23:43:33.503   384  2469 I mm-camera: mctl_store_curr_target Current target is 0 
03-31 23:43:33.506  1383  1475 D BluetoothManagerService: Message: 30
03-31 23:43:33.508   384  1774 I AudioFlinger: systemReady
03-31 23:43:33.533  1383  1383 I BackupManagerService: Backup enabled => false
03-31 23:43:33.554  2442  2442 I wpa_supplicant: rfkill: Cannot open RFKILL control device
03-31 23:43:33.568  1383  1383 E InputMethodManagerService: Ignoring updateSystemUiLocked due to an invalid token. uid:1000 token:null
03-31 23:43:33.587  1383  1383 I ActivityManager: Start proc 2474:com.android.inputmethod.latin/u0a43 for service com.android.inputmethod.latin/.LatinIME
03-31 23:43:33.587  1383  1383 V InputMethodManagerService: Adding window token: android.os.Binder@4faedd1
03-31 23:43:33.606  1383  2472 E WVMExtractor: Failed to open libwvm.so: dlopen failed: library "libwvm.so" not found
03-31 23:43:33.610  1383  1383 E LocSvc_afw: W/get_extension: Invalid interface passed in
03-31 23:43:33.610  1383  1383 E LocSvc_afw: W/get_extension: Invalid interface passed in
03-31 23:43:33.610  1383  1383 E LocSvc_afw: W/get_extension: Invalid interface passed in
03-31 23:43:33.610  1383  1383 E LocSvc_afw: W/get_extension: Invalid interface passed in
03-31 23:43:33.620  1383  1442 D GpsLocationProvider: Reset GPS properties, previous size = 0
03-31 23:43:33.631  1383  1761 D WifiConfigStore: Loading config and enabling all networks 
03-31 23:43:33.631  1383  1383 W ServiceWatcher: com.google.android.gms not found
03-31 23:43:33.632  1383  1761 D WifiConfigStore: loaded 0 passpoint configs
03-31 23:43:33.633  1383  1383 W ServiceWatcher: com.google.android.gms not found
03-31 23:43:33.634  1383  1761 E WifiConfigStore: readAutoJoinStatus: Error parsing configurationjava.io.FileNotFoundException: /data/misc/wifi/autojoinconfig.txt: open failed: ENOENT (No such file or directory)
03-31 23:43:33.634  1383  1383 W LocationManagerService: no network location provider found
03-31 23:43:33.634  1383  1761 E WifiConfigStore: buildPnoList sortedWifiConfigurations size 0
03-31 23:43:33.634  1383  1383 W ServiceWatcher: com.google.android.gms not found
03-31 23:43:33.635  1383  1761 E WifiConfigStore: --- Begin /data/misc/wifi/wpa_supplicant.conf ---
03-31 23:43:33.635  1383  1761 E WifiConfigStore: disable_scan_offload=1
03-31 23:43:33.636  1383  1761 E WifiConfigStore: driver_param=use_p2p_group_interface=1
03-31 23:43:33.636  1383  1761 E WifiConfigStore: update_config=1
03-31 23:43:33.636  1383  1761 E WifiConfigStore: device_name=LT30p
03-31 23:43:33.636  1383  1761 E WifiConfigStore: manufacturer=Sony
03-31 23:43:33.636  1383  1761 E WifiConfigStore: model_name=Xperia T
03-31 23:43:33.636  1383  1761 E WifiConfigStore: model_number=Xperia T
03-31 23:43:33.636  1383  1761 E WifiConfigStore: serial_number=CB5122R70C
03-31 23:43:33.636  1383  1761 E WifiConfigStore: device_type=10-0050F204-5
03-31 23:43:33.636  1383  1761 E WifiConfigStore: config_methods=physical_display virtual_push_button
03-31 23:43:33.636  1383  1761 E WifiConfigStore: pmf=1
03-31 23:43:33.637  1383  1761 E WifiConfigStore: external_sim=1
03-31 23:43:33.637  1383  1761 E WifiConfigStore: --- End /data/misc/wifi/wpa_supplicant.conf Contents ---
03-31 23:43:33.637  1383  1761 E WifiConfigStore: --- Begin /data/misc/wifi/wpa_supplicant.conf.tmp ---
03-31 23:43:33.637  1383  1761 E WifiConfigStore: Could not open /data/misc/wifi/wpa_supplicant.conf.tmp, java.io.FileNotFoundException: /data/misc/wifi/wpa_supplicant.conf.tmp: open failed: ENOENT (No such file or directory)
03-31 23:43:33.638  1383  1761 E WifiConfigStore: --- End /data/misc/wifi/wpa_supplicant.conf.tmp Contents ---
03-31 23:43:33.638  1383  1761 E WifiConfigStore: --- Begin /data/misc/wifi/networkHistory.txt ---
03-31 23:43:33.638  1383  1761 E WifiConfigStore: \C0\80
03-31 23:43:33.638  1383  1761 E WifiConfigStore: DELETED_CRC32\C0\80
03-31 23:43:33.638  1383  1761 E WifiConfigStore: 3506942179\C0\80
03-31 23:43:33.639  1383  1761 E WifiConfigStore: --- End /data/misc/wifi/networkHistory.txt Contents ---
03-31 23:43:33.648  1383  1383 W ServiceWatcher: com.google.android.gms not found
03-31 23:43:33.649  1383  1383 E LocationManagerService: no geocoder provider found
03-31 23:43:33.650  1383  1383 E FlpHardwareProvider: Error hw_get_module 'flp': -2
03-31 23:43:33.650  1383  1383 E LocationManagerService: FLP HAL not supported
03-31 23:43:33.650  1383  1383 W ServiceWatcher: com.google.android.gms not found
03-31 23:43:33.652  1383  1383 E LocationManagerService: Unable to bind FLP Geofence proxy.
03-31 23:43:33.653  1383  1383 E ActivityRecognitionHardware: Error hw_get_module: -2
03-31 23:43:33.653  1383  1383 E LocationManagerService: Hardware Activity-Recognition not supported.
03-31 23:43:33.653  1383  1383 W ServiceWatcher: com.google.android.gms not found
03-31 23:43:33.654  1383  1383 E ActivityRecognitionProxy: ServiceWatcher could not start.
03-31 23:43:33.654  1383  1383 E LocationManagerService: Unable to bind ActivityRecognitionProxy.
03-31 23:43:33.668  1383  1761 D WifiNative-HAL: Setting external_sim to 1
03-31 23:43:33.668  1383  1761 D wifi    : setting dfs flag to true, 0xb733f738
03-31 23:43:33.668  1383  1761 I WifiHAL : ******HexDump len:0*********
03-31 23:43:33.668  1383  1761 I WifiHAL : ******HexDump End***********
03-31 23:43:33.668  1383  1761 D WifiHAL : requestResponse: request a response
03-31 23:43:33.669  1383  1761 D WifiStateMachine: Setting OUI to DA-A1-19
03-31 23:43:33.669  1383  1761 D wifi    : setting scan oui 0xb733f738
03-31 23:43:33.669  1383  1761 I WifiHAL : ******HexDump len:0*********
03-31 23:43:33.669  1383  1761 I WifiHAL : ******HexDump End***********
03-31 23:43:33.669  1383  1761 I WifiHAL : wifi_set_scanning_mac_oui: MAC_OUI - da:a1:19
03-31 23:43:33.669  1383  1761 D WifiHAL : requestResponse: request a response
03-31 23:43:33.669  1383  1761 E WifiHAL : wifi_set_scanning_mac_oui: requestResponse Error:-95
03-31 23:43:33.675  1383  2488 I OMXClient: Using client-side OMX mux.
03-31 23:43:33.676  1383  1442 D GpsLocationProvider: GpsParamsResource: SUPL_HOST=supl.google.com
03-31 23:43:33.676  1383  1442 D GpsLocationProvider: GpsParamsResource: SUPL_PORT=7275
03-31 23:43:33.676  1383  1442 D GpsLocationProvider: GpsParamsResource: NTP_SERVER=north-america.pool.ntp.org
03-31 23:43:33.676  1383  1442 D GpsLocationProvider: GpsParamsResource: SUPL_VER=0x20000
03-31 23:43:33.676  1383  1442 D GpsLocationProvider: GpsParamsResource: SUPL_MODE=1
03-31 23:43:33.691  1383  1383 I CommonTimeManagementService: No common time service detected on this platform.  Common time services will be unavailable.
03-31 23:43:33.698  1383  1761 E WifiHAL : wifi_error wifi_get_link_stats(wifi_request_id, wifi_interface_handle, wifi_stats_result_handler): requestResponse Error:-95
03-31 23:43:33.698  1383  1761 E wifi    : android_net_wifi_getLinkLayerStats: failed to get link statistics
03-31 23:43:33.706  1383  1726 I InputReader: Reconfiguring input devices.  changes=0x00000020
03-31 23:43:33.706  1383  1383 I MmsServiceBroker: Delay connecting to MmsService until an API is called
03-31 23:43:33.712  1383  1383 D MountService: onStartUser 0
03-31 23:43:33.712  1383  1383 D VoldConnector: SND -> {8 volume user_started 0}
03-31 23:43:33.712   193   219 D vold    : Linking /storage/8A8E-A42B to /mnt/user/0/primary
03-31 23:43:33.714  1383  1751 D VoldConnector: RCV <- {200 8 Command succeeded}
03-31 23:43:33.714  1383  1761 D WifiHAL : WifihalGeneric 0x9ed1a370 constructed
03-31 23:43:33.714  1383  1761 I WifiHAL : ******HexDump len:0*********
03-31 23:43:33.714  1383  1761 I WifiHAL : ******HexDump End***********
03-31 23:43:33.714   380  1466 D CommandListener: Setting iface cfg
03-31 23:43:33.715   380  1466 D CommandListener: Trying to bring up p2p0
03-31 23:43:33.715  1383  1761 E WifiHAL : wifi_error acquire_supported_features(wifi_interface_handle, feature_set*): requestResponse Error:-95
03-31 23:43:33.715  1383  1761 D WifiHAL : WifihalGeneric 0x9ed1a370 destructor
03-31 23:43:33.715  1383  1761 I WifiHAL : Supported feature set acquired at initialization : 0
03-31 23:43:33.715  1383  1761 D wifi    : android_net_wifi_setLinkLayerStats: 1
03-31 23:43:33.715  1383  1761 I WifiHAL : mpdu_size_threshold : 128, aggressive_statistics_gathering : 1
03-31 23:43:33.716  1383  1761 E WifiHAL : wifi_error wifi_set_link_stats(wifi_interface_handle, wifi_link_layer_params): requestResponse Error:-95
03-31 23:43:33.718  1383  1760 D WifiMonitor: startMonitoring(p2p0) with mConnected = true
03-31 23:43:33.722  1383  1726 I InputReader: Reconfiguring input devices.  changes=0x00000010
03-31 23:43:33.732  1383  1760 D WifiNative-HAL: p2pGetDeviceAddress
03-31 23:43:33.733  1383  1760 D WifiNative-HAL: p2pGetDeviceAddress returning d0:51:62:ad:81:d8
03-31 23:43:33.760  1383  1383 W VoiceInteractionManagerService: no available voice interaction services found for user 0
03-31 23:43:33.760  1383  1383 W VoiceInteractionManagerService: no available voice recognition services found for user 0
03-31 23:43:33.761  1383  1750 D MountService: Volume public:179_15 broadcasting mounted to UserHandle{0}
03-31 23:43:33.781  1383  1761 E WifiHAL : wifi_error wifi_get_link_stats(wifi_request_id, wifi_interface_handle, wifi_stats_result_handler): requestResponse Error:-95
03-31 23:43:33.781  1383  1761 E wifi    : android_net_wifi_getLinkLayerStats: failed to get link statistics
03-31 23:43:33.783  2442  2442 I wpa_supplicant: wlan0: CTRL-EVENT-REGDOM-CHANGE init=USER type=COUNTRY alpha2=DE
03-31 23:43:33.784  2442  2442 I wpa_supplicant: wlan0: CTRL-EVENT-REGDOM-CHANGE init=DRIVER type=WORLD
03-31 23:43:33.784  1383  1761 E native  : do suspend false
03-31 23:43:33.785  2442  2442 I wpa_supplicant: wlan0: CTRL-EVENT-REGDOM-CHANGE init=DRIVER type=WORLD
03-31 23:43:33.794  1383  1383 I ActivityManager: Start proc 2495:org.cyanogenmod.audiofx/u0a0 for added application org.cyanogenmod.audiofx
03-31 23:43:33.795  1383  1761 D WifiConfigStore: No blacklist allowed without epno enabled
03-31 23:43:33.796  1383  1761 E WifiHAL : wifi_error wifi_get_link_stats(wifi_request_id, wifi_interface_handle, wifi_stats_result_handler): requestResponse Error:-95
03-31 23:43:33.796  1383  1761 E wifi    : android_net_wifi_getLinkLayerStats: failed to get link statistics
03-31 23:43:33.797  1383  1761 E WifiHAL : wifi_error wifi_get_link_stats(wifi_request_id, wifi_interface_handle, wifi_stats_result_handler): requestResponse Error:-95
03-31 23:43:33.797  1383  1761 E wifi    : android_net_wifi_getLinkLayerStats: failed to get link statistics
03-31 23:43:33.799  1870  1870 D MtpService: onStorageStateChanged /storage/8A8E-A42B mounted -> mounted
03-31 23:43:33.799  1870  1870 D MtpService: onStorageStateChanged /storage/B780-11A6 mounted -> mounted
03-31 23:43:33.817  1383  1383 I ActivityManager: Start proc 2502:com.android.phone/1001 for added application com.android.phone
03-31 23:43:33.818  1383  1383 I ActivityManager: START u0 {act=android.intent.action.MAIN cat=[android.intent.category.HOME] flg=0x10000000 cmp=com.cyanogenmod.trebuchet/com.android.launcher3.Launcher} from uid 0 on display 0
03-31 23:43:33.834  1870  1870 D MtpService: onStorageStateChanged /storage/d440b144-9519-404b-a098-c6ee808391ab mounted -> mounted
03-31 23:43:33.835  2443  2443 W System  : ClassLoader referenced unknown path: /system/priv-app/Settings/lib/arm
03-31 23:43:33.838  1383  1442 D GpsLocationProvider: GPS properties reloaded, size = 15
03-31 23:43:33.842  1383  1442 E LocSvc_eng: W/set_server called before init. save the address, type: 3, hostname: supl.sonyericsson.com, port: 7275
03-31 23:43:33.852  1383  1383 I ActivityManager: Start proc 2508:com.cyanogenmod.trebuchet/u0a21 for activity com.cyanogenmod.trebuchet/com.android.launcher3.Launcher
03-31 23:43:33.956  1383  2507 I OMXClient: Using client-side OMX mux.
03-31 23:43:33.958  1383  1750 W art     : Long monitor contention event with owner method=void com.android.server.am.ActivityManagerService.systemReady(java.lang.Runnable) from ActivityManagerService.java:12164 waiters=0 for 196ms
03-31 23:43:33.958  1383  1383 I SystemServer: Enabled StrictMode for system server main thread.
03-31 23:43:33.959  1383  1750 D MountService: Volume public:179_33 broadcasting mounted to UserHandle{0}
03-31 23:43:33.959  1383  1760 W art     : Long monitor contention event with owner method=void com.android.server.am.ActivityManagerService.systemReady(java.lang.Runnable) from ActivityManagerService.java:12164 waiters=2 for 178ms
03-31 23:43:33.959  1383  1750 D MountService: Volume public:179_34 broadcasting mounted to UserHandle{0}
03-31 23:43:33.965   384  2410 E mm-camera: camera_plugin_grant_rdi_interface: rdi intf value :2
03-31 23:43:33.967   384  2469 I mm-camera: config_proc_native_ctrl_cmd: CAMERA_SET_PARM_DIMENSION called
03-31 23:43:33.967   384  2469 I mm-camera: axi_client_init axi client 0
03-31 23:43:33.967   384  2469 I mm-camera:  
03-31 23:43:33.972   384  2469 I mm-camera: vfe_ops_init: E
03-31 23:43:33.972   384  2469 E mm-camera: vfe_reload_modules: 
03-31 23:43:33.972   384  2469 I mm-camera: vfe_reload_modules: no config set
03-31 23:43:33.972   384  2469 I mm-camera: vfe_reload_chromatix: reload Fail
03-31 23:43:33.977   384  2469 I mm-camera: vfe_legacy_stats_buffer_init: AEC_STATS_BUFNUM
03-31 23:43:33.978   384  2469 E mm-camera: vfe_legacy_stats_buffer_init: AEC_STATS_BUFNUM
03-31 23:43:33.980   384  2469 E mm-camera: axi_set_params: begin, axi_obj_idx = 20
03-31 23:43:33.980   384  2469 E mm-camera: axi_set_params: begin, axi_obj_idx = 20
03-31 23:43:33.980   384  2469 E mm-camera: axi_set_params: begin, axi_obj_idx = 0
03-31 23:43:33.980   384  2469 E mm-camera: axi_set_params: wm0: ub_offset 0 ub_size 130
03-31 23:43:33.980   384  2469 E mm-camera: axi_set_params: wm1: ub_offset 131 ub_size 130
03-31 23:43:33.980   384  2469 E mm-camera: axi_set_params: wm2: ub_offset 262 ub_size 130
03-31 23:43:33.980   384  2469 E mm-camera: axi_set_params: wm3: ub_offset 393 ub_size 130
03-31 23:43:33.980   384  2469 E mm-camera: axi_set_params: wm4: ub_offset 524 ub_size 130
03-31 23:43:33.980   384  2469 E mm-camera: axi_set_params: wm5: ub_offset 655 ub_size 130
03-31 23:43:33.981   384  2469 E mm-camera: axi_set_params: wm6: ub_offset 786 ub_size 130
03-31 23:43:33.981   384  2469 I mm-camera: mctl_init_stats_proc_info: snap_max_line_cnt =23928
03-31 23:43:33.981   384  2469 E mm-camera: Opening libmmcamera_3a_legacy.so!!
03-31 23:43:33.981   384  2469 E mm-camera: axi_set_params: begin, axi_obj_idx = 0
03-31 23:43:33.981   384  2469 E mm-camera: axi_set_params: begin, axi_obj_idx = 0
03-31 23:43:33.981   384  2469 E mm-camera: axi_set_params: begin, axi_obj_idx = 0
03-31 23:43:33.981   384  2469 E mm-camera: axi_set_params: begin, axi_obj_idx = 0
03-31 23:43:33.981   384  2469 E mm-camera: config_validate_dimension: RDI 0: W X H: 1296 X 976, RDI 1: W X H: 1296 X 488
03-31 23:43:33.981   384  2469 E mm-camera: config_validate_dimension: RDI2: W X H: 0 X 0
03-31 23:43:33.983   384  2469 I mm-camera: config_shutdown_pp Camera not in streaming mode. Returning. 
03-31 23:43:33.984   384  2469 I mm-camera: vfe_ops_deinit: E
03-31 23:43:34.026   384  2408 I caladbolg:    2786235 cald_hal_qct_camera.c             (6072)  2408 P [HAL]    2786174 - Cald_Hal_Qct_If_PowerDown
03-31 23:43:34.026   384  2408 I caladbolg:    2786326 cald_iqctrl.c                    (19976)  2408 I [INF] + Cald_IqCtrl_Delete
03-31 23:43:34.026  2442  2442 I wpa_supplicant: p2p0: CTRL-EVENT-REGDOM-CHANGE init=USER type=COUNTRY alpha2=DE
03-31 23:43:34.028  2442  2442 I wpa_supplicant: wlan0: CTRL-EVENT-REGDOM-CHANGE init=DRIVER type=WORLD
03-31 23:43:34.029  2442  2442 I wpa_supplicant: wlan0: CTRL-EVENT-REGDOM-CHANGE init=DRIVER type=WORLD
03-31 23:43:34.035  1383  1383 D RttService: SCAN_AVAILABLE : 1
03-31 23:43:34.043  1383  1804 D RttService: DefaultState got{ when=-1ms what=160513 target=com.android.internal.util.StateMachine$SmHandler }
03-31 23:43:34.063   384  2408 I caladbolg:    2790599 cald_iqctrl.c                    (19985)  2408 I [INF] - Cald_IqCtrl_Delete
03-31 23:43:34.063   384  2408 I caladbolg:    2790691 cald_capctrl.c                   (10401)  2408 I [INF] + Cald_CapCtrl_Delete
03-31 23:43:34.067   384  2408 I caladbolg:    2793102 cald_capctrl.c                   (10409)  2408 I [INF] - Cald_CapCtrl_Delete
03-31 23:43:34.067   384  2408 I caladbolg:    2793193 cald_camctrl.c                    (9158)  2408 I [INF] - Cald_CamCtrl_Func_PowerDown
03-31 23:43:34.103  1383  1408 E ActivityManager: Activity Manager Crash
03-31 23:43:34.103  1383  1408 E ActivityManager: java.lang.NullPointerException: Attempt to invoke virtual method 'java.lang.String java.lang.String.intern()' on a null object reference
03-31 23:43:34.103  1383  1408 E ActivityManager: 	at android.content.Intent.readFromParcel(Intent.java:8032)
03-31 23:43:34.103  1383  1408 E ActivityManager: 	at android.content.Intent.<init>(Intent.java:8012)
03-31 23:43:34.103  1383  1408 E ActivityManager: 	at android.content.Intent$1.createFromParcel(Intent.java:8003)
03-31 23:43:34.103  1383  1408 E ActivityManager: 	at android.content.Intent$1.createFromParcel(Intent.java:8002)
03-31 23:43:34.103  1383  1408 E ActivityManager: 	at android.app.ActivityManagerNative.onTransact(ActivityManagerNative.java:453)
03-31 23:43:34.103  1383  1408 E ActivityManager: 	at com.android.server.am.ActivityManagerService.onTransact(ActivityManagerService.java:2670)
03-31 23:43:34.103  1383  1408 E ActivityManager: 	at android.os.Binder.execTransact(Binder.java:453)
03-31 23:43:34.104   384  2132 I caladbolg:    2794231 cald_client.c                      (396)  2132 I [INF] - Cald_Client_ICamera_ReleaseCamera (0)
03-31 23:43:34.104   384  2132 I caladbolg:    2794353 cald_client.c                     (1935)  2132 I [INF] Cald_Client_Delete
03-31 23:43:34.104   384  2132 I caladbolg:    2794781 cald_server.c                      (923)  2132 I [INF] Cald_Server_ICameraServer_Stop
03-31 23:43:34.104   384  2132 I caladbolg:    2794872 cald_camctrl.c                   (18032)  2132 I [INF] + Cald_CamCtrl_Delete
03-31 23:43:34.106   384  2132 I caladbolg:    2796093 cald_hal.c                        (5596)  2132 I [INF] + Cald_Hal_Delete
03-31 23:43:34.106   384  2132 I caladbolg:    2796368 cald_hal.c                        (5609)  2132 I [INF] - Cald_Hal_Delete
03-31 23:43:34.106   384  2132 I caladbolg:    2796459 cald_camctrl.c                   (18039)  2132 I [INF] - Cald_CamCtrl_Delete
03-31 23:43:34.106   384  2132 I caladbolg:    2796490 cald_camctrl.c                   (18032)  2132 I [INF] + Cald_CamCtrl_Delete
03-31 23:43:34.116   384  2132 I caladbolg:    2800549 cald_hal.c                        (5596)  2132 I [INF] + Cald_Hal_Delete
03-31 23:43:34.129  1383  1395 I art     : Background sticky concurrent mark sweep GC freed 66663(8MB) AllocSpace objects, 15(312KB) LOS objects, 28% free, 22MB/31MB, paused 3.937ms total 208.454ms
03-31 23:43:34.131   384  2132 I caladbolg:    2802258 cald_hal.c                        (5609)  2132 I [INF] - Cald_Hal_Delete
03-31 23:43:34.131   384  2132 I caladbolg:    2802350 cald_camctrl.c                   (18039)  2132 I [INF] - Cald_CamCtrl_Delete
03-31 23:43:34.131  1383  1393 W CursorWrapperInner: Cursor finalized without prior close()
03-31 23:43:34.132  1383  1732 D DASH    : device/sony/blue-common/sensors/sensors_wrapper.c(227): sensors_wrapper_activate: lock
03-31 23:43:34.132  1383  1732 D DASH    : device/sony/blue-common/sensors/sensors_wrapper.c(253): sensors_wrapper_activate: unlock
03-31 23:43:34.136   384  2132 I caladbolg:    2803021 cald_pal.c                        (4835)  2132 I [INF] PAL_Delete
