03-31 23:43:25.358   384   384 I caladbolg:    1080085 cald_camctrl.c                    (6239)   384 I [INF] majorVersion:    [0x2]
03-31 23:43:25.358   384   384 I caladbolg:    1080115 cald_camctrl.c                    (6240)   384 I [INF] minorVersion:    [0x1]
03-31 23:43:25.359   384   384 I caladbolg:    1080848 cald_camctrl.c                   (18023)   384 I [INF] - Cald_CamCtrl_Create
03-31 23:43:25.359   384   384 I caladbolg:    1080878 cald_camctrl.c                   (17998)   384 I [INF] + Cald_CamCtrl_Create
03-31 23:43:25.359   384   384 I caladbolg:    1080970 cald_hal.c                        (5552)   384 I [INF] + Cald_Hal_Create
03-31 23:43:25.359   384   384 I caladbolg:    1081519 cald_hal.c                        (5580)   384 I [INF] - Cald_Hal_Create
03-31 23:43:25.360   384   384 I caladbolg:    1081550 cald_camctrl.c                    (8834)   384 I [INF] Module name STW01BM0
03-31 23:43:25.370   384   384 I caladbolg:    1088295 cald_camctrl.c                    (6237)   384 I [INF] CameraIndex :    [0x2]
03-31 23:43:25.370   384   384 I caladbolg:    1088356 cald_camctrl.c                    (6238)   384 I [INF] numOfCameras:    [0x2]
03-31 23:43:25.370   384   384 I caladbolg:    1088387 cald_camctrl.c                    (6239)   384 I [INF] majorVersion:    [0x2]
03-31 23:43:25.370   384   384 I caladbolg:    1088448 cald_camctrl.c                    (6240)   384 I [INF] minorVersion:    [0x1]
03-31 23:43:25.371   384   384 I caladbolg:    1089027 cald_camctrl.c                   (18023)   384 I [INF] - Cald_CamCtrl_Create
03-31 23:43:25.378  1383  1406 E ActivityManager: Activity Manager Crash
03-31 23:43:25.378  1383  1406 E ActivityManager: java.lang.NullPointerException: Attempt to invoke virtual method 'java.lang.String java.lang.String.intern()' on a null object reference
03-31 23:43:25.378  1383  1406 E ActivityManager: 	at android.content.Intent.readFromParcel(Intent.java:8032)
03-31 23:43:25.378  1383  1406 E ActivityManager: 	at android.content.Intent.<init>(Intent.java:8012)
03-31 23:43:25.378  1383  1406 E ActivityManager: 	at android.content.Intent$1.createFromParcel(Intent.java:8003)
03-31 23:43:25.378  1383  1406 E ActivityManager: 	at android.content.Intent$1.createFromParcel(Intent.java:8002)
03-31 23:43:25.378  1383  1406 E ActivityManager: 	at android.app.ActivityManagerNative.onTransact(ActivityManagerNative.java:453)
03-31 23:43:25.378  1383  1406 E ActivityManager: 	at com.android.server.am.ActivityManagerService.onTransact(ActivityManagerService.java:2670)
03-31 23:43:25.378  1383  1406 E ActivityManager: 	at android.os.Binder.execTransact(Binder.java:453)
03-31 23:43:25.381  1383  1408 E ActivityManager: Activity Manager Crash
03-31 23:43:25.381  1383  1408 E ActivityManager: java.lang.NullPointerException: Attempt to invoke virtual method 'java.lang.String java.lang.String.intern()' on a null object reference
03-31 23:43:25.381  1383  1408 E ActivityManager: 	at android.content.Intent.readFromParcel(Intent.java:8032)
03-31 23:43:25.381  1383  1408 E ActivityManager: 	at android.content.Intent.<init>(Intent.java:8012)
03-31 23:43:25.381  1383  1408 E ActivityManager: 	at android.content.Intent$1.createFromParcel(Intent.java:8003)
03-31 23:43:25.381  1383  1408 E ActivityManager: 	at android.content.Intent$1.createFromParcel(Intent.java:8002)
03-31 23:43:25.381  1383  1408 E ActivityManager: 	at android.app.ActivityManagerNative.onTransact(ActivityManagerNative.java:453)
03-31 23:43:25.381  1383  1408 E ActivityManager: 	at com.android.server.am.ActivityManagerService.onTransact(ActivityManagerService.java:2670)
03-31 23:43:25.381  1383  1408 E ActivityManager: 	at android.os.Binder.execTransact(Binder.java:453)
03-31 23:43:25.383  1383  1406 E ActivityManager: Activity Manager Crash
03-31 23:43:25.383  1383  1406 E ActivityManager: java.lang.NullPointerException: Attempt to invoke virtual method 'java.lang.String java.lang.String.intern()' on a null object reference
03-31 23:43:25.383  1383  1406 E ActivityManager: 	at android.content.Intent.readFromParcel(Intent.java:8032)
03-31 23:43:25.383  1383  1406 E ActivityManager: 	at android.content.Intent.<init>(Intent.java:8012)
03-31 23:43:25.383  1383  1406 E ActivityManager: 	at android.content.Intent$1.createFromParcel(Intent.java:8003)
03-31 23:43:25.383  1383  1406 E ActivityManager: 	at android.content.Intent$1.createFromParcel(Intent.java:8002)
03-31 23:43:25.383  1383  1406 E ActivityManager: 	at android.app.ActivityManagerNative.onTransact(ActivityManagerNative.java:453)
03-31 23:43:25.383  1383  1406 E ActivityManager: 	at com.android.server.am.ActivityManagerService.onTransact(ActivityManagerService.java:2670)
03-31 23:43:25.383  1383  1406 E ActivityManager: 	at android.os.Binder.execTransact(Binder.java:453)
03-31 23:43:25.385  1383  1408 E ActivityManager: Activity Manager Crash
03-31 23:43:25.385  1383  1408 E ActivityManager: java.lang.NullPointerException: Attempt to invoke virtual method 'java.lang.String java.lang.String.intern()' on a null object reference
03-31 23:43:25.385  1383  1408 E ActivityManager: 	at android.content.Intent.readFromParcel(Intent.java:8032)
03-31 23:43:25.385  1383  1408 E ActivityManager: 	at android.content.Intent.<init>(Intent.java:8012)
03-31 23:43:25.385  1383  1408 E ActivityManager: 	at android.content.Intent$1.createFromParcel(Intent.java:8003)
03-31 23:43:25.385  1383  1408 E ActivityManager: 	at android.content.Intent$1.createFromParcel(Intent.java:8002)
03-31 23:43:25.385  1383  1408 E ActivityManager: 	at android.app.ActivityManagerNative.onTransact(ActivityManagerNative.java:453)
03-31 23:43:25.385  1383  1408 E ActivityManager: 	at com.android.server.am.ActivityManagerService.onTransact(ActivityManagerService.java:2670)
03-31 23:43:25.385  1383  1408 E ActivityManager: 	at android.os.Binder.execTransact(Binder.java:453)
03-31 23:43:25.388   384   384 E QCOM PowerHAL: Invalid hint ID.
03-31 23:43:25.388   384   384 E QCOM PowerHAL: Invalid hint ID.
03-31 23:43:25.389  1383  1406 E ActivityManager: Activity Manager Crash
03-31 23:43:25.389  1383  1406 E ActivityManager: java.lang.NullPointerException: Attempt to invoke virtual method 'java.lang.String java.lang.String.intern()' on a null object reference
03-31 23:43:25.389  1383  1406 E ActivityManager: 	at android.content.Intent.readFromParcel(Intent.java:8032)
03-31 23:43:25.389  1383  1406 E ActivityManager: 	at android.content.Intent.<init>(Intent.java:8012)
03-31 23:43:25.389  1383  1406 E ActivityManager: 	at android.content.Intent$1.createFromParcel(Intent.java:8003)
03-31 23:43:25.389  1383  1406 E ActivityManager: 	at android.content.Intent$1.createFromParcel(Intent.java:8002)
03-31 23:43:25.389  1383  1406 E ActivityManager: 	at android.app.ActivityManagerNative.onTransact(ActivityManagerNative.java:453)
03-31 23:43:25.389  1383  1406 E ActivityManager: 	at com.android.server.am.ActivityManagerService.onTransact(ActivityManagerService.java:2670)
03-31 23:43:25.389  1383  1406 E ActivityManager: 	at android.os.Binder.execTransact(Binder.java:453)
03-31 23:43:25.391  1383  1408 E ActivityManager: Activity Manager Crash
03-31 23:43:25.391  1383  1408 E ActivityManager: java.lang.NullPointerException: Attempt to invoke virtual method 'java.lang.String java.lang.String.intern()' on a null object reference
03-31 23:43:25.391  1383  1408 E ActivityManager: 	at android.content.Intent.readFromParcel(Intent.java:8032)
03-31 23:43:25.391  1383  1408 E ActivityManager: 	at android.content.Intent.<init>(Intent.java:8012)
03-31 23:43:25.391  1383  1408 E ActivityManager: 	at android.content.Intent$1.createFromParcel(Intent.java:8003)
03-31 23:43:25.391  1383  1408 E ActivityManager: 	at android.content.Intent$1.createFromParcel(Intent.java:8002)
03-31 23:43:25.391  1383  1408 E ActivityManager: 	at android.app.ActivityManagerNative.onTransact(ActivityManagerNative.java:453)
03-31 23:43:25.391  1383  1408 E ActivityManager: 	at com.android.server.am.ActivityManagerService.onTransact(ActivityManagerService.java:2670)
03-31 23:43:25.391  1383  1408 E ActivityManager: 	at android.os.Binder.execTransact(Binder.java:453)
03-31 23:43:25.392   384   384 I caladbolg:    1092720 cald_server.c                      (904)   384 I [INF] Cald_Server_ICameraServer_Start
03-31 23:43:25.393   384   384 I caladbolg:    1093361 cald_client.c                     (1926)   384 I [INF] Cald_Client_Create
03-31 23:43:25.393   384   384 I caladbolg:    1093514 cald_client.c                      (307)   384 I [INF] + Cald_Client_ICamera_ReserveCamera index[0x1] priority[0] pICBCamera[0xb498e5d8] userData[0xb8ecb228]
03-31 23:43:25.394   384  1688 I caladbolg:    1093758 cald_camctrl.c                    (9020)  1688 P [PFM]    1093697 + Cald_CamCtrl_PowerUp
03-31 23:43:25.394   384  1688 I caladbolg:    1093972 cald_capctrl.c                   (10365)  1688 I [INF] + Cald_CapCtrl_Create
03-31 23:43:25.402   384  1688 I caladbolg:    1098428 cald_capctrl.c                   (10393)  1688 I [INF] - Cald_CapCtrl_Create
03-31 23:43:25.402   384  1688 I caladbolg:    1098580 cald_iqctrl.c                    (19921)  1688 I [INF] + Cald_IqCtrl_Create
03-31 23:43:25.408   384  1688 I caladbolg:    1104257 cald_iqctrl.c                    (19968)  1688 I [INF] - Cald_IqCtrl_Create
03-31 23:43:25.423   384  1688 I caladbolg:    1105631 cald_hal_qct_camera.c             (5977)  1688 P [HAL]    1105569 + Cald_Hal_Qct_If_PowerUp 
03-31 23:43:25.423   384  1688 I caladbolg:    1105844 cald_hal_qct_camera.c             (6046)  1688 P [HAL]    1105814 - Cald_Hal_Qct_If_PowerUp
03-31 23:43:25.431  1383  1406 E ActivityManager: Activity Manager Crash
03-31 23:43:25.431  1383  1406 E ActivityManager: java.lang.NullPointerException: Attempt to invoke virtual method 'java.lang.String java.lang.String.intern()' on a null object reference
03-31 23:43:25.431  1383  1406 E ActivityManager: 	at android.content.Intent.readFromParcel(Intent.java:8032)
03-31 23:43:25.431  1383  1406 E ActivityManager: 	at android.content.Intent.<init>(Intent.java:8012)
03-31 23:43:25.431  1383  1406 E ActivityManager: 	at android.content.Intent$1.createFromParcel(Intent.java:8003)
03-31 23:43:25.431  1383  1406 E ActivityManager: 	at android.content.Intent$1.createFromParcel(Intent.java:8002)
03-31 23:43:25.431  1383  1406 E ActivityManager: 	at android.app.ActivityManagerNative.onTransact(ActivityManagerNative.java:453)
03-31 23:43:25.431  1383  1406 E ActivityManager: 	at com.android.server.am.ActivityManagerService.onTransact(ActivityManagerService.java:2670)
03-31 23:43:25.431  1383  1406 E ActivityManager: 	at android.os.Binder.execTransact(Binder.java:453)
03-31 23:43:25.432   384  1688 I caladbolg:    1109598 cald_camctrl.c                    (9035)  1688 P [PFM]    1109537 - Cald_CamCtrl_PowerUp
03-31 23:43:25.432   384   384 I caladbolg:    1109720 cald_client.c                      (332)   384 I [INF] - Cald_Client_ICamera_ReserveCamera (0)
03-31 23:43:25.433   384   384 I caladbolg:    1110300 cald_client.c                      (113)   384 I [INF] + Cald_Client_ICamera_GetCameraCaps 
03-31 23:43:25.433   384   384 I caladbolg:    1110453 cald_client.c                      (137)   384 I [INF] - Cald_Client_ICamera_GetCameraCaps (0)
03-31 23:43:25.433   384   384 I caladbolg:    1110514 cald_client.c                      (151)   384 I [INF] + Cald_Client_ICamera_GetPreviewCaps 
03-31 23:43:25.433   384   384 I caladbolg:    1110636 cald_client.c                      (177)   384 I [INF] - Cald_Client_ICamera_GetPreviewCaps (0)
03-31 23:43:25.433   384   384 I caladbolg:    1110697 cald_client.c                      (268)   384 I [INF] + Cald_Client_ICamera_GetSnapshotCaps 
03-31 23:43:25.433   384   384 I caladbolg:    1110819 cald_client.c                      (293)   384 I [INF] - Cald_Client_ICamera_GetSnapshotCaps (0)
03-31 23:43:25.433   384   384 I caladbolg:    1110880 cald_client.c                      (191)   384 I [INF] + Cald_Client_ICamera_GetVideoCaps 
03-31 23:43:25.433   384   384 I caladbolg:    1111002 cald_client.c                      (217)   384 I [INF] - Cald_Client_ICamera_GetVideoCaps (0)
03-31 23:43:25.435   384  1688 I caladbolg:    1112223 cald_camctrl.c                   (11707)  1688 I [INF] Thumbnail size [640 x 480]
03-31 23:43:25.436   384   384 I caladbolg:    1113688 cald_client.c                      (113)   384 I [INF] + Cald_Client_ICamera_GetCameraCaps 
03-31 23:43:25.436   384   384 I caladbolg:    1113810 cald_client.c                      (137)   384 I [INF] - Cald_Client_ICamera_GetCameraCaps (0)
03-31 23:43:25.436   384   384 I caladbolg:    1113871 cald_client.c                      (151)   384 I [INF] + Cald_Client_ICamera_GetPreviewCaps 
03-31 23:43:25.436   384   384 I caladbolg:    1113993 cald_client.c                      (177)   384 I [INF] - Cald_Client_ICamera_GetPreviewCaps (0)
03-31 23:43:25.436   384   384 I caladbolg:    1114054 cald_client.c                      (268)   384 I [INF] + Cald_Client_ICamera_GetSnapshotCaps 
03-31 23:43:25.437   384   384 I caladbolg:    1114176 cald_client.c                      (293)   384 I [INF] - Cald_Client_ICamera_GetSnapshotCaps (0)
03-31 23:43:25.437   384   384 E idd-api : idd_set_sdata: send failed, socket 7, errcode -2 (No such file or directory)
03-31 23:43:25.437   384   384 E idd-api : idd_set_sdata: send failed, socket 7, errcode -2 (No such file or directory)
03-31 23:43:25.437   384   384 I libcamera: HAL_openCameraHardware: X created hardware=0xb8ecb228
03-31 23:43:25.440   384   384 I caladbolg:    1118510 cald_client.c                      (941)   384 I [INF] + Cald_Client_ICamera_CancelAutoLock 
03-31 23:43:25.440   384   384 I caladbolg:    1119151 cald_client.c                      (959)   384 I [INF] - Cald_Client_ICamera_CancelAutoLock (0)
03-31 23:43:25.441   384   384 I libcamera: release: E
03-31 23:43:25.441   384   384 I caladbolg:    1119548 cald_client.c                      (879)   384 I [INF] + Cald_Client_ICamera_CancelSnapshot 
03-31 23:43:25.441   384  1692 I caladbolg:    1119853 cald_hal_qct_camera.c             (6321)  1692 P [HAL]    1119792 + Cald_Hal_Qct_If_StopYuvSnapshot 
03-31 23:43:25.441   384  1692 I caladbolg:    1119914 cald_hal_qct_camera.c             (6375)  1692 P [HAL]    1119884 - Cald_Hal_Qct_If_StopYuvSnapshot
03-31 23:43:25.441   384   384 I caladbolg:    1120280 cald_client.c                      (897)   384 I [INF] - Cald_Client_ICamera_CancelSnapshot (0)
03-31 23:43:25.441   384   384 I libcamera: stopCamera: E
03-31 23:43:25.442   384   384 I caladbolg:    1120372 cald_client.c                      (372)   384 I [INF] + Cald_Client_ICamera_ReleaseCamera 
03-31 23:43:25.442   384  1688 I caladbolg:    1120463 cald_camctrl.c                    (9120)  1688 I [INF] + Cald_CamCtrl_Func_PowerDown
03-31 23:43:25.442   384  1692 I caladbolg:    1120585 cald_capctrl.c                    (7662)  1692 I [INF] + Cald_CapCtrl_FSM_Func_StopCaptureCtrl
03-31 23:43:25.442   384  1692 I caladbolg:    1120647 cald_capctrl.c                    (7664)  1692 I [INF] - Cald_CapCtrl_FSM_Func_StopCaptureCtrl
03-31 23:43:25.442   384  1709 I caladbolg:    1120769 cald_iqctrl.c                    (13895)  1709 I [INF] + Cald_IqCtrl_FSM_Func_StopIqCtrl
03-31 23:43:25.442   384  1709 I caladbolg:    1120860 cald_iqctrl.c                    (12259)  1709 I [INF] + Cald_IqCtrl_Callback
03-31 23:43:25.442   384  1709 I caladbolg:    1120921 cald_iqctrl.c                    (12323)  1709 I [INF] - Cald_IqCtrl_Callback
03-31 23:43:25.458   384  1716 I mm-camera: mctl_store_curr_target Current target is 0 
03-31 23:43:25.525   384  1689 E mm-camera: camera_plugin_grant_rdi_interface: rdi intf value :2
03-31 23:43:25.525   384  1716 I mm-camera: config_proc_native_ctrl_cmd: CAMERA_SET_PARM_DIMENSION called
03-31 23:43:25.526   384  1716 I mm-camera: axi_client_init axi client 0
03-31 23:43:25.526   384  1716 I mm-camera:  
03-31 23:43:25.531   384  1716 I mm-camera: vfe_ops_init: E
03-31 23:43:25.531   384  1716 E mm-camera: vfe_reload_modules: 
03-31 23:43:25.531   384  1716 I mm-camera: vfe_reload_modules: no config set
03-31 23:43:25.531   384  1716 I mm-camera: vfe_reload_chromatix: reload Fail
03-31 23:43:25.538   384  1716 I mm-camera: vfe_legacy_stats_buffer_init: AEC_STATS_BUFNUM
03-31 23:43:25.539   384  1716 E mm-camera: vfe_legacy_stats_buffer_init: AEC_STATS_BUFNUM
03-31 23:43:25.541   384  1716 E mm-camera: axi_set_params: begin, axi_obj_idx = 20
03-31 23:43:25.541   384  1716 E mm-camera: axi_set_params: begin, axi_obj_idx = 20
03-31 23:43:25.541   384  1716 E mm-camera: axi_set_params: begin, axi_obj_idx = 0
03-31 23:43:25.541   384  1716 E mm-camera: axi_set_params: wm0: ub_offset 0 ub_size 130
03-31 23:43:25.541   384  1716 E mm-camera: axi_set_params: wm1: ub_offset 131 ub_size 130
03-31 23:43:25.541   384  1716 E mm-camera: axi_set_params: wm2: ub_offset 262 ub_size 130
03-31 23:43:25.541   384  1716 E mm-camera: axi_set_params: wm3: ub_offset 393 ub_size 130
03-31 23:43:25.541   384  1716 E mm-camera: axi_set_params: wm4: ub_offset 524 ub_size 130
03-31 23:43:25.541   384  1716 E mm-camera: axi_set_params: wm5: ub_offset 655 ub_size 130
03-31 23:43:25.541   384  1716 E mm-camera: axi_set_params: wm6: ub_offset 786 ub_size 130
03-31 23:43:25.547   384  1716 I mm-camera: mctl_init_stats_proc_info: snap_max_line_cnt =39144
03-31 23:43:25.548   384  1716 E mm-camera: Opening libmmcamera_3a_legacy.so!!
03-31 23:43:25.556   384  1716 E mm-camera: axi_set_params: begin, axi_obj_idx = 0
03-31 23:43:25.556   384  1716 E mm-camera: axi_set_params: begin, axi_obj_idx = 0
03-31 23:43:25.556   384  1716 E mm-camera: axi_set_params: begin, axi_obj_idx = 0
03-31 23:43:25.556   384  1716 E mm-camera: axi_set_params: begin, axi_obj_idx = 0
03-31 23:43:25.556   384  1716 E mm-camera: config_validate_dimension: RDI 0: W X H: 2104 X 1560, RDI 1: W X H: 2104 X 780
03-31 23:43:25.556   384  1716 E mm-camera: config_validate_dimension: RDI2: W X H: 0 X 0
03-31 23:43:25.560   384  1709 I caladbolg:    1161147 cald_iqctrl.c                     (8630)  1709 I [INF] + Cald_IqCtrl_FSM_Func_AE_StopAewb
03-31 23:43:25.560   384  1709 I caladbolg:    1161666 cald_iqctrl.c                     (8666)  1709 I [INF] - Cald_IqCtrl_FSM_Func_AE_StopAewb
03-31 23:43:25.560   384  1709 I caladbolg:    1161788 cald_iqctrl.c                    (10875)  1709 I [INF] + Cald_IqCtrl_FSM_Func_AF_StopAf
03-31 23:43:25.697   384  1709 I caladbolg:    1165542 cald_iqctrl.c                    (10905)  1709 I [INF] - Cald_IqCtrl_FSM_Func_AF_StopAf
03-31 23:43:25.697   384  1709 I caladbolg:    1165756 cald_iqctrl.c                    (13957)  1709 I [INF] - Cald_IqCtrl_FSM_Func_StopIqCtrl
03-31 23:43:25.697   384  1688 I caladbolg:    1166091 cald_hal_qct_camera.c             (6056)  1688 P [HAL]    1166000 + Cald_Hal_Qct_If_PowerDown 
03-31 23:43:25.698   384  1716 I mm-camera: config_shutdown_pp Camera not in streaming mode. Returning. 
03-31 23:43:25.702   384  1716 I mm-camera: vfe_ops_deinit: E
03-31 23:43:25.836   384  1688 I caladbolg:    1291072 cald_hal_qct_camera.c             (6072)  1688 P [HAL]    1291042 - Cald_Hal_Qct_If_PowerDown
03-31 23:43:25.836   384  1688 I caladbolg:    1291194 cald_iqctrl.c                    (19976)  1688 I [INF] + Cald_IqCtrl_Delete
03-31 23:43:25.848   384  1688 I caladbolg:    1295437 cald_iqctrl.c                    (19985)  1688 I [INF] - Cald_IqCtrl_Delete
03-31 23:43:25.848   384  1688 I caladbolg:    1295528 cald_capctrl.c                   (10401)  1688 I [INF] + Cald_CapCtrl_Delete
03-31 23:43:25.861  1383  1383 I InputManager: Starting input manager
03-31 23:43:25.862   384  1688 I caladbolg:    1299069 cald_capctrl.c                   (10409)  1688 I [INF] - Cald_CapCtrl_Delete
03-31 23:43:25.862   384  1688 I caladbolg:    1299160 cald_camctrl.c                    (9158)  1688 I [INF] - Cald_CamCtrl_Func_PowerDown
03-31 23:43:25.866  1383  1408 E ActivityManager: Activity Manager Crash
03-31 23:43:25.866  1383  1408 E ActivityManager: java.lang.NullPointerException: Attempt to invoke virtual method 'java.lang.String java.lang.String.intern()' on a null object reference
03-31 23:43:25.866  1383  1408 E ActivityManager: 	at android.content.Intent.readFromParcel(Intent.java:8032)
03-31 23:43:25.866  1383  1408 E ActivityManager: 	at android.content.Intent.<init>(Intent.java:8012)
03-31 23:43:25.866  1383  1408 E ActivityManager: 	at android.content.Intent$1.createFromParcel(Intent.java:8003)
03-31 23:43:25.866  1383  1408 E ActivityManager: 	at android.content.Intent$1.createFromParcel(Intent.java:8002)
03-31 23:43:25.866  1383  1408 E ActivityManager: 	at android.app.ActivityManagerNative.onTransact(ActivityManagerNative.java:453)
03-31 23:43:25.866  1383  1408 E ActivityManager: 	at com.android.server.am.ActivityManagerService.onTransact(ActivityManagerService.java:2670)
03-31 23:43:25.866  1383  1408 E ActivityManager: 	at android.os.Binder.execTransact(Binder.java:453)
03-31 23:43:25.868   384   384 I caladbolg:    1299618 cald_client.c                      (396)   384 I [INF] - Cald_Client_ICamera_ReleaseCamera (0)
03-31 23:43:25.868   384   384 I caladbolg:    1299679 cald_client.c                     (1935)   384 I [INF] Cald_Client_Delete
03-31 23:43:25.868   384   384 I caladbolg:    1299984 cald_server.c                      (923)   384 I [INF] Cald_Server_ICameraServer_Stop
03-31 23:43:25.868   384   384 I caladbolg:    1300045 cald_camctrl.c                   (18032)   384 I [INF] + Cald_CamCtrl_Delete
03-31 23:43:25.870   384   384 I caladbolg:    1301205 cald_hal.c                        (5596)   384 I [INF] + Cald_Hal_Delete
03-31 23:43:25.870   384   384 I caladbolg:    1301541 cald_hal.c                        (5609)   384 I [INF] - Cald_Hal_Delete
03-31 23:43:25.870   384   384 I caladbolg:    1301602 cald_camctrl.c                   (18039)   384 I [INF] - Cald_CamCtrl_Delete
03-31 23:43:25.870   384   384 I caladbolg:    1301632 cald_camctrl.c                   (18032)   384 I [INF] + Cald_CamCtrl_Delete
03-31 23:43:25.872  1383  1726 D EventHub: No input device configuration file found for device 'pmic8xxx_pwrkey'.
03-31 23:43:25.877   384   384 I caladbolg:    1306058 cald_hal.c                        (5596)   384 I [INF] + Cald_Hal_Delete
03-31 23:43:25.879  1383  1726 W EventHub: Unable to disable kernel key repeat for /dev/input/event0: Function not implemented
03-31 23:43:25.879  1383  1726 I EventHub: New device: id=1, fd=79, path='/dev/input/event0', name='pmic8xxx_pwrkey', classes=0x1, configuration='', keyLayout='/system/usr/keylayout/pmic8xxx_pwrkey.kl', keyCharacterMap='/system/usr/keychars/Generic.kcm', builtinKeyboard=false, wakeMechanism=EVIOCSSUSPENDBLOCK, usingClockIoctl=true
03-31 23:43:25.879  1383  1726 D EventHub: No input device configuration file found for device 'pm8921_chg_unplug_key'.
03-31 23:43:25.880   384   384 I caladbolg:    1307584 cald_hal.c                        (5609)   384 I [INF] - Cald_Hal_Delete
03-31 23:43:25.880   384   384 I caladbolg:    1307675 cald_camctrl.c                   (18039)   384 I [INF] - Cald_CamCtrl_Delete
03-31 23:43:25.882  1383  1406 D DASH    : device/sony/blue-common/sensors/sensors_wrapper.c(227): sensors_wrapper_activate: lock
03-31 23:43:25.882  1383  1406 D DASH    : device/sony/blue-common/sensors/sensors_wrapper.c(253): sensors_wrapper_activate: unlock
03-31 23:43:25.882   384   384 I caladbolg:    1308225 cald_pal.c                        (4835)   384 I [INF] PAL_Delete
03-31 23:43:25.886  1383  1726 W EventHub: Unable to disable kernel key repeat for /dev/input/event10: Function not implemented
03-31 23:43:25.886  1383  1726 I EventHub: New device: id=2, fd=80, path='/dev/input/event10', name='pm8921_chg_unplug_key', classes=0x1, configuration='', keyLayout='/system/usr/keylayout/Generic.kl', keyCharacterMap='/system/usr/keychars/Generic.kcm', builtinKeyboard=false, wakeMechanism=EVIOCSSUSPENDBLOCK, usingClockIoctl=true
03-31 23:43:25.887  1383  1726 D EventHub: No input device configuration file found for device 'gpio-keys'.
03-31 23:43:25.891  1383  1383 I SystemServer: Bluetooth Service
03-31 23:43:25.891  1383  1383 I SystemServiceManager: Starting com.android.server.BluetoothService
03-31 23:43:25.891  1383  1726 W EventHub: Unable to disable kernel key repeat for /dev/input/event8: Function not implemented
03-31 23:43:25.891  1383  1726 I EventHub: New device: id=3, fd=75, path='/dev/input/event8', name='gpio-keys', classes=0x1, configuration='', keyLayout='/system/usr/keylayout/gpio-keys.kl', keyCharacterMap='/system/usr/keychars/Generic.kcm', builtinKeyboard=false, wakeMechanism=EVIOCSSUSPENDBLOCK, usingClockIoctl=true
03-31 23:43:25.892  1383  1726 D EventHub: No input device configuration file found for device 'msm8960-snd-card Headset Jack'.
03-31 23:43:25.892  1383  1726 I EventHub: New device: id=4, fd=81, path='/dev/input/event6', name='msm8960-snd-card Headset Jack', classes=0x80, configuration='', keyLayout='', keyCharacterMap='', builtinKeyboard=false, wakeMechanism=EVIOCSSUSPENDBLOCK, usingClockIoctl=true
03-31 23:43:25.892  1383  1726 D EventHub: No input device configuration file found for device 'msm8960-snd-card Button Jack'.
03-31 23:43:25.893   384   384 E idd-api : idd_set_sdata: send failed, socket 7, errcode -2 (No such file or directory)
03-31 23:43:25.893   384   384 I libcamera: stopCamera: X
03-31 23:43:25.893   384   384 I libcamera: release: X
03-31 23:43:25.893   384   384 I CameraFlashlight: Destroying camera 0
03-31 23:43:25.896   384   384 I CameraFlashlight: Opening camera 1
03-31 23:43:25.896   384   384 I libcamera: HAL_getCameraInfo: E cameraId=1
03-31 23:43:25.896   384   384 I libcamera: HAL_Camera_GetCameraInfo: HAL_gCameraNum=2
03-31 23:43:25.896   384   384 I libcamera: HAL_getCameraInfo: X
03-31 23:43:25.896   384   384 I libcamera: HAL_getNumberOfCameras: E
03-31 23:43:25.896   384   384 I libcamera: HAL_Camera_GetCameraInfo: HAL_gCameraNum=2
03-31 23:43:25.896   384   384 I libcamera: HAL_getNumberOfCameras: X
03-31 23:43:25.896   384   384 I libcamera: HAL_openCameraHardware: E cameraId=1
03-31 23:43:25.899   384   384 W SHIM_ServiceManager: Permission failure: android.permission.CAMERA from uid=1013 pid=384
03-31 23:43:25.899   384   384 I libcamera: HAL_Camera_GetCameraInfo: HAL_gCameraNum=2
03-31 23:43:25.899  1383  1726 W EventHub: Unable to disable kernel key repeat for /dev/input/event5: Function not implemented
03-31 23:43:25.899  1383  1726 I EventHub: New device: id=5, fd=82, path='/dev/input/event5', name='msm8960-snd-card Button Jack', classes=0x1, configuration='', keyLayout='/system/usr/keylayout/msm8960-snd-card_Button_Jack.kl', keyCharacterMap='/system/usr/keychars/Generic.kcm', builtinKeyboard=false, wakeMechanism=EVIOCSSUSPENDBLOCK, usingClockIoctl=true
03-31 23:43:25.899  1383  1726 D EventHub: No input device configuration file found for device 'mhl-rcp'.
03-31 23:43:25.905  1383  1726 W EventHub: Unable to disable kernel key repeat for /dev/input/event7: Function not implemented
03-31 23:43:25.905  1383  1383 D BluetoothManagerService: Loading stored name and address
03-31 23:43:25.905  1383  1726 I EventHub: New device: id=6, fd=76, path='/dev/input/event7', name='mhl-rcp', classes=0x9, configuration='', keyLayout='/system/usr/keylayout/Generic.kl', keyCharacterMap='/system/usr/keychars/Generic.kcm', builtinKeyboard=false, wakeMechanism=EVIOCSSUSPENDBLOCK, usingClockIoctl=true
03-31 23:43:25.905  1383  1383 D BluetoothManagerService: Stored bluetooth Name=Xperia T,Address=22:22:7F:88:46:D4
03-31 23:43:25.906  1383  1383 D BluetoothService: onStart: publishing BluetoothManagerService
03-31 23:43:25.906  1383  1726 D EventHub: No input device configuration file found for device 'bma250'.
03-31 23:43:25.906  1383  1383 I SystemServer: Input Method Service
03-31 23:43:25.913   384   384 I caladbolg:    1312376 cald_pal.c                        (4812)   384 I [INF] PAL_Create
03-31 23:43:25.914  1383  1408 E Parcel  : Reading a NULL string not supported here.
03-31 23:43:25.914   384   384 I caladbolg:    1313230 cald_camctrl.c                   (17998)   384 I [INF] + Cald_CamCtrl_Create
03-31 23:43:25.914   384   384 I caladbolg:    1313291 cald_hal.c                        (5552)   384 I [INF] + Cald_Hal_Create
03-31 23:43:25.915  1383  1408 D DASH    : device/sony/blue-common/sensors/sensors_wrapper.c(227): sensors_wrapper_activate: lock
03-31 23:43:25.915  1383  1408 D DASH    : device/sony/blue-common/sensors/sensors_wrapper.c(253): sensors_wrapper_activate: unlock
03-31 23:43:25.915  1383  1408 D DASH    : device/sony/blue-common/sensors/sensors_wrapper.c(269): sensors_wrapper_set_delay: lock
03-31 23:43:25.915  1383  1408 D DASH    : device/sony/blue-common/sensors/sensors_wrapper.c(281): sensors_wrapper_set_delay: unlock
03-31 23:43:25.915  1383  1408 D DASH    : device/sony/blue-common/sensors/sensors_wrapper.c(269): sensors_wrapper_set_delay: lock
03-31 23:43:25.915  1383  1408 D DASH    : device/sony/blue-common/sensors/sensors_wrapper.c(281): sensors_wrapper_set_delay: unlock
03-31 23:43:25.915  1383  1406 D DASH    : device/sony/blue-common/sensors/sensors_wrapper.c(269): sensors_wrapper_set_delay: lock
03-31 23:43:25.916  1383  1406 D DASH    : device/sony/blue-common/sensors/sensors_wrapper.c(281): sensors_wrapper_set_delay: unlock
03-31 23:43:25.916   384  1730 I mm-camera: qcamsvr_start: old_mode = 7
03-31 23:43:25.923   384   384 I mm-camera-c2d_client: c2d_interface_create: idx = 0 handle = 256
03-31 23:43:25.923   384   384 I caladbolg:    1319182 cald_hal.c                        (5580)   384 I [INF] - Cald_Hal_Create
03-31 23:43:25.923   384   384 I caladbolg:    1319243 cald_camctrl.c                    (8834)   384 I [INF] Module name SOI13BS0
03-31 23:43:25.929   384   384 I caladbolg:    1324462 cald_camctrl.c                    (6237)   384 I [INF] CameraIndex :    [0x1]
03-31 23:43:25.929   384   384 I caladbolg:    1324523 cald_camctrl.c                    (6238)   384 I [INF] numOfCameras:    [0x2]
03-31 23:43:25.929   384   384 I caladbolg:    1324584 cald_camctrl.c                    (6239)   384 I [INF] majorVersion:    [0x2]
03-31 23:43:25.929   384   384 I caladbolg:    1324614 cald_camctrl.c                    (6240)   384 I [INF] minorVersion:    [0x1]
03-31 23:43:25.929   384   384 I caladbolg:    1325347 cald_camctrl.c                   (18023)   384 I [INF] - Cald_CamCtrl_Create
03-31 23:43:25.930   384   384 I caladbolg:    1325438 cald_camctrl.c                   (17998)   384 I [INF] + Cald_CamCtrl_Create
03-31 23:43:25.930   384   384 I caladbolg:    1325621 cald_hal.c                        (5552)   384 I [INF] + Cald_Hal_Create
03-31 23:43:25.930   384   384 I caladbolg:    1326415 cald_hal.c                        (5580)   384 I [INF] - Cald_Hal_Create
03-31 23:43:25.931   384   384 I caladbolg:    1326476 cald_camctrl.c                    (8834)   384 I [INF] Module name STW01BM0
03-31 23:43:25.938   384   384 I caladbolg:    1332427 cald_camctrl.c                    (6237)   384 I [INF] CameraIndex :    [0x2]
03-31 23:43:25.938   384   384 I caladbolg:    1332488 cald_camctrl.c                    (6238)   384 I [INF] numOfCameras:    [0x2]
03-31 23:43:25.938   384   384 I caladbolg:    1332549 cald_camctrl.c                    (6239)   384 I [INF] majorVersion:    [0x2]
03-31 23:43:25.938   384   384 I caladbolg:    1332580 cald_camctrl.c                    (6240)   384 I [INF] minorVersion:    [0x1]
03-31 23:43:25.939   384   384 I caladbolg:    1333190 cald_camctrl.c                   (18023)   384 I [INF] - Cald_CamCtrl_Create
03-31 23:43:25.941  1383  1408 E ActivityManager: Activity Manager Crash
03-31 23:43:25.941  1383  1408 E ActivityManager: java.lang.NullPointerException: Attempt to invoke virtual method 'java.lang.String java.lang.String.intern()' on a null object reference
03-31 23:43:25.941  1383  1408 E ActivityManager: 	at android.content.Intent.readFromParcel(Intent.java:8032)
03-31 23:43:25.941  1383  1408 E ActivityManager: 	at android.content.Intent.<init>(Intent.java:8012)
03-31 23:43:25.941  1383  1408 E ActivityManager: 	at android.content.Intent$1.createFromParcel(Intent.java:8003)
03-31 23:43:25.941  1383  1408 E ActivityManager: 	at android.content.Intent$1.createFromParcel(Intent.java:8002)
03-31 23:43:25.941  1383  1408 E ActivityManager: 	at android.app.ActivityManagerNative.onTransact(ActivityManagerNative.java:453)
03-31 23:43:25.941  1383  1408 E ActivityManager: 	at com.android.server.am.ActivityManagerService.onTransact(ActivityManagerService.java:2670)
03-31 23:43:25.941  1383  1408 E ActivityManager: 	at android.os.Binder.execTransact(Binder.java:453)
03-31 23:43:25.944  1383  1406 E ActivityManager: Activity Manager Crash
03-31 23:43:25.944  1383  1406 E ActivityManager: java.lang.NullPointerException: Attempt to invoke virtual method 'java.lang.String java.lang.String.intern()' on a null object reference
03-31 23:43:25.944  1383  1406 E ActivityManager: 	at android.content.Intent.readFromParcel(Intent.java:8032)
03-31 23:43:25.944  1383  1406 E ActivityManager: 	at android.content.Intent.<init>(Intent.java:8012)
03-31 23:43:25.944  1383  1406 E ActivityManager: 	at android.content.Intent$1.createFromParcel(Intent.java:8003)
03-31 23:43:25.944  1383  1406 E ActivityManager: 	at android.content.Intent$1.createFromParcel(Intent.java:8002)
03-31 23:43:25.944  1383  1406 E ActivityManager: 	at android.app.ActivityManagerNative.onTransact(ActivityManagerNative.java:453)
03-31 23:43:25.944  1383  1406 E ActivityManager: 	at com.android.server.am.ActivityManagerService.onTransact(ActivityManagerService.java:2670)
03-31 23:43:25.944  1383  1406 E ActivityManager: 	at android.os.Binder.execTransact(Binder.java:453)
03-31 23:43:25.947  1383  1408 E ActivityManager: Activity Manager Crash
03-31 23:43:25.947  1383  1408 E ActivityManager: java.lang.NullPointerException: Attempt to invoke virtual method 'java.lang.String java.lang.String.intern()' on a null object reference
03-31 23:43:25.947  1383  1408 E ActivityManager: 	at android.content.Intent.readFromParcel(Intent.java:8032)
03-31 23:43:25.947  1383  1408 E ActivityManager: 	at android.content.Intent.<init>(Intent.java:8012)
03-31 23:43:25.947  1383  1408 E ActivityManager: 	at android.content.Intent$1.createFromParcel(Intent.java:8003)
03-31 23:43:25.947  1383  1408 E ActivityManager: 	at android.content.Intent$1.createFromParcel(Intent.java:8002)
03-31 23:43:25.947  1383  1408 E ActivityManager: 	at android.app.ActivityManagerNative.onTransact(ActivityManagerNative.java:453)
03-31 23:43:25.947  1383  1408 E ActivityManager: 	at com.android.server.am.ActivityManagerService.onTransact(ActivityManagerService.java:2670)
03-31 23:43:25.947  1383  1408 E ActivityManager: 	at android.os.Binder.execTransact(Binder.java:453)
03-31 23:43:25.949  1383  1406 E ActivityManager: Activity Manager Crash
03-31 23:43:25.949  1383  1406 E ActivityManager: java.lang.NullPointerException: Attempt to invoke virtual method 'java.lang.String java.lang.String.intern()' on a null object reference
03-31 23:43:25.949  1383  1406 E ActivityManager: 	at android.content.Intent.readFromParcel(Intent.java:8032)
03-31 23:43:25.949  1383  1406 E ActivityManager: 	at android.content.Intent.<init>(Intent.java:8012)
03-31 23:43:25.949  1383  1406 E ActivityManager: 	at android.content.Intent$1.createFromParcel(Intent.java:8003)
03-31 23:43:25.949  1383  1406 E ActivityManager: 	at android.content.Intent$1.createFromParcel(Intent.java:8002)
03-31 23:43:25.949  1383  1406 E ActivityManager: 	at android.app.ActivityManagerNative.onTransact(ActivityManagerNative.java:453)
03-31 23:43:25.949  1383  1406 E ActivityManager: 	at com.android.server.am.ActivityManagerService.onTransact(ActivityManagerService.java:2670)
03-31 23:43:25.949  1383  1406 E ActivityManager: 	at android.os.Binder.execTransact(Binder.java:453)
03-31 23:43:25.951   384   384 E QCOM PowerHAL: Invalid hint ID.
03-31 23:43:25.951   384   384 E QCOM PowerHAL: Invalid hint ID.
03-31 23:43:25.952  1383  1408 E ActivityManager: Activity Manager Crash
03-31 23:43:25.952  1383  1408 E ActivityManager: java.lang.NullPointerException: Attempt to invoke virtual method 'java.lang.String java.lang.String.intern()' on a null object reference
03-31 23:43:25.952  1383  1408 E ActivityManager: 	at android.content.Intent.readFromParcel(Intent.java:8032)
03-31 23:43:25.952  1383  1408 E ActivityManager: 	at android.content.Intent.<init>(Intent.java:8012)
03-31 23:43:25.952  1383  1408 E ActivityManager: 	at android.content.Intent$1.createFromParcel(Intent.java:8003)
03-31 23:43:25.952  1383  1408 E ActivityManager: 	at android.content.Intent$1.createFromParcel(Intent.java:8002)
03-31 23:43:25.952  1383  1408 E ActivityManager: 	at android.app.ActivityManagerNative.onTransact(ActivityManagerNative.java:453)
03-31 23:43:25.952  1383  1408 E ActivityManager: 	at com.android.server.am.ActivityManagerService.onTransact(ActivityManagerService.java:2670)
03-31 23:43:25.952  1383  1408 E ActivityManager: 	at android.os.Binder.execTransact(Binder.java:453)
03-31 23:43:25.954  1383  1406 E ActivityManager: Activity Manager Crash
03-31 23:43:25.954  1383  1406 E ActivityManager: java.lang.NullPointerException: Attempt to invoke virtual method 'java.lang.String java.lang.String.intern()' on a null object reference
03-31 23:43:25.954  1383  1406 E ActivityManager: 	at android.content.Intent.readFromParcel(Intent.java:8032)
03-31 23:43:25.954  1383  1406 E ActivityManager: 	at android.content.Intent.<init>(Intent.java:8012)
03-31 23:43:25.954  1383  1406 E ActivityManager: 	at android.content.Intent$1.createFromParcel(Intent.java:8003)
03-31 23:43:25.954  1383  1406 E ActivityManager: 	at android.content.Intent$1.createFromParcel(Intent.java:8002)
03-31 23:43:25.954  1383  1406 E ActivityManager: 	at android.app.ActivityManagerNative.onTransact(ActivityManagerNative.java:453)
03-31 23:43:25.954  1383  1406 E ActivityManager: 	at com.android.server.am.ActivityManagerService.onTransact(ActivityManagerService.java:2670)
03-31 23:43:25.954  1383  1406 E ActivityManager: 	at android.os.Binder.execTransact(Binder.java:453)
03-31 23:43:25.955   384   384 I caladbolg:    1336395 cald_server.c                      (904)   384 I [INF] Cald_Server_ICameraServer_Start
03-31 23:43:25.955   384   384 I caladbolg:    1336853 cald_client.c                     (1926)   384 I [INF] Cald_Client_Create
03-31 23:43:25.956   384   384 I caladbolg:    1336914 cald_client.c                      (307)   384 I [INF] + Cald_Client_ICamera_ReserveCamera index[0x2] priority[0] pICBCamera[0xb498e5d8] userData[0xb8ecb228]
03-31 23:43:25.956   384  1729 I caladbolg:    1337036 cald_camctrl.c                    (9020)  1729 P [PFM]    1337005 + Cald_CamCtrl_PowerUp
03-31 23:43:25.956   384  1729 I caladbolg:    1337097 cald_capctrl.c                   (10365)  1729 I [INF] + Cald_CapCtrl_Create
03-31 23:43:25.960   384  1729 I caladbolg:    1341217 cald_capctrl.c                   (10393)  1729 I [INF] - Cald_CapCtrl_Create
03-31 23:43:25.960   384  1729 I caladbolg:    1341370 cald_iqctrl.c                    (19921)  1729 I [INF] + Cald_IqCtrl_Create
03-31 23:43:25.966   384  1729 I caladbolg:    1346741 cald_iqctrl.c                    (19968)  1729 I [INF] - Cald_IqCtrl_Create
03-31 23:43:25.967   384  1729 I caladbolg:    1347810 cald_hal_qct_camera.c             (5977)  1729 P [HAL]    1347779 + Cald_Hal_Qct_If_PowerUp 
03-31 23:43:25.967   384  1729 I caladbolg:    1347962 cald_hal_qct_camera.c             (6046)  1729 P [HAL]    1347932 - Cald_Hal_Qct_If_PowerUp
03-31 23:43:25.970  1383  1408 E ActivityManager: Activity Manager Crash
03-31 23:43:25.970  1383  1408 E ActivityManager: java.lang.NullPointerException: Attempt to invoke virtual method 'java.lang.String java.lang.String.intern()' on a null object reference
03-31 23:43:25.970  1383  1408 E ActivityManager: 	at android.content.Intent.readFromParcel(Intent.java:8032)
03-31 23:43:25.970  1383  1408 E ActivityManager: 	at android.content.Intent.<init>(Intent.java:8012)
03-31 23:43:25.970  1383  1408 E ActivityManager: 	at android.content.Intent$1.createFromParcel(Intent.java:8003)
03-31 23:43:25.970  1383  1408 E ActivityManager: 	at android.content.Intent$1.createFromParcel(Intent.java:8002)
03-31 23:43:25.970  1383  1408 E ActivityManager: 	at android.app.ActivityManagerNative.onTransact(ActivityManagerNative.java:453)
03-31 23:43:25.970  1383  1408 E ActivityManager: 	at com.android.server.am.ActivityManagerService.onTransact(ActivityManagerService.java:2670)
03-31 23:43:25.970  1383  1408 E ActivityManager: 	at android.os.Binder.execTransact(Binder.java:453)
03-31 23:43:25.971   384  1729 I caladbolg:    1349977 cald_camctrl.c                    (9035)  1729 P [PFM]    1349916 - Cald_CamCtrl_PowerUp
03-31 23:43:25.971   384   384 I caladbolg:    1350099 cald_client.c                      (332)   384 I [INF] - Cald_Client_ICamera_ReserveCamera (0)
03-31 23:43:25.971   384   384 I caladbolg:    1350556 cald_client.c                      (113)   384 I [INF] + Cald_Client_ICamera_GetCameraCaps 
03-31 23:43:25.972   384   384 I caladbolg:    1350709 cald_client.c                      (137)   384 I [INF] - Cald_Client_ICamera_GetCameraCaps (0)
03-31 23:43:25.972   384   384 I caladbolg:    1350770 cald_client.c                      (151)   384 I [INF] + Cald_Client_ICamera_GetPreviewCaps 
03-31 23:43:25.972   384   384 I caladbolg:    1350923 cald_client.c                      (177)   384 I [INF] - Cald_Client_ICamera_GetPreviewCaps (0)
03-31 23:43:25.972   384   384 I caladbolg:    1350984 cald_client.c                      (268)   384 I [INF] + Cald_Client_ICamera_GetSnapshotCaps 
03-31 23:43:25.972   384   384 I caladbolg:    1351106 cald_client.c                      (293)   384 I [INF] - Cald_Client_ICamera_GetSnapshotCaps (0)
03-31 23:43:25.972   384   384 I caladbolg:    1351167 cald_client.c                      (191)   384 I [INF] + Cald_Client_ICamera_GetVideoCaps 
03-31 23:43:25.972   384   384 I caladbolg:    1351289 cald_client.c                      (217)   384 I [INF] - Cald_Client_ICamera_GetVideoCaps (0)
03-31 23:43:25.979   384  1729 I caladbolg:    1352235 cald_camctrl.c                   (11707)  1729 I [INF] Thumbnail size [640 x 480]
03-31 23:43:25.980   384   384 I caladbolg:    1353151 cald_client.c                      (113)   384 I [INF] + Cald_Client_ICamera_GetCameraCaps 
03-31 23:43:25.980   384   384 I caladbolg:    1353303 cald_client.c                      (137)   384 I [INF] - Cald_Client_ICamera_GetCameraCaps (0)
03-31 23:43:25.980   384   384 I caladbolg:    1353364 cald_client.c                      (151)   384 I [INF] + Cald_Client_ICamera_GetPreviewCaps 
03-31 23:43:25.980   384   384 I caladbolg:    1353456 cald_client.c                      (177)   384 I [INF] - Cald_Client_ICamera_GetPreviewCaps (0)
03-31 23:43:25.980   384   384 I caladbolg:    1353517 cald_client.c                      (268)   384 I [INF] + Cald_Client_ICamera_GetSnapshotCaps 
03-31 23:43:25.981   384   384 I caladbolg:    1353639 cald_client.c                      (293)   384 I [INF] - Cald_Client_ICamera_GetSnapshotCaps (0)
03-31 23:43:25.981   384   384 E idd-api : idd_set_sdata: send failed, socket 7, errcode -2 (No such file or directory)
03-31 23:43:25.981   384   384 E idd-api : idd_set_sdata: send failed, socket 7, errcode -2 (No such file or directory)
03-31 23:43:25.981   384   384 I libcamera: HAL_openCameraHardware: X created hardware=0xb8ecb228
03-31 23:43:25.983   384   384 I caladbolg:    1356203 cald_client.c                      (941)   384 I [INF] + Cald_Client_ICamera_CancelAutoLock 
03-31 23:43:25.983   384   384 I caladbolg:    1356386 cald_client.c                      (959)   384 I [INF] - Cald_Client_ICamera_CancelAutoLock (0)
03-31 23:43:25.984   384   384 I libcamera: release: E
03-31 23:43:25.984   384   384 I caladbolg:    1356752 cald_client.c                      (879)   384 I [INF] + Cald_Client_ICamera_CancelSnapshot 
03-31 23:43:25.984   384  1734 I caladbolg:    1356966 cald_hal_qct_camera.c             (6321)  1734 P [HAL]    1356935 + Cald_Hal_Qct_If_StopYuvSnapshot 
03-31 23:43:25.984   384  1734 I caladbolg:    1357057 cald_hal_qct_camera.c             (6375)  1734 P [HAL]    1357027 - Cald_Hal_Qct_If_StopYuvSnapshot
03-31 23:43:25.984   384   384 I caladbolg:    1357393 cald_client.c                      (897)   384 I [INF] - Cald_Client_ICamera_CancelSnapshot (0)
03-31 23:43:25.984   384   384 I libcamera: stopCamera: E
03-31 23:43:25.985   384   384 I caladbolg:    1357485 cald_client.c                      (372)   384 I [INF] + Cald_Client_ICamera_ReleaseCamera 
03-31 23:43:25.985   384  1729 I caladbolg:    1357576 cald_camctrl.c                    (9120)  1729 I [INF] + Cald_CamCtrl_Func_PowerDown
03-31 23:43:25.985   384  1734 I caladbolg:    1357668 cald_capctrl.c                    (7662)  1734 I [INF] + Cald_CapCtrl_FSM_Func_StopCaptureCtrl
03-31 23:43:25.985   384  1734 I caladbolg:    1357729 cald_capctrl.c                    (7664)  1734 I [INF] - Cald_CapCtrl_FSM_Func_StopCaptureCtrl
03-31 23:43:25.985   384  1747 I caladbolg:    1357851 cald_iqctrl.c                    (13895)  1747 I [INF] + Cald_IqCtrl_FSM_Func_StopIqCtrl
03-31 23:43:25.985   384  1747 I caladbolg:    1357912 cald_iqctrl.c                    (12259)  1747 I [INF] + Cald_IqCtrl_Callback
03-31 23:43:25.985   384  1747 I caladbolg:    1357942 cald_iqctrl.c                    (12323)  1747 I [INF] - Cald_IqCtrl_Callback
03-31 23:43:25.991   384  1747 I caladbolg:    1360018 cald_iqctrl.c                     (8630)  1747 I [INF] + Cald_IqCtrl_FSM_Func_AE_StopAewb
03-31 23:43:25.991   384  1747 I caladbolg:    1360750 cald_iqctrl.c                     (8666)  1747 I [INF] - Cald_IqCtrl_FSM_Func_AE_StopAewb
03-31 23:43:25.991   384  1747 I caladbolg:    1360903 cald_iqctrl.c                    (13957)  1747 I [INF] - Cald_IqCtrl_FSM_Func_StopIqCtrl
03-31 23:43:25.992   384  1729 I caladbolg:    1361056 cald_hal_qct_camera.c             (6056)  1729 P [HAL]    1361025 + Cald_Hal_Qct_If_PowerDown 
03-31 23:43:26.005  1383  1726 D EventHub: No input device configuration file found for device 'compass'.
03-31 23:43:26.041  1383  1383 I SystemServer: Accessibility Manager
03-31 23:43:26.059  1383  1383 I XXXXXX  : choosing minFree values for 32 Bit
03-31 23:43:26.059  1383  1383 I XXXXXX  : choosing minFree values for 32 Bit
03-31 23:43:26.059  1383  1383 I XXXXXX  : choosing minFree values for 32 Bit
03-31 23:43:26.059  1383  1383 I XXXXXX  : choosing minFree values for 32 Bit
03-31 23:43:26.059  1383  1383 I XXXXXX  : choosing minFree values for 32 Bit
03-31 23:43:26.059  1383  1383 I XXXXXX  : choosing minFree values for 32 Bit
03-31 23:43:26.061  1383  1383 I ActivityManager: Config changes=1df8 {1.0 ?mcc?mnc de_DE ldltr sw360dp w360dp h640dp 320dpi nrml long port ?uimode ?night -touch -keyb/h/h -nav/h s.2 themeResource=null}
03-31 23:43:26.080  1383  1383 I ActivityManager: Config changes=500 {1.0 ?mcc?mnc de_DE ldltr sw360dp w360dp h568dp 320dpi nrml port ?uimode ?night -touch -keyb/h/h -nav/h s.3 themeResource=null}
03-31 23:43:26.081  1383  1383 I SystemServiceManager: Starting com.android.server.MountService$Lifecycle
03-31 23:43:26.108  1383  1383 I SystemServiceManager: Starting com.android.server.UiModeManagerService
03-31 23:43:26.110  1383  1383 I ActivityManager: Config changes=200 {1.0 ?mcc?mnc de_DE ldltr sw360dp w360dp h568dp 320dpi nrml port -touch -keyb/h/h -nav/h s.4 themeResource=null}
03-31 23:43:26.113  1383  1383 I SystemServer: LockSettingsService
03-31 23:43:26.116  1383  1726 D EventHub: No input device configuration file found for device 'apds9702'.
03-31 23:43:26.123  1383  1383 I SystemServiceManager: Starting com.android.server.DeviceIdleController
03-31 23:43:26.126  1383  1750 D MountService: Thinking about reset, mSystemReady=false, mDaemonConnected=true
03-31 23:43:26.129  1383  1750 D MountService: Thinking about reset, mSystemReady=false, mDaemonConnected=true
03-31 23:43:26.129  1383  1750 D CryptdConnector: SND -> {1 cryptfs getfield SystemLocale}
03-31 23:43:26.129   193   220 I Ext4Crypt: ext4 crypto complete called on /data
03-31 23:43:26.129   193   220 I Ext4Crypt: No master key, so not ext4enc
03-31 23:43:26.130  1383  1752 D CryptdConnector: RCV <- {200 1 -1}
03-31 23:43:26.131  1383  1750 W MountService: No primary storage mounted!
03-31 23:43:26.131  1383  1750 D VoldConnector: SND -> {1 asec list}
03-31 23:43:26.132  1383  1751 D VoldConnector: RCV <- {200 1 asec operation succeeded}
03-31 23:43:26.132  1383  1750 I PackageManager: No secure containers found
03-31 23:43:26.133  1383  1750 W PackageManager: Unknown permission com.google.android.googleapps.permission.GOOGLE_AUTH in package com.android.providers.calendar
03-31 23:43:26.133  1383  1750 W PackageManager: Unknown permission com.google.android.googleapps.permission.GOOGLE_AUTH.cl in package com.android.providers.calendar
03-31 23:43:26.133  1383  1750 W PackageManager: Not granting permission android.permission.REAL_GET_TASKS to package org.cyanogenmod.wallpapers.photophase (protectionLevel=18 flags=0x3818be45)
03-31 23:43:26.133  1383  1750 W PackageManager: Not granting permission android.permission.ACCESS_DOWNLOAD_MANAGER to package com.android.browser (protectionLevel=18 flags=0x3849be45)
03-31 23:43:26.133  1383  1750 W PackageManager: Not granting permission android.permission.SEND_DOWNLOAD_COMPLETED_INTENTS to package com.android.browser (protectionLevel=2 flags=0x3849be45)
03-31 23:43:26.134  1383  1750 W PackageManager: Unknown permission com.cyngn.stats.SEND_ANALYTICS in package com.cyanogenmod.setupwizard
