--------- beginning of system
03-14 02:07:42.087   193   193 I vold    : Vold 3.0 (the awakening) firing up
03-14 02:07:42.087   193   193 V vold    : Detected support for: exfat ext4 f2fs ntfs vfat
03-14 02:07:42.384   193   218 V vold    : /system/bin/sgdisk
03-14 02:07:42.384   193   218 V vold    :     --android-dump
03-14 02:07:42.384   193   218 V vold    :     /dev/block/vold/disk:179_32
03-14 02:07:42.428   193   218 V vold    : DISK mbr
03-14 02:07:42.428   193   218 V vold    : PART 1 c
03-14 02:07:42.428   193   218 V vold    : PART 2 83
03-14 02:07:42.428   193   218 V vold    : PART 3 82
03-14 02:07:43.800   394   394 I bs_updatemiscta: Version info filename defaulted to: /version
03-14 02:07:43.800   394   394 W bs_updatemiscta: read_sw_version_info_file: Can not open file: '/version'
03-14 02:07:43.800   394   394 E bs_updatemiscta: Read "ro.semc.version.sw":  -> ERROR
03-14 02:07:43.800   394   394 E bs_updatemiscta: Read "ro.semc.version.sw_revision":  -> ERROR
03-14 02:07:43.800   394   394 E bs_updatemiscta: Read "ro.semc.version.sw_variant":  -> ERROR
03-14 02:07:43.800   394   394 E bs_updatemiscta: Read "ro.semc.version.sw_type":  -> ERROR
03-14 02:07:43.800   394   394 E bs_updatemiscta: Step Reading version properties information -> ERROR
03-14 02:07:43.809   394   394 E bs_updatemiscta: update_ta_sw_version: SpaceId string length error
03-14 02:07:43.809   394   394 I bs_updatemiscta: Failed to set "TA_SW_VERSION", defaulting to: Unknown: Mar 13 2014/18:03:09
03-14 02:07:43.811   394   394 E bs_updatemiscta: Update SW_VERSION information -> ERROR
03-14 02:07:43.813   394   394 W bs_updatemiscta: Read TA_AC_VERSION -> NOTFOUND
03-14 02:07:43.813   394   394 E bs_updatemiscta: Read "ro.semc.version.fs":  -> ERROR
03-14 02:07:43.813   394   394 I bs_updatemiscta: Failed to set "TA_FS_VERSION", defaulting to: Unknown: Mar 13 2014/18:03:09
03-14 02:07:43.814   394   394 W bs_updatemiscta: Failed to read "ro.semc.version.cust" (this is OK if this is an unofficial build, since this property not is required to exist then)
03-14 02:07:43.814   394   394 I bs_updatemiscta: Failed to set "TA_CUST_VERSION", defaulting to: Unknown: Mar 13 2014/18:03:09
03-14 02:07:43.818   394   394 E bs_updatemiscta: Read "ro.semc.product.model":  -> ERROR
03-14 02:07:43.818   394   394 I bs_updatemiscta: Failed to set "TA_PHONE_NAME", defaulting to: Unknown: Mar 13 2014/18:03:09
03-14 02:07:43.914   394   394 I bs_updatemiscta: Found 4 version history entries in TA_VERSION_HISTORY (from old to new):
03-14 02:07:43.914   394   394 I bs_updatemiscta: NEW_VERSION: erased_user_data:false, variant:user, s1boot_version:1255-9860 R10AM009, cdf_version:1267-9214_R1J, fs_version:GLOBAL-HSPA_9.2.A.0.295, sw_version:1262-6309_9.2.A.0.295
03-14 02:07:43.914   394   394 I bs_updatemiscta: NEW_VERSION: erased_user_data:false, variant:user, s1boot_version:1255-9860 R10AM009, cdf_version:1267-9214_R1J, fs_version:GLOBAL-HSPA_9.2.A.1.199, sw_version:1262-6309_9.2.A.1.199
03-14 02:07:43.914   394   394 I bs_updatemiscta: NEW_VERSION: erased_user_data:false, variant:user, s1boot_version:1255-9860 R10AM009, cdf_version:1267-9214_R1J, fs_version:GLOBAL-HSPA_9.2.A.1.205, sw_version:1262-6309_9.2.A.1.205
03-14 02:07:43.914   394   394 I bs_updatemiscta: NEW_VERSION: erased_user_data:true, variant:user, s1boot_version:1255-9860 R10AM009, cdf_version:Unknown: Mar 13 2014/18:03:09, fs_version:Unknown: Mar 13 2014/18:03:09, sw_version:Unknown: Mar 13 2014/18:03:09
03-14 02:07:43.914   394   394 E bs_updatemiscta: UpdateMiscTa ended with error -> ERROR
--------- beginning of crash
03-14 02:07:43.921   419   419 F libc    : page record for 0xb6f3000c was not found (block_size=64)
03-14 02:07:43.945   416   416 F libc    : page record for 0xb6e7300c was not found (block_size=64)
03-31 23:43:08.039   487   487 F libc    : page record for 0xb6f4500c was not found (block_size=64)
03-31 23:43:08.115   492   492 F libc    : page record for 0xb6f4900c was not found (block_size=64)
03-31 23:43:08.195   508   508 F libc    : page record for 0xb6f5800c was not found (block_size=64)
--------- beginning of main
03-31 23:43:09.356   384   384 D libcameralight: blue_calc_parameters.c vf_ref set to: 3200. Should be 3200
03-31 23:43:09.356   384   384 D libcameralight: 
03-31 23:43:09.356   384   384 D libcameralight: blue_calc_parameters.c i_batt_max_high set to: 500000. Should be 500000
03-31 23:43:09.356   384   384 D libcameralight: 
03-31 23:43:09.356   384   384 D libcameralight: blue_calc_parameters.c i_batt_max_torch set to: 500000.Should be 500000
03-31 23:43:09.356   384   384 D libcameralight: 
03-31 23:43:09.356   384   384 D libcameralight: blue_calc_parameters.c max_if_flash set to: 1500000. Should be 1500000
03-31 23:43:09.356   384   384 D libcameralight: 
03-31 23:43:09.356   384   384 D libcameralight: blue_calc_parameters.c max_if_torch_3a set to: 500000. Should be 500000
03-31 23:43:09.356   384   384 D libcameralight: 
03-31 23:43:09.356   384   384 D libcameralight: blue_calc_parameters.c v_batt_meas_range set to: 150.Should be 150
03-31 23:43:09.356   384   384 D libcameralight: 
03-31 23:43:09.356   384   384 D libcameralight: blue_calc_parameters.c i_batt_meas_range set to: 50000.Should be 50000
03-31 23:43:09.356   384   384 D libcameralight: 
03-31 23:43:09.356   384   384 D libcameralight: blue_calc_parameters.c if_flash_critical set to: 125000.Should be 125000
03-31 23:43:09.356   384   384 D libcameralight: 
03-31 23:43:09.356   384   384 D libcameralight: blue_calc_parameters.c if_torch_critical set to: 125000.Should be 125000
03-31 23:43:09.356   384   384 D libcameralight: 
03-31 23:43:09.356   384   384 D libcameralight: blue_calc_parameters.c valid[0]:0
03-31 23:43:09.356   384   384 D libcameralight: blue_calc_parameters.c valid[1]:0
03-31 23:43:09.356   384   384 D libcameralight: blue_calc_parameters.c valid[2]:0
03-31 23:43:09.356   384   384 D libcameralight: blue_calc_parameters.c valid[3]:0
03-31 23:43:09.356   384   384 D libcameralight: blue_calc_parameters.c valid[4]:0
03-31 23:43:09.356   384   384 D libcameralight: blue_calc_parameters.c valid[5]:0
03-31 23:43:09.356   384   384 D libcameralight: blue_calc_parameters.c valid[6]:0
03-31 23:43:09.356   384   384 D libcameralight: blue_calc_parameters.c valid[7]:0
03-31 23:43:09.356   384   384 D libcameralight: blue_calc_parameters.c calcparam_get_factory - Detect factory NV value vf_factory = 3500
03-31 23:43:09.356   384   384 D libcameralight: blue_calc_parameters.c log_param: if_indicator_level = 3125
03-31 23:43:09.356   384   384 D libcameralight: blue_calc_parameters.c log_param: if_torch_vr = 187500
03-31 23:43:09.356   384   384 D libcameralight: blue_calc_parameters.c log_param: vf_factory = 3500
03-31 23:43:09.357   384   384 D libcameralight: blue_calc_parameters.c log_param: v_batt_min = 3500
03-31 23:43:09.357   384   384 D libcameralight: blue_calc_parameters.c log_param: vdrop_ratio = 80
03-31 23:43:09.357   384   384 D libcameralight: blue_calc_parameters.c log_param: ratio_vdrop_torch = 60
03-31 23:43:09.357   384   384 D libcameralight: blue_calc_parameters.c log_param: ratio_vdrop_high = 50
03-31 23:43:09.357   384   384 D libcameralight: blue_calc_parameters.c log_param: eff_h = 90
03-31 23:43:09.357   384   384 D libcameralight: blue_calc_parameters.c log_param: eff_l = 70
03-31 23:43:09.357   384   384 D libcameralight: blue_calc_parameters.c log_param: drv_eff_threshold = 2000000
03-31 23:43:09.357   384   384 D libcameralight: blue_calc_parameters.c log_param: c_redeye = 50
03-31 23:43:09.357   384   384 D libcameralight: blue_calc_parameters.c log_param: c_alien = 50
03-31 23:43:09.357   384   384 D libcameralight: blue_calc_parameters.c log_param: c_charging = 50
03-31 23:43:09.357   384   384 D libcameralight: blue_calc_parameters.c log_param: rtotal_min = 70
03-31 23:43:09.357   384   384 D libcameralight: blue_calc_parameters.c log_param: rtotal_offset = 100
03-31 23:43:09.357   384   384 D libcameralight: blue_calc_parameters.c log_param: t_rtotal_threshold = 5
03-31 23:43:09.357   384   384 D libcameralight: blue_calc_parameters.c log_param: c_rtotal[0] = 196
03-31 23:43:09.357   384   384 D libcameralight: blue_calc_parameters.c log_param: c_rtotal[1] = -8500
03-31 23:43:09.357   384   384 D libcameralight: blue_calc_parameters.c log_param: c_rtotal[2] = 248700
03-31 23:43:09.357   384   384 D libcameralight: blue_calc_parameters.c log_param: c_vdrop[0] = 389600
03-31 23:43:09.357   384   384 D libcameralight: blue_calc_parameters.c log_param: c_vdrop[1] = -1072000
03-31 23:43:09.357   384   384 D libcameralight: blue_calc_parameters.c log_param: c_vdrop[2] = 303300
03-31 23:43:09.357   384   384 D libcameralight: blue_calc_parameters.c log_param: c_vf[0] = 26020
03-31 23:43:09.357   384   384 D libcameralight: blue_calc_parameters.c log_param: c_vf[1] = 627000
03-31 23:43:09.357   384   384 D libcameralight: blue_calc_parameters.c log_param: c_vf[2] = 2986000
03-31 23:43:09.357   384   384 D libcameralight: blue_calc_parameters.c log_param: c_vf_t = 0
03-31 23:43:09.357   384   384 D libcameralight: blue_calc_parameters.c log_param: vf_ref = 3200
03-31 23:43:09.357   384   384 D libcameralight: blue_calc_parameters.c log_param: t_ref = 25
03-31 23:43:09.357   384   384 D libcameralight: blue_calc_parameters.c log_param: i_batt_max_high = 500000
03-31 23:43:09.357   384   384 D libcameralight: blue_calc_parameters.c log_param: i_batt_max_torch = 500000
03-31 23:43:09.357   384   384 D libcameralight: blue_calc_parameters.c log_param: max_if_flash = 1500000
03-31 23:43:09.357   384   384 D libcameralight: blue_calc_parameters.c log_param: max_if_torch_3a = 500000
03-31 23:43:09.357   384   384 D libcameralight: blue_calc_parameters.c log_param: v_batt_meas_range = 150
03-31 23:43:09.357   384   384 D libcameralight: blue_calc_parameters.c log_param: i_batt_meas_range = 50000
03-31 23:43:09.357   384   384 D libcameralight: blue_calc_parameters.c log_param: if_flash_critical = 125000
03-31 23:43:09.357   384   384 D libcameralight: blue_calc_parameters.c log_param: if_torch_critical = 125000
03-31 23:43:09.358   384   384 E libals-utils: verify_interface: can't access '/sys/bus/i2c/devices/10-0040/als_on'
03-31 23:43:09.358   384   384 I libals-as367x: as367x_init: no als enable/disable: check permissions!
03-31 23:43:09.358   384   384 I libals-as367x: as367x_init: device ok, path '/sys/bus/i2c/devices/10-0040/'
03-31 23:43:09.366   384   384 I libcamera: HAL_getNumberOfCameras: E
03-31 23:43:09.366   384   384 I libcamera: HAL_Camera_GetCameraInfo: HAL_gCameraNum=-1
03-31 23:43:09.368   384   384 W caladbolg:     411384 cald_pal.c                        (2231)   384 W [PAL] No cache data
03-31 23:43:09.376   384   384 I caladbolg:     413215 cald_pal.c                        (4812)   384 I [INF] PAL_Create
03-31 23:43:09.385   384   646 I mm-camera: qcamsvr_start: old_mode = 3f
03-31 23:43:09.499   384   651 I mm-camera: mctl_store_curr_target Current target is 0 
03-31 23:43:09.565   384   646 E mm-camera: camera_plugin_grant_rdi_interface: rdi intf value :2
03-31 23:43:09.566   384   651 I mm-camera: config_shutdown_pp Camera not in streaming mode. Returning. 
03-31 23:43:10.231   346   562 W SurfaceFlinger: Timed out waiting for hw vsync; faking it
03-31 23:43:10.235   630   672 D libEGL  : loaded /vendor/lib/egl/libEGL_adreno.so
03-31 23:43:10.236   630   672 D libEGL  : loaded /vendor/lib/egl/libGLESv1_CM_adreno.so
03-31 23:43:10.280   630   672 D libEGL  : loaded /vendor/lib/egl/libGLESv2_adreno.so
03-31 23:43:10.292   630   672 W Adreno-GSL: <get_panel_settings:3805>: Android framework reported version 2. So, don't force ES30
03-31 23:43:10.292   630   672 I Adreno-EGL: <qeglDrvAPI_eglInitialize:381>: EGL 1.4 QUALCOMM build:  (CL3869936)
03-31 23:43:10.292   630   672 I Adreno-EGL: OpenGL ES Shader Compiler Version: 17.01.11.SPL
03-31 23:43:10.292   630   672 I Adreno-EGL: Build Date: 03/28/14 Fri
03-31 23:43:10.292   630   672 I Adreno-EGL: Local Branch: 
03-31 23:43:10.292   630   672 I Adreno-EGL: Remote Branch: 
03-31 23:43:10.292   630   672 I Adreno-EGL: Local Patches: 
03-31 23:43:10.292   630   672 I Adreno-EGL: Reconstruct Branch: 
03-31 23:43:10.335   630   672 E BootAnimation: couldn't find audio_conf.txt
03-31 23:43:10.432   630   672 D BootAnimation: Use save memory method, maybe small fps in actual.
03-31 23:43:10.436   346   346 D SurfaceFlinger: SF. shader cache generated - 26 shaders in 204.387161 ms
03-31 23:43:10.465   346   346 D qdutils : DEBUG_CALC_FPS: 0
03-31 23:43:10.465   346   346 D qdutils : period: 10
03-31 23:43:10.466   346   346 D qdutils : ignorethresh_us: 500000
03-31 23:43:10.707   384   729 I mm-camera: mctl_store_curr_target Current target is 0 
03-31 23:43:10.893   396   396 D AndroidRuntime: >>>>>> START com.android.internal.os.ZygoteInit uid 0 <<<<<<
03-31 23:43:10.939   396   396 D AndroidRuntime: CheckJNI is OFF
03-31 23:43:10.956   396   396 I art     : option[0]=-Xzygote
03-31 23:43:10.956   396   396 I art     : option[1]=-Xstacktracefile:/data/anr/traces.txt
03-31 23:43:10.956   396   396 I art     : option[2]=exit
03-31 23:43:10.956   396   396 I art     : option[3]=vfprintf
03-31 23:43:10.956   396   396 I art     : option[4]=sensitiveThread
03-31 23:43:10.956   396   396 I art     : option[5]=-verbose:gc
03-31 23:43:10.956   396   396 I art     : option[6]=-Xms8m
03-31 23:43:10.956   396   396 I art     : option[7]=-Xmx256m
03-31 23:43:10.956   396   396 I art     : option[8]=-XX:HeapGrowthLimit=96m
03-31 23:43:10.956   396   396 I art     : option[9]=-XX:HeapMinFree=2m
03-31 23:43:10.956   396   396 I art     : option[10]=-XX:HeapMaxFree=8m
03-31 23:43:10.956   396   396 I art     : option[11]=-XX:HeapTargetUtilization=0.75
03-31 23:43:10.956   396   396 I art     : option[12]=-agentlib:jdwp=transport=dt_android_adb,suspend=n,server=y
03-31 23:43:10.956   396   396 I art     : option[13]=-Xlockprofthreshold:500
03-31 23:43:10.956   396   396 I art     : option[14]=-Ximage-compiler-option
03-31 23:43:10.956   396   396 I art     : option[15]=--runtime-arg
03-31 23:43:10.956   396   396 I art     : option[16]=-Ximage-compiler-option
03-31 23:43:10.957   396   396 I art     : option[17]=-Xms64m
03-31 23:43:10.957   396   396 I art     : option[18]=-Ximage-compiler-option
03-31 23:43:10.957   396   396 I art     : option[19]=--runtime-arg
03-31 23:43:10.957   396   396 I art     : option[20]=-Ximage-compiler-option
03-31 23:43:10.957   396   396 I art     : option[21]=-Xmx64m
03-31 23:43:10.957   396   396 I art     : option[22]=-Ximage-compiler-option
03-31 23:43:10.957   396   396 I art     : option[23]=--image-classes=/system/etc/preloaded-classes
03-31 23:43:10.957   396   396 I art     : option[24]=-Xcompiler-option
03-31 23:43:10.957   396   396 I art     : option[25]=--runtime-arg
03-31 23:43:10.957   396   396 I art     : option[26]=-Xcompiler-option
03-31 23:43:10.957   396   396 I art     : option[27]=-Xms64m
03-31 23:43:10.957   396   396 I art     : option[28]=-Xcompiler-option
03-31 23:43:10.957   396   396 I art     : option[29]=--runtime-arg
03-31 23:43:10.957   396   396 I art     : option[30]=-Xcompiler-option
03-31 23:43:10.957   396   396 I art     : option[31]=-Xmx512m
03-31 23:43:10.957   396   396 I art     : option[32]=-Ximage-compiler-option
03-31 23:43:10.957   396   396 I art     : option[33]=--instruction-set-variant=krait
03-31 23:43:10.957   396   396 I art     : option[34]=-Xcompiler-option
03-31 23:43:10.957   396   396 I art     : option[35]=--instruction-set-variant=krait
03-31 23:43:10.957   396   396 I art     : option[36]=-Ximage-compiler-option
03-31 23:43:10.957   396   396 I art     : option[37]=--instruction-set-features=default
03-31 23:43:10.957   396   396 I art     : option[38]=-Xcompiler-option
03-31 23:43:10.957   396   396 I art     : option[39]=--instruction-set-features=default
03-31 23:43:10.957   396   396 I art     : option[40]=-Duser.locale=de-DE
03-31 23:43:10.957   396   396 I art     : option[41]=--cpu-abilist=armeabi-v7a,armeabi
03-31 23:43:10.957   396   396 I art     : option[42]=-Xfingerprint:Sony/LT30p/LT30p:4.3/9.2.A.1.205/Mvv_tg:user/release-keys
03-31 23:43:11.165   384   646 E mm-camera: camera_plugin_grant_rdi_interface: rdi intf value :2
03-31 23:43:11.166   384   729 I mm-camera: config_shutdown_pp Camera not in streaming mode. Returning. 
03-31 23:43:11.179   384   384 I caladbolg:     991362 cald_pal.c                        (4835)   384 I [INF] PAL_Delete
03-31 23:43:11.214   384   384 I libcamera: HAL_getNumberOfCameras: X
03-31 23:43:11.214   384   384 I CameraService: Loaded "Xperia Camera Wrapper" camera module
03-31 23:43:11.214   384   384 I libcamera: HAL_getNumberOfCameras: E
03-31 23:43:11.214   384   384 I libcamera: HAL_Camera_GetCameraInfo: HAL_gCameraNum=2
03-31 23:43:11.214   384   384 I libcamera: HAL_getNumberOfCameras: X
03-31 23:43:11.214   384   384 I libcamera: HAL_getNumberOfCameras: E
03-31 23:43:11.214   384   384 I libcamera: HAL_Camera_GetCameraInfo: HAL_gCameraNum=2
03-31 23:43:11.214   384   384 I libcamera: HAL_getNumberOfCameras: X
03-31 23:43:11.214   384   384 I CameraFlashlight: Opening camera 0
03-31 23:43:11.214   384   384 I libcamera: HAL_getCameraInfo: E cameraId=0
03-31 23:43:11.214   384   384 I libcamera: HAL_Camera_GetCameraInfo: HAL_gCameraNum=2
03-31 23:43:11.214   384   384 I libcamera: HAL_getCameraInfo: X
03-31 23:43:11.214   384   384 I libcamera: HAL_getNumberOfCameras: E
03-31 23:43:11.214   384   384 I libcamera: HAL_Camera_GetCameraInfo: HAL_gCameraNum=2
03-31 23:43:11.214   384   384 I libcamera: HAL_getNumberOfCameras: X
03-31 23:43:11.214   384   384 I libcamera: HAL_openCameraHardware: E cameraId=0
03-31 23:43:11.225   384   384 I SHIM_ServiceManager: Waiting to check permission android.permission.CAMERA from uid=1013 pid=384
03-31 23:43:11.373   396   396 D ICU     : No timezone override file found: /data/misc/zoneinfo/current/icu/icu_tzdata.dat
03-31 23:43:11.918   396   396 I Radio-JNI: register_android_hardware_Radio DONE
03-31 23:43:11.962   396   396 I SamplingProfilerIntegration: Profiling disabled.
03-31 23:43:11.965   396   396 D Zygote  : begin preload
03-31 23:43:11.970   396   396 I Zygote  : Preloading classes...
03-31 23:43:12.652   187   187 I ta_qmi_service: Starting MiscTA QMI service
03-31 23:43:12.655   417   417 E Diag_Lib: Setting internal use port to rmnet0
03-31 23:43:12.656   417   417 E QMI_FW  : QMUXD: WARNING qmi_qmux_if_pwr_up_init failed! rc=-1
03-31 23:43:12.656   417   417 E QMI_FW  : QMUXD: WARNING qmi_qmux_if_pwr_up_init failed! rc=-1
03-31 23:43:12.656   417   417 E QMI_FW  : QMUXD: WARNING qmi_qmux_if_pwr_up_init failed! rc=-1
03-31 23:43:12.657   417   417 E QMI_FW  : QMUXD: WARNING qmi_qmux_if_pwr_up_init failed! rc=-1
03-31 23:43:12.657   417   417 E QMI_FW  : QMUXD: WARNING qmi_qmux_if_pwr_up_init failed! rc=-1
03-31 23:43:12.657   417   417 E QMI_FW  : QMUXD: WARNING qmi_qmux_if_pwr_up_init failed! rc=-1
03-31 23:43:12.657   417   417 E QC-time-services: Daemon:genoff_modem_qmi_init: qmi_client_get_service_list returned -2num_services 0
03-31 23:43:12.657   353   519 E Diag_Lib: Setting internal use port to rmnet0
03-31 23:43:12.661   630   672 D BootAnimation: Use save memory method, maybe small fps in actual.
03-31 23:43:12.761   396   396 E Minikin : addFont failed to create font /system/fonts/NanumGothic.ttf
03-31 23:43:12.761   396   396 E Minikin : addFont failed to create font /system/fonts/DroidSansFallback.ttf
03-31 23:43:12.761   396   396 E Minikin : addFont failed to create font /system/fonts/MTLmr3m.ttf
03-31 23:43:13.004   396   396 V DngCreator_JNI: DngCreator_nativeClassInit:
03-31 23:43:13.200  1044  1044 F libc    : page record for 0xb6ef200c was not found (block_size=64)
03-31 23:43:13.200  1045  1045 F libc    : page record for 0xb6f2e00c was not found (block_size=64)
03-31 23:43:13.202  1048  1048 F libc    : page record for 0xb6f0100c was not found (block_size=64)
03-31 23:43:13.205  1046  1046 F libc    : page record for 0xb6ecf00c was not found (block_size=64)
03-31 23:43:13.230  1047  1047 F libc    : page record for 0xb6ead00c was not found (block_size=64)
03-31 23:43:13.397   349   349 I rmt_storage: rmt_storage_connect_cb: clnt_h=0x1 conn_h=0xb8cd6dc0
03-31 23:43:13.397   349   349 I rmt_storage: rmt_storage_open_cb: /boot/modem_fs1: clnt_h=0x1: req_h=0x1 msg_id=1: Client found
03-31 23:43:13.397   349   349 I rmt_storage: rmt_storage_open_cb: /boot/modem_fs1: clnt_h=0x1: req_h=0x1 msg_id=1: Send response: res=0 err=0
03-31 23:43:13.398   349  1085 I rmt_storage: rmt_storage_client_thread: /boot/modem_fs1: clnt_h=0x1 Worker thread started
03-31 23:43:13.398   349  1085 I rmt_storage: wake lock name: rmt_storage_-1227933392, name creation success: 23
03-31 23:43:13.399   349   349 I rmt_storage: rmt_storage_connect_cb: clnt_h=0x2 conn_h=0xb8cd6e18
03-31 23:43:13.399   349   349 I rmt_storage: rmt_storage_open_cb: /boot/modem_fs2: clnt_h=0x2: req_h=0x2 msg_id=1: Client found
03-31 23:43:13.399   349   349 I rmt_storage: rmt_storage_open_cb: /boot/modem_fs2: clnt_h=0x2: req_h=0x2 msg_id=1: Send response: res=0 err=0
03-31 23:43:13.399   349  1086 I rmt_storage: rmt_storage_client_thread: /boot/modem_fs2: clnt_h=0x2 Worker thread started
03-31 23:43:13.399   349  1086 I rmt_storage: wake lock name: rmt_storage_-1228990160, name creation success: 23
03-31 23:43:13.399   349   349 I rmt_storage: rmt_storage_connect_cb: clnt_h=0x3 conn_h=0xb8cd6e70
03-31 23:43:13.399   349   349 I rmt_storage: rmt_storage_open_cb: /boot/modem_fsg: clnt_h=0x3: req_h=0x3 msg_id=1: Client found
03-31 23:43:13.399   349   349 I rmt_storage: rmt_storage_open_cb: /boot/modem_fsg: clnt_h=0x3: req_h=0x3 msg_id=1: Send response: res=0 err=0
03-31 23:43:13.399   349  1087 I rmt_storage: rmt_storage_client_thread: /boot/modem_fsg: clnt_h=0x3 Worker thread started
03-31 23:43:13.399   349  1087 I rmt_storage: wake lock name: rmt_storage_-1230046928, name creation success: 23
03-31 23:43:13.400   349   349 I rmt_storage: rmt_storage_alloc_buff_cb: /boot/modem_fs1: clnt_h=0x1: req_h=0x4 msg_id=4: Alloc request received: Size: 3145728
03-31 23:43:13.400   349   349 I rmt_storage: rmt_storage_alloc_buff_cb: /boot/modem_fs1: clnt_h=0x1: req_h=0x4 msg_id=4: Send response: res=0 err=0
03-31 23:43:13.400   349   349 I rmt_storage: rmt_storage_rw_iovec_cb: /boot/modem_fs1: clnt_h=0x1: req_h=0x5 msg_id=3: R/W request received
03-31 23:43:13.400   349   349 I rmt_storage: Shared mem address set to 0xb66ee000
03-31 23:43:13.400   349   349 I rmt_storage: wakelock acquired: 1, error no: 42
03-31 23:43:13.400   349  1085 I rmt_storage: rmt_storage_client_thread: /boot/modem_fs1: clnt_h=0x1 Unblock worker thread (th_id: -1227933392)
03-31 23:43:13.402   349  1085 I rmt_storage: rmt_storage_client_thread: /boot/modem_fs1: clnt_h=0x1: req_h=0x5 msg_id=3: Bytes read = 512
03-31 23:43:13.403   349  1085 I rmt_storage: rmt_storage_client_thread: /boot/modem_fs1: clnt_h=0x1: req_h=0x5 msg_id=3: Bytes read = 512
03-31 23:43:13.403   349  1085 I rmt_storage: rmt_storage_client_thread: /boot/modem_fs1: clnt_h=0x1: req_h=0x5 msg_id=3: Send response: res=0 err=0
03-31 23:43:13.403   349  1085 I rmt_storage: rmt_storage_client_thread: /boot/modem_fs1: clnt_h=0x1 About to block rmt_storage client thread (th_id: -1227933392) wakelock released: 1, error no: 22
03-31 23:43:13.403   349  1085 I rmt_storage: 
03-31 23:43:13.403   349   349 I rmt_storage: rmt_storage_rw_iovec_cb: /boot/modem_fs2: clnt_h=0x2: req_h=0x6 msg_id=3: R/W request received
03-31 23:43:13.403   349   349 I rmt_storage: Shared mem address set to 0xb66ee000
03-31 23:43:13.404   349   349 I rmt_storage: wakelock acquired: 1, error no: 42
03-31 23:43:13.404   349  1086 I rmt_storage: rmt_storage_client_thread: /boot/modem_fs2: clnt_h=0x2 Unblock worker thread (th_id: -1228990160)
03-31 23:43:13.404   349  1086 I rmt_storage: rmt_storage_client_thread: /boot/modem_fs2: clnt_h=0x2: req_h=0x6 msg_id=3: Bytes read = 512
03-31 23:43:13.405   349  1086 I rmt_storage: rmt_storage_client_thread: /boot/modem_fs2: clnt_h=0x2: req_h=0x6 msg_id=3: Bytes read = 512
03-31 23:43:13.405   349  1086 I rmt_storage: rmt_storage_client_thread: /boot/modem_fs2: clnt_h=0x2: req_h=0x6 msg_id=3: Send response: res=0 err=0
03-31 23:43:13.405   349  1086 I rmt_storage: rmt_storage_client_thread: /boot/modem_fs2: clnt_h=0x2 About to block rmt_storage client thread (th_id: -1228990160) wakelock released: 1, error no: 22
03-31 23:43:13.405   349  1086 I rmt_storage: 
03-31 23:43:13.431   396   396 I art     : Thread[1,tid=396,Native,Thread*=0xb6f975f0,peer=0x12c35100,"main"] recursive attempt to load library "/system/lib/libmedia_jni.so"
03-31 23:43:13.431   396   396 D MtpDeviceJNI: register_android_mtp_MtpDevice
03-31 23:43:13.432   396   396 I art     : Thread[1,tid=396,Native,Thread*=0xb6f975f0,peer=0x12c35100,"main"] recursive attempt to load library "/system/lib/libmedia_jni.so"
03-31 23:43:13.432   396   396 I art     : Thread[1,tid=396,Native,Thread*=0xb6f975f0,peer=0x12c35100,"main"] recursive attempt to load library "/system/lib/libmedia_jni.so"
03-31 23:43:13.436   349   349 I rmt_storage: rmt_storage_rw_iovec_cb: /boot/modem_fs2: clnt_h=0x2: req_h=0x7 msg_id=3: R/W request received
03-31 23:43:13.436   349   349 I rmt_storage: wakelock acquired: 1, error no: 42
03-31 23:43:13.436   349  1086 I rmt_storage: rmt_storage_client_thread: /boot/modem_fs2: clnt_h=0x2 Unblock worker thread (th_id: -1228990160)
03-31 23:43:13.539   349  1086 I rmt_storage: rmt_storage_client_thread: /boot/modem_fs2: clnt_h=0x2: req_h=0x7 msg_id=3: Bytes read = 3144704
03-31 23:43:13.539   349  1086 I rmt_storage: rmt_storage_client_thread: /boot/modem_fs2: clnt_h=0x2: req_h=0x7 msg_id=3: Send response: res=0 err=0
03-31 23:43:13.539   349  1086 I rmt_storage: rmt_storage_client_thread: /boot/modem_fs2: clnt_h=0x2 About to block rmt_storage client thread (th_id: -1228990160) wakelock released: 1, error no: 22
03-31 23:43:13.539   349  1086 I rmt_storage: 
03-31 23:43:13.932   396   396 W System  : ClassLoader referenced unknown path: /system/framework/tcmclient.jar
03-31 23:43:14.249   396   396 I System  : Loaded time zone names for "" in 147ms (143ms in ICU)
03-31 23:43:14.383   396   396 I System  : Loaded time zone names for "en_US" in 134ms (119ms in ICU)
03-31 23:43:14.498   396   396 I System  : Loaded time zone names for "de_DE" in 114ms (90ms in ICU)
03-31 23:43:14.566   396   396 I Zygote  : ...preloaded 3831 classes in 2595ms.
03-31 23:43:14.566   396   396 I art     : VMRuntime.preloadDexCaches starting
03-31 23:43:14.658   417   417 E QMI_FW  : QMUXD: WARNING qmi_qmux_if_pwr_up_init failed! rc=-1
03-31 23:43:14.658   417   417 E QMI_FW  : QMUXD: WARNING qmi_qmux_if_pwr_up_init failed! rc=-1
03-31 23:43:14.658   417   417 E QMI_FW  : QMUXD: WARNING qmi_qmux_if_pwr_up_init failed! rc=-1
03-31 23:43:14.658   417   417 E QC-time-services: Daemon:genoff_modem_qmi_init: qmi_client_get_service_list returned 0num_services 1
03-31 23:43:14.658   417   417 E QMI_FW  : QMUXD: WARNING qmi_qmux_if_pwr_up_init failed! rc=-1
03-31 23:43:14.659   417   417 E QMI_FW  : QMUXD: WARNING qmi_qmux_if_pwr_up_init failed! rc=-1
03-31 23:43:14.659   417   417 E QMI_FW  : QMUXD: WARNING qmi_qmux_if_pwr_up_init failed! rc=-1
03-31 23:43:14.659   417   417 E QMI_FW  : QMUXD: WARNING qmi_qmux_if_pwr_up_init failed! rc=-1
03-31 23:43:14.660   417   417 E QMI_FW  : QMUXD: WARNING qmi_qmux_if_pwr_up_init failed! rc=-1
03-31 23:43:14.660   417   417 E QMI_FW  : QMUXD: WARNING qmi_qmux_if_pwr_up_init failed! rc=-1
03-31 23:43:14.660   417   417 E QMI_FW  : QMUXD: WARNING qmi_qmux_if_pwr_up_init failed! rc=-1
03-31 23:43:14.660   417   417 E QMI_FW  : QMUXD: WARNING qmi_qmux_if_pwr_up_init failed! rc=-1
03-31 23:43:14.660   417   417 E QMI_FW  : QMUXD: WARNING qmi_qmux_if_pwr_up_init failed! rc=-1
03-31 23:43:14.675   417   417 D QC-time-services: Daemon:genoff_modem_qmi_init: Initial transaction successfull
03-31 23:43:14.676   417  1216 D QC-time-services: Daemon: Time-services: All initializations done
03-31 23:43:14.676   417  1216 E QC-time-services: Daemon: Time-services: Waiting to acceptconnection
03-31 23:43:14.806   396   396 I art     : VMRuntime.preloadDexCaches strings total=248700 before=44748 after=44748
03-31 23:43:14.806   396   396 I art     : VMRuntime.preloadDexCaches types total=20321 before=6892 after=6923
03-31 23:43:14.806   396   396 I art     : VMRuntime.preloadDexCaches fields total=100293 before=36079 after=36511
03-31 23:43:14.806   396   396 I art     : VMRuntime.preloadDexCaches methods total=172580 before=71208 after=71733
03-31 23:43:14.806   396   396 I art     : VMRuntime.preloadDexCaches finished
03-31 23:43:14.863  1232  1232 D idmap   : error: no read access to /vendor/overlay: No such file or directory
03-31 23:43:14.880   380   380 V NatController: runCmd(/system/bin/iptables -w -F natctrl_FORWARD) res=0
03-31 23:43:14.906   380   380 V NatController: runCmd(/system/bin/iptables -w -A natctrl_FORWARD -j DROP) res=0
03-31 23:43:14.927   380   380 V NatController: runCmd(/system/bin/iptables -w -t nat -F natctrl_nat_POSTROUTING) res=0
03-31 23:43:14.948   380   380 V NatController: runCmd(/system/bin/iptables -w -F natctrl_tether_counters) res=1
03-31 23:43:14.976   380   380 V NatController: runCmd(/system/bin/iptables -w -X natctrl_tether_counters) res=1
03-31 23:43:15.006   380   380 V NatController: runCmd(/system/bin/iptables -w -N natctrl_tether_counters) res=0
03-31 23:43:15.033   380   380 V NatController: runCmd(/system/bin/iptables -w -t mangle -A natctrl_mangle_FORWARD -p tcp --tcp-flags SYN SYN -j TCPMSS --clamp-mss-to-pmtu) res=0
03-31 23:43:15.062   396   396 I Zygote  : Preloading resources...
03-31 23:43:15.206   396   806 I art     : Background concurrent mark sweep GC freed 25051(4MB) AllocSpace objects, 122(2MB) LOS objects, 72% free, 1554KB/5MB, paused 274us total 111.307ms
03-31 23:43:15.941   396   396 I Zygote  : ...preloaded 342 resources in 879ms.
03-31 23:43:15.977   396   396 I Zygote  : ...preloaded 41 resources in 36ms.
03-31 23:43:16.001   396   396 D libEGL  : loaded /vendor/lib/egl/libEGL_adreno.so
03-31 23:43:16.003   396   396 D libEGL  : loaded /vendor/lib/egl/libGLESv1_CM_adreno.so
03-31 23:43:16.038   396   396 D libEGL  : loaded /vendor/lib/egl/libGLESv2_adreno.so
03-31 23:43:16.051   396   396 I Zygote  : Preloading shared libraries...
03-31 23:43:16.083   396   396 D Zygote  : end preload
03-31 23:43:16.083   396   396 I art     : Starting a blocking GC Explicit
03-31 23:43:16.123   396   396 I art     : Explicit concurrent mark sweep GC freed 11073(445KB) AllocSpace objects, 0(0B) LOS objects, 39% free, 7MB/13MB, paused 244us total 27.224ms
03-31 23:43:16.123   396   396 I art     : Starting a blocking GC Explicit
03-31 23:43:16.134   396   396 I art     : Explicit concurrent mark sweep GC freed 2304(109KB) AllocSpace objects, 0(0B) LOS objects, 40% free, 7MB/13MB, paused 213us total 10.437ms
03-31 23:43:16.135   396   806 I art     : Starting a blocking GC HeapTrim
03-31 23:43:16.148   396   396 I art     : Starting a blocking GC Background
03-31 23:43:16.257   396   396 I Zygote  : System server process 1383 has been created
03-31 23:43:16.259   396   396 I Zygote  : Accepting command socket connections
03-31 23:43:16.276  1383  1383 I InstallerConnection: connecting...
03-31 23:43:16.278   385   385 I installd: new connection
03-31 23:43:16.322  1383  1383 I InstallerConnection: disconnecting...
03-31 23:43:16.323   385   385 E installd: eof
03-31 23:43:16.323   385   385 E installd: failed to read size
03-31 23:43:16.323   385   385 I installd: closing connection
03-31 23:43:16.434  1383  1383 I SystemServer: Entered the Android system server!
03-31 23:43:16.575  1383  1383 I SystemServiceManager: Starting com.android.server.pm.Installer
03-31 23:43:16.595  1383  1383 I Installer: Waiting for installd to be ready.
03-31 23:43:16.595  1383  1383 I InstallerConnection: connecting...
03-31 23:43:16.596   385   385 I installd: new connection
03-31 23:43:16.596  1383  1383 I SystemServiceManager: Starting com.android.server.am.ActivityManagerService$Lifecycle
03-31 23:43:16.630  1383  1383 I XXXXXX  : choosing minFree values for 32 Bit
03-31 23:43:16.630  1383  1383 I XXXXXX  : choosing minFree values for 32 Bit
03-31 23:43:16.630  1383  1383 I XXXXXX  : choosing minFree values for 32 Bit
03-31 23:43:16.630  1383  1383 I XXXXXX  : choosing minFree values for 32 Bit
03-31 23:43:16.630  1383  1383 I XXXXXX  : choosing minFree values for 32 Bit
03-31 23:43:16.630  1383  1383 I XXXXXX  : choosing minFree values for 32 Bit
03-31 23:43:16.658  1383  1383 I ActivityManager: Memory class: 96
03-31 23:43:16.663  1383  1446 I ServiceThread: Enabled StrictMode logging for ActivityManager looper.
03-31 23:43:16.687  1383  1447 I ServiceThread: Enabled StrictMode logging for android.ui looper.
03-31 23:43:16.717  1383  1383 D BatteryStatsImpl: Reading daily items from /data/system/batterystats-daily.xml
03-31 23:43:16.793   380   380 D MDnsDS  : MDnsSdListener::Hander starting up
03-31 23:43:16.793   380  1463 D MDnsDS  : MDnsSdListener starting to monitor
03-31 23:43:16.793   380  1463 D MDnsDS  : Going to poll with pollCount 1
03-31 23:43:16.876  1383  1383 I IntentFirewall: Read new rules (A:0 B:0 S:0)
03-31 23:43:16.886  1383  1476 I ServiceThread: Enabled StrictMode logging for android.display looper.
03-31 23:43:16.895  1383  1383 D AppOps  : AppOpsService published
03-31 23:43:16.895  1383  1383 I SystemServiceManager: Starting com.android.server.power.PowerManagerService
03-31 23:43:16.901  1383  1478 I ServiceThread: Enabled StrictMode logging for PowerManagerService looper.
03-31 23:43:16.916  1383  1383 I QCOM PowerHAL: QCOM power HAL initing.
03-31 23:43:16.917  1383  1383 I libsuspend: Selected early suspend
03-31 23:43:16.917  1383  1383 I libsuspend: Starting early suspend unblocker thread
03-31 23:43:16.917  1383  1383 I QCOM PowerHAL: Got set_interactive hint
03-31 23:43:16.917  1383  1383 E QCOM PowerHAL: Invalid hint ID.
03-31 23:43:16.923  1383  1383 I SystemServiceManager: Starting com.android.server.lights.LightsService
03-31 23:43:16.929  1383  1383 I SystemServiceManager: Starting com.android.server.display.DisplayManagerService
03-31 23:43:16.942  1383  1383 I SystemServiceManager: Starting phase 100
03-31 23:43:16.952  1383  1476 I DisplayManagerService: Display device added: DisplayDeviceInfo{"Integrierter Bildschirm": uniqueId="local:0", 720 x 1280, modeId 1, defaultModeId 1, supportedModes [{id=1, width=720, height=1280, fps=60.0}], colorTransformId 1, defaultColorTransformId 1, supportedColorTransforms [{id=1, colorTransform=0}], density 320, 320.842 x 321.901 dpi, appVsyncOff 0, presDeadline 17666667, touch INTERNAL, rotation 0, type BUILT_IN, state UNKNOWN, FLAG_DEFAULT_DISPLAY, FLAG_ROTATES_WITH_CONTENT, FLAG_SECURE, FLAG_SUPPORTS_PROTECTED_BUFFERS}
03-31 23:43:16.954   346   346 D SurfaceFlinger: Set power mode=2, type=0 flinger=0xb8bc1e80
03-31 23:43:16.954   346   346 D SurfaceFlinger: Screen type=0 is already mode=2
03-31 23:43:16.955  1383  1476 I DisplayManagerService: Display device changed state: "Integrierter Bildschirm", ON
03-31 23:43:16.956  1383  1383 I SystemServer: Package Manager
03-31 23:43:17.001  1383  1383 W SystemConfig: No directory /system/etc/sysconfig, skipping
03-31 23:43:17.070  1383  1383 D SELinuxMMAC: Using policy file /system/etc/security/mac_permissions.xml
03-31 23:43:17.316  1383  1383 E art     : DexFile_getDexOptNeeded file '/system/framework/org.apache.http.legacy.jar' does not exist
03-31 23:43:17.316  1383  1383 W PackageManager: Library not found: /system/framework/org.apache.http.legacy.jar
03-31 23:43:17.431  1383  1383 D PackageManager: No files in app dir /vendor/overlay
03-31 23:43:17.474  1526  1526 F libc    : page record for 0xb6e9a00c was not found (block_size=64)
03-31 23:43:17.481  1527  1527 F libc    : page record for 0xb6ec000c was not found (block_size=64)
03-31 23:43:17.483  1524  1524 F libc    : page record for 0xb6eb200c was not found (block_size=64)
03-31 23:43:17.487  1528  1528 F libc    : page record for 0xb6f4400c was not found (block_size=64)
03-31 23:43:17.488  1525  1525 F libc    : page record for 0xb6f6c00c was not found (block_size=64)
03-31 23:43:17.677   353   519 E QMI_FW  : QMUXD: Service_id=24 not found over conn_id=0
03-31 23:43:17.677   353   519 E QMI_FW  : QMUXD: Service_id=24 not found over conn_id=18
03-31 23:43:17.677   353   519 E QMI_FW  : QMUXD: Service_id=24 not found over conn_id=37
03-31 23:43:17.683   353   519 E QMI_FW  : QMUXD: Service_id=24 not found over conn_id=0
03-31 23:43:17.684   353   519 E QMI_FW  : QMUXD: Service_id=24 not found over conn_id=18
03-31 23:43:17.684   353   519 E QMI_FW  : QMUXD: Service_id=24 not found over conn_id=37
03-31 23:43:17.689   353   519 E QMI_FW  : QMUXD: Service_id=24 not found over conn_id=0
03-31 23:43:17.689   353   519 E QMI_FW  : QMUXD: Service_id=24 not found over conn_id=18
03-31 23:43:17.690   353   519 E QMI_FW  : QMUXD: Service_id=24 not found over conn_id=37
03-31 23:43:17.695   353   519 E QMI_FW  : QMUXD: Service_id=24 not found over conn_id=0
03-31 23:43:17.695   353   519 E QMI_FW  : QMUXD: Service_id=24 not found over conn_id=18
03-31 23:43:17.696   353   519 E QMI_FW  : QMUXD: Service_id=24 not found over conn_id=37
03-31 23:43:17.701   353   519 E QMI_FW  : QMUXD: Service_id=24 not found over conn_id=0
03-31 23:43:17.701   353   519 E QMI_FW  : QMUXD: Service_id=24 not found over conn_id=18
03-31 23:43:17.701   353   519 E QMI_FW  : QMUXD: Service_id=24 not found over conn_id=37
03-31 23:43:17.705   353   519 E sysmon-modem: Modem thermal mitigation available.
03-31 23:43:17.707   353   353 I system_monitor: add_plugin - Type: mitigation, name: modem_level0
03-31 23:43:17.708   353   353 I system_monitor: add_plugin - Type: mitigation, name: modem_level1
03-31 23:43:17.709   353   353 I system_monitor: add_plugin - Type: mitigation, name: modem_level2
03-31 23:43:17.710   353   353 I system_monitor: add_plugin - Type: mitigation, name: modem_level3
03-31 23:43:17.712   353   353 E sysmon-msm_thermal_disable: start_plugin - Failed to open msm_thermal path.
03-31 23:43:17.712   353   353 I system_monitor: add_plugin - Type: mitigation, name: msm_thermal_disable
03-31 23:43:17.713   353   353 E sysmon-pa_therm0: start_plugin - Sensor name = pa_therm0
03-31 23:43:17.713   353   353 E sysmon-pa_therm0: start_plugin - Input path = /sys/bus/platform/devices/pm8xxx-adc/pa_therm0
03-31 23:43:17.713   353   353 I system_monitor: add_plugin - Type: sensor, name: pa_therm0
03-31 23:43:17.715   353   353 E sysmon-pa_therm1: start_plugin - Sensor name = pa_therm1
03-31 23:43:17.715   353   353 E sysmon-pa_therm1: start_plugin - Input path = /sys/bus/platform/devices/pm8xxx-adc/pa_therm1
03-31 23:43:17.715   353   353 I system_monitor: add_plugin - Type: sensor, name: pa_therm1
03-31 23:43:17.717   353   353 I system_monitor: add_plugin - Type: mitigation, name: cpu_perflevel
03-31 23:43:17.717   353  1563 I sysmon-cpu_frequency: Starting CPU[1] thread.
03-31 23:43:17.718   353  1564 V sysmon-fl_function: starting force_limit_thread...
03-31 23:43:17.719   353   353 E sysmon-pm8921_tz: start_plugin - Sensor name = pm8921_tz
03-31 23:43:17.719   353   353 E sysmon-pm8921_tz: start_plugin - Input path = /sys/devices/virtual/thermal/thermal_zone5/temp
03-31 23:43:17.719   353   353 E sysmon-pm8921_tz: start_plugin - pm8921_tz change enable state
03-31 23:43:17.719   353   353 I system_monitor: add_plugin - Type: sensor, name: pm8921_tz
03-31 23:43:17.722   353  1561 I sysmon-modem: starting modem thread...
03-31 23:43:17.723   353   353 I system_monitor: add_plugin - Type: sensor, name: test_sensor
03-31 23:43:17.728   353   353 D libcameralight: blue_calc_parameters.c indicator_level set to: 3125. Should be 3125
03-31 23:43:17.728   353   353 D libcameralight: 
03-31 23:43:17.728   353   353 D libcameralight: blue_calc_parameters.c if_torch_vr set to:  187500. Shold be 187500
03-31 23:43:17.728   353   353 D libcameralight: 
03-31 23:43:17.729   353   353 D libcameralight: blue_calc_parameters.c vf_factory set to: 3500. Should be 3500
03-31 23:43:17.729   353   353 D libcameralight: 
03-31 23:43:17.729   353   353 D libcameralight: blue_calc_parameters.c v_batt_min set to: 3500. Should be 3500
03-31 23:43:17.729   353   353 D libcameralight: 
03-31 23:43:17.729   353   353 D libcameralight: blue_calc_parameters.c ratio_vdrop_normal set to: 80.Should be 80
03-31 23:43:17.729   353   353 D libcameralight: 
03-31 23:43:17.729   353   353 D libcameralight: blue_calc_parameters.c ratio_vdrop_torch set to 60.Should be 60
03-31 23:43:17.729   353   353 D libcameralight: 
03-31 23:43:17.729   353   353 D libcameralight: blue_calc_parameters.c ratio_vdrop_high set to: 50.Should be 50
03-31 23:43:17.729   353   353 D libcameralight: 
03-31 23:43:17.729   353   353 D libcameralight: blue_calc_parameters.c eff_h set to: 90. Should be 90
03-31 23:43:17.729   353   353 D libcameralight: 
03-31 23:43:17.729   353   353 D libcameralight: blue_calc_parameters.c eff_l set to: 70. Should be 70
03-31 23:43:17.729   353   353 D libcameralight: 
03-31 23:43:17.729   353   353 D libcameralight: blue_calc_parameters.c drv_eff_threshold set to: 2000000.Should be 2000000
03-31 23:43:17.729   353   353 D libcameralight: 
03-31 23:43:17.729   353   353 D libcameralight: blue_calc_parameters.c c_redeye set to: 50. Should be 50
03-31 23:43:17.729   353   353 D libcameralight: 
03-31 23:43:17.729   353   353 D libcameralight: blue_calc_parameters.c c_alien set to: 50. Should be 50
03-31 23:43:17.729   353   353 D libcameralight: 
03-31 23:43:17.729   353   353 D libcameralight: blue_calc_parameters.c c_charging set to: 50. Should be 50
03-31 23:43:17.729   353   353 D libcameralight: 
03-31 23:43:17.729   353   353 D libcameralight: blue_calc_parameters.c rtotal_min set to: 70. Should be 70
03-31 23:43:17.729   353   353 D libcameralight: 
03-31 23:43:17.729   353   353 D libcameralight: blue_calc_parameters.c rtotal_offset set to: 100. Should be 100
03-31 23:43:17.729   353   353 D libcameralight: 
03-31 23:43:17.729   353   353 D libcameralight: blue_calc_parameters.c t_rtotal_threshold set to: 5.Should be 5
03-31 23:43:17.729   353   353 D libcameralight: 
03-31 23:43:17.729   353   353 D libcameralight: blue_calc_parameters.c c_rtotal_a set to: 196. Should be 196
03-31 23:43:17.729   353   353 D libcameralight: 
03-31 23:43:17.729   353   353 D libcameralight: blue_calc_parameters.c c_rtotal_b set to: -8500. Should be -8500
03-31 23:43:17.729   353   353 D libcameralight: 
03-31 23:43:17.729   353   353 D libcameralight: blue_calc_parameters.c c_rtotal_c set to: 248700. Should be 248700
03-31 23:43:17.729   353   353 D libcameralight: 
03-31 23:43:17.729   353   353 D libcameralight: blue_calc_parameters.c c_vdrop_a set to: 389600. Should be 389600
03-31 23:43:17.729   353   353 D libcameralight: 
03-31 23:43:17.729   353   353 D libcameralight: blue_calc_parameters.c c_vdrop_b set to: -1072000. Should be -1072000
03-31 23:43:17.729   353   353 D libcameralight: 
03-31 23:43:17.729   353   353 D libcameralight: blue_calc_parameters.c c_vdrop_c set to: 303300. Should be 303300
03-31 23:43:17.729   353   353 D libcameralight: 
03-31 23:43:17.729   353   353 D libcameralight: blue_calc_parameters.c c_vf_a set to: 26020. Should be 26020
03-31 23:43:17.729   353   353 D libcameralight: 
03-31 23:43:17.729   353   353 D libcameralight: blue_calc_parameters.c c_vf_b set to 627000. Should be 627000
03-31 23:43:17.729   353   353 D libcameralight: 
03-31 23:43:17.729   353   353 D libcameralight: blue_calc_parameters.c c_vf_c set to 2986000. Should be 2986000
03-31 23:43:17.729   353   353 D libcameralight: 
03-31 23:43:17.729   353   353 D libcameralight: blue_calc_parameters.c c_vf_t set to 0. Should be 0
03-31 23:43:17.729   353   353 D libcameralight: 
03-31 23:43:17.729   353   353 D libcameralight: blue_calc_parameters.c t_ref set to 25. Should be 25
03-31 23:43:17.729   353   353 D libcameralight: 
03-31 23:43:17.729   353   353 D libcameralight: blue_calc_parameters.c vf_ref set to: 3200. Should be 3200
03-31 23:43:17.729   353   353 D libcameralight: 
03-31 23:43:17.729   353   353 D libcameralight: blue_calc_parameters.c i_batt_max_high set to: 500000. Should be 500000
03-31 23:43:17.729   353   353 D libcameralight: 
03-31 23:43:17.729   353   353 D libcameralight: blue_calc_parameters.c i_batt_max_torch set to: 500000.Should be 500000
03-31 23:43:17.729   353   353 D libcameralight: 
03-31 23:43:17.729   353   353 D libcameralight: blue_calc_parameters.c max_if_flash set to: 1500000. Should be 1500000
03-31 23:43:17.729   353   353 D libcameralight: 
03-31 23:43:17.729   353   353 D libcameralight: blue_calc_parameters.c max_if_torch_3a set to: 500000. Should be 500000
03-31 23:43:17.729   353   353 D libcameralight: 
03-31 23:43:17.729   353   353 D libcameralight: blue_calc_parameters.c v_batt_meas_range set to: 150.Should be 150
03-31 23:43:17.729   353   353 D libcameralight: 
03-31 23:43:17.729   353   353 D libcameralight: blue_calc_parameters.c i_batt_meas_range set to: 50000.Should be 50000
03-31 23:43:17.729   353   353 D libcameralight: 
03-31 23:43:17.729   353   353 D libcameralight: blue_calc_parameters.c if_flash_critical set to: 125000.Should be 125000
03-31 23:43:17.729   353   353 D libcameralight: 
03-31 23:43:17.730   353   353 D libcameralight: blue_calc_parameters.c if_torch_critical set to: 125000.Should be 125000
03-31 23:43:17.730   353   353 D libcameralight: 
03-31 23:43:17.730   353   353 D libcameralight: blue_calc_parameters.c valid[0]:0
03-31 23:43:17.730   353   353 D libcameralight: blue_calc_parameters.c valid[1]:0
03-31 23:43:17.730   353   353 D libcameralight: blue_calc_parameters.c valid[2]:0
03-31 23:43:17.730   353   353 D libcameralight: blue_calc_parameters.c valid[3]:0
03-31 23:43:17.730   353   353 D libcameralight: blue_calc_parameters.c valid[4]:0
03-31 23:43:17.730   353   353 D libcameralight: blue_calc_parameters.c valid[5]:0
03-31 23:43:17.730   353   353 D libcameralight: blue_calc_parameters.c valid[6]:0
03-31 23:43:17.730   353   353 D libcameralight: blue_calc_parameters.c valid[7]:0
03-31 23:43:17.730   353   353 D libcameralight: blue_calc_parameters.c calcparam_get_factory - Detect factory NV value vf_factory = 3500
03-31 23:43:17.730   353   353 D libcameralight: blue_calc_parameters.c log_param: if_indicator_level = 3125
03-31 23:43:17.730   353   353 D libcameralight: blue_calc_parameters.c log_param: if_torch_vr = 187500
03-31 23:43:17.730   353   353 D libcameralight: blue_calc_parameters.c log_param: vf_factory = 3500
03-31 23:43:17.730   353   353 D libcameralight: blue_calc_parameters.c log_param: v_batt_min = 3500
03-31 23:43:17.730   353   353 D libcameralight: blue_calc_parameters.c log_param: vdrop_ratio = 80
03-31 23:43:17.730   353   353 D libcameralight: blue_calc_parameters.c log_param: ratio_vdrop_torch = 60
03-31 23:43:17.730   353   353 D libcameralight: blue_calc_parameters.c log_param: ratio_vdrop_high = 50
03-31 23:43:17.730   353   353 D libcameralight: blue_calc_parameters.c log_param: eff_h = 90
03-31 23:43:17.730   353   353 D libcameralight: blue_calc_parameters.c log_param: eff_l = 70
03-31 23:43:17.730   353   353 D libcameralight: blue_calc_parameters.c log_param: drv_eff_threshold = 2000000
03-31 23:43:17.730   353   353 D libcameralight: blue_calc_parameters.c log_param: c_redeye = 50
03-31 23:43:17.730   353   353 D libcameralight: blue_calc_parameters.c log_param: c_alien = 50
03-31 23:43:17.730   353   353 D libcameralight: blue_calc_parameters.c log_param: c_charging = 50
03-31 23:43:17.730   353   353 D libcameralight: blue_calc_parameters.c log_param: rtotal_min = 70
03-31 23:43:17.730   353   353 D libcameralight: blue_calc_parameters.c log_param: rtotal_offset = 100
03-31 23:43:17.730   353   353 D libcameralight: blue_calc_parameters.c log_param: t_rtotal_threshold = 5
03-31 23:43:17.730   353   353 D libcameralight: blue_calc_parameters.c log_param: c_rtotal[0] = 196
03-31 23:43:17.730   353   353 D libcameralight: blue_calc_parameters.c log_param: c_rtotal[1] = -8500
03-31 23:43:17.730   353   353 D libcameralight: blue_calc_parameters.c log_param: c_rtotal[2] = 248700
03-31 23:43:17.730   353   353 D libcameralight: blue_calc_parameters.c log_param: c_vdrop[0] = 389600
03-31 23:43:17.730   353   353 D libcameralight: blue_calc_parameters.c log_param: c_vdrop[1] = -1072000
03-31 23:43:17.730   353   353 D libcameralight: blue_calc_parameters.c log_param: c_vdrop[2] = 303300
03-31 23:43:17.730   353   353 D libcameralight: blue_calc_parameters.c log_param: c_vf[0] = 26020
03-31 23:43:17.730   353   353 D libcameralight: blue_calc_parameters.c log_param: c_vf[1] = 627000
03-31 23:43:17.730   353   353 D libcameralight: blue_calc_parameters.c log_param: c_vf[2] = 2986000
03-31 23:43:17.730   353   353 D libcameralight: blue_calc_parameters.c log_param: c_vf_t = 0
03-31 23:43:17.730   353   353 D libcameralight: blue_calc_parameters.c log_param: vf_ref = 3200
03-31 23:43:17.730   353   353 D libcameralight: blue_calc_parameters.c log_param: t_ref = 25
03-31 23:43:17.730   353   353 D libcameralight: blue_calc_parameters.c log_param: i_batt_max_high = 500000
03-31 23:43:17.730   353   353 D libcameralight: blue_calc_parameters.c log_param: i_batt_max_torch = 500000
03-31 23:43:17.730   353   353 D libcameralight: blue_calc_parameters.c log_param: max_if_flash = 1500000
03-31 23:43:17.730   353   353 D libcameralight: blue_calc_parameters.c log_param: max_if_torch_3a = 500000
