01-07 09:41:48.320   348   348 E system_monitor: sensor_register_sensor - Sensor "tsens_tz_sensor2" already registered. Returning
01-07 09:41:48.320   348   348 I system_monitor: sensor_register_level - Registering level "CRITICAL"
01-07 09:41:48.320   348   348 I system_monitor: sensor_add_action_entry - Adding action "NOTIFY" to "LEVEL_CRITICAL"
01-07 09:41:48.320   348   348 I system_monitor: sensor_add_action_entry - Adding action "SHUTDOWN" to "LEVEL_CRITICAL"
01-07 09:41:48.320   348   348 I system_monitor: sensor_register_level - Registering level "0"
01-07 09:41:48.320   348   348 I system_monitor: sensor_add_action_entry - Adding action "NONE" to "LEVEL_1"
01-07 09:41:48.320   348   348 E system_monitor: sensor_register_sensor - Sensor "tsens_tz_sensor4" already registered. Returning
01-07 09:41:48.320   348   348 I system_monitor: sensor_register_level - Registering level "CRITICAL"
01-07 09:41:48.320   348   348 I system_monitor: sensor_add_action_entry - Adding action "NOTIFY" to "LEVEL_CRITICAL"
01-07 09:41:48.320   348   348 I system_monitor: sensor_add_action_entry - Adding action "SHUTDOWN" to "LEVEL_CRITICAL"
01-07 09:41:48.320   348   348 I system_monitor: sensor_register_level - Registering level "0"
01-07 09:41:48.320   348   348 I system_monitor: sensor_add_action_entry - Adding action "NONE" to "LEVEL_1"
01-07 09:41:48.320   348   348 E system_monitor: sensor_register_sensor - Sensor "pm8921_tz" already registered. Returning
01-07 09:41:48.320   348   348 I system_monitor: sensor_register_level - Registering level "CRITICAL"
01-07 09:41:48.321   348   348 I system_monitor: sensor_add_action_entry - Adding action "NOTIFY" to "LEVEL_CRITICAL"
01-07 09:41:48.321   348   348 I system_monitor: sensor_add_action_entry - Adding action "SHUTDOWN" to "LEVEL_CRITICAL"
01-07 09:41:48.321   348   348 I system_monitor: sensor_enable_all_sensors - Starting sensor "xo_therm" at level 12
01-07 09:41:48.321   348   348 I sysmon-cpu_frequency: execute_action - cpu frequency mitigation requester = xo_therm freq = 1512000
01-07 09:41:48.321   348   348 I sysmon-cpu_frequency: Setting CPU[0] to 1512000 kHz
01-07 09:41:48.321   348   348 I sysmon-cpu_frequency: CPU[0] frequency limited to 1512000 kHz
01-07 09:41:48.321   348   348 I sysmon-cpu_frequency: Setting CPU[1] to 1512000 kHz
01-07 09:41:48.321   348   348 I sysmon-cpu_frequency: CPU[1] frequency limited to 1512000 kHz
01-07 09:41:48.321   348   348 I sysmon-cpu_frequency: log_idd - Thermal mitigation:sensor = xo_therm from level = 12 to 12
01-07 09:41:48.321   348   348 E idd-api : idd_add_event: send failed, socket 4, errcode -2 (No such file or directory)
01-07 09:41:48.322   348   348 I sysmon-charge_current_limit: set_charge_current_level - Set OK Charge Current limit:level 0
01-07 09:41:48.322   348   348 I sysmon-charge_current_limit: log_idd - Thermal mitigation:sensor = xo_therm from level = 12 to 12
01-07 09:41:48.322   348   348 E idd-api : idd_add_event: send failed, socket 4, errcode -2 (No such file or directory)
01-07 09:41:48.322   348   348 I sysmon-usb_current_limit: set_usb_current_level - Set OK USB Current limit: 1500mA
01-07 09:41:48.322   348   348 I sysmon-usb_current_limit: log_idd - Thermal mitigation:sensor = xo_therm from level = 12 to 12
01-07 09:41:48.322   348   348 E idd-api : idd_add_event: send failed, socket 4, errcode -2 (No such file or directory)
01-07 09:41:48.322   348   348 I sysmon-modem: execute_action - modem mitigation requester = xo_therm
01-07 09:41:48.330   348  1515 E system_monitor: Waiting for client
01-07 09:41:48.331   348  1516 I sysmon-xo_therm: sensor_work - Thread waiting for semaphore
01-07 09:41:48.331   348  1516 I sysmon-xo_therm: sensor_work - Thread running
01-07 09:41:48.334  1508  1508 F libc    : page record for 0xb6f6c00c was not found (block_size=64)
01-07 09:41:48.347   348  1501 I sysmon-modem: Modem already at mitigation state 0
01-07 09:41:48.347   348   348 I sysmon-modem: log_idd - Thermal mitigation:sensor = xo_therm from level = 12 to 12
01-07 09:41:48.347   348   348 E idd-api : idd_add_event: send failed, socket 4, errcode -2 (No such file or directory)
01-07 09:41:48.347   348   348 I system_monitor: sensor_enable_all_sensors - Starting sensor "tsens_tz_sensor0" at level 8
01-07 09:41:48.347   348   348 I system_monitor: sensor_enable_all_sensors - Starting sensor "tsens_tz_sensor3" at level 7
01-07 09:41:48.347   348   348 I system_monitor: sensor_enable_all_sensors - Starting sensor "tsens_tz_sensor1" at level 1
01-07 09:41:48.347   348   348 I system_monitor: sensor_enable_all_sensors - Starting sensor "tsens_tz_sensor2" at level 1
01-07 09:41:48.348   348   348 I system_monitor: sensor_enable_all_sensors - Starting sensor "tsens_tz_sensor4" at level 1
01-07 09:41:48.348   348   348 I system_monitor: sensor_enable_all_sensors - Starting sensor "pm8921_tz" at level 1
01-07 09:41:48.348   348  1523 I sysmon-tsens_tz_sensor2: sensor_work - Thread waiting for semaphore
01-07 09:41:48.348   348  1523 I sysmon-tsens_tz_sensor2: sensor_work - Thread running
01-07 09:41:48.348   348  1525 I sysmon-pm8921_tz: sensor_work - Thread waiting for semaphore
01-07 09:41:48.348   348  1525 I sysmon-pm8921_tz: sensor_work - Thread running
01-07 09:41:48.348   348  1521 I sysmon-tsens_tz_sensor3: sensor_work - Thread waiting for semaphore
01-07 09:41:48.348   348  1521 I sysmon-tsens_tz_sensor3: sensor_work - Thread running
01-07 09:41:48.348   348  1520 I sysmon-tsens_tz_sensor0: sensor_work - Thread waiting for semaphore
01-07 09:41:48.348   348  1520 I sysmon-tsens_tz_sensor0: sensor_work - Thread running
01-07 09:41:48.356   348  1524 I sysmon-tsens_tz_sensor4: sensor_work - Thread waiting for semaphore
01-07 09:41:48.356   348  1524 I sysmon-tsens_tz_sensor4: sensor_work - Thread running
01-07 09:41:48.356   348  1522 I sysmon-tsens_tz_sensor1: sensor_work - Thread waiting for semaphore
01-07 09:41:48.356   348  1522 I sysmon-tsens_tz_sensor1: sensor_work - Thread running
01-07 09:41:49.044   396   396 E Diag_Lib: qmi_init:  Not initialized, calling process init sequence
01-07 09:41:49.044   396   396 E Diag_Lib: Setting internal use port to rmnet0
01-07 09:41:49.121  1457  1457 W PackageManager: Permission android.permission.SET_KEYGUARD_WALLPAPER from package android in an unknown group android.permission-group.WALLPAPER
01-07 09:41:49.121  1457  1457 W PackageManager: Permission android.permission.MODIFY_PROTECTED_SMS_LIST from package android in an unknown group android.permission-group.MESSAGES
01-07 09:41:49.121  1457  1457 W PackageManager: Permission android.permission.RECEIVE_PROTECTED_SMS from package android in an unknown group android.permission-group.MESSAGES
01-07 09:41:49.121  1457  1457 W PackageManager: Permission android.permission.RESET_BATTERY_STATS from package android in an unknown group android.permission-group.SYSTEM_TOOLS
01-07 09:41:49.140  1457  1457 W PackageManager: Permission cyanogenmod.permission.WRITE_ALARMS from package cyanogenmod.platform in an unknown group android.permission-group.SYSTEM_CLOCK
01-07 09:41:49.140  1457  1457 W PackageManager: Permission cyanogenmod.permission.MANAGE_ALARMS from package cyanogenmod.platform in an unknown group android.permission-group.SYSTEM_CLOCK
01-07 09:41:49.140  1457  1457 W PackageManager: Permission cyanogenmod.permission.READ_ALARMS from package cyanogenmod.platform in an unknown group android.permission-group.SYSTEM_CLOCK
01-07 09:41:49.494  1457  1457 W PackageParser: No actions in intent filter at /system/priv-app/Contacts/Contacts.apk Binary XML file line #301
01-07 09:41:49.703  1619  1619 F libc    : page record for 0xb6f3d00c was not found (block_size=64)
01-07 09:41:49.716  1617  1617 F libc    : page record for 0xb6f0400c was not found (block_size=64)
01-07 09:41:49.727  1618  1618 F libc    : page record for 0xb6eb200c was not found (block_size=64)
01-07 09:41:50.172  1457  1457 W PackageParser: No actions in intent filter at /system/priv-app/Dialer/Dialer.apk Binary XML file line #192
01-07 09:41:50.517  1457  1457 W PackageManager: Permission android.permission.DOWNLOAD_WITHOUT_NOTIFICATION from package com.android.providers.downloads in an unknown group android.permission-group.NETWORK
01-07 09:41:52.049  1457  1457 W PackageManager: Permission com.android.launcher.permission.INSTALL_SHORTCUT from package com.cyanogenmod.trebuchet in an unknown group android.permission-group.SYSTEM_TOOLS
01-07 09:41:52.049  1457  1457 W PackageManager: Permission com.android.launcher3.permission.READ_SETTINGS from package com.cyanogenmod.trebuchet in an unknown group android.permission-group.SYSTEM_TOOLS
01-07 09:41:52.049  1457  1457 W PackageManager: Permission com.android.launcher3.permission.WRITE_SETTINGS from package com.cyanogenmod.trebuchet in an unknown group android.permission-group.SYSTEM_TOOLS
01-07 09:41:52.157  1457  1457 W PackageParser: No actions in intent filter at /system/app/Bluetooth/Bluetooth.apk Binary XML file line #234
01-07 09:41:52.199  1457  1457 W PackageParser: No actions in intent filter at /system/app/BluetoothExt/BluetoothExt.apk Binary XML file line #139
01-07 09:41:52.200  1457  1457 W PackageParser: No actions in intent filter at /system/app/BluetoothExt/BluetoothExt.apk Binary XML file line #163
01-07 09:41:52.361  1457  1457 W PackageParser: No actions in intent filter at /system/app/CMFileManager/CMFileManager.apk Binary XML file line #164
01-07 09:41:53.495  1457  1457 W PackageParser: Unknown element under <application>: permission at /system/app/Gallery2/Gallery2.apk Binary XML file line #278
01-07 09:41:53.495  1457  1457 W PackageParser: Unknown element under <application>: permission at /system/app/Gallery2/Gallery2.apk Binary XML file line #281
01-07 09:41:53.738  1639  1639 F libc    : page record for 0xb6f2a00c was not found (block_size=64)
01-07 09:41:53.742  1638  1638 F libc    : page record for 0xb6ed800c was not found (block_size=64)
01-07 09:41:54.761  1647  1647 F libc    : page record for 0xb6f4d00c was not found (block_size=64)
01-07 09:41:54.763  1648  1648 F libc    : page record for 0xb6e9900c was not found (block_size=64)
01-07 09:41:54.767  1649  1649 F libc    : page record for 0xb6f5a00c was not found (block_size=64)
01-07 09:41:55.512  1457  1457 D PackageManager: No files in app dir /system/vendor/app
01-07 09:41:55.512  1457  1457 D PackageManager: No files in app dir /oem/app
01-07 09:41:55.512  1457  1457 D PackageManager: No files in app dir /vendor/bundled-app
01-07 09:41:55.516  1457  1457 D PackageManager: No files in app dir /data/app
01-07 09:41:55.516  1457  1457 D PackageManager: No files in app dir /data/app-private
01-07 09:41:55.516  1457  1457 W PackageManager: Package org.codeaurora.bluetooth desires unavailable shared library com.quicinc.wbc; ignoring!
01-07 09:41:55.516  1457  1457 E PackageManager: updateAllSharedLibrariesLPw failed: Package com.android.dialer requires unavailable shared library com.qualcomm.qti.smartsearch; failing!
01-07 09:41:55.516  1457  1457 W PackageManager: Package com.android.gallery3d desires unavailable shared library com.google.android.media.effects; ignoring!
01-07 09:41:55.516  1457  1457 W PackageManager: Package com.android.gallery3d desires unavailable shared library com.google.android.media.effects; ignoring!
01-07 09:41:55.517  1457  1457 I PackageManager: Adjusting ABI for : com.android.settings to armeabi-v7a
01-07 09:41:55.517  1457  1457 I PackageManager: Adjusting ABI for : com.android.providers.settings to armeabi-v7a
01-07 09:41:55.518  1457  1457 I PackageManager: Adjusting ABI for : cyanogenmod.platform to armeabi-v7a
01-07 09:41:55.518   391   391 E installd: invalid apk path '/system/framework/org.cyanogenmod.platform-res.apk' (bad prefix)
01-07 09:41:55.518  1457  1457 I PackageManager: Adjusting ABI for : com.android.inputdevices to armeabi-v7a
01-07 09:41:55.518  1457  1457 I PackageManager: Adjusting ABI for : com.android.development to armeabi-v7a
01-07 09:41:55.519  1457  1457 I PackageManager: Adjusting ABI for : com.android.server.telecom to armeabi-v7a
01-07 09:41:55.519  1457  1457 I PackageManager: Adjusting ABI for : org.cyanogenmod.cmsettings to armeabi-v7a
01-07 09:41:55.520  1457  1457 I PackageManager: Adjusting ABI for : com.android.location.fused to armeabi-v7a
01-07 09:41:55.520  1457  1457 I PackageManager: Adjusting ABI for : com.android.keychain to armeabi-v7a
01-07 09:41:55.520  1457  1457 I PackageManager: Adjusting ABI for : com.cyanogenmod.setupwizard to armeabi-v7a
01-07 09:41:55.521  1457  1457 I PackageManager: Time to scan packages: 7.406 seconds
01-07 09:41:55.522  1457  1457 W PackageManager: Unknown permission com.google.android.googleapps.permission.GOOGLE_AUTH in package com.android.providers.calendar
01-07 09:41:55.522  1457  1457 W PackageManager: Unknown permission com.google.android.googleapps.permission.GOOGLE_AUTH.cl in package com.android.providers.calendar
01-07 09:41:55.522  1457  1457 W PackageManager: Not granting permission android.permission.REAL_GET_TASKS to package org.cyanogenmod.wallpapers.photophase (protectionLevel=18 flags=0x3818be45)
01-07 09:41:55.522  1457  1457 W PackageManager: Not granting permission android.permission.ACCESS_DOWNLOAD_MANAGER to package com.android.browser (protectionLevel=18 flags=0x3849be45)
01-07 09:41:55.523  1457  1457 W PackageManager: Not granting permission android.permission.SEND_DOWNLOAD_COMPLETED_INTENTS to package com.android.browser (protectionLevel=2 flags=0x3849be45)
01-07 09:41:55.523  1457  1457 W PackageManager: Unknown permission com.cyngn.stats.SEND_ANALYTICS in package com.cyanogenmod.setupwizard
01-07 09:41:55.523  1457  1457 W PackageManager: Unknown permission com.cyanogen.permission.REQUEST_KILL_SWITCH_OP in package com.cyanogenmod.setupwizard
01-07 09:41:55.523  1457  1457 W PackageManager: Unknown permission android.permission.MMS_PUSH in package org.codeaurora.bluetooth
01-07 09:41:55.523  1457  1457 W PackageManager: Unknown permission com.google.android.googleapps.permission.GOOGLE_AUTH.mail in package com.android.calendar
01-07 09:41:55.524  1457  1457 W PackageManager: Unknown permission com.android.launcher.permission.READ_SETTINGS in package com.android.onetimeinitializer
01-07 09:41:55.524  1457  1457 W PackageManager: Unknown permission com.android.launcher.permission.WRITE_SETTINGS in package com.android.onetimeinitializer
01-07 09:41:55.524  1457  1457 W PackageManager: Unknown permission com.android.launcher.permission.READ_SETTINGS in package com.cyanogenmod.trebuchet
01-07 09:41:55.524  1457  1457 W PackageManager: Unknown permission com.android.launcher.permission.WRITE_SETTINGS in package com.cyanogenmod.trebuchet
01-07 09:41:55.525  1457  1457 W PackageManager: Unknown permission com.cyngn.stats.SEND_ANALYTICS in package com.cyanogenmod.trebuchet
01-07 09:41:55.525  1457  1457 W PackageManager: Unknown permission android.permission.CANCEL_NOTIFICATIONS in package org.cyanogenmod.theme.chooser
01-07 09:41:55.525  1457  1457 W PackageManager: Unknown permission com.google.android.permission.INSTALL_WEARABLE_PACKAGES in package com.android.packageinstaller
01-07 09:41:55.525  1457  1457 W PackageManager: Not granting permission android.permission.DELETE_PACKAGES to package com.svox.pico (protectionLevel=18 flags=0x3808be45)
01-07 09:41:55.525  1457  1457 W PackageManager: Unknown permission android.permission.ACCESS_SUPERUSER in package com.cyanogenmod.filemanager
01-07 09:41:55.525  1457  1457 W PackageManager: Unknown permission com.cyanogenmod.filemanager.permissions.READ_THEME in package com.cyanogenmod.filemanager
01-07 09:41:55.525  1457  1457 W PackageManager: Unknown permission com.google.android.gallery3d.permission.PICASA_STORE in package com.android.dreams.phototable
01-07 09:41:55.525  1457  1457 W PackageManager: Unknown permission com.google.android.googleapps.permission.GOOGLE_AUTH in package com.android.settings
01-07 09:41:55.525  1457  1457 W PackageManager: Unknown permission com.android.launcher.permission.READ_SETTINGS in package com.android.settings
01-07 09:41:55.525  1457  1457 W PackageManager: Unknown permission com.android.launcher.permission.WRITE_SETTINGS in package com.android.settings
01-07 09:41:55.526  1457  1457 W PackageManager: Not granting permission android.permission.REAL_GET_TASKS to package com.cyanogenmod.eleven (protectionLevel=18 flags=0x3818be65)
01-07 09:41:55.528  1457  1457 W PackageManager: Unknown permission android.permission.HARDWARE_ABSTRACTION_ACCESS in package com.android.systemui
01-07 09:41:55.528  1457  1457 W PackageManager: Unknown permission com.google.android.gallery3d.permission.GALLERY_PROVIDER in package com.android.bluetooth
01-07 09:41:55.528  1457  1457 W PackageManager: Unknown permission com.google.android.googleapps.permission.ACCESS_GOOGLE_PASSWORD in package com.android.development
01-07 09:41:55.528  1457  1457 W PackageManager: Unknown permission com.google.android.googleapps.permission.GOOGLE_AUTH in package com.android.development
01-07 09:41:55.528  1457  1457 W PackageManager: Unknown permission com.google.android.googleapps.permission.GOOGLE_AUTH.ALL_SERVICES in package com.android.development
01-07 09:41:55.528  1457  1457 W PackageManager: Unknown permission com.google.android.googleapps.permission.GOOGLE_AUTH.YouTubeUser in package com.android.development
01-07 09:41:55.529  1457  1457 V PackageManager: Disabling com.google.android.gsf/com.google.android.gsf.update.SystemUpdateActivity
01-07 09:41:55.529  1457  1457 W PackageManager: Unable to disable com.google.android.gsf/com.google.android.gsf.update.SystemUpdateActivity
01-07 09:41:55.529  1457  1457 V PackageManager: Disabling com.google.android.gsf/com.google.android.gsf.update.SystemUpdateService$Receiver
01-07 09:41:55.529  1457  1457 W PackageManager: Unable to disable com.google.android.gsf/com.google.android.gsf.update.SystemUpdateService$Receiver
01-07 09:41:55.529  1457  1457 V PackageManager: Disabling com.google.android.gsf/com.google.android.gsf.update.SystemUpdateService$SecretCodeReceiver
01-07 09:41:55.529  1457  1457 W PackageManager: Unable to disable com.google.android.gsf/com.google.android.gsf.update.SystemUpdateService$SecretCodeReceiver
01-07 09:41:55.529  1457  1457 V PackageManager: Disabling com.google.android.gms/com.google.android.gms.update.SystemUpdateActivity
01-07 09:41:55.529  1457  1457 W PackageManager: Unable to disable com.google.android.gms/com.google.android.gms.update.SystemUpdateActivity
01-07 09:41:55.529  1457  1457 V PackageManager: Disabling com.google.android.gms/com.google.android.gms.update.SystemUpdateService$Receiver
01-07 09:41:55.529  1457  1457 W PackageManager: Unable to disable com.google.android.gms/com.google.android.gms.update.SystemUpdateService$Receiver
01-07 09:41:55.529  1457  1457 V PackageManager: Disabling com.google.android.gms/com.google.android.gms.update.SystemUpdateService$ActiveReceiver
01-07 09:41:55.529  1457  1457 W PackageManager: Unable to disable com.google.android.gms/com.google.android.gms.update.SystemUpdateService$ActiveReceiver
01-07 09:41:55.529  1457  1457 V PackageManager: Disabling com.google.android.gms/com.google.android.gms.update.SystemUpdateService$SecretCodeReceiver
01-07 09:41:55.529  1457  1457 W PackageManager: Unable to disable com.google.android.gms/com.google.android.gms.update.SystemUpdateService$SecretCodeReceiver
01-07 09:41:55.529  1457  1457 V PackageManager: Enabling com.google.android.gsf/com.google.android.gsf.update.SystemUpdateService
01-07 09:41:55.529  1457  1457 W PackageManager: Unable to enable com.google.android.gsf/com.google.android.gsf.update.SystemUpdateService
01-07 09:41:55.529  1457  1457 V PackageManager: Enabling com.google.android.gms/com.google.android.gms.update.SystemUpdateService
01-07 09:41:55.529  1457  1457 W PackageManager: Unable to enable com.google.android.gms/com.google.android.gms.update.SystemUpdateService
01-07 09:41:55.681  1457  1457 I art     : Starting a blocking GC Explicit
01-07 09:41:55.712  1457  1457 I art     : Explicit concurrent mark sweep GC freed 47736(2MB) AllocSpace objects, 8(524KB) LOS objects, 33% free, 9MB/14MB, paused 427us total 28.292ms
01-07 09:41:55.713  1457  1457 I SystemServer: User Service
01-07 09:41:55.730   341   341 I lowmemorykiller: ActivityManager connected
01-07 09:41:55.735  1457  1457 I SystemServiceManager: Starting com.android.server.BatteryService
01-07 09:41:55.736  1457  1660 I         : System server: starting sensor init.
01-07 09:41:55.736  1457  1660 D SensorService: nuSensorService starting...
01-07 09:41:55.748  1457  1457 I SystemServiceManager: Starting com.android.server.usage.UsageStatsService
01-07 09:41:55.756  1457  1660 W linker  : /system/lib/libmpl.so: unused DT entry: type 0xf arg 0x1bfa
01-07 09:41:55.757  1457  1660 W linker  : /system/lib/libmllite.so: unused DT entry: type 0xf arg 0x13ff
01-07 09:41:55.758  1457  1660 W linker  : /system/lib/libmlplatform.so: unused DT entry: type 0xf arg 0x801
01-07 09:41:55.763  1457  1660 W linker  : /system/lib/libmlplatform.so has text relocations. This is wasting memory and prevents security hardening. Please fix.
01-07 09:41:55.764  1457  1660 D DASH    : device/sony/blue-common/sensors/sensors_wrapper.c(126): sensors_wrapper_register: lock
01-07 09:41:55.764  1457  1660 D DASH    : device/sony/blue-common/sensors/sensors_wrapper.c(133): sensors_wrapper_register: unlock
01-07 09:41:55.764  1457  1660 D DASH    : device/sony/blue-common/sensors/sensors_wrapper.c(126): sensors_wrapper_register: lock
01-07 09:41:55.764  1457  1660 D DASH    : device/sony/blue-common/sensors/sensors_wrapper.c(133): sensors_wrapper_register: unlock
01-07 09:41:55.769  1457  1660 D DASH    : device/sony/blue-common/sensors/sensors_wrapper.c(169): sensors_wrapper_init: lock
01-07 09:41:55.781  1457  1472 E KernelUidCpuTimeReader: Failed to read uid_cputime: /proc/uid_cputime/show_uid_stat: open failed: ENOENT (No such file or directory)
01-07 09:41:55.820  1457  1457 I UsageStatsService: User[0] Rollover scheduled @ 1970-01-08 00:00:00(604800000)
01-07 09:41:55.822  1457  1457 I SystemServiceManager: Starting com.android.server.webkit.WebViewUpdateService
01-07 09:41:55.829  1457  1457 I SystemServer: Reading configuration...
01-07 09:41:55.829  1457  1457 I SystemServer: Scheduling Policy
01-07 09:41:55.830  1457  1457 I SystemServiceManager: Starting com.android.server.telecom.TelecomLoaderService
01-07 09:41:55.834  1457  1457 I SystemServer: Telephony Registry
01-07 09:41:55.843  1457  1457 I SystemServer: Entropy Mixer
01-07 09:41:55.847  1457  1457 I EntropyMixer: Added HW RNG output to entropy pool
01-07 09:41:55.847  1457  1457 I EntropyMixer: Writing entropy...
01-07 09:41:55.892  1457  1457 I SystemServer: Camera Service
01-07 09:41:55.892  1457  1457 I SystemServiceManager: Starting com.android.server.camera.CameraService
01-07 09:41:55.905  1457  1675 I ServiceThread: Enabled StrictMode logging for CameraService_proxy looper.
01-07 09:41:55.905  1457  1457 I SystemServer: Account Manager
01-07 09:41:55.913  1457  1457 I SystemServer: Content Manager
01-07 09:41:55.921  1457  1457 I SystemServer: System Content Providers
01-07 09:41:55.927  1457  1457 W System  : ClassLoader referenced unknown path: /system/priv-app/CMSettingsProvider/lib/arm
01-07 09:41:55.952  1457  1457 W System  : ClassLoader referenced unknown path: /system/priv-app/SettingsProvider/lib/arm
01-07 09:41:55.978   390   390 W SHIM_ServiceManager: Permission failure: android.permission.CAMERA from uid=1013 pid=390
01-07 09:41:55.978   390   390 I libcamera: HAL_Camera_GetCameraInfo: HAL_gCameraNum=2
01-07 09:41:55.979   390   390 W caladbolg:     845719 cald_pal.c                        (2231)   390 W [PAL] No cache data
01-07 09:41:55.980   390   390 I caladbolg:     846787 cald_pal.c                        (4812)   390 I [INF] PAL_Create
01-07 09:41:55.983   390  1678 I SHIM_ServiceManager: Waiting for service sensorservice...
01-07 09:41:55.987  1457  1660 D DASH    : device/sony/blue-common/sensors/sensors_wrapper.c(210): sensors_wrapper_init: unlock
01-07 09:41:55.987  1457  1660 D DASH    : device/sony/blue-common/sensors/sensors_wrapper.c(169): sensors_wrapper_init: lock
01-07 09:41:55.987   390   390 I caladbolg:     847123 cald_camctrl.c                   (17998)   390 I [INF] + Cald_CamCtrl_Create
01-07 09:41:55.987   390   390 I caladbolg:     847581 cald_hal.c                        (5552)   390 I [INF] + Cald_Hal_Create
01-07 09:41:55.988   390  1681 I mm-camera: qcamsvr_start: old_mode = 7
01-07 09:41:56.037  1457  1457 I SystemServer: Vibrator Service
01-07 09:41:56.039  1457  1457 I SystemServer: Consumer IR Service
01-07 09:41:56.039  1457  1457 E ConsumerIrService: Can't open consumer IR HW Module, error: -2
01-07 09:41:56.040  1457  1457 I SystemServiceManager: Starting com.android.server.AlarmManagerService
01-07 09:41:56.056   390   390 I mm-camera-c2d_client: c2d_interface_create: idx = 0 handle = 256
01-07 09:41:56.056   390   390 I caladbolg:     913444 cald_hal.c                        (5580)   390 I [INF] - Cald_Hal_Create
01-07 09:41:56.057   390   390 I caladbolg:     913505 cald_camctrl.c                    (8834)   390 I [INF] Module name KMO13BS0
01-07 09:41:56.067  1457  1660 E DASH - ak897x_magnet: ak897x_init: init OK.
01-07 09:41:56.067  1457  1660 D DASH    : device/sony/blue-common/sensors/sensors_wrapper.c(210): sensors_wrapper_init: unlock
01-07 09:41:56.067  1457  1660 D DASH - ak897x_sensors - wrapper: ak897x_read_sensor_layout: AK8972: layout [-1  0  0],[ 0  1  0],[ 0  0 -1]
01-07 09:41:56.077   390   390 I caladbolg:     919487 cald_camctrl.c                    (6237)   390 I [INF] CameraIndex :    [0x1]
01-07 09:41:56.077   390   390 I caladbolg:     919548 cald_camctrl.c                    (6238)   390 I [INF] numOfCameras:    [0x2]
01-07 09:41:56.077   390   390 I caladbolg:     919609 cald_camctrl.c                    (6239)   390 I [INF] majorVersion:    [0x2]
01-07 09:41:56.077   390   390 I caladbolg:     919639 cald_camctrl.c                    (6240)   390 I [INF] minorVersion:    [0x1]
01-07 09:41:56.078   390   390 I caladbolg:     920372 cald_camctrl.c                   (18023)   390 I [INF] - Cald_CamCtrl_Create
01-07 09:41:56.078   390   390 I caladbolg:     920402 cald_camctrl.c                   (17998)   390 I [INF] + Cald_CamCtrl_Create
01-07 09:41:56.078   390   390 I caladbolg:     920494 cald_hal.c                        (5552)   390 I [INF] + Cald_Hal_Create
01-07 09:41:56.078   390   390 I caladbolg:     920982 cald_hal.c                        (5580)   390 I [INF] - Cald_Hal_Create
01-07 09:41:56.078   390   390 I caladbolg:     921013 cald_camctrl.c                    (8834)   390 I [INF] Module name APT00YP1
01-07 09:41:56.089   390   390 I caladbolg:     926567 cald_camctrl.c                    (6237)   390 I [INF] CameraIndex :    [0x2]
01-07 09:41:56.089   390   390 I caladbolg:     926629 cald_camctrl.c                    (6238)   390 I [INF] numOfCameras:    [0x2]
01-07 09:41:56.089   390   390 I caladbolg:     926690 cald_camctrl.c                    (6239)   390 I [INF] majorVersion:    [0x2]
01-07 09:41:56.089   390   390 I caladbolg:     926720 cald_camctrl.c                    (6240)   390 I [INF] minorVersion:    [0x1]
01-07 09:41:56.090   390   390 I caladbolg:     927300 cald_camctrl.c                   (18023)   390 I [INF] - Cald_CamCtrl_Create
01-07 09:41:56.095  1457  1468 E ActivityManager: Activity Manager Crash
01-07 09:41:56.095  1457  1468 E ActivityManager: java.lang.NullPointerException: Attempt to invoke virtual method 'java.lang.String java.lang.String.intern()' on a null object reference
01-07 09:41:56.095  1457  1468 E ActivityManager:       at android.content.Intent.readFromParcel(Intent.java:8032)
01-07 09:41:56.095  1457  1468 E ActivityManager:       at android.content.Intent.<init>(Intent.java:8012)
01-07 09:41:56.095  1457  1468 E ActivityManager:       at android.content.Intent$1.createFromParcel(Intent.java:8003)
01-07 09:41:56.095  1457  1468 E ActivityManager:       at android.content.Intent$1.createFromParcel(Intent.java:8002)
01-07 09:41:56.095  1457  1468 E ActivityManager:       at android.app.ActivityManagerNative.onTransact(ActivityManagerNative.java:453)
01-07 09:41:56.095  1457  1468 E ActivityManager:       at com.android.server.am.ActivityManagerService.onTransact(ActivityManagerService.java:2670)
01-07 09:41:56.095  1457  1468 E ActivityManager:       at android.os.Binder.execTransact(Binder.java:453)
01-07 09:41:56.103  1457  1469 E ActivityManager: Activity Manager Crash
01-07 09:41:56.103  1457  1469 E ActivityManager: java.lang.NullPointerException: Attempt to invoke virtual method 'java.lang.String java.lang.String.intern()' on a null object reference
01-07 09:41:56.103  1457  1469 E ActivityManager:       at android.content.Intent.readFromParcel(Intent.java:8032)
01-07 09:41:56.103  1457  1469 E ActivityManager:       at android.content.Intent.<init>(Intent.java:8012)
01-07 09:41:56.103  1457  1469 E ActivityManager:       at android.content.Intent$1.createFromParcel(Intent.java:8003)
01-07 09:41:56.103  1457  1469 E ActivityManager:       at android.content.Intent$1.createFromParcel(Intent.java:8002)
01-07 09:41:56.103  1457  1469 E ActivityManager:       at android.app.ActivityManagerNative.onTransact(ActivityManagerNative.java:453)
01-07 09:41:56.103  1457  1469 E ActivityManager:       at com.android.server.am.ActivityManagerService.onTransact(ActivityManagerService.java:2670)
01-07 09:41:56.103  1457  1469 E ActivityManager:       at android.os.Binder.execTransact(Binder.java:453)
01-07 09:41:56.107  1457  1468 E ActivityManager: Activity Manager Crash
01-07 09:41:56.107  1457  1468 E ActivityManager: java.lang.NullPointerException: Attempt to invoke virtual method 'java.lang.String java.lang.String.intern()' on a null object reference
01-07 09:41:56.107  1457  1468 E ActivityManager:       at android.content.Intent.readFromParcel(Intent.java:8032)
01-07 09:41:56.107  1457  1468 E ActivityManager:       at android.content.Intent.<init>(Intent.java:8012)
01-07 09:41:56.107  1457  1468 E ActivityManager:       at android.content.Intent$1.createFromParcel(Intent.java:8003)
01-07 09:41:56.107  1457  1468 E ActivityManager:       at android.content.Intent$1.createFromParcel(Intent.java:8002)
01-07 09:41:56.107  1457  1468 E ActivityManager:       at android.app.ActivityManagerNative.onTransact(ActivityManagerNative.java:453)
01-07 09:41:56.107  1457  1468 E ActivityManager:       at com.android.server.am.ActivityManagerService.onTransact(ActivityManagerService.java:2670)
01-07 09:41:56.107  1457  1468 E ActivityManager:       at android.os.Binder.execTransact(Binder.java:453)
01-07 09:41:56.109  1457  1469 E ActivityManager: Activity Manager Crash
01-07 09:41:56.109  1457  1469 E ActivityManager: java.lang.NullPointerException: Attempt to invoke virtual method 'java.lang.String java.lang.String.intern()' on a null object reference
01-07 09:41:56.109  1457  1469 E ActivityManager:       at android.content.Intent.readFromParcel(Intent.java:8032)
01-07 09:41:56.109  1457  1469 E ActivityManager:       at android.content.Intent.<init>(Intent.java:8012)
01-07 09:41:56.109  1457  1469 E ActivityManager:       at android.content.Intent$1.createFromParcel(Intent.java:8003)
01-07 09:41:56.109  1457  1469 E ActivityManager:       at android.content.Intent$1.createFromParcel(Intent.java:8002)
01-07 09:41:56.109  1457  1469 E ActivityManager:       at android.app.ActivityManagerNative.onTransact(ActivityManagerNative.java:453)
01-07 09:41:56.109  1457  1469 E ActivityManager:       at com.android.server.am.ActivityManagerService.onTransact(ActivityManagerService.java:2670)
01-07 09:41:56.109  1457  1469 E ActivityManager:       at android.os.Binder.execTransact(Binder.java:453)
01-07 09:41:56.109  1457  1457 I SystemServer: Init Watchdog
01-07 09:41:56.110  1457  1457 I SystemServer: Input Manager
01-07 09:41:56.110  1457  1457 I InputManager: Initializing input manager, mUseDevInputEventForAudioJack=false
01-07 09:41:56.111   390   390 E QCOM PowerHAL: Invalid hint ID.
01-07 09:41:56.112   390   390 E QCOM PowerHAL: Invalid hint ID.
01-07 09:41:56.113  1457  1457 I SystemServer: Window Manager
01-07 09:41:56.113  1457  1468 E ActivityManager: Activity Manager Crash
01-07 09:41:56.113  1457  1468 E ActivityManager: java.lang.NullPointerException: Attempt to invoke virtual method 'java.lang.String java.lang.String.intern()' on a null object reference
01-07 09:41:56.113  1457  1468 E ActivityManager:       at android.content.Intent.readFromParcel(Intent.java:8032)
01-07 09:41:56.113  1457  1468 E ActivityManager:       at android.content.Intent.<init>(Intent.java:8012)
01-07 09:41:56.113  1457  1468 E ActivityManager:       at android.content.Intent$1.createFromParcel(Intent.java:8003)
01-07 09:41:56.113  1457  1468 E ActivityManager:       at android.content.Intent$1.createFromParcel(Intent.java:8002)
01-07 09:41:56.113  1457  1468 E ActivityManager:       at android.app.ActivityManagerNative.onTransact(ActivityManagerNative.java:453)
01-07 09:41:56.113  1457  1468 E ActivityManager:       at com.android.server.am.ActivityManagerService.onTransact(ActivityManagerService.java:2670)
01-07 09:41:56.113  1457  1468 E ActivityManager:       at android.os.Binder.execTransact(Binder.java:453)
01-07 09:41:56.115  1457  1469 E ActivityManager: Activity Manager Crash
01-07 09:41:56.115  1457  1469 E ActivityManager: java.lang.NullPointerException: Attempt to invoke virtual method 'java.lang.String java.lang.String.intern()' on a null object reference
01-07 09:41:56.115  1457  1469 E ActivityManager:       at android.content.Intent.readFromParcel(Intent.java:8032)
01-07 09:41:56.115  1457  1469 E ActivityManager:       at android.content.Intent.<init>(Intent.java:8012)
01-07 09:41:56.115  1457  1469 E ActivityManager:       at android.content.Intent$1.createFromParcel(Intent.java:8003)
01-07 09:41:56.115  1457  1469 E ActivityManager:       at android.content.Intent$1.createFromParcel(Intent.java:8002)
01-07 09:41:56.115  1457  1469 E ActivityManager:       at android.app.ActivityManagerNative.onTransact(ActivityManagerNative.java:453)
01-07 09:41:56.115  1457  1469 E ActivityManager:       at com.android.server.am.ActivityManagerService.onTransact(ActivityManagerService.java:2670)
01-07 09:41:56.115  1457  1469 E ActivityManager:       at android.os.Binder.execTransact(Binder.java:453)
01-07 09:41:56.116   390   390 I caladbolg:     931817 cald_server.c                      (904)   390 I [INF] Cald_Server_ICameraServer_Start
01-07 09:41:56.117   390   390 I caladbolg:     932305 cald_client.c                     (1926)   390 I [INF] Cald_Client_Create
01-07 09:41:56.117   390   390 I caladbolg:     932366 cald_client.c                      (307)   390 I [INF] + Cald_Client_ICamera_ReserveCamera index[0x1] priority[0] pICBCamera[0xb4a105d8] userData[0xb7f1c378]
01-07 09:41:56.117   390  1679 I caladbolg:     932488 cald_camctrl.c                    (9020)  1679 P [PFM]     932458 + Cald_CamCtrl_PowerUp
01-07 09:41:56.117   390  1679 I caladbolg:     932611 cald_capctrl.c                   (10365)  1679 I [INF] + Cald_CapCtrl_Create
01-07 09:41:56.126   390  1679 I caladbolg:     937341 cald_capctrl.c                   (10393)  1679 I [INF] - Cald_CapCtrl_Create
01-07 09:41:56.126   390  1679 I caladbolg:     937494 cald_iqctrl.c                    (19921)  1679 I [INF] + Cald_IqCtrl_Create
01-07 09:41:56.132   390  1679 I caladbolg:     943079 cald_iqctrl.c                    (19968)  1679 I [INF] - Cald_IqCtrl_Create
01-07 09:41:56.133   390  1679 I caladbolg:     944361 cald_hal_qct_camera.c             (5977)  1679 P [HAL]     944330 + Cald_Hal_Qct_If_PowerUp
01-07 09:41:56.133   390  1679 I caladbolg:     944513 cald_hal_qct_camera.c             (6046)  1679 P [HAL]     944513 - Cald_Hal_Qct_If_PowerUp
01-07 09:41:56.140  1457  1468 E ActivityManager: Activity Manager Crash
01-07 09:41:56.140  1457  1468 E ActivityManager: java.lang.NullPointerException: Attempt to invoke virtual method 'java.lang.String java.lang.String.intern()' on a null object reference
01-07 09:41:56.140  1457  1468 E ActivityManager:       at android.content.Intent.readFromParcel(Intent.java:8032)
01-07 09:41:56.140  1457  1468 E ActivityManager:       at android.content.Intent.<init>(Intent.java:8012)
01-07 09:41:56.140  1457  1468 E ActivityManager:       at android.content.Intent$1.createFromParcel(Intent.java:8003)
01-07 09:41:56.140  1457  1468 E ActivityManager:       at android.content.Intent$1.createFromParcel(Intent.java:8002)
01-07 09:41:56.140  1457  1468 E ActivityManager:       at android.app.ActivityManagerNative.onTransact(ActivityManagerNative.java:453)
01-07 09:41:56.140  1457  1468 E ActivityManager:       at com.android.server.am.ActivityManagerService.onTransact(ActivityManagerService.java:2670)
01-07 09:41:56.140  1457  1468 E ActivityManager:       at android.os.Binder.execTransact(Binder.java:453)
01-07 09:41:56.141   390  1679 I caladbolg:     948542 cald_camctrl.c                    (9035)  1679 P [PFM]     948481 - Cald_CamCtrl_PowerUp
01-07 09:41:56.141   390   390 I caladbolg:     948634 cald_client.c                      (332)   390 I [INF] - Cald_Client_ICamera_ReserveCamera (0)
01-07 09:41:56.142   390   390 I caladbolg:     949153 cald_client.c                      (113)   390 I [INF] + Cald_Client_ICamera_GetCameraCaps
01-07 09:41:56.142   390   390 I caladbolg:     949305 cald_client.c                      (137)   390 I [INF] - Cald_Client_ICamera_GetCameraCaps (0)
01-07 09:41:56.142   390   390 I caladbolg:     949366 cald_client.c                      (151)   390 I [INF] + Cald_Client_ICamera_GetPreviewCaps
01-07 09:41:56.142   390   390 I caladbolg:     949458 cald_client.c                      (177)   390 I [INF] - Cald_Client_ICamera_GetPreviewCaps (0)
01-07 09:41:56.142   390   390 I caladbolg:     949519 cald_client.c                      (268)   390 I [INF] + Cald_Client_ICamera_GetSnapshotCaps
01-07 09:41:56.142   390   390 I caladbolg:     949641 cald_client.c                      (293)   390 I [INF] - Cald_Client_ICamera_GetSnapshotCaps (0)
01-07 09:41:56.142   390   390 I caladbolg:     949702 cald_client.c                      (191)   390 I [INF] + Cald_Client_ICamera_GetVideoCaps
01-07 09:41:56.142   390   390 I caladbolg:     949824 cald_client.c                      (217)   390 I [INF] - Cald_Client_ICamera_GetVideoCaps (0)
01-07 09:41:56.144   390  1679 I caladbolg:     951106 cald_camctrl.c                   (11707)  1679 I [INF] Thumbnail size [640 x 480]
01-07 09:41:56.147  1457  1660 I MPL-mlsl: MLSLSerialOpen: /dev/mpu
01-07 09:41:56.147  1457  1660 I MPL-mldl_cfg_mpu:: mpu3050_suspend: suspending sensors to 0000
01-07 09:41:56.147  1457  1660 I MPL-mldl_cfg_mpu:: mpu3050_suspend: Will resume next to 03ff
01-07 09:41:56.148  1457  1660 E MPL-mlsl: Cannot open file "/data/cal.bin" for read
01-07 09:41:56.148  1457  1660 I MPL-storeload: Calibration data not loaded
01-07 09:41:56.148  1457  1660 D DASH    : device/sony/blue-common/sensors/sensors_wrapper.c(227): sensors_wrapper_activate: lock
01-07 09:41:56.148  1457  1660 D DASH    : device/sony/blue-common/sensors/sensors_wrapper.c(253): sensors_wrapper_activate: unlock
01-07 09:41:56.148  1457  1660 D DASH    : device/sony/blue-common/sensors/sensors_wrapper.c(269): sensors_wrapper_set_delay: lock
01-07 09:41:56.148  1457  1660 D DASH    : device/sony/blue-common/sensors/sensors_wrapper.c(281): sensors_wrapper_set_delay: unlock
01-07 09:41:56.148   390   390 I caladbolg:     955470 cald_client.c                      (113)   390 I [INF] + Cald_Client_ICamera_GetCameraCaps
01-07 09:41:56.148  1457  1660 D DASH    : device/sony/blue-common/sensors/sensors_wrapper.c(227): sensors_wrapper_activate: lock
01-07 09:41:56.148   390   390 I caladbolg:     955623 cald_client.c                      (137)   390 I [INF] - Cald_Client_ICamera_GetCameraCaps (0)
01-07 09:41:56.148   390   390 I caladbolg:     955684 cald_client.c                      (151)   390 I [INF] + Cald_Client_ICamera_GetPreviewCaps
01-07 09:41:56.148   390   390 I caladbolg:     955775 cald_client.c                      (177)   390 I [INF] - Cald_Client_ICamera_GetPreviewCaps (0)
01-07 09:41:56.148   390   390 I caladbolg:     955837 cald_client.c                      (268)   390 I [INF] + Cald_Client_ICamera_GetSnapshotCaps
01-07 09:41:56.148   390   390 I caladbolg:     955959 cald_client.c                      (293)   390 I [INF] - Cald_Client_ICamera_GetSnapshotCaps (0)
01-07 09:41:56.157  1457  1660 D DASH    : device/sony/blue-common/sensors/sensors_wrapper.c(253): sensors_wrapper_activate: unlock
01-07 09:41:56.157  1457  1660 D DASH    : device/sony/blue-common/sensors/sensors_wrapper.c(269): sensors_wrapper_set_delay: lock
01-07 09:41:56.157  1457  1660 D DASH    : device/sony/blue-common/sensors/sensors_wrapper.c(281): sensors_wrapper_set_delay: unlock
01-07 09:41:56.157  1457  1660 D DASH    : device/sony/blue-common/sensors/sensors_wrapper.c(227): sensors_wrapper_activate: lock
01-07 09:41:56.157  1457  1660 D DASH    : device/sony/blue-common/sensors/sensors_wrapper.c(253): sensors_wrapper_activate: unlock
01-07 09:41:56.158  1457  1660 I         : System server: sensor init done.
01-07 09:41:56.167   390   390 E idd-api : idd_set_sdata: send failed, socket 7, errcode -2 (No such file or directory)
01-07 09:41:56.167   390   390 E idd-api : idd_set_sdata: send failed, socket 7, errcode -2 (No such file or directory)
01-07 09:41:56.167   390   390 I libcamera: HAL_openCameraHardware: X created hardware=0xb7f1c378
01-07 09:41:56.168  1457  1712 D SensorService: nuSensorService thread starting...
01-07 09:41:56.169   390  1713 I mm-camera: mctl_store_curr_target Current target is 0
01-07 09:41:56.171   390   390 I caladbolg:     972012 cald_client.c                      (941)   390 I [INF] + Cald_Client_ICamera_CancelAutoLock
01-07 09:41:56.171  1457  1477 I WindowManager: No existing display settings /data/system/display_settings.xml; starting empty
01-07 09:41:56.171   390   390 I caladbolg:     972287 cald_client.c                      (959)   390 I [INF] - Cald_Client_ICamera_CancelAutoLock (0)
01-07 09:41:56.172   390   390 I libcamera: release: E
01-07 09:41:56.172   390   390 I caladbolg:     972684 cald_client.c                      (879)   390 I [INF] + Cald_Client_ICamera_CancelSnapshot
01-07 09:41:56.172   390  1687 I caladbolg:     972958 cald_hal_qct_camera.c             (6321)  1687 P [HAL]     972897 + Cald_Hal_Qct_If_StopYuvSnapshot
01-07 09:41:56.172   390  1687 I caladbolg:     973050 cald_hal_qct_camera.c             (6375)  1687 P [HAL]     973019 - Cald_Hal_Qct_If_StopYuvSnapshot
01-07 09:41:56.172   390   390 I caladbolg:     973569 cald_client.c                      (897)   390 I [INF] - Cald_Client_ICamera_CancelSnapshot (0)
01-07 09:41:56.172   390   390 I libcamera: stopCamera: E
01-07 09:41:56.173   390   390 I caladbolg:     973660 cald_client.c                      (372)   390 I [INF] + Cald_Client_ICamera_ReleaseCamera
01-07 09:41:56.174   390  1679 I caladbolg:     973813 cald_camctrl.c                    (9120)  1679 I [INF] + Cald_CamCtrl_Func_PowerDown
01-07 09:41:56.174   390  1687 I caladbolg:     973966 cald_capctrl.c                    (7662)  1687 I [INF] + Cald_CapCtrl_FSM_Func_StopCaptureCtrl
01-07 09:41:56.174   390  1687 I caladbolg:     974088 cald_capctrl.c                    (7664)  1687 I [INF] - Cald_CapCtrl_FSM_Func_StopCaptureCtrl
01-07 09:41:56.174   390  1704 I caladbolg:     974210 cald_iqctrl.c                    (13895)  1704 I [INF] + Cald_IqCtrl_FSM_Func_StopIqCtrl
01-07 09:41:56.174   390  1704 I caladbolg:     974271 cald_iqctrl.c                    (12259)  1704 I [INF] + Cald_IqCtrl_Callback
01-07 09:41:56.175   390  1704 I caladbolg:     974362 cald_iqctrl.c                    (12323)  1704 I [INF] - Cald_IqCtrl_Callback
01-07 09:41:56.175  1457  1711 D SensorService: new thread SensorEventAckReceiver
01-07 09:41:56.256   390  1681 E mm-camera: camera_plugin_grant_rdi_interface: rdi intf value :2
01-07 09:41:56.257   390  1713 I mm-camera: config_proc_native_ctrl_cmd: CAMERA_SET_PARM_DIMENSION called
01-07 09:41:56.257   390  1713 I mm-camera: axi_client_init axi client 0
01-07 09:41:56.257   390  1713 I mm-camera:
01-07 09:41:56.261   390  1713 I mm-camera: vfe_ops_init: E
01-07 09:41:56.262   390  1713 E mm-camera: vfe_reload_modules:
01-07 09:41:56.262   390  1713 I mm-camera: vfe_reload_modules: no config set
01-07 09:41:56.262   390  1713 I mm-camera: vfe_reload_chromatix: reload Fail
01-07 09:41:56.268   390  1713 I mm-camera: vfe_legacy_stats_buffer_init: AEC_STATS_BUFNUM
01-07 09:41:56.268   390  1713 E mm-camera: vfe_legacy_stats_buffer_init: AEC_STATS_BUFNUM
01-07 09:41:56.270   390  1713 E mm-camera: axi_set_params: begin, axi_obj_idx = 236
01-07 09:41:56.270   390  1713 E mm-camera: axi_set_params: begin, axi_obj_idx = 236
01-07 09:41:56.270   390  1713 E mm-camera: axi_set_params: begin, axi_obj_idx = 0
01-07 09:41:56.270   390  1713 E mm-camera: axi_set_params: wm0: ub_offset 0 ub_size 130
01-07 09:41:56.270   390  1713 E mm-camera: axi_set_params: wm1: ub_offset 131 ub_size 130
01-07 09:41:56.270   390  1713 E mm-camera: axi_set_params: wm2: ub_offset 262 ub_size 130
01-07 09:41:56.270   390  1713 E mm-camera: axi_set_params: wm3: ub_offset 393 ub_size 130
01-07 09:41:56.270   390  1713 E mm-camera: axi_set_params: wm4: ub_offset 524 ub_size 130
01-07 09:41:56.270   390  1713 E mm-camera: axi_set_params: wm5: ub_offset 655 ub_size 130
01-07 09:41:56.270   390  1713 E mm-camera: axi_set_params: wm6: ub_offset 786 ub_size 130
01-07 09:41:56.276  1457  1457 I InputManager: Starting input manager
01-07 09:41:56.277   390  1713 I mm-camera: mctl_init_stats_proc_info: snap_max_line_cnt =39144
01-07 09:41:56.277   390  1713 E mm-camera: Opening libmmcamera_3a_legacy.so!!
01-07 09:41:56.285   390  1713 E mm-camera: axi_set_params: begin, axi_obj_idx = 0
01-07 09:41:56.285   390  1713 E mm-camera: axi_set_params: begin, axi_obj_idx = 0
01-07 09:41:56.285   390  1713 E mm-camera: axi_set_params: begin, axi_obj_idx = 0
01-07 09:41:56.285   390  1713 E mm-camera: axi_set_params: begin, axi_obj_idx = 0
01-07 09:41:56.285   390  1713 E mm-camera: config_validate_dimension: RDI 0: W X H: 2104 X 1560, RDI 1: W X H: 2104 X 780
01-07 09:41:56.285   390  1713 E mm-camera: config_validate_dimension: RDI2: W X H: 0 X 0
01-07 09:41:56.298  1457  1725 D EventHub: No input device configuration file found for device 'pmic8xxx_pwrkey'.
01-07 09:41:56.300   390  1704 I caladbolg:    1001037 cald_iqctrl.c                     (8630)  1704 I [INF] + Cald_IqCtrl_FSM_Func_AE_StopAewb
01-07 09:41:56.300   390  1704 I caladbolg:    1001526 cald_iqctrl.c                     (8666)  1704 I [INF] - Cald_IqCtrl_FSM_Func_AE_StopAewb
01-07 09:41:56.300   390  1704 I caladbolg:    1001617 cald_iqctrl.c                    (10875)  1704 I [INF] + Cald_IqCtrl_FSM_Func_AF_StopAf
01-07 09:41:56.305  1457  1725 W EventHub: Unable to disable kernel key repeat for /dev/input/event0: Function not implemented
01-07 09:41:56.306  1457  1725 I EventHub: New device: id=1, fd=76, path='/dev/input/event0', name='pmic8xxx_pwrkey', classes=0x1, configuration='', keyLayout='/system/usr/keylayout/pmic8xxx_pwrkey.kl', keyCharacterMap='/system/usr/keychars/Generic.kcm', builtinKeyboard=false, wakeMechanism=EVIOCSSUSPENDBLOCK, usingClockIoctl=true
01-07 09:41:56.306  1457  1725 D EventHub: No input device configuration file found for device 'pm8921_chg_unplug_key'.
01-07 09:41:56.309  1457  1457 I SystemServer: Bluetooth Service
01-07 09:41:56.309  1457  1457 I SystemServiceManager: Starting com.android.server.BluetoothService
01-07 09:41:56.317  1457  1725 W EventHub: Unable to disable kernel key repeat for /dev/input/event9: Function not implemented
01-07 09:41:56.317  1457  1725 I EventHub: New device: id=2, fd=79, path='/dev/input/event9', name='pm8921_chg_unplug_key', classes=0x1, configuration='', keyLayout='/system/usr/keylayout/Generic.kl', keyCharacterMap='/system/usr/keychars/Generic.kcm', builtinKeyboard=false, wakeMechanism=EVIOCSSUSPENDBLOCK, usingClockIoctl=true
01-07 09:41:56.318  1457  1725 D EventHub: No input device configuration file found for device 'gpio-keys'.
01-07 09:41:56.322  1457  1725 W EventHub: Unable to disable kernel key repeat for /dev/input/event7: Function not implemented
01-07 09:41:56.323  1457  1725 I EventHub: New device: id=3, fd=78, path='/dev/input/event7', name='gpio-keys', classes=0x1, configuration='', keyLayout='/system/usr/keylayout/gpio-keys.kl', keyCharacterMap='/system/usr/keychars/Generic.kcm', builtinKeyboard=false, wakeMechanism=EVIOCSSUSPENDBLOCK, usingClockIoctl=true
01-07 09:41:56.323  1457  1725 E EventHub: could not get driver version for /dev/input/mouse0, Not a typewriter
01-07 09:41:56.327  1457  1457 D BluetoothManagerService: Loading stored name and address
01-07 09:41:56.327  1457  1457 D BluetoothManagerService: Stored bluetooth Name=null,Address=null
01-07 09:41:56.327  1457  1457 D BluetoothService: onStart: publishing BluetoothManagerService
01-07 09:41:56.328  1457  1457 I SystemServer: Input Method Service
01-07 09:41:56.399  1457  1457 W InputMethodManagerService: No IME selected. Choose the most applicable IME.
01-07 09:41:56.400  1457  1457 I InputMethodManagerService: Default found, using com.android.inputmethod.latin/.LatinIME
01-07 09:41:56.401  1457  1457 I SystemServer: Accessibility Manager
01-07 09:41:56.413  1457  1457 I XXXXXX  : choosing minFree values for 32 Bit
01-07 09:41:56.413  1457  1457 I XXXXXX  : choosing minFree values for 32 Bit
