01-07 09:41:56.317  1457  1725 W EventHub: Unable to disable kernel key repeat for /dev/input/event9: Function not implemented
01-07 09:41:56.317  1457  1725 I EventHub: New device: id=2, fd=79, path='/dev/input/event9', name='pm8921_chg_unplug_key', classes=0x1, configuration='', keyLayout='/system/usr/keylayout/Generic.kl', keyCharacterMap='/system/usr/keychars/Generic.kcm', builtinKeyboard=false, wakeMechanism=EVIOCSSUSPENDBLOCK, usingClockIoctl=true
01-07 09:41:56.318  1457  1725 D EventHub: No input device configuration file found for device 'gpio-keys'.
01-07 09:41:56.322  1457  1725 W EventHub: Unable to disable kernel key repeat for /dev/input/event7: Function not implemented
01-07 09:41:56.323  1457  1725 I EventHub: New device: id=3, fd=78, path='/dev/input/event7', name='gpio-keys', classes=0x1, configuration='', keyLayout='/system/usr/keylayout/gpio-keys.kl', keyCharacterMap='/system/usr/keychars/Generic.kcm', builtinKeyboard=false, wakeMechanism=EVIOCSSUSPENDBLOCK, usingClockIoctl=true
01-07 09:41:56.323  1457  1725 E EventHub: could not get driver version for /dev/input/mouse0, Not a typewriter
01-07 09:41:56.327  1457  1457 D BluetoothManagerService: Loading stored name and address
01-07 09:41:56.327  1457  1457 D BluetoothManagerService: Stored bluetooth Name=null,Address=null
01-07 09:41:56.327  1457  1457 D BluetoothService: onStart: publishing BluetoothManagerService
01-07 09:41:56.328  1457  1457 I SystemServer: Input Method Service
01-07 09:41:56.399  1457  1457 W InputMethodManagerService: No IME selected. Choose the most applicable IME.
01-07 09:41:56.400  1457  1457 I InputMethodManagerService: Default found, using com.android.inputmethod.latin/.LatinIME
01-07 09:41:56.401  1457  1457 I SystemServer: Accessibility Manager
01-07 09:41:56.413  1457  1457 I XXXXXX  : choosing minFree values for 32 Bit
01-07 09:41:56.413  1457  1457 I XXXXXX  : choosing minFree values for 32 Bit
01-07 09:41:56.413  1457  1457 I XXXXXX  : choosing minFree values for 32 Bit
01-07 09:41:56.413  1457  1457 I XXXXXX  : choosing minFree values for 32 Bit
01-07 09:41:56.413  1457  1457 I XXXXXX  : choosing minFree values for 32 Bit
01-07 09:41:56.413  1457  1457 I XXXXXX  : choosing minFree values for 32 Bit
01-07 09:41:56.415  1457  1457 I ActivityManager: Config changes=1df8 {1.0 ?mcc?mnc en_US ldltr sw360dp w360dp h640dp 320dpi nrml long port ?uimode ?night -touch -keyb/h/h -nav/h s.2 themeResource=null}
01-07 09:41:56.417  1457  1725 D EventHub: No input device configuration file found for device 'mhl-rcp'.
01-07 09:41:56.421   390  1704 I caladbolg:    1003631 cald_iqctrl.c                    (10905)  1704 I [INF] - Cald_IqCtrl_FSM_Func_AF_StopAf
01-07 09:41:56.421   390  1704 I caladbolg:    1003723 cald_iqctrl.c                    (13957)  1704 I [INF] - Cald_IqCtrl_FSM_Func_StopIqCtrl
01-07 09:41:56.421   390  1679 I caladbolg:    1003845 cald_hal_qct_camera.c             (6056)  1679 P [HAL]    1003815 + Cald_Hal_Qct_If_PowerDown
01-07 09:41:56.421   390  1713 I mm-camera: config_shutdown_pp Camera not in streaming mode. Returning.
01-07 09:41:56.423   390  1713 I mm-camera: vfe_ops_deinit: E
01-07 09:41:56.424  1457  1725 W EventHub: Unable to disable kernel key repeat for /dev/input/event6: Function not implemented
01-07 09:41:56.424  1457  1725 I EventHub: New device: id=4, fd=81, path='/dev/input/event6', name='mhl-rcp', classes=0x9, configuration='', keyLayout='/system/usr/keylayout/Generic.kl', keyCharacterMap='/system/usr/keychars/Generic.kcm', builtinKeyboard=false, wakeMechanism=EVIOCSSUSPENDBLOCK, usingClockIoctl=true
01-07 09:41:56.424  1457  1725 D EventHub: No input device configuration file found for device 'simple_remote_appkey'.
01-07 09:41:56.430  1457  1725 W EventHub: Unable to disable kernel key repeat for /dev/input/event5: Function not implemented
01-07 09:41:56.430  1457  1725 I EventHub: New device: id=5, fd=82, path='/dev/input/event5', name='simple_remote_appkey', classes=0x1, configuration='', keyLayout='/system/usr/keylayout/Generic.kl', keyCharacterMap='/system/usr/keychars/Generic.kcm', builtinKeyboard=false, wakeMechanism=EVIOCSSUSPENDBLOCK, usingClockIoctl=true
01-07 09:41:56.430  1457  1725 D EventHub: No input device configuration file found for device 'simple_remote'.
01-07 09:41:56.435  1457  1725 W EventHub: Unable to disable kernel key repeat for /dev/input/event4: Function not implemented
01-07 09:41:56.435  1457  1725 I EventHub: New device: id=6, fd=83, path='/dev/input/event4', name='simple_remote', classes=0x1, configuration='', keyLayout='/system/usr/keylayout/simple_remote.kl', keyCharacterMap='/system/usr/keychars/Generic.kcm', builtinKeyboard=false, wakeMechanism=EVIOCSSUSPENDBLOCK, usingClockIoctl=true
01-07 09:41:56.444  1457  1457 I ActivityManager: Config changes=500 {1.0 ?mcc?mnc en_US ldltr sw360dp w360dp h568dp 320dpi nrml port ?uimode ?night -touch -keyb/h/h -nav/h s.3 themeResource=null}
01-07 09:41:56.446  1457  1457 I SystemServiceManager: Starting com.android.server.MountService$Lifecycle
01-07 09:41:56.457  1457  1725 D EventHub: No input device configuration file found for device 'bma250'.
01-07 09:41:56.465  1457  1726 D MountService: Thinking about reset, mSystemReady=false, mDaemonConnected=true
01-07 09:41:56.466  1457  1457 I SystemServiceManager: Starting com.android.server.UiModeManagerService
01-07 09:41:56.466  1457  1726 D MountService: Thinking about reset, mSystemReady=false, mDaemonConnected=true
01-07 09:41:56.467  1457  1726 D CryptdConnector: SND -> {1 cryptfs getfield SystemLocale}
01-07 09:41:56.468   191   222 I Ext4Crypt: ext4 crypto complete called on /data
01-07 09:41:56.468   191   222 I Ext4Crypt: No master key, so not ext4enc
01-07 09:41:56.468  1457  1457 I ActivityManager: Config changes=200 {1.0 ?mcc?mnc en_US ldltr sw360dp w360dp h568dp 320dpi nrml port -touch -keyb/h/h -nav/h s.4 themeResource=null}
01-07 09:41:56.468  1457  1728 D CryptdConnector: RCV <- {200 1 -1}
01-07 09:41:56.469  1457  1726 W MountService: No primary storage mounted!
01-07 09:41:56.470  1457  1726 D VoldConnector: SND -> {1 asec list}
01-07 09:41:56.471  1457  1727 D VoldConnector: RCV <- {200 1 asec operation succeeded}
01-07 09:41:56.471  1457  1726 I PackageManager: No secure containers found
01-07 09:41:56.472  1457  1726 W PackageManager: Unknown permission com.google.android.googleapps.permission.GOOGLE_AUTH in package com.android.providers.calendar
01-07 09:41:56.472  1457  1726 W PackageManager: Unknown permission com.google.android.googleapps.permission.GOOGLE_AUTH.cl in package com.android.providers.calendar
01-07 09:41:56.472  1457  1726 W PackageManager: Not granting permission android.permission.REAL_GET_TASKS to package org.cyanogenmod.wallpapers.photophase (protectionLevel=18 flags=0x3818be45)
01-07 09:41:56.472  1457  1726 W PackageManager: Not granting permission android.permission.ACCESS_DOWNLOAD_MANAGER to package com.android.browser (protectionLevel=18 flags=0x3849be45)
01-07 09:41:56.472  1457  1726 W PackageManager: Not granting permission android.permission.SEND_DOWNLOAD_COMPLETED_INTENTS to package com.android.browser (protectionLevel=2 flags=0x3849be45)
01-07 09:41:56.472  1457  1726 W PackageManager: Unknown permission com.cyngn.stats.SEND_ANALYTICS in package com.cyanogenmod.setupwizard
01-07 09:41:56.472  1457  1726 W PackageManager: Unknown permission com.cyanogen.permission.REQUEST_KILL_SWITCH_OP in package com.cyanogenmod.setupwizard
01-07 09:41:56.473  1457  1726 W PackageManager: Unknown permission android.permission.MMS_PUSH in package org.codeaurora.bluetooth
01-07 09:41:56.473  1457  1726 W PackageManager: Unknown permission com.google.android.googleapps.permission.GOOGLE_AUTH.mail in package com.android.calendar
01-07 09:41:56.473  1457  1726 W PackageManager: Unknown permission com.android.launcher.permission.READ_SETTINGS in package com.android.onetimeinitializer
01-07 09:41:56.473  1457  1726 W PackageManager: Unknown permission com.android.launcher.permission.WRITE_SETTINGS in package com.android.onetimeinitializer
01-07 09:41:56.474  1457  1726 W PackageManager: Unknown permission com.android.launcher.permission.READ_SETTINGS in package com.cyanogenmod.trebuchet
01-07 09:41:56.474  1457  1726 W PackageManager: Unknown permission com.android.launcher.permission.WRITE_SETTINGS in package com.cyanogenmod.trebuchet
01-07 09:41:56.474  1457  1726 W PackageManager: Unknown permission com.cyngn.stats.SEND_ANALYTICS in package com.cyanogenmod.trebuchet
01-07 09:41:56.474  1457  1726 W PackageManager: Unknown permission android.permission.CANCEL_NOTIFICATIONS in package org.cyanogenmod.theme.chooser
01-07 09:41:56.474  1457  1726 W PackageManager: Unknown permission com.google.android.permission.INSTALL_WEARABLE_PACKAGES in package com.android.packageinstaller
01-07 09:41:56.474  1457  1726 W PackageManager: Not granting permission android.permission.DELETE_PACKAGES to package com.svox.pico (protectionLevel=18 flags=0x3808be45)
01-07 09:41:56.474  1457  1726 W PackageManager: Unknown permission android.permission.ACCESS_SUPERUSER in package com.cyanogenmod.filemanager
01-07 09:41:56.474  1457  1726 W PackageManager: Unknown permission com.cyanogenmod.filemanager.permissions.READ_THEME in package com.cyanogenmod.filemanager
01-07 09:41:56.474  1457  1726 W PackageManager: Unknown permission com.google.android.gallery3d.permission.PICASA_STORE in package com.android.dreams.phototable
01-07 09:41:56.474  1457  1726 W PackageManager: Unknown permission com.google.android.googleapps.permission.GOOGLE_AUTH in package com.android.settings
01-07 09:41:56.474  1457  1726 W PackageManager: Unknown permission com.android.launcher.permission.READ_SETTINGS in package com.android.settings
01-07 09:41:56.475  1457  1726 W PackageManager: Unknown permission com.android.launcher.permission.WRITE_SETTINGS in package com.android.settings
01-07 09:41:56.475  1457  1726 W PackageManager: Not granting permission android.permission.REAL_GET_TASKS to package com.cyanogenmod.eleven (protectionLevel=18 flags=0x3818be65)
01-07 09:41:56.476  1457  1726 W PackageManager: Unknown permission android.permission.HARDWARE_ABSTRACTION_ACCESS in package com.android.systemui
01-07 09:41:56.476  1457  1726 W PackageManager: Unknown permission com.google.android.gallery3d.permission.GALLERY_PROVIDER in package com.android.bluetooth
01-07 09:41:56.480  1457  1726 W PackageManager: Unknown permission com.google.android.googleapps.permission.ACCESS_GOOGLE_PASSWORD in package com.android.development
01-07 09:41:56.480  1457  1726 W PackageManager: Unknown permission com.google.android.googleapps.permission.GOOGLE_AUTH in package com.android.development
01-07 09:41:56.480  1457  1726 W PackageManager: Unknown permission com.google.android.googleapps.permission.GOOGLE_AUTH.ALL_SERVICES in package com.android.development
01-07 09:41:56.480  1457  1726 W PackageManager: Unknown permission com.google.android.googleapps.permission.GOOGLE_AUTH.YouTubeUser in package com.android.development
01-07 09:41:56.547  1457  1725 D EventHub: No input device configuration file found for device 'compass'.
01-07 09:41:56.602   390  1679 I caladbolg:    1119487 cald_hal_qct_camera.c             (6072)  1679 P [HAL]    1119426 - Cald_Hal_Qct_If_PowerDown
01-07 09:41:56.602   390  1679 I caladbolg:    1119548 cald_iqctrl.c                    (19976)  1679 I [INF] + Cald_IqCtrl_Delete
01-07 09:41:56.606   390  1679 I caladbolg:    1123271 cald_iqctrl.c                    (19985)  1679 I [INF] - Cald_IqCtrl_Delete
01-07 09:41:56.606   390  1679 I caladbolg:    1123363 cald_capctrl.c                   (10401)  1679 I [INF] + Cald_CapCtrl_Delete
01-07 09:41:56.610   390  1679 I caladbolg:    1126842 cald_capctrl.c                   (10409)  1679 I [INF] - Cald_CapCtrl_Delete
01-07 09:41:56.610   390  1679 I caladbolg:    1126903 cald_camctrl.c                    (9158)  1679 I [INF] - Cald_CamCtrl_Func_PowerDown
01-07 09:41:56.611  1457  1469 E ActivityManager: Activity Manager Crash
01-07 09:41:56.611  1457  1469 E ActivityManager: java.lang.NullPointerException: Attempt to invoke virtual method 'java.lang.String java.lang.String.intern()' on a null object reference
01-07 09:41:56.611  1457  1469 E ActivityManager:       at android.content.Intent.readFromParcel(Intent.java:8032)
01-07 09:41:56.611  1457  1469 E ActivityManager:       at android.content.Intent.<init>(Intent.java:8012)
01-07 09:41:56.611  1457  1469 E ActivityManager:       at android.content.Intent$1.createFromParcel(Intent.java:8003)
01-07 09:41:56.611  1457  1469 E ActivityManager:       at android.content.Intent$1.createFromParcel(Intent.java:8002)
01-07 09:41:56.611  1457  1469 E ActivityManager:       at android.app.ActivityManagerNative.onTransact(ActivityManagerNative.java:453)
01-07 09:41:56.611  1457  1469 E ActivityManager:       at com.android.server.am.ActivityManagerService.onTransact(ActivityManagerService.java:2670)
01-07 09:41:56.611  1457  1469 E ActivityManager:       at android.os.Binder.execTransact(Binder.java:453)
01-07 09:41:56.612   390   390 I caladbolg:    1127361 cald_client.c                      (396)   390 I [INF] - Cald_Client_ICamera_ReleaseCamera (0)
01-07 09:41:56.612   390   390 I caladbolg:    1127422 cald_client.c                     (1935)   390 I [INF] Cald_Client_Delete
01-07 09:41:56.612   390   390 I caladbolg:    1127788 cald_server.c                      (923)   390 I [INF] Cald_Server_ICameraServer_Stop
01-07 09:41:56.613   390   390 I caladbolg:    1127849 cald_camctrl.c                   (18032)   390 I [INF] + Cald_CamCtrl_Delete
01-07 09:41:56.614   390   390 I caladbolg:    1129040 cald_hal.c                        (5596)   390 I [INF] + Cald_Hal_Delete
01-07 09:41:56.614   390   390 I caladbolg:    1129192 cald_hal.c                        (5609)   390 I [INF] - Cald_Hal_Delete
01-07 09:41:56.614   390   390 I caladbolg:    1129253 cald_camctrl.c                   (18039)   390 I [INF] - Cald_CamCtrl_Delete
01-07 09:41:56.614   390   390 I caladbolg:    1129284 cald_camctrl.c                   (18032)   390 I [INF] + Cald_CamCtrl_Delete
01-07 09:41:56.617   390   390 I caladbolg:    1132092 cald_hal.c                        (5596)   390 I [INF] + Cald_Hal_Delete
01-07 09:41:56.619   390   390 I caladbolg:    1133557 cald_hal.c                        (5609)   390 I [INF] - Cald_Hal_Delete
01-07 09:41:56.619   390   390 I caladbolg:    1133618 cald_camctrl.c                   (18039)   390 I [INF] - Cald_CamCtrl_Delete
01-07 09:41:56.628  1457  1725 D EventHub: No input device configuration file found for device 'apds9702'.
01-07 09:41:56.707  1457  1725 E EventHub: could not get driver version for /dev/input/mice, Not a typewriter
01-07 09:41:56.724  1457  1457 I SystemServer: LockSettingsService
01-07 09:41:56.727  1457  1457 I SystemServiceManager: Starting com.android.server.DeviceIdleController
01-07 09:41:56.730  1457  1457 I SystemServiceManager: Starting com.android.server.devicepolicy.DevicePolicyManagerService$Lifecycle
01-07 09:41:56.735  1457  1726 W MountService: No primary storage defined yet; hacking together a stub
01-07 09:41:56.735  1457  1457 I SystemServer: Status Bar
01-07 09:41:56.736  1457  1726 W MountService: No primary storage defined yet; hacking together a stub
01-07 09:41:56.737  1457  1726 W MountService: No primary storage mounted!
01-07 09:41:56.737  1457  1726 D VoldConnector: SND -> {2 asec list}
01-07 09:41:56.737  1457  1727 D VoldConnector: RCV <- {200 2 asec operation succeeded}
01-07 09:41:56.740  1457  1457 I SystemServer: Clipboard Service
01-07 09:41:56.742  1457  1457 I SystemServer: NetworkManagement Service
01-07 09:41:56.748  1457  1457 I SystemServer: Text Service Manager Service
01-07 09:41:56.753  1457  1457 I SystemServer: Network Score Service
01-07 09:41:56.757  1457  1457 I SystemServer: NetworkStats Service
01-07 09:41:56.772  1457  1457 I SystemServer: NetworkPolicy Service
01-07 09:41:56.800  1457  1725 I EventHub: New device: id=10, fd=93, path='/dev/input/event8', name='sensor00.f11_sensor0', classes=0x14, configuration='/system/usr/idc/sensor00_f11_sensor0.idc', keyLayout='', keyCharacterMap='', builtinKeyboard=false, wakeMechanism=EVIOCSSUSPENDBLOCK, usingClockIoctl=true
01-07 09:41:56.808  1457  1725 I InputReader: Device added: id=-1, name='Virtual', sources=0x00000301
01-07 09:41:56.809  1457  1725 I InputReader:   Touch device 'sensor00.f11_sensor0' could not query the properties of its associated display.  The device will be inoperable until the display size becomes available.
01-07 09:41:56.809  1457  1725 I InputReader: Device added: id=10, name='sensor00.f11_sensor0', sources=0x00001002
01-07 09:41:56.809  1457  1725 I InputReader: Device added: id=6, name='simple_remote', sources=0x00000101
01-07 09:41:56.809  1457  1725 I InputReader: Device added: id=5, name='simple_remote_appkey', sources=0x00000101
01-07 09:41:56.820  1457  1457 I SystemServiceManager: Starting com.android.server.wifi.p2p.WifiP2pService
01-07 09:41:56.827  1457  1725 I InputReader: Device added: id=4, name='mhl-rcp', sources=0x00002103
01-07 09:41:56.828  1457  1725 I InputReader: Device added: id=3, name='gpio-keys', sources=0x00000101
01-07 09:41:56.828  1457  1725 I InputReader: Device added: id=2, name='pm8921_chg_unplug_key', sources=0x00000101
01-07 09:41:56.828  1457  1725 I InputReader: Device added: id=1, name='pmic8xxx_pwrkey', sources=0x00000101
01-07 09:41:56.829  1457  1724 I ActivityManager: Config changes=8 {1.0 ?mcc?mnc en_US ldltr sw360dp w360dp h568dp 320dpi nrml port finger -keyb/h/h -nav/h s.5 themeResource=null}
01-07 09:41:56.830  1457  1725 I InputReader: Reconfiguring input devices.  changes=0x00000004
01-07 09:41:56.830  1457  1725 I InputReader: Device reconfigured: id=10, name='sensor00.f11_sensor0', size 720x1280, orientation 0, mode 1, display id 0
01-07 09:41:56.901  1457  1457 I WifiP2pService: Registering wifip2p
01-07 09:41:56.902  1457  1457 I SystemServiceManager: Starting com.android.server.wifi.WifiService
01-07 09:41:56.984  1457  1468 E Parcel  : Reading a NULL string not supported here.
01-07 09:41:56.984  1457  1469 E Parcel  : Reading a NULL string not supported here.
01-07 09:41:56.985  1457  1469 D DASH    : device/sony/blue-common/sensors/sensors_wrapper.c(227): sensors_wrapper_activate: lock
01-07 09:41:56.988  1457  1472 E KernelUidCpuTimeReader: Failed to read uid_cputime: /proc/uid_cputime/show_uid_stat: open failed: ENOENT (No such file or directory)
01-07 09:41:56.997  1457  1469 D DASH    : device/sony/blue-common/sensors/sensors_wrapper.c(253): sensors_wrapper_activate: unlock
01-07 09:41:56.997  1457  1469 D DASH    : device/sony/blue-common/sensors/sensors_wrapper.c(269): sensors_wrapper_set_delay: lock
01-07 09:41:56.997  1457  1469 D DASH    : device/sony/blue-common/sensors/sensors_wrapper.c(281): sensors_wrapper_set_delay: unlock
01-07 09:41:56.997  1457  1469 D DASH    : device/sony/blue-common/sensors/sensors_wrapper.c(269): sensors_wrapper_set_delay: lock
01-07 09:41:56.998  1457  1469 D DASH    : device/sony/blue-common/sensors/sensors_wrapper.c(281): sensors_wrapper_set_delay: unlock
01-07 09:41:56.998  1457  1468 D DASH    : device/sony/blue-common/sensors/sensors_wrapper.c(269): sensors_wrapper_set_delay: lock
01-07 09:41:56.998  1457  1468 D DASH    : device/sony/blue-common/sensors/sensors_wrapper.c(281): sensors_wrapper_set_delay: unlock
01-07 09:41:57.122  1457  1457 D HS20    : Passpoint is disabled
01-07 09:41:57.141  1457  1457 D WifiController: isAirplaneModeOn = false, isWifiEnabled = false, isScanningAvailable = false
01-07 09:41:57.143  1457  1457 I WifiService: Registering wifi
01-07 09:41:57.144  1457  1457 I SystemServiceManager: Starting com.android.server.wifi.WifiScanningService
01-07 09:41:57.145  1457  1457 I WifiScanningService: Creating wifiscanner
01-07 09:41:57.145  1457  1457 I WifiScanningService: Starting wifiscanner
01-07 09:41:57.146  1457  1457 I SystemServiceManager: Starting com.android.server.wifi.RttService
01-07 09:41:57.146  1457  1457 I RttService: Creating rttmanager
01-07 09:41:57.147  1457  1457 I RttService: Starting rttmanager
01-07 09:41:57.149  1457  1457 I SystemServiceManager: Starting com.android.server.ethernet.EthernetService
01-07 09:41:57.152  1457  1457 I EthernetServiceImpl: Creating EthernetConfigStore
01-07 09:41:57.154  1457  1457 E IpConfigStore: Error parsing configuration: java.io.FileNotFoundException: /data/misc/ethernet/ipconfig.txt: open failed: ENOENT (No such file or directory)
01-07 09:41:57.154  1457  1457 W EthernetConfigStore: No Ethernet configuration found. Using default.
01-07 09:41:57.154  1457  1457 I EthernetServiceImpl: Read stored IP configuration: IP assignment: DHCP
01-07 09:41:57.154  1457  1457 I EthernetServiceImpl: Proxy settings: NONE
01-07 09:41:57.155  1457  1457 I EthernetService: Registering service ethernet
01-07 09:41:57.155  1457  1457 I SystemServer: Connectivity Service
01-07 09:41:57.161  1457  1457 D ConnectivityService: ConnectivityService starting up
01-07 09:41:57.168  1457  1457 D ConnectivityService: wifiOnly=false
01-07 09:41:57.168  1457  1457 E ConnectivityService: Ignoring protectedNetwork 14
01-07 09:41:57.168  1457  1457 E ConnectivityService: Ignoring protectedNetwork 15
01-07 09:41:57.177  1457  1457 I SystemServer: Network Service Discovery Service
01-07 09:41:57.180  1457  1457 D NsdService: Network service discovery enabled true
01-07 09:41:57.182  1457  1457 I SystemServer: UpdateLock Service
01-07 09:41:57.184  1457  1457 I SystemServiceManager: Starting com.android.server.notification.NotificationManagerService
01-07 09:41:57.219  1457  1457 I ZenModeConfig: Migrating existing shared 'from': stars
01-07 09:41:57.241  1457  1457 I SystemServiceManager: Starting com.android.server.storage.DeviceStorageMonitorService
01-07 09:41:57.244  1457  1457 I SystemServer: Location Manager
01-07 09:41:57.250  1457  1457 I SystemServer: Country Detector
01-07 09:41:57.254  1457  1457 I SystemServer: Search Service
01-07 09:41:57.256  1457  1457 I SystemServer: DropBox Service
01-07 09:41:57.258  1457  1457 I SystemServer: Wallpaper Service
01-07 09:41:57.263  1457  1457 W WallpaperManagerService: no current wallpaper -- first boot?
01-07 09:41:57.264  1457  1457 W WallpaperManagerService: no current wallpaper -- first boot?
01-07 09:41:57.264  1457  1457 I SystemServer: Audio Service
01-07 09:41:57.282  1457  1745 I ServiceManager: Waiting for service media.audio_policy...
01-07 09:41:57.283  1457  1457 W TelecomManager: Telecom Service not found.
01-07 09:41:57.332  1457  1734 D WifiHW  : Unable to unload driver module "wlan": No such file or directory
01-07 09:41:57.333  1457  1734 D WifiApConfigStore: 2G band allowed channels are:1,6,11
01-07 09:41:58.182  1747  1747 F libc    : page record for 0xb6f9000c was not found (block_size=64)
01-07 09:41:58.202  1746  1746 F libc    : page record for 0xb6f1a00c was not found (block_size=64)
01-07 09:41:58.282  1457  1745 I ServiceManager: Waiting for service media.audio_policy...
01-07 09:41:59.226  1756  1756 F libc    : page record for 0xb6e9e00c was not found (block_size=64)
01-07 09:41:59.232  1755  1755 F libc    : page record for 0xb6f6000c was not found (block_size=64)
01-07 09:41:59.243  1757  1757 F libc    : page record for 0xb6ec700c was not found (block_size=64)
01-07 09:41:59.283  1457  1745 I ServiceManager: Waiting for service media.audio_policy...
01-07 09:42:00.284  1457  1745 I ServiceManager: Waiting for service media.audio_policy...
01-07 09:42:01.284  1457  1745 I ServiceManager: Waiting for service media.audio_policy...
01-07 09:42:02.284  1457  1745 W AudioSystem: AudioPolicyService not published, waiting...
01-07 09:42:02.785  1457  1745 I ServiceManager: Waiting for service media.audio_policy...
01-07 09:42:03.263  1777  1777 F libc    : page record for 0xb6f4700c was not found (block_size=64)
01-07 09:42:03.269  1776  1776 F libc    : page record for 0xb6e6600c was not found (block_size=64)
01-07 09:42:03.785  1457  1745 I ServiceManager: Waiting for service media.audio_policy...
01-07 09:42:04.293  1787  1787 F libc    : page record for 0xb6f5200c was not found (block_size=64)
01-07 09:42:04.306  1785  1785 F libc    : page record for 0xb6ed200c was not found (block_size=64)
01-07 09:42:04.318  1786  1786 F libc    : page record for 0xb6f4a00c was not found (block_size=64)
01-07 09:42:04.785  1457  1745 I ServiceManager: Waiting for service media.audio_policy...
01-07 09:42:05.786  1457  1745 I ServiceManager: Waiting for service media.audio_policy...
01-07 09:42:06.786  1457  1745 I ServiceManager: Waiting for service media.audio_policy...
01-07 09:42:07.786  1457  1745 W AudioSystem: AudioPolicyService not published, waiting...
01-07 09:42:08.286  1457  1745 I ServiceManager: Waiting for service media.audio_policy...
01-07 09:42:08.348  1806  1806 F libc    : page record for 0xb6f1600c was not found (block_size=64)
01-07 09:42:08.348  1807  1807 F libc    : page record for 0xb6f9900c was not found (block_size=64)
01-07 09:42:09.287  1457  1745 I ServiceManager: Waiting for service media.audio_policy...
01-07 09:42:09.381  1816  1816 F libc    : page record for 0xb6f7100c was not found (block_size=64)
01-07 09:42:09.390  1815  1815 F libc    : page record for 0xb6eb700c was not found (block_size=64)
01-07 09:42:09.395  1817  1817 F libc    : page record for 0xb6e9200c was not found (block_size=64)
01-07 09:42:10.287  1457  1745 I ServiceManager: Waiting for service media.audio_policy...
01-07 09:42:11.287  1457  1745 I ServiceManager: Waiting for service media.audio_policy...
01-07 09:42:12.287  1457  1745 I ServiceManager: Waiting for service media.audio_policy...
01-07 09:42:13.288  1457  1745 W AudioSystem: AudioPolicyService not published, waiting...
01-07 09:42:13.421  1837  1837 F libc    : page record for 0xb6f9200c was not found (block_size=64)
01-07 09:42:13.429  1836  1836 F libc    : page record for 0xb6efa00c was not found (block_size=64)
01-07 09:42:13.788  1457  1745 I ServiceManager: Waiting for service media.audio_policy...
01-07 09:42:14.440  1847  1847 F libc    : page record for 0xb6f7c00c was not found (block_size=64)
01-07 09:42:14.440  1845  1845 F libc    : page record for 0xb6eb800c was not found (block_size=64)
01-07 09:42:14.445  1846  1846 F libc    : page record for 0xb6ee700c was not found (block_size=64)
01-07 09:42:14.789  1457  1745 I ServiceManager: Waiting for service media.audio_policy...
01-07 09:42:15.790  1457  1745 I ServiceManager: Waiting for service media.audio_policy...
01-07 09:42:16.790  1457  1745 I ServiceManager: Waiting for service media.audio_policy...
01-07 09:42:17.791  1457  1745 I ServiceManager: Waiting for service media.audio_policy...
01-07 09:42:18.477  1866  1866 F libc    : page record for 0xb6eb500c was not found (block_size=64)
01-07 09:42:18.484  1867  1867 F libc    : page record for 0xb6fa300c was not found (block_size=64)
01-07 09:42:18.791  1457  1745 W AudioSystem: AudioPolicyService not published, waiting...
01-07 09:42:19.292  1457  1745 I ServiceManager: Waiting for service media.audio_policy...
01-07 09:42:19.512  1877  1877 F libc    : page record for 0xb6e9500c was not found (block_size=64)
01-07 09:42:19.526  1876  1876 F libc    : page record for 0xb6f6a00c was not found (block_size=64)
01-07 09:42:19.531  1875  1875 F libc    : page record for 0xb6f9800c was not found (block_size=64)
01-07 09:42:20.292  1457  1745 I ServiceManager: Waiting for service media.audio_policy...
01-07 09:42:21.293  1457  1745 I ServiceManager: Waiting for service media.audio_policy...
01-07 09:42:22.293  1457  1745 I ServiceManager: Waiting for service media.audio_policy...
01-07 09:42:23.294  1457  1745 I ServiceManager: Waiting for service media.audio_policy...
01-07 09:42:23.544  1896  1896 F libc    : page record for 0xb6ed200c was not found (block_size=64)
01-07 09:42:23.553  1899  1899 F libc    : page record for 0xb6f7800c was not found (block_size=64)
01-07 09:42:24.294  1457  1745 W AudioSystem: AudioPolicyService not published, waiting...
01-07 09:42:24.563  1906  1906 F libc    : page record for 0xb6f3d00c was not found (block_size=64)
01-07 09:42:24.566  1905  1905 F libc    : page record for 0xb6f2f00c was not found (block_size=64)
01-07 09:42:24.571  1907  1907 F libc    : page record for 0xb6ef300c was not found (block_size=64)
01-07 09:42:24.794  1457  1745 I ServiceManager: Waiting for service media.audio_policy...
01-07 09:42:25.795  1457  1745 I ServiceManager: Waiting for service media.audio_policy...
01-07 09:42:26.795  1457  1745 I ServiceManager: Waiting for service media.audio_policy...
01-07 09:42:27.796  1457  1745 I ServiceManager: Waiting for service media.audio_policy...
01-07 09:42:28.584  1923  1923 F libc    : page record for 0xb6f2d00c was not found (block_size=64)
01-07 09:42:28.588  1924  1924 F libc    : page record for 0xb6fa000c was not found (block_size=64)
01-07 09:42:28.796  1457  1745 I ServiceManager: Waiting for service media.audio_policy...
01-07 09:42:29.593  1932  1932 F libc    : page record for 0xb6f0000c was not found (block_size=64)
01-07 09:42:29.599  1935  1935 F libc    : page record for 0xb6f6700c was not found (block_size=64)
01-07 09:42:29.603  1937  1937 F libc    : page record for 0xb6f7400c was not found (block_size=64)
01-07 09:42:29.796  1457  1745 W AudioSystem: AudioPolicyService not published, waiting...
01-07 09:42:30.296  1457  1745 I ServiceManager: Waiting for service media.audio_policy...
01-07 09:42:31.297  1457  1745 I ServiceManager: Waiting for service media.audio_policy...
01-07 09:42:32.297  1457  1745 I ServiceManager: Waiting for service media.audio_policy...
01-07 09:42:33.298  1457  1745 I ServiceManager: Waiting for service media.audio_policy...
01-07 09:42:33.614  1954  1954 F libc    : page record for 0xb6ed700c was not found (block_size=64)
01-07 09:42:33.627  1957  1957 F libc    : page record for 0xb6f1f00c was not found (block_size=64)
01-07 09:42:34.298  1457  1745 I ServiceManager: Waiting for service media.audio_policy...
01-07 09:42:34.639  1964  1964 F libc    : page record for 0xb6ede00c was not found (block_size=64)
01-07 09:42:34.650  1965  1965 F libc    : page record for 0xb6eb100c was not found (block_size=64)
01-07 09:42:34.655  1966  1966 F libc    : page record for 0xb6ea000c was not found (block_size=64)
01-07 09:42:35.299  1457  1745 W AudioSystem: AudioPolicyService not published, waiting...
01-07 09:42:35.799  1457  1745 I ServiceManager: Waiting for service media.audio_policy...
01-07 09:42:36.799  1457  1745 I ServiceManager: Waiting for service media.audio_policy...
01-07 09:42:37.800  1457  1745 I ServiceManager: Waiting for service media.audio_policy...
01-07 09:42:38.673  1985  1985 F libc    : page record for 0xb6e9300c was not found (block_size=64)
01-07 09:42:38.678  1986  1986 F libc    : page record for 0xb6f3d00c was not found (block_size=64)
01-07 09:42:38.800  1457  1745 I ServiceManager: Waiting for service media.audio_policy...
01-07 09:42:39.686  1994  1994 F libc    : page record for 0xb6f3400c was not found (block_size=64)
01-07 09:42:39.704  1997  1997 F libc    : page record for 0xb6f6500c was not found (block_size=64)
01-07 09:42:39.714  1999  1999 F libc    : page record for 0xb6f8c00c was not found (block_size=64)
01-07 09:42:39.800  1457  1745 I ServiceManager: Waiting for service media.audio_policy...
01-07 09:42:40.800  1457  1745 W AudioSystem: AudioPolicyService not published, waiting...
01-07 09:42:41.300  1457  1745 I ServiceManager: Waiting for service media.audio_policy...
01-07 09:42:42.301  1457  1745 I ServiceManager: Waiting for service media.audio_policy...
01-07 09:42:43.301  1457  1745 I ServiceManager: Waiting for service media.audio_policy...
01-07 09:42:43.725  2140  2140 F libc    : page record for 0xb6f0200c was not found (block_size=64)
01-07 09:42:43.738  2141  2141 F libc    : page record for 0xb6f7d00c was not found (block_size=64)
01-07 09:42:44.302  1457  1745 I ServiceManager: Waiting for service media.audio_policy...
01-07 09:42:44.744  2149  2149 F libc    : page record for 0xb6f1b00c was not found (block_size=64)
01-07 09:42:44.763  2152  2152 F libc    : page record for 0xb6ea300c was not found (block_size=64)
01-07 09:42:44.769  2153  2153 F libc    : page record for 0xb6eb500c was not found (block_size=64)
01-07 09:42:45.302  1457  1745 I ServiceManager: Waiting for service media.audio_policy...
01-07 09:42:46.302  1457  1745 W AudioSystem: AudioPolicyService not published, waiting...
01-07 09:42:46.803  1457  1745 I ServiceManager: Waiting for service media.audio_policy...
01-07 09:42:47.803  1457  1745 I ServiceManager: Waiting for service media.audio_policy...
01-07 09:42:48.787  2171  2171 F libc    : page record for 0xb6eec00c was not found (block_size=64)
01-07 09:42:48.803  1457  1745 I ServiceManager: Waiting for service media.audio_policy...
01-07 09:42:48.811  2178  2178 F libc    : page record for 0xb6eb000c was not found (block_size=64)
01-07 09:42:48.812  2170  2170 F libc    : page record for 0xb6eb100c was not found (block_size=64)
01-07 09:42:48.817  2176  2176 F libc    : page record for 0xb6f6800c was not found (block_size=64)
01-07 09:42:48.826  2177  2177 F libc    : page record for 0xb6f7200c was not found (block_size=64)
01-07 09:42:49.804  1457  1745 I ServiceManager: Waiting for service media.audio_policy...
01-07 09:42:50.804  1457  1745 I ServiceManager: Waiting for service media.audio_policy...
01-07 09:42:51.804  1457  1745 W AudioSystem: AudioPolicyService not published, waiting...
01-07 09:42:52.305  1457  1745 I ServiceManager: Waiting for service media.audio_policy...
01-07 09:42:52.840  2198  2198 F libc    : page record for 0xb6f0900c was not found (block_size=64)
01-07 09:42:52.845  2199  2199 F libc    : page record for 0xb6edc00c was not found (block_size=64)
01-07 09:42:53.305  1457  1745 I ServiceManager: Waiting for service media.audio_policy...
01-07 09:42:53.855  2207  2207 F libc    : page record for 0xb6f8800c was not found (block_size=64)
01-07 09:42:53.858  2209  2209 F libc    : page record for 0xb6ed200c was not found (block_size=64)
01-07 09:42:53.874  2208  2208 F libc    : page record for 0xb6efe00c was not found (block_size=64)
01-07 09:42:54.305  1457  1745 I ServiceManager: Waiting for service media.audio_policy...
01-07 09:42:55.305  1457  1745 I ServiceManager: Waiting for service media.audio_policy...
01-07 09:42:56.306  1457  1745 I ServiceManager: Waiting for service media.audio_policy...
01-07 09:42:57.306  1457  1745 W AudioSystem: AudioPolicyService not published, waiting...
01-07 09:42:57.807  1457  1745 I ServiceManager: Waiting for service media.audio_policy...
01-07 09:42:57.906  2229  2229 F libc    : page record for 0xb6f7000c was not found (block_size=64)
01-07 09:42:57.920  2228  2228 F libc    : page record for 0xb6e4400c was not found (block_size=64)
01-07 09:42:58.807  1457  1745 I ServiceManager: Waiting for service media.audio_policy...
01-07 09:42:58.941  2237  2237 F libc    : page record for 0xb6f5900c was not found (block_size=64)
01-07 09:42:58.964  2239  2239 F libc    : page record for 0xb6f8e00c was not found (block_size=64)
01-07 09:42:58.970  2238  2238 F libc    : page record for 0xb6f7000c was not found (block_size=64)
01-07 09:42:59.807  1457  1745 I ServiceManager: Waiting for service media.audio_policy...
01-07 09:43:00.808  1457  1745 I ServiceManager: Waiting for service media.audio_policy...
01-07 09:43:01.808  1457  1745 I ServiceManager: Waiting for service media.audio_policy...
01-07 09:43:02.808  1457  1745 W AudioSystem: AudioPolicyService not published, waiting...
01-07 09:43:02.999  2255  2255 F libc    : page record for 0xb6f3300c was not found (block_size=64)
01-07 09:43:03.002  2256  2256 F libc    : page record for 0xb6f7300c was not found (block_size=64)
01-07 09:43:03.309  1457  1745 I ServiceManager: Waiting for service media.audio_policy...
01-07 09:43:04.013  2265  2265 F libc    : page record for 0xb6f0f00c was not found (block_size=64)
01-07 09:43:04.016  2264  2264 F libc    : page record for 0xb6ea400c was not found (block_size=64)
01-07 09:43:04.020  2267  2267 F libc    : page record for 0xb6f8800c was not found (block_size=64)
01-07 09:43:04.309  1457  1745 I ServiceManager: Waiting for service media.audio_policy...
01-07 09:43:05.310  1457  1745 I ServiceManager: Waiting for service media.audio_policy...
01-07 09:43:06.310  1457  1745 I ServiceManager: Waiting for service media.audio_policy...
01-07 09:43:07.310  1457  1745 I ServiceManager: Waiting for service media.audio_policy...
01-07 09:43:08.052  2285  2285 F libc    : page record for 0xb6f2f00c was not found (block_size=64)
01-07 09:43:08.058  2286  2286 F libc    : page record for 0xb6f0800c was not found (block_size=64)
01-07 09:43:08.310  1457  1745 W AudioSystem: AudioPolicyService not published, waiting...
01-07 09:43:08.811  1457  1745 I ServiceManager: Waiting for service media.audio_policy...
01-07 09:43:09.066  2294  2294 F libc    : page record for 0xb6f3c00c was not found (block_size=64)
01-07 09:43:09.071  2296  2296 F libc    : page record for 0xb6ee700c was not found (block_size=64)
01-07 09:43:09.075  2300  2300 F libc    : page record for 0xb6f4c00c was not found (block_size=64)
01-07 09:43:09.811  1457  1745 I ServiceManager: Waiting for service media.audio_policy...
01-07 09:43:10.811  1457  1745 I ServiceManager: Waiting for service media.audio_policy...
01-07 09:43:11.811  1457  1745 I ServiceManager: Waiting for service media.audio_policy...
01-07 09:43:12.812  1457  1745 I ServiceManager: Waiting for service media.audio_policy...
01-07 09:43:13.096  2316  2316 F libc    : page record for 0xb6f3a00c was not found (block_size=64)
01-07 09:43:13.108  2315  2315 F libc    : page record for 0xb6e5800c was not found (block_size=64)
01-07 09:43:13.812  1457  1745 W AudioSystem: AudioPolicyService not published, waiting...
01-07 09:43:14.119  2324  2324 F libc    : page record for 0xb6ef600c was not found (block_size=64)
01-07 09:43:14.124  2327  2327 F libc    : page record for 0xb6f4a00c was not found (block_size=64)
01-07 09:43:14.137  2325  2325 F libc    : page record for 0xb6f0900c was not found (block_size=64)
01-07 09:43:14.312  1457  1745 I ServiceManager: Waiting for service media.audio_policy...
01-07 09:43:15.312  1457  1745 I ServiceManager: Waiting for service media.audio_policy...
01-07 09:43:16.313  1457  1745 I ServiceManager: Waiting for service media.audio_policy...
01-07 09:43:16.627  1457  1724 I InputDispatcher: Dropped event because input dispatch is disabled.
01-07 09:43:17.313  1457  1745 I ServiceManager: Waiting for service media.audio_policy...
01-07 09:43:18.163  2346  2346 F libc    : page record for 0xb6eda00c was not found (block_size=64)
01-07 09:43:18.170  2345  2345 F libc    : page record for 0xb6e6200c was not found (block_size=64)
01-07 09:43:18.313  1457  1745 I ServiceManager: Waiting for service media.audio_policy...
01-07 09:43:18.844   345   345 I rmt_storage: rmt_storage_rw_iovec_cb: /boot/modem_fs2: clnt_h=0x2: req_h=0x8 msg_id=3: R/W request received
01-07 09:43:18.844   345   345 I rmt_storage: wakelock acquired: 1, error no: 42
01-07 09:43:18.844   345  1077 I rmt_storage: rmt_storage_client_thread: /boot/modem_fs2: clnt_h=0x2 Unblock worker thread (th_id: -1228818128)
01-07 09:43:19.149   345  1077 I rmt_storage: rmt_storage_client_thread: /boot/modem_fs2: clnt_h=0x2: req_h=0x8 msg_id=3: Bytes written = 3145216
01-07 09:43:19.155   345  1077 I rmt_storage: rmt_storage_client_thread: /boot/modem_fs2: clnt_h=0x2: req_h=0x8 msg_id=3: Bytes written = 512
01-07 09:43:19.155   345  1077 I rmt_storage: rmt_storage_client_thread: /boot/modem_fs2: clnt_h=0x2: req_h=0x8 msg_id=3: Send response: res=0 err=0
01-07 09:43:19.155   345  1077 I rmt_storage: rmt_storage_client_thread: /boot/modem_fs2: clnt_h=0x2 About to block rmt_storage client thread (th_id: -1228818128) wakelock released: 1, error no: 22
01-07 09:43:19.155   345  1077 I rmt_storage:
01-07 09:43:19.180  2355  2355 F libc    : page record for 0xb6f5a00c was not found (block_size=64)
01-07 09:43:19.183  2354  2354 F libc    : page record for 0xb6f8500c was not found (block_size=64)
01-07 09:43:19.189  2356  2356 F libc    : page record for 0xb6f2200c was not found (block_size=64)
01-07 09:43:19.314  1457  1745 W AudioSystem: AudioPolicyService not published, waiting...
01-07 09:43:19.814  1457  1745 I ServiceManager: Waiting for service media.audio_policy...
01-07 09:43:20.814  1457  1745 I ServiceManager: Waiting for service media.audio_policy...
01-07 09:43:21.815  1457  1745 I ServiceManager: Waiting for service media.audio_policy...
01-07 09:43:22.815  1457  1745 I ServiceManager: Waiting for service media.audio_policy...
01-07 09:43:23.216  2375  2375 F libc    : page record for 0xb6ea500c was not found (block_size=64)
01-07 09:43:23.220  2377  2377 F libc    : page record for 0xb6eab00c was not found (block_size=64)
01-07 09:43:23.816  1457  1745 I ServiceManager: Waiting for service media.audio_policy...
01-07 09:43:24.246  2386  2386 F libc    : page record for 0xb6eaa00c was not found (block_size=64)
01-07 09:43:24.256  2384  2384 F libc    : page record for 0xb6f1200c was not found (block_size=64)
01-07 09:43:24.260  2385  2385 F libc    : page record for 0xb6f2400c was not found (block_size=64)
01-07 09:43:24.816  1457  1745 W AudioSystem: AudioPolicyService not published, waiting...
01-07 09:43:25.316  1457  1745 I ServiceManager: Waiting for service media.audio_policy...
01-07 09:43:26.317  1457  1745 I ServiceManager: Waiting for service media.audio_policy...
01-07 09:43:27.317  1457  1745 I ServiceManager: Waiting for service media.audio_policy...
01-07 09:43:28.291  2405  2405 F libc    : page record for 0xb6f2200c was not found (block_size=64)
01-07 09:43:28.298  2406  2406 F libc    : page record for 0xb6fa300c was not found (block_size=64)
01-07 09:43:28.317  1457  1745 I ServiceManager: Waiting for service media.audio_policy...
01-07 09:43:29.312  2414  2414 F libc    : page record for 0xb6ee100c was not found (block_size=64)
01-07 09:43:29.318  1457  1745 I ServiceManager: Waiting for service media.audio_policy...
01-07 09:43:29.321  2416  2416 F libc    : page record for 0xb6ebe00c was not found (block_size=64)
01-07 09:43:29.338  2415  2415 F libc    : page record for 0xb6eb100c was not found (block_size=64)
01-07 09:43:30.318  1457  1745 W AudioSystem: AudioPolicyService not published, waiting...
01-07 09:43:30.818  1457  1745 I ServiceManager: Waiting for service media.audio_policy...
01-07 09:43:31.819  1457  1745 I ServiceManager: Waiting for service media.audio_policy...
01-07 09:43:32.819  1457  1745 I ServiceManager: Waiting for service media.audio_policy...
01-07 09:43:33.352  2435  2435 F libc    : page record for 0xb6f2200c was not found (block_size=64)
01-07 09:43:33.362  2436  2436 F libc    : page record for 0xb6eee00c was not found (block_size=64)
01-07 09:43:33.820  1457  1745 I ServiceManager: Waiting for service media.audio_policy...
01-07 09:43:33.932  1457  1476 D BluetoothManagerService: Message: 20
01-07 09:43:33.932  1457  1476 D BluetoothManagerService: Added callback: android.bluetooth.BluetoothAdapter$1@26aaf88:true
01-07 09:43:33.983  1457  1474 E KernelUidCpuTimeReader: Failed to read uid_cputime: /proc/uid_cputime/show_uid_stat: open failed: ENOENT (No such file or directory)
01-07 09:43:34.375  2445  2445 F libc    : page record for 0xb6eca00c was not found (block_size=64)
01-07 09:43:34.382  2447  2447 F libc    : page record for 0xb6f5c00c was not found (block_size=64)
01-07 09:43:34.394  2446  2446 F libc    : page record for 0xb6ef700c was not found (block_size=64)
01-07 09:43:34.820  1457  1745 I ServiceManager: Waiting for service media.audio_policy...
01-07 09:43:35.820  1457  1745 W AudioSystem: AudioPolicyService not published, waiting...
01-07 09:43:36.322  1457  1745 I ServiceManager: Waiting for service media.audio_policy...
01-07 09:43:37.322  1457  1745 I ServiceManager: Waiting for service media.audio_policy...
01-07 09:43:38.323  1457  1745 I ServiceManager: Waiting for service media.audio_policy...
01-07 09:43:38.407  2465  2465 F libc    : page record for 0xb6f1200c was not found (block_size=64)
01-07 09:43:38.435  2464  2464 F libc    : page record for 0xb6f3c00c was not found (block_size=64)
01-07 09:43:39.323  1457  1745 I ServiceManager: Waiting for service media.audio_policy...
01-07 09:43:39.440  2472  2472 F libc    : page record for 0xb6f2f00c was not found (block_size=64)
01-07 09:43:39.461  2476  2476 F libc    : page record for 0xb6f0900c was not found (block_size=64)
01-07 09:43:39.470  2479  2479 F libc    : page record for 0xb6ede00c was not found (block_size=64)
01-07 09:43:40.324  1457  1745 I ServiceManager: Waiting for service media.audio_policy...
01-07 09:43:41.324  1457  1745 W AudioSystem: AudioPolicyService not published, waiting...
01-07 09:43:41.825  1457  1745 I ServiceManager: Waiting for service media.audio_policy...
01-07 09:43:42.826  1457  1745 I ServiceManager: Waiting for service media.audio_policy...
01-07 09:43:43.512  2495  2495 F libc    : page record for 0xb6f4700c was not found (block_size=64)
01-07 09:43:43.523  2494  2494 F libc    : page record for 0xb6e7c00c was not found (block_size=64)
01-07 09:43:43.826  1457  1745 I ServiceManager: Waiting for service media.audio_policy...
01-07 09:43:44.535  2503  2503 F libc    : page record for 0xb6ea600c was not found (block_size=64)
01-07 09:43:44.551  2507  2507 F libc    : page record for 0xb6f0700c was not found (block_size=64)
01-07 09:43:44.565  2506  2506 F libc    : page record for 0xb6f6700c was not found (block_size=64)
01-07 09:43:44.826  1457  1745 I ServiceManager: Waiting for service media.audio_policy...
01-07 09:43:45.827  1457  1745 I ServiceManager: Waiting for service media.audio_policy...
01-07 09:43:46.827  1457  1745 W AudioSystem: AudioPolicyService not published, waiting...
01-07 09:43:47.328  1457  1745 I ServiceManager: Waiting for service media.audio_policy...
01-07 09:43:48.328  1457  1745 I ServiceManager: Waiting for service media.audio_policy...
01-07 09:43:48.577  2524  2524 F libc    : page record for 0xb6e6900c was not found (block_size=64)
01-07 09:43:48.582  2527  2527 F libc    : page record for 0xb6f8100c was not found (block_size=64)
01-07 09:43:49.328  1457  1745 I ServiceManager: Waiting for service media.audio_policy...
01-07 09:43:49.588  2533  2533 F libc    : page record for 0xb6f3b00c was not found (block_size=64)
01-07 09:43:49.606  2536  2536 F libc    : page record for 0xb6f2500c was not found (block_size=64)
01-07 09:43:49.607  2537  2537 F libc    : page record for 0xb6eb900c was not found (block_size=64)
01-07 09:43:50.329  1457  1745 I ServiceManager: Waiting for service media.audio_policy...
01-07 09:43:51.329  1457  1745 I ServiceManager: Waiting for service media.audio_policy...
01-07 09:43:52.329  1457  1745 W AudioSystem: AudioPolicyService not published, waiting...
01-07 09:43:52.830  1457  1745 I ServiceManager: Waiting for service media.audio_policy...
01-07 09:43:53.636  2554  2554 F libc    : page record for 0xb6ee400c was not found (block_size=64)
01-07 09:43:53.647  2555  2555 F libc    : page record for 0xb6f4400c was not found (block_size=64)
01-07 09:43:53.831  1457  1745 I ServiceManager: Waiting for service media.audio_policy...
01-07 09:43:54.671  2563  2563 F libc    : page record for 0xb6f9900c was not found (block_size=64)
01-07 09:43:54.674  2564  2564 F libc    : page record for 0xb6ef300c was not found (block_size=64)
01-07 09:43:54.682  2565  2565 F libc    : page record for 0xb6f4700c was not found (block_size=64)
01-07 09:43:54.831  1457  1745 I ServiceManager: Waiting for service media.audio_policy...
01-07 09:43:55.831  1457  1745 I ServiceManager: Waiting for service media.audio_policy...
01-07 09:43:56.831  1457  1745 I ServiceManager: Waiting for service media.audio_policy...
01-07 09:43:57.832  1457  1745 W AudioSystem: AudioPolicyService not published, waiting...
01-07 09:43:58.332  1457  1745 I ServiceManager: Waiting for service media.audio_policy...
01-07 09:43:58.695  2584  2584 F libc    : page record for 0xb6f1900c was not found (block_size=64)
01-07 09:43:58.699  2585  2585 F libc    : page record for 0xb6f5a00c was not found (block_size=64)
01-07 09:43:59.332  1457  1745 I ServiceManager: Waiting for service media.audio_policy...
01-07 09:43:59.722  2595  2595 F libc    : page record for 0xb6ee800c was not found (block_size=64)
01-07 09:43:59.729  2593  2593 F libc    : page record for 0xb6f1400c was not found (block_size=64)
01-07 09:43:59.740  2594  2594 F libc    : page record for 0xb6ed400c was not found (block_size=64)
01-07 09:44:00.333  1457  1745 I ServiceManager: Waiting for service media.audio_policy...
01-07 09:44:01.333  1457  1745 I ServiceManager: Waiting for service media.audio_policy...
01-07 09:44:02.334  1457  1745 I ServiceManager: Waiting for service media.audio_policy...
01-07 09:44:03.334  1457  1745 W AudioSystem: AudioPolicyService not published, waiting...
01-07 09:44:03.768  2615  2615 F libc    : page record for 0xb6ed400c was not found (block_size=64)
01-07 09:44:03.784  2614  2614 F libc    : page record for 0xb6ea800c was not found (block_size=64)
01-07 09:44:03.801  2620  2620 F libc    : page record for 0xb6eaa00c was not found (block_size=64)
01-07 09:44:03.807  2622  2622 F libc    : page record for 0xb6f5400c was not found (block_size=64)
01-07 09:44:03.819  2621  2621 F libc    : page record for 0xb6ec100c was not found (block_size=64)
01-07 09:44:03.834  1457  1745 I ServiceManager: Waiting for service media.audio_policy...
01-07 09:44:04.835  1457  1745 I ServiceManager: Waiting for service media.audio_policy...
