01-07 09:41:43.949   345  1076 I rmt_storage: wake lock name: rmt_storage_-1227773648, name creation success: 23
01-07 09:41:43.949   345  1077 I rmt_storage: rmt_storage_client_thread: /boot/modem_fs2: clnt_h=0x2 Worker thread started
01-07 09:41:43.949   345  1077 I rmt_storage: wake lock name: rmt_storage_-1228818128, name creation success: 23
01-07 09:41:43.949   345   345 I rmt_storage: rmt_storage_connect_cb: clnt_h=0x3 conn_h=0xb7095e70
01-07 09:41:43.950   345   345 I rmt_storage: rmt_storage_open_cb: /boot/modem_fsg: clnt_h=0x3: req_h=0x3 msg_id=1: Client found
01-07 09:41:43.950   345   345 I rmt_storage: rmt_storage_open_cb: /boot/modem_fsg: clnt_h=0x3: req_h=0x3 msg_id=1: Send response: res=0 err=0
01-07 09:41:43.950   345   345 I rmt_storage: rmt_storage_alloc_buff_cb: /boot/modem_fs1: clnt_h=0x1: req_h=0x4 msg_id=4: Alloc request received: Size: 3145728
01-07 09:41:43.950   345   345 I rmt_storage: rmt_storage_alloc_buff_cb: /boot/modem_fs1: clnt_h=0x1: req_h=0x4 msg_id=4: Send response: res=0 err=0
01-07 09:41:43.950   345   345 I rmt_storage: rmt_storage_rw_iovec_cb: /boot/modem_fs1: clnt_h=0x1: req_h=0x5 msg_id=3: R/W request received
01-07 09:41:43.950   345   345 I rmt_storage: Shared mem address set to 0xb6718000
01-07 09:41:43.950   345   345 I rmt_storage: wakelock acquired: 1, error no: 42
01-07 09:41:43.951   345  1078 I rmt_storage: rmt_storage_client_thread: /boot/modem_fsg: clnt_h=0x3 Worker thread started
01-07 09:41:43.951   345  1078 I rmt_storage: wake lock name: rmt_storage_-1229887184, name creation success: 23
01-07 09:41:43.951   345  1076 I rmt_storage: rmt_storage_client_thread: /boot/modem_fs1: clnt_h=0x1 Unblock worker thread (th_id: -1227773648)
01-07 09:41:43.953   345  1076 I rmt_storage: rmt_storage_client_thread: /boot/modem_fs1: clnt_h=0x1: req_h=0x5 msg_id=3: Bytes read = 512
01-07 09:41:43.963   345  1076 I rmt_storage: rmt_storage_client_thread: /boot/modem_fs1: clnt_h=0x1: req_h=0x5 msg_id=3: Bytes read = 512
01-07 09:41:43.963   345  1076 I rmt_storage: rmt_storage_client_thread: /boot/modem_fs1: clnt_h=0x1: req_h=0x5 msg_id=3: Send response: res=0 err=0
01-07 09:41:43.964   345  1076 I rmt_storage: rmt_storage_client_thread: /boot/modem_fs1: clnt_h=0x1 About to block rmt_storage client thread (th_id: -1227773648) wakelock released: 1, error no: 22
01-07 09:41:43.964   345  1076 I rmt_storage:
01-07 09:41:43.964   345   345 I rmt_storage: rmt_storage_rw_iovec_cb: /boot/modem_fs2: clnt_h=0x2: req_h=0x6 msg_id=3: R/W request received
01-07 09:41:43.964   345   345 I rmt_storage: Shared mem address set to 0xb6718000
01-07 09:41:43.964   345   345 I rmt_storage: wakelock acquired: 1, error no: 42
01-07 09:41:43.964   345  1077 I rmt_storage: rmt_storage_client_thread: /boot/modem_fs2: clnt_h=0x2 Unblock worker thread (th_id: -1228818128)
01-07 09:41:43.969   345  1077 I rmt_storage: rmt_storage_client_thread: /boot/modem_fs2: clnt_h=0x2: req_h=0x6 msg_id=3: Bytes read = 512
01-07 09:41:43.973   345  1077 I rmt_storage: rmt_storage_client_thread: /boot/modem_fs2: clnt_h=0x2: req_h=0x6 msg_id=3: Bytes read = 512
01-07 09:41:43.973   345  1077 I rmt_storage: rmt_storage_client_thread: /boot/modem_fs2: clnt_h=0x2: req_h=0x6 msg_id=3: Send response: res=0 err=0
01-07 09:41:43.973   345  1077 I rmt_storage: rmt_storage_client_thread: /boot/modem_fs2: clnt_h=0x2 About to block rmt_storage client thread (th_id: -1228818128) wakelock released: 1, error no: 22
01-07 09:41:43.973   345  1077 I rmt_storage:
01-07 09:41:44.004   345   345 I rmt_storage: rmt_storage_rw_iovec_cb: /boot/modem_fs1: clnt_h=0x1: req_h=0x7 msg_id=3: R/W request received
01-07 09:41:44.004   345   345 I rmt_storage: wakelock acquired: 1, error no: 42
01-07 09:41:44.004   345  1076 I rmt_storage: rmt_storage_client_thread: /boot/modem_fs1: clnt_h=0x1 Unblock worker thread (th_id: -1227773648)
01-07 09:41:44.022  1086  1086 F libc    : page record for 0xb6eba00c was not found (block_size=64)
01-07 09:41:44.025  1087  1087 F libc    : page record for 0xb6e9d00c was not found (block_size=64)
01-07 09:41:44.027  1085  1085 F libc    : page record for 0xb6fa100c was not found (block_size=64)
01-07 09:41:44.103   400   400 E Minikin : addFont failed to create font /system/fonts/NanumGothic.ttf
01-07 09:41:44.104   400   400 E Minikin : addFont failed to create font /system/fonts/DroidSansFallback.ttf
01-07 09:41:44.104   400   400 E Minikin : addFont failed to create font /system/fonts/MTLmr3m.ttf
01-07 09:41:44.112   345  1076 I rmt_storage: rmt_storage_client_thread: /boot/modem_fs1: clnt_h=0x1: req_h=0x7 msg_id=3: Bytes read = 3144704
01-07 09:41:44.112   345  1076 I rmt_storage: rmt_storage_client_thread: /boot/modem_fs1: clnt_h=0x1: req_h=0x7 msg_id=3: Send response: res=0 err=0
01-07 09:41:44.112   345  1076 I rmt_storage: rmt_storage_client_thread: /boot/modem_fs1: clnt_h=0x1 About to block rmt_storage client thread (th_id: -1227773648) wakelock released: 1, error no: 22
01-07 09:41:44.112   345  1076 I rmt_storage:
01-07 09:41:44.161   693   756 D BootAnimation: Use save memory method, maybe small fps in actual.
01-07 09:41:44.315   400   400 V DngCreator_JNI: DngCreator_nativeClassInit:
01-07 09:41:44.663   386   386 V NatController: runCmd(/system/bin/iptables -w -F natctrl_FORWARD) res=0
01-07 09:41:44.687   386   386 V NatController: runCmd(/system/bin/iptables -w -A natctrl_FORWARD -j DROP) res=0
01-07 09:41:44.714   386   386 V NatController: runCmd(/system/bin/iptables -w -t nat -F natctrl_nat_POSTROUTING) res=0
01-07 09:41:44.737   386   386 V NatController: runCmd(/system/bin/iptables -w -F natctrl_tether_counters) res=1
01-07 09:41:44.767   386   386 V NatController: runCmd(/system/bin/iptables -w -X natctrl_tether_counters) res=1
01-07 09:41:44.787   386   386 V NatController: runCmd(/system/bin/iptables -w -N natctrl_tether_counters) res=0
01-07 09:41:44.814   386   386 V NatController: runCmd(/system/bin/iptables -w -t mangle -A natctrl_mangle_FORWARD -p tcp --tcp-flags SYN SYN -j TCPMSS --clamp-mss-to-pmtu) res=0
01-07 09:41:44.919   400   400 I art     : Thread[1,tid=400,Native,Thread*=0xb76905f0,peer=0x12c35100,"main"] recursive attempt to load library "/system/lib/libmedia_jni.so"
01-07 09:41:44.919   400   400 D MtpDeviceJNI: register_android_mtp_MtpDevice
01-07 09:41:44.919   400   400 I art     : Thread[1,tid=400,Native,Thread*=0xb76905f0,peer=0x12c35100,"main"] recursive attempt to load library "/system/lib/libmedia_jni.so"
01-07 09:41:44.920   400   400 I art     : Thread[1,tid=400,Native,Thread*=0xb76905f0,peer=0x12c35100,"main"] recursive attempt to load library "/system/lib/libmedia_jni.so"
01-07 09:41:45.224   406   406 E QMI_FW  : QMUXD: WARNING qmi_qmux_if_pwr_up_init failed! rc=-1
01-07 09:41:45.225   406   406 E QMI_FW  : QMUXD: WARNING qmi_qmux_if_pwr_up_init failed! rc=-1
01-07 09:41:45.225   406   406 E QMI_FW  : QMUXD: WARNING qmi_qmux_if_pwr_up_init failed! rc=-1
01-07 09:41:45.225   406   406 E QC-time-services: Daemon:genoff_modem_qmi_init: qmi_client_get_service_list returned 0num_services 1
01-07 09:41:45.225   406   406 E QMI_FW  : QMUXD: WARNING qmi_qmux_if_pwr_up_init failed! rc=-1
01-07 09:41:45.225   406   406 E QMI_FW  : QMUXD: WARNING qmi_qmux_if_pwr_up_init failed! rc=-1
01-07 09:41:45.226   406   406 E QMI_FW  : QMUXD: WARNING qmi_qmux_if_pwr_up_init failed! rc=-1
01-07 09:41:45.226   406   406 E QMI_FW  : QMUXD: WARNING qmi_qmux_if_pwr_up_init failed! rc=-1
01-07 09:41:45.226   406   406 E QMI_FW  : QMUXD: WARNING qmi_qmux_if_pwr_up_init failed! rc=-1
01-07 09:41:45.227   406   406 E QMI_FW  : QMUXD: WARNING qmi_qmux_if_pwr_up_init failed! rc=-1
01-07 09:41:45.227   406   406 E QMI_FW  : QMUXD: WARNING qmi_qmux_if_pwr_up_init failed! rc=-1
01-07 09:41:45.227   406   406 E QMI_FW  : QMUXD: WARNING qmi_qmux_if_pwr_up_init failed! rc=-1
01-07 09:41:45.228   406   406 E QMI_FW  : QMUXD: WARNING qmi_qmux_if_pwr_up_init failed! rc=-1
01-07 09:41:45.230   406   406 D QC-time-services: Daemon:genoff_modem_qmi_init: Initial transaction successfull
01-07 09:41:45.241   406  1308 D QC-time-services: Daemon: Time-services: All initializations done
01-07 09:41:45.241   406  1308 E QC-time-services: Daemon: Time-services: Waiting to acceptconnection
01-07 09:41:45.355   400   400 W System  : ClassLoader referenced unknown path: /system/framework/tcmclient.jar
01-07 09:41:45.692   400   400 I System  : Loaded time zone names for "" in 186ms (161ms in ICU)
01-07 09:41:45.753   400   400 I System  : Loaded time zone names for "en_US" in 61ms (57ms in ICU)
01-07 09:41:45.825   400   400 I Zygote  : ...preloaded 3831 classes in 2717ms.
01-07 09:41:45.825   400   400 I art     : VMRuntime.preloadDexCaches starting
01-07 09:41:46.043   400   400 I art     : VMRuntime.preloadDexCaches strings total=248700 before=44748 after=44748
01-07 09:41:46.043   400   400 I art     : VMRuntime.preloadDexCaches types total=20321 before=6892 after=6923
01-07 09:41:46.043   400   400 I art     : VMRuntime.preloadDexCaches fields total=100293 before=36079 after=36511
01-07 09:41:46.043   400   400 I art     : VMRuntime.preloadDexCaches methods total=172580 before=71208 after=71733
01-07 09:41:46.043   400   400 I art     : VMRuntime.preloadDexCaches finished
01-07 09:41:46.086  1400  1400 D idmap   : error: no read access to /vendor/overlay: No such file or directory
01-07 09:41:46.321   400   400 I Zygote  : Preloading resources...
01-07 09:41:46.417   386   386 D MDnsDS  : MDnsSdListener::Hander starting up
01-07 09:41:46.418   386  1450 D MDnsDS  : MDnsSdListener starting to monitor
01-07 09:41:46.418   386  1450 D MDnsDS  : Going to poll with pollCount 1
01-07 09:41:46.937   400   400 I Zygote  : ...preloaded 342 resources in 616ms.
01-07 09:41:46.949   400   400 I Zygote  : ...preloaded 41 resources in 12ms.
01-07 09:41:46.952   400   400 D libEGL  : loaded /vendor/lib/egl/libEGL_adreno.so
01-07 09:41:46.954   400   400 D libEGL  : loaded /vendor/lib/egl/libGLESv1_CM_adreno.so
01-07 09:41:46.973   400   400 D libEGL  : loaded /vendor/lib/egl/libGLESv2_adreno.so
01-07 09:41:46.986   400   400 I Zygote  : Preloading shared libraries...
01-07 09:41:47.007   400   400 D Zygote  : end preload
01-07 09:41:47.008   400   400 I art     : Starting a blocking GC Explicit
01-07 09:41:47.027   400   400 I art     : Explicit concurrent mark sweep GC freed 11068(442KB) AllocSpace objects, 0(0B) LOS objects, 39% free, 7MB/13MB, paused 213us total 13.978ms
01-07 09:41:47.034   400   400 I art     : Starting a blocking GC Explicit
01-07 09:41:47.044   400   400 I art     : Explicit concurrent mark sweep GC freed 2285(108KB) AllocSpace objects, 0(0B) LOS objects, 40% free, 7MB/13MB, paused 213us total 9.400ms
01-07 09:41:47.044   400   904 I art     : Starting a blocking GC HeapTrim
01-07 09:41:47.057   400   400 I art     : Starting a blocking GC Background
01-07 09:41:47.124   400   400 I Zygote  : System server process 1457 has been created
01-07 09:41:47.127   400   400 I Zygote  : Accepting command socket connections
01-07 09:41:47.137  1457  1457 I InstallerConnection: connecting...
01-07 09:41:47.139   391   391 I installd: new connection
01-07 09:41:47.180  1457  1457 I InstallerConnection: disconnecting...
01-07 09:41:47.180   391   391 E installd: eof
01-07 09:41:47.180   391   391 E installd: failed to read size
01-07 09:41:47.180   391   391 I installd: closing connection
01-07 09:41:47.270  1457  1457 I SystemServer: Entered the Android system server!
01-07 09:41:47.419  1457  1457 I SystemServiceManager: Starting com.android.server.pm.Installer
01-07 09:41:47.430  1457  1457 I Installer: Waiting for installd to be ready.
01-07 09:41:47.430  1457  1457 I InstallerConnection: connecting...
01-07 09:41:47.430   391   391 I installd: new connection
01-07 09:41:47.431  1457  1457 I SystemServiceManager: Starting com.android.server.am.ActivityManagerService$Lifecycle
01-07 09:41:47.463  1457  1457 I XXXXXX  : choosing minFree values for 32 Bit
01-07 09:41:47.463  1457  1457 I XXXXXX  : choosing minFree values for 32 Bit
01-07 09:41:47.463  1457  1457 I XXXXXX  : choosing minFree values for 32 Bit
01-07 09:41:47.463  1457  1457 I XXXXXX  : choosing minFree values for 32 Bit
01-07 09:41:47.463  1457  1457 I XXXXXX  : choosing minFree values for 32 Bit
01-07 09:41:47.463  1457  1457 I XXXXXX  : choosing minFree values for 32 Bit
01-07 09:41:47.490  1457  1457 I ActivityManager: Memory class: 96
01-07 09:41:47.497  1457  1472 I ServiceThread: Enabled StrictMode logging for ActivityManager looper.
01-07 09:41:47.502  1457  1473 I ServiceThread: Enabled StrictMode logging for android.ui looper.
01-07 09:41:47.534  1457  1457 D BatteryStatsImpl: Reading daily items from /data/system/batterystats-daily.xml
01-07 09:41:47.551  1457  1457 I AppOps  : No existing app ops /data/system/appops.xml; starting empty
01-07 09:41:47.645  1457  1457 I IntentFirewall: Read new rules (A:0 B:0 S:0)
01-07 09:41:47.656  1457  1477 I ServiceThread: Enabled StrictMode logging for android.display looper.
01-07 09:41:47.667  1457  1457 D AppOps  : AppOpsService published
01-07 09:41:47.668  1457  1457 I SystemServiceManager: Starting com.android.server.power.PowerManagerService
01-07 09:41:47.675  1457  1479 I ServiceThread: Enabled StrictMode logging for PowerManagerService looper.
01-07 09:41:47.695  1457  1457 I QCOM PowerHAL: QCOM power HAL initing.
01-07 09:41:47.695  1457  1457 I libsuspend: Selected early suspend
01-07 09:41:47.695  1457  1457 I libsuspend: Starting early suspend unblocker thread
01-07 09:41:47.696  1457  1457 I QCOM PowerHAL: Got set_interactive hint
01-07 09:41:47.696  1457  1457 E QCOM PowerHAL: Invalid hint ID.
01-07 09:41:47.704  1457  1457 I SystemServiceManager: Starting com.android.server.lights.LightsService
01-07 09:41:47.712  1457  1457 I SystemServiceManager: Starting com.android.server.display.DisplayManagerService
01-07 09:41:47.727  1457  1457 I SystemServiceManager: Starting phase 100
01-07 09:41:47.738  1457  1477 I DisplayManagerService: Display device added: DisplayDeviceInfo{"Built-in Screen": uniqueId="local:0", 720 x 1280, modeId 1, defaultModeId 1, supportedModes [{id=1, width=720, height=1280, fps=60.0}], colorTransformId 1, defaultColorTransformId 1, supportedColorTransforms [{id=1, colorTransform=0}], density 320, 345.056 x 342.231 dpi, appVsyncOff 0, presDeadline 17666667, touch INTERNAL, rotation 0, type BUILT_IN, state UNKNOWN, FLAG_DEFAULT_DISPLAY, FLAG_ROTATES_WITH_CONTENT, FLAG_SECURE, FLAG_SUPPORTS_PROTECTED_BUFFERS}
01-07 09:41:47.739   343   343 D SurfaceFlinger: Set power mode=2, type=0 flinger=0xb830de80
01-07 09:41:47.739   343   343 D SurfaceFlinger: Screen type=0 is already mode=2
01-07 09:41:47.740  1457  1457 I SystemServer: Package Manager
01-07 09:41:47.740  1457  1477 I DisplayManagerService: Display device changed state: "Built-in Screen", ON
01-07 09:41:47.794  1457  1457 W SystemConfig: No directory /system/etc/sysconfig, skipping
01-07 09:41:47.933  1457  1457 D SELinuxMMAC: Using policy file /system/etc/security/mac_permissions.xml
01-07 09:41:48.145  1457  1457 E art     : DexFile_getDexOptNeeded file '/system/framework/org.apache.http.legacy.jar' does not exist
01-07 09:41:48.145  1457  1457 W PackageManager: Library not found: /system/framework/org.apache.http.legacy.jar
01-07 09:41:48.231   348   492 E QMI_FW  : QMUXD: Service_id=24 not found over conn_id=18
01-07 09:41:48.232   348   492 E QMI_FW  : QMUXD: Service_id=24 not found over conn_id=37
01-07 09:41:48.235   348   492 E QMI_FW  : QMUXD: Service_id=24 not found over conn_id=18
01-07 09:41:48.235   348   492 E QMI_FW  : QMUXD: Service_id=24 not found over conn_id=37
01-07 09:41:48.238   348   492 E QMI_FW  : QMUXD: Service_id=24 not found over conn_id=18
01-07 09:41:48.239   348   492 E QMI_FW  : QMUXD: Service_id=24 not found over conn_id=37
01-07 09:41:48.241   348   492 E QMI_FW  : QMUXD: Service_id=24 not found over conn_id=18
01-07 09:41:48.241   348   492 E QMI_FW  : QMUXD: Service_id=24 not found over conn_id=37
01-07 09:41:48.243   348   492 E QMI_FW  : QMUXD: Service_id=24 not found over conn_id=18
01-07 09:41:48.244   348   492 E QMI_FW  : QMUXD: Service_id=24 not found over conn_id=37
01-07 09:41:48.244   348   492 E sysmon-modem: Modem thermal mitigation available.
01-07 09:41:48.246   348   348 I system_monitor: add_plugin - Type: mitigation, name: modem_level0
01-07 09:41:48.247   348  1501 I sysmon-modem: starting modem thread...
01-07 09:41:48.249   348   348 I system_monitor: add_plugin - Type: mitigation, name: modem_level1
01-07 09:41:48.252   348   348 I system_monitor: add_plugin - Type: mitigation, name: modem_level2
01-07 09:41:48.254   348   348 I system_monitor: add_plugin - Type: mitigation, name: modem_level3
01-07 09:41:48.256   348   348 E sysmon-msm_thermal_disable: start_plugin - Failed to open msm_thermal path.
01-07 09:41:48.256   348   348 I system_monitor: add_plugin - Type: mitigation, name: msm_thermal_disable
01-07 09:41:48.258   348   348 E sysmon-pa_therm0: start_plugin - Sensor name = pa_therm0
01-07 09:41:48.258   348   348 E sysmon-pa_therm0: start_plugin - Input path = /sys/bus/platform/devices/pm8xxx-adc/pa_therm0
01-07 09:41:48.258   348   348 I system_monitor: add_plugin - Type: sensor, name: pa_therm0
01-07 09:41:48.260   348   348 E sysmon-pa_therm1: start_plugin - Sensor name = pa_therm1
01-07 09:41:48.260   348   348 E sysmon-pa_therm1: start_plugin - Input path = /sys/bus/platform/devices/pm8xxx-adc/pa_therm1
01-07 09:41:48.260   348   348 I system_monitor: add_plugin - Type: sensor, name: pa_therm1
01-07 09:41:48.265  1457  1457 D PackageManager: No files in app dir /vendor/overlay
01-07 09:41:48.268   348   348 I system_monitor: add_plugin - Type: mitigation, name: cpu_perflevel
01-07 09:41:48.273   348   348 E sysmon-pm8921_tz: start_plugin - Sensor name = pm8921_tz
01-07 09:41:48.273   348   348 E sysmon-pm8921_tz: start_plugin - Input path = /sys/devices/virtual/thermal/thermal_zone5/temp
01-07 09:41:48.273   348   348 E sysmon-pm8921_tz: start_plugin - pm8921_tz change enable state
01-07 09:41:48.273   348   348 I system_monitor: add_plugin - Type: sensor, name: pm8921_tz
01-07 09:41:48.274   348  1505 V sysmon-fl_function: starting force_limit_thread...
01-07 09:41:48.277   348   348 I system_monitor: add_plugin - Type: sensor, name: test_sensor
01-07 09:41:48.278   348  1504 I sysmon-cpu_frequency: Starting CPU[1] thread.
01-07 09:41:48.281   348   348 D libcameralight: blue_calc_parameters.c indicator_level set to: 3125. Should be 3125
01-07 09:41:48.281   348   348 D libcameralight:
01-07 09:41:48.281   348   348 D libcameralight: blue_calc_parameters.c if_torch_vr set to:  187500. Shold be 187500
01-07 09:41:48.281   348   348 D libcameralight:
01-07 09:41:48.281   348   348 D libcameralight: blue_calc_parameters.c vf_factory set to: 3500. Should be 3500
01-07 09:41:48.281   348   348 D libcameralight:
01-07 09:41:48.281   348   348 D libcameralight: blue_calc_parameters.c v_batt_min set to: 3500. Should be 3500
01-07 09:41:48.281   348   348 D libcameralight:
01-07 09:41:48.281   348   348 D libcameralight: blue_calc_parameters.c ratio_vdrop_normal set to: 80.Should be 80
01-07 09:41:48.281   348   348 D libcameralight:
01-07 09:41:48.281   348   348 D libcameralight: blue_calc_parameters.c ratio_vdrop_torch set to 60.Should be 60
01-07 09:41:48.281   348   348 D libcameralight:
01-07 09:41:48.281   348   348 D libcameralight: blue_calc_parameters.c ratio_vdrop_high set to: 50.Should be 50
01-07 09:41:48.281   348   348 D libcameralight:
01-07 09:41:48.281   348   348 D libcameralight: blue_calc_parameters.c eff_h set to: 90. Should be 90
01-07 09:41:48.281   348   348 D libcameralight:
01-07 09:41:48.281   348   348 D libcameralight: blue_calc_parameters.c eff_l set to: 70. Should be 70
01-07 09:41:48.281   348   348 D libcameralight:
01-07 09:41:48.281   348   348 D libcameralight: blue_calc_parameters.c drv_eff_threshold set to: 2000000.Should be 2000000
01-07 09:41:48.281   348   348 D libcameralight:
01-07 09:41:48.281   348   348 D libcameralight: blue_calc_parameters.c c_redeye set to: 50. Should be 50
01-07 09:41:48.281   348   348 D libcameralight:
01-07 09:41:48.281   348   348 D libcameralight: blue_calc_parameters.c c_alien set to: 50. Should be 50
01-07 09:41:48.281   348   348 D libcameralight:
01-07 09:41:48.282   348   348 D libcameralight: blue_calc_parameters.c c_charging set to: 50. Should be 50
01-07 09:41:48.282   348   348 D libcameralight:
01-07 09:41:48.282   348   348 D libcameralight: blue_calc_parameters.c rtotal_min set to: 70. Should be 70
01-07 09:41:48.282   348   348 D libcameralight:
01-07 09:41:48.282   348   348 D libcameralight: blue_calc_parameters.c rtotal_offset set to: 100. Should be 100
01-07 09:41:48.282   348   348 D libcameralight:
01-07 09:41:48.282   348   348 D libcameralight: blue_calc_parameters.c t_rtotal_threshold set to: 5.Should be 5
01-07 09:41:48.282   348   348 D libcameralight:
01-07 09:41:48.282   348   348 D libcameralight: blue_calc_parameters.c c_rtotal_a set to: 196. Should be 196
01-07 09:41:48.282   348   348 D libcameralight:
01-07 09:41:48.282   348   348 D libcameralight: blue_calc_parameters.c c_rtotal_b set to: -8500. Should be -8500
01-07 09:41:48.282   348   348 D libcameralight:
01-07 09:41:48.282   348   348 D libcameralight: blue_calc_parameters.c c_rtotal_c set to: 248700. Should be 248700
01-07 09:41:48.282   348   348 D libcameralight:
01-07 09:41:48.282   348   348 D libcameralight: blue_calc_parameters.c c_vdrop_a set to: 389600. Should be 389600
01-07 09:41:48.282   348   348 D libcameralight:
01-07 09:41:48.282   348   348 D libcameralight: blue_calc_parameters.c c_vdrop_b set to: -1072000. Should be -1072000
01-07 09:41:48.282   348   348 D libcameralight:
01-07 09:41:48.282   348   348 D libcameralight: blue_calc_parameters.c c_vdrop_c set to: 303300. Should be 303300
01-07 09:41:48.282   348   348 D libcameralight:
01-07 09:41:48.282   348   348 D libcameralight: blue_calc_parameters.c c_vf_a set to: 26020. Should be 26020
01-07 09:41:48.282   348   348 D libcameralight:
01-07 09:41:48.282   348   348 D libcameralight: blue_calc_parameters.c c_vf_b set to 627000. Should be 627000
01-07 09:41:48.282   348   348 D libcameralight:
01-07 09:41:48.282   348   348 D libcameralight: blue_calc_parameters.c c_vf_c set to 2986000. Should be 2986000
01-07 09:41:48.282   348   348 D libcameralight:
01-07 09:41:48.282   348   348 D libcameralight: blue_calc_parameters.c c_vf_t set to 0. Should be 0
01-07 09:41:48.282   348   348 D libcameralight:
01-07 09:41:48.282   348   348 D libcameralight: blue_calc_parameters.c t_ref set to 25. Should be 25
01-07 09:41:48.282   348   348 D libcameralight:
01-07 09:41:48.282   348   348 D libcameralight: blue_calc_parameters.c vf_ref set to: 3200. Should be 3200
01-07 09:41:48.282   348   348 D libcameralight:
01-07 09:41:48.282   348   348 D libcameralight: blue_calc_parameters.c i_batt_max_high set to: 500000. Should be 500000
01-07 09:41:48.282   348   348 D libcameralight:
01-07 09:41:48.282   348   348 D libcameralight: blue_calc_parameters.c i_batt_max_torch set to: 500000.Should be 500000
01-07 09:41:48.282   348   348 D libcameralight:
01-07 09:41:48.282   348   348 D libcameralight: blue_calc_parameters.c max_if_flash set to: 1500000. Should be 1500000
01-07 09:41:48.282   348   348 D libcameralight:
01-07 09:41:48.282   348   348 D libcameralight: blue_calc_parameters.c max_if_torch_3a set to: 500000. Should be 500000
01-07 09:41:48.282   348   348 D libcameralight:
01-07 09:41:48.282   348   348 D libcameralight: blue_calc_parameters.c v_batt_meas_range set to: 150.Should be 150
01-07 09:41:48.282   348   348 D libcameralight:
01-07 09:41:48.282   348   348 D libcameralight: blue_calc_parameters.c i_batt_meas_range set to: 50000.Should be 50000
01-07 09:41:48.282   348   348 D libcameralight:
01-07 09:41:48.282   348   348 D libcameralight: blue_calc_parameters.c if_flash_critical set to: 125000.Should be 125000
01-07 09:41:48.282   348   348 D libcameralight:
01-07 09:41:48.282   348   348 D libcameralight: blue_calc_parameters.c if_torch_critical set to: 125000.Should be 125000
01-07 09:41:48.282   348   348 D libcameralight:
01-07 09:41:48.282   348   348 D libcameralight: blue_calc_parameters.c valid[0]:0
01-07 09:41:48.282   348   348 D libcameralight: blue_calc_parameters.c valid[1]:0
01-07 09:41:48.282   348   348 D libcameralight: blue_calc_parameters.c valid[2]:0
01-07 09:41:48.282   348   348 D libcameralight: blue_calc_parameters.c valid[3]:0
01-07 09:41:48.282   348   348 D libcameralight: blue_calc_parameters.c valid[4]:0
01-07 09:41:48.282   348   348 D libcameralight: blue_calc_parameters.c valid[5]:0
01-07 09:41:48.282   348   348 D libcameralight: blue_calc_parameters.c valid[6]:0
01-07 09:41:48.282   348   348 D libcameralight: blue_calc_parameters.c valid[7]:0
01-07 09:41:48.282   348   348 D libcameralight: blue_calc_parameters.c calcparam_get_factory - Detect factory NV value vf_factory = 3500
01-07 09:41:48.282   348   348 D libcameralight: blue_calc_parameters.c log_param: if_indicator_level = 3125
01-07 09:41:48.283   348   348 D libcameralight: blue_calc_parameters.c log_param: if_torch_vr = 187500
01-07 09:41:48.283   348   348 D libcameralight: blue_calc_parameters.c log_param: vf_factory = 3500
01-07 09:41:48.283   348   348 D libcameralight: blue_calc_parameters.c log_param: v_batt_min = 3500
01-07 09:41:48.283   348   348 D libcameralight: blue_calc_parameters.c log_param: vdrop_ratio = 80
01-07 09:41:48.283   348   348 D libcameralight: blue_calc_parameters.c log_param: ratio_vdrop_torch = 60
01-07 09:41:48.283   348   348 D libcameralight: blue_calc_parameters.c log_param: ratio_vdrop_high = 50
01-07 09:41:48.283   348   348 D libcameralight: blue_calc_parameters.c log_param: eff_h = 90
01-07 09:41:48.283   348   348 D libcameralight: blue_calc_parameters.c log_param: eff_l = 70
01-07 09:41:48.283   348   348 D libcameralight: blue_calc_parameters.c log_param: drv_eff_threshold = 2000000
01-07 09:41:48.283   348   348 D libcameralight: blue_calc_parameters.c log_param: c_redeye = 50
01-07 09:41:48.283   348   348 D libcameralight: blue_calc_parameters.c log_param: c_alien = 50
01-07 09:41:48.283   348   348 D libcameralight: blue_calc_parameters.c log_param: c_charging = 50
01-07 09:41:48.283   348   348 D libcameralight: blue_calc_parameters.c log_param: rtotal_min = 70
01-07 09:41:48.283   348   348 D libcameralight: blue_calc_parameters.c log_param: rtotal_offset = 100
01-07 09:41:48.283   348   348 D libcameralight: blue_calc_parameters.c log_param: t_rtotal_threshold = 5
01-07 09:41:48.283   348   348 D libcameralight: blue_calc_parameters.c log_param: c_rtotal[0] = 196
01-07 09:41:48.283   348   348 D libcameralight: blue_calc_parameters.c log_param: c_rtotal[1] = -8500
01-07 09:41:48.283   348   348 D libcameralight: blue_calc_parameters.c log_param: c_rtotal[2] = 248700
01-07 09:41:48.283   348   348 D libcameralight: blue_calc_parameters.c log_param: c_vdrop[0] = 389600
01-07 09:41:48.283   348   348 D libcameralight: blue_calc_parameters.c log_param: c_vdrop[1] = -1072000
01-07 09:41:48.283   348   348 D libcameralight: blue_calc_parameters.c log_param: c_vdrop[2] = 303300
01-07 09:41:48.283   348   348 D libcameralight: blue_calc_parameters.c log_param: c_vf[0] = 26020
01-07 09:41:48.283   348   348 D libcameralight: blue_calc_parameters.c log_param: c_vf[1] = 627000
01-07 09:41:48.283   348   348 D libcameralight: blue_calc_parameters.c log_param: c_vf[2] = 2986000
01-07 09:41:48.283   348   348 D libcameralight: blue_calc_parameters.c log_param: c_vf_t = 0
01-07 09:41:48.283   348   348 D libcameralight: blue_calc_parameters.c log_param: vf_ref = 3200
01-07 09:41:48.283   348   348 D libcameralight: blue_calc_parameters.c log_param: t_ref = 25
01-07 09:41:48.283   348   348 D libcameralight: blue_calc_parameters.c log_param: i_batt_max_high = 500000
01-07 09:41:48.283   348   348 D libcameralight: blue_calc_parameters.c log_param: i_batt_max_torch = 500000
01-07 09:41:48.283   348   348 D libcameralight: blue_calc_parameters.c log_param: max_if_flash = 1500000
01-07 09:41:48.283   348   348 D libcameralight: blue_calc_parameters.c log_param: max_if_torch_3a = 500000
01-07 09:41:48.283   348   348 D libcameralight: blue_calc_parameters.c log_param: v_batt_meas_range = 150
01-07 09:41:48.283   348   348 D libcameralight: blue_calc_parameters.c log_param: i_batt_meas_range = 50000
01-07 09:41:48.283   348   348 D libcameralight: blue_calc_parameters.c log_param: if_flash_critical = 125000
01-07 09:41:48.283   348   348 D libcameralight: blue_calc_parameters.c log_param: if_torch_critical = 125000
01-07 09:41:48.283   348   348 I system_monitor: add_plugin - Type: mitigation, name: torch_limit
01-07 09:41:48.286   348   348 E sysmon-tsens_tz_sensor0: start_plugin - Sensor name = tsens_tz_sensor0
01-07 09:41:48.286   348   348 E sysmon-tsens_tz_sensor0: start_plugin - Input path = /sys/devices/virtual/thermal/thermal_zone0/temp
01-07 09:41:48.286   348   348 E sysmon-tsens_tz_sensor0: start_plugin - tsens_tz_sensor0 change enable state
01-07 09:41:48.286   348   348 I system_monitor: add_plugin - Type: sensor, name: tsens_tz_sensor0
01-07 09:41:48.288   348   348 E sysmon-tsens_tz_sensor1: start_plugin - Sensor name = tsens_tz_sensor1
01-07 09:41:48.288   348   348 E sysmon-tsens_tz_sensor1: start_plugin - Input path = /sys/devices/virtual/thermal/thermal_zone1/temp
01-07 09:41:48.288   348   348 E sysmon-tsens_tz_sensor1: start_plugin - tsens_tz_sensor1 change enable state
01-07 09:41:48.288   348   348 I system_monitor: add_plugin - Type: sensor, name: tsens_tz_sensor1
01-07 09:41:48.291   348   348 E sysmon-tsens_tz_sensor2: start_plugin - Sensor name = tsens_tz_sensor2
01-07 09:41:48.291   348   348 E sysmon-tsens_tz_sensor2: start_plugin - Input path = /sys/devices/virtual/thermal/thermal_zone2/temp
01-07 09:41:48.291   348   348 E sysmon-tsens_tz_sensor2: start_plugin - tsens_tz_sensor2 change enable state
01-07 09:41:48.291   348   348 I system_monitor: add_plugin - Type: sensor, name: tsens_tz_sensor2
01-07 09:41:48.294   348   348 E sysmon-tsens_tz_sensor3: start_plugin - Sensor name = tsens_tz_sensor3
01-07 09:41:48.294   348   348 E sysmon-tsens_tz_sensor3: start_plugin - Input path = /sys/devices/virtual/thermal/thermal_zone3/temp
01-07 09:41:48.294   348   348 E sysmon-tsens_tz_sensor3: start_plugin - tsens_tz_sensor3 change enable state
01-07 09:41:48.294   348   348 I system_monitor: add_plugin - Type: sensor, name: tsens_tz_sensor3
01-07 09:41:48.296   348   348 E sysmon-tsens_tz_sensor4: start_plugin - Sensor name = tsens_tz_sensor4
01-07 09:41:48.296   348   348 E sysmon-tsens_tz_sensor4: start_plugin - Input path = /sys/devices/virtual/thermal/thermal_zone4/temp
01-07 09:41:48.296   348   348 E sysmon-tsens_tz_sensor4: start_plugin - tsens_tz_sensor4 change enable state
01-07 09:41:48.296   348   348 I system_monitor: add_plugin - Type: sensor, name: tsens_tz_sensor4
01-07 09:41:48.309   348   348 I system_monitor: add_plugin - Type: mitigation, name: usb_current_limit
01-07 09:41:48.311   348  1513 V sysmon-fl_function: starting force_limit_thread...
01-07 09:41:48.312   348   348 I system_monitor: add_plugin - Type: mitigation, name: wlan_level
01-07 09:41:48.313  1507  1507 F libc    : page record for 0xb6ea300c was not found (block_size=64)
01-07 09:41:48.314   348   348 E sysmon-xo_therm: start_plugin - Sensor name = xo_therm
01-07 09:41:48.314   348   348 E sysmon-xo_therm: start_plugin - Input path = /sys/bus/platform/devices/pm8xxx-adc/xo_therm
01-07 09:41:48.314   348   348 I system_monitor: add_plugin - Type: sensor, name: xo_therm
01-07 09:41:48.315   348   348 E system_monitor: sensor_find_registered_sensor - No sensors
01-07 09:41:48.315   348   348 E system_monitor: sensor_find_registered_sensor - No sensors
01-07 09:41:48.315   348   348 I system_monitor: sensor_register_level - Registering level "11"
01-07 09:41:48.315   348   348 I system_monitor: sensor_add_action_entry - Adding action "NOTIFY" to "LEVEL_12"
01-07 09:41:48.316   348   348 I system_monitor: sensor_add_action_entry - Adding action "CAM_NORMAL" to "LEVEL_12"
01-07 09:41:48.316   348   348 I system_monitor: sensor_add_action_entry - Adding action "cpu_perflevel:1512000"to "LEVEL_12"
01-07 09:41:48.316   348   348 I system_monitor: sensor_add_action_entry - Adding action "charge_current_limit:0"to "LEVEL_12"
01-07 09:41:48.316   348   348 I system_monitor: sensor_add_action_entry - Adding action "usb_current_limit:0"to "LEVEL_12"
01-07 09:41:48.316   348   348 I system_monitor: sensor_add_action_entry - Adding action "modem_level0" to "LEVEL_12"
01-07 09:41:48.316   348   348 I system_monitor: sensor_add_action_entry - Adding action "lcd_brightnesslevel:255"to "LEVEL_12"
01-07 09:41:48.316   348   348 E system_monitor: sensor_register_sensor - Sensor "xo_therm" already registered. Returning
01-07 09:41:48.316   348   348 I system_monitor: sensor_register_level - Registering level "10"
01-07 09:41:48.316   348   348 I system_monitor: sensor_add_action_entry - Adding action "NOTIFY" to "LEVEL_11"
01-07 09:41:48.316   348   348 I system_monitor: sensor_add_action_entry - Adding action "CAM_NORMAL" to "LEVEL_11"
01-07 09:41:48.316   348   348 I system_monitor: sensor_add_action_entry - Adding action "cpu_perflevel:1512000"to "LEVEL_11"
01-07 09:41:48.316   348   348 I system_monitor: sensor_add_action_entry - Adding action "charge_current_limit:0"to "LEVEL_11"
01-07 09:41:48.316   348   348 I system_monitor: sensor_add_action_entry - Adding action "usb_current_limit:0"to "LEVEL_11"
01-07 09:41:48.316   348   348 I system_monitor: sensor_add_action_entry - Adding action "modem_level0" to "LEVEL_11"
01-07 09:41:48.316   348   348 I system_monitor: sensor_add_action_entry - Adding action "lcd_brightnesslevel:225"to "LEVEL_11"
01-07 09:41:48.316   348   348 E system_monitor: sensor_register_sensor - Sensor "xo_therm" already registered. Returning
01-07 09:41:48.316   348   348 I system_monitor: sensor_register_level - Registering level "9"
01-07 09:41:48.316   348   348 I system_monitor: sensor_add_action_entry - Adding action "NOTIFY" to "LEVEL_10"
01-07 09:41:48.316   348   348 I system_monitor: sensor_add_action_entry - Adding action "CAM_NORMAL" to "LEVEL_10"
01-07 09:41:48.316   348   348 I system_monitor: sensor_add_action_entry - Adding action "cpu_perflevel:1512000"to "LEVEL_10"
01-07 09:41:48.316   348   348 I system_monitor: sensor_add_action_entry - Adding action "charge_current_limit:0"to "LEVEL_10"
01-07 09:41:48.316   348   348 I system_monitor: sensor_add_action_entry - Adding action "usb_current_limit:0"to "LEVEL_10"
01-07 09:41:48.316   348   348 I system_monitor: sensor_add_action_entry - Adding action "modem_level0" to "LEVEL_10"
01-07 09:41:48.316   348   348 I system_monitor: sensor_add_action_entry - Adding action "lcd_brightnesslevel:195"to "LEVEL_10"
01-07 09:41:48.316   348   348 E system_monitor: sensor_register_sensor - Sensor "xo_therm" already registered. Returning
01-07 09:41:48.316   348   348 I system_monitor: sensor_register_level - Registering level "8"
01-07 09:41:48.316   348   348 I system_monitor: sensor_add_action_entry - Adding action "NOTIFY" to "LEVEL_9"
01-07 09:41:48.316   348   348 I system_monitor: sensor_add_action_entry - Adding action "CAM_NORMAL" to "LEVEL_9"
01-07 09:41:48.316   348   348 I system_monitor: sensor_add_action_entry - Adding action "cpu_perflevel:1512000"to "LEVEL_9"
01-07 09:41:48.316   348   348 I system_monitor: sensor_add_action_entry - Adding action "charge_current_limit:0"to "LEVEL_9"
01-07 09:41:48.316   348   348 I system_monitor: sensor_add_action_entry - Adding action "usb_current_limit:0"to "LEVEL_9"
01-07 09:41:48.316   348   348 I system_monitor: sensor_add_action_entry - Adding action "modem_level0" to "LEVEL_9"
01-07 09:41:48.316   348   348 I system_monitor: sensor_add_action_entry - Adding action "lcd_brightnesslevel:165"to "LEVEL_9"
01-07 09:41:48.316   348   348 E system_monitor: sensor_register_sensor - Sensor "xo_therm" already registered. Returning
01-07 09:41:48.316   348   348 I system_monitor: sensor_register_level - Registering level "7"
01-07 09:41:48.317   348   348 I system_monitor: sensor_add_action_entry - Adding action "NOTIFY" to "LEVEL_8"
01-07 09:41:48.317   348   348 I system_monitor: sensor_add_action_entry - Adding action "CAM_NORMAL" to "LEVEL_8"
01-07 09:41:48.317   348   348 I system_monitor: sensor_add_action_entry - Adding action "cpu_perflevel:1512000"to "LEVEL_8"
01-07 09:41:48.317   348   348 I system_monitor: sensor_add_action_entry - Adding action "charge_current_limit:0"to "LEVEL_8"
01-07 09:41:48.317   348   348 I system_monitor: sensor_add_action_entry - Adding action "usb_current_limit:2"to "LEVEL_8"
01-07 09:41:48.317   348   348 I system_monitor: sensor_add_action_entry - Adding action "modem_level0" to "LEVEL_8"
01-07 09:41:48.317   348   348 I system_monitor: sensor_add_action_entry - Adding action "lcd_brightnesslevel:135"to "LEVEL_8"
01-07 09:41:48.317   348   348 E system_monitor: sensor_register_sensor - Sensor "xo_therm" already registered. Returning
01-07 09:41:48.317   348   348 I system_monitor: sensor_register_level - Registering level "6"
01-07 09:41:48.317   348   348 I system_monitor: sensor_add_action_entry - Adding action "NOTIFY" to "LEVEL_7"
01-07 09:41:48.317   348   348 I system_monitor: sensor_add_action_entry - Adding action "CAM_NORMAL" to "LEVEL_7"
01-07 09:41:48.317   348   348 I system_monitor: sensor_add_action_entry - Adding action "cpu_perflevel:1242000"to "LEVEL_7"
01-07 09:41:48.317   348   348 I system_monitor: sensor_add_action_entry - Adding action "charge_current_limit:0"to "LEVEL_7"
01-07 09:41:48.317   348   348 I system_monitor: sensor_add_action_entry - Adding action "usb_current_limit:2"to "LEVEL_7"
01-07 09:41:48.317   348   348 I system_monitor: sensor_add_action_entry - Adding action "modem_level0" to "LEVEL_7"
01-07 09:41:48.317   348   348 I system_monitor: sensor_add_action_entry - Adding action "lcd_brightnesslevel:135"to "LEVEL_7"
01-07 09:41:48.317   348   348 E system_monitor: sensor_register_sensor - Sensor "xo_therm" already registered. Returning
01-07 09:41:48.317   348   348 I system_monitor: sensor_register_level - Registering level "5"
01-07 09:41:48.317   348   348 I system_monitor: sensor_add_action_entry - Adding action "NOTIFY" to "LEVEL_6"
01-07 09:41:48.317   348   348 I system_monitor: sensor_add_action_entry - Adding action "CAM_NORMAL" to "LEVEL_6"
01-07 09:41:48.317   348   348 I system_monitor: sensor_add_action_entry - Adding action "cpu_perflevel:1242000"to "LEVEL_6"
01-07 09:41:48.317   348   348 I system_monitor: sensor_add_action_entry - Adding action "charge_current_limit:3"to "LEVEL_6"
01-07 09:41:48.317   348   348 I system_monitor: sensor_add_action_entry - Adding action "usb_current_limit:2"to "LEVEL_6"
01-07 09:41:48.317   348   348 I system_monitor: sensor_add_action_entry - Adding action "modem_level0" to "LEVEL_6"
01-07 09:41:48.317   348   348 I system_monitor: sensor_add_action_entry - Adding action "lcd_brightnesslevel:105"to "LEVEL_6"
01-07 09:41:48.317   348   348 E system_monitor: sensor_register_sensor - Sensor "xo_therm" already registered. Returning
01-07 09:41:48.317   348   348 I system_monitor: sensor_register_level - Registering level "4"
01-07 09:41:48.317   348   348 I system_monitor: sensor_add_action_entry - Adding action "NOTIFY" to "LEVEL_5"
01-07 09:41:48.317   348   348 I system_monitor: sensor_add_action_entry - Adding action "CAM_NORMAL" to "LEVEL_5"
01-07 09:41:48.317   348   348 I system_monitor: sensor_add_action_entry - Adding action "cpu_perflevel:1026000"to "LEVEL_5"
01-07 09:41:48.317   348   348 I system_monitor: sensor_add_action_entry - Adding action "charge_current_limit:3"to "LEVEL_5"
01-07 09:41:48.317   348   348 I system_monitor: sensor_add_action_entry - Adding action "usb_current_limit:2"to "LEVEL_5"
01-07 09:41:48.317   348   348 I system_monitor: sensor_add_action_entry - Adding action "modem_level0" to "LEVEL_5"
01-07 09:41:48.317   348   348 I system_monitor: sensor_add_action_entry - Adding action "lcd_brightnesslevel:105"to "LEVEL_5"
01-07 09:41:48.317   348   348 E system_monitor: sensor_register_sensor - Sensor "xo_therm" already registered. Returning
01-07 09:41:48.317   348   348 I system_monitor: sensor_register_level - Registering level "3"
01-07 09:41:48.317   348   348 I system_monitor: sensor_add_action_entry - Adding action "NOTIFY" to "LEVEL_4"
01-07 09:41:48.318   348   348 I system_monitor: sensor_add_action_entry - Adding action "CAM_NORMAL" to "LEVEL_4"
01-07 09:41:48.318   348   348 I system_monitor: sensor_add_action_entry - Adding action "cpu_perflevel:1026000"to "LEVEL_4"
01-07 09:41:48.318   348   348 I system_monitor: sensor_add_action_entry - Adding action "charge_current_limit:3"to "LEVEL_4"
01-07 09:41:48.318   348   348 I system_monitor: sensor_add_action_entry - Adding action "usb_current_limit:3"to "LEVEL_4"
01-07 09:41:48.318   348   348 I system_monitor: sensor_add_action_entry - Adding action "modem_level0" to "LEVEL_4"
01-07 09:41:48.318   348   348 I system_monitor: sensor_add_action_entry - Adding action "lcd_brightnesslevel:71"to "LEVEL_4"
01-07 09:41:48.318   348   348 E system_monitor: sensor_register_sensor - Sensor "xo_therm" already registered. Returning
01-07 09:41:48.318   348   348 I system_monitor: sensor_register_level - Registering level "2"
01-07 09:41:48.318   348   348 I system_monitor: sensor_add_action_entry - Adding action "NOTIFY" to "LEVEL_3"
01-07 09:41:48.318   348   348 I system_monitor: sensor_add_action_entry - Adding action "CAM_NORMAL" to "LEVEL_3"
01-07 09:41:48.318   348   348 I system_monitor: sensor_add_action_entry - Adding action "cpu_perflevel:810000"to "LEVEL_3"
01-07 09:41:48.318   348   348 I system_monitor: sensor_add_action_entry - Adding action "charge_current_limit:3"to "LEVEL_3"
01-07 09:41:48.318   348   348 I system_monitor: sensor_add_action_entry - Adding action "usb_current_limit:3"to "LEVEL_3"
01-07 09:41:48.318   348   348 I system_monitor: sensor_add_action_entry - Adding action "modem_level0" to "LEVEL_3"
01-07 09:41:48.318   348   348 I system_monitor: sensor_add_action_entry - Adding action "lcd_brightnesslevel:71"to "LEVEL_3"
01-07 09:41:48.318   348   348 E system_monitor: sensor_register_sensor - Sensor "xo_therm" already registered. Returning
01-07 09:41:48.318   348   348 I system_monitor: sensor_register_level - Registering level "1"
01-07 09:41:48.318   348   348 I system_monitor: sensor_add_action_entry - Adding action "NOTIFY" to "LEVEL_2"
01-07 09:41:48.318   348   348 I system_monitor: sensor_add_action_entry - Adding action "CAM_WARNING" to "LEVEL_2"
01-07 09:41:48.318   348   348 I system_monitor: sensor_add_action_entry - Adding action "cpu_perflevel:810000"to "LEVEL_2"
01-07 09:41:48.318   348   348 I system_monitor: sensor_add_action_entry - Adding action "charge_current_limit:3"to "LEVEL_2"
01-07 09:41:48.318   348   348 I system_monitor: sensor_add_action_entry - Adding action "usb_current_limit:4"to "LEVEL_2"
01-07 09:41:48.318   348   348 I system_monitor: sensor_add_action_entry - Adding action "modem_level0" to "LEVEL_2"
01-07 09:41:48.318   348   348 I system_monitor: sensor_add_action_entry - Adding action "lcd_brightnesslevel:71"to "LEVEL_2"
01-07 09:41:48.318   348   348 E system_monitor: sensor_register_sensor - Sensor "xo_therm" already registered. Returning
01-07 09:41:48.318   348   348 I system_monitor: sensor_register_level - Registering level "0"
01-07 09:41:48.318   348   348 I system_monitor: sensor_add_action_entry - Adding action "NOTIFY" to "LEVEL_1"
01-07 09:41:48.318   348   348 I system_monitor: sensor_add_action_entry - Adding action "CAM_CRITICAL" to "LEVEL_1"
01-07 09:41:48.318   348   348 I system_monitor: sensor_add_action_entry - Adding action "cpu_perflevel:810000"to "LEVEL_1"
01-07 09:41:48.318   348   348 I system_monitor: sensor_add_action_entry - Adding action "charge_current_limit:3"to "LEVEL_1"
01-07 09:41:48.318   348   348 I system_monitor: sensor_add_action_entry - Adding action "usb_current_limit:4"to "LEVEL_1"
01-07 09:41:48.318   348   348 I system_monitor: sensor_add_action_entry - Adding action "modem_level1" to "LEVEL_1"
01-07 09:41:48.318   348   348 I system_monitor: sensor_add_action_entry - Adding action "lcd_brightnesslevel:71"to "LEVEL_1"
01-07 09:41:48.318   348   348 E system_monitor: sensor_register_sensor - Sensor "xo_therm" already registered. Returning
01-07 09:41:48.318   348   348 I system_monitor: sensor_register_level - Registering level "CRITICAL"
01-07 09:41:48.318   348   348 I system_monitor: sensor_add_action_entry - Adding action "NOTIFY" to "LEVEL_CRITICAL"
01-07 09:41:48.318   348   348 I system_monitor: sensor_add_action_entry - Adding action "SHUTDOWN" to "LEVEL_CRITICAL"
01-07 09:41:48.319   348   348 I system_monitor: sensor_register_level - Registering level "7"
01-07 09:41:48.319   348   348 I system_monitor: sensor_add_action_entry - Adding action "NONE" to "LEVEL_8"
01-07 09:41:48.319   348   348 E system_monitor: sensor_register_sensor - Sensor "tsens_tz_sensor0" already registered. Returning
01-07 09:41:48.319   348   348 I system_monitor: sensor_register_level - Registering level "6"
01-07 09:41:48.319   348   348 I system_monitor: sensor_add_action_entry - Adding action "cpu_perflevel:1512000"to "LEVEL_7"
01-07 09:41:48.319   348   348 E system_monitor: sensor_register_sensor - Sensor "tsens_tz_sensor0" already registered. Returning
01-07 09:41:48.319   348   348 I system_monitor: sensor_register_level - Registering level "5"
01-07 09:41:48.319   348   348 I system_monitor: sensor_add_action_entry - Adding action "cpu_perflevel:1512000"to "LEVEL_6"
01-07 09:41:48.319   348   348 E system_monitor: sensor_register_sensor - Sensor "tsens_tz_sensor0" already registered. Returning
01-07 09:41:48.319   348   348 I system_monitor: sensor_register_level - Registering level "4"
01-07 09:41:48.319   348   348 I system_monitor: sensor_add_action_entry - Adding action "cpu_perflevel:1296000"to "LEVEL_5"
01-07 09:41:48.319   348   348 E system_monitor: sensor_register_sensor - Sensor "tsens_tz_sensor0" already registered. Returning
01-07 09:41:48.319   348   348 I system_monitor: sensor_register_level - Registering level "3"
01-07 09:41:48.319   348   348 I system_monitor: sensor_add_action_entry - Adding action "cpu_perflevel:1188000"to "LEVEL_4"
01-07 09:41:48.319   348   348 E system_monitor: sensor_register_sensor - Sensor "tsens_tz_sensor0" already registered. Returning
01-07 09:41:48.319   348   348 I system_monitor: sensor_register_level - Registering level "2"
01-07 09:41:48.319   348   348 I system_monitor: sensor_add_action_entry - Adding action "cpu_perflevel:918000"to "LEVEL_3"
01-07 09:41:48.319   348   348 E system_monitor: sensor_register_sensor - Sensor "tsens_tz_sensor0" already registered. Returning
01-07 09:41:48.319   348   348 I system_monitor: sensor_register_level - Registering level "1"
01-07 09:41:48.319   348   348 I system_monitor: sensor_add_action_entry - Adding action "cpu_perflevel:756000"to "LEVEL_2"
01-07 09:41:48.319   348   348 E system_monitor: sensor_register_sensor - Sensor "tsens_tz_sensor0" already registered. Returning
01-07 09:41:48.319   348   348 I system_monitor: sensor_register_level - Registering level "0"
01-07 09:41:48.319   348   348 I system_monitor: sensor_add_action_entry - Adding action "cpu_perflevel:648000"to "LEVEL_1"
01-07 09:41:48.319   348   348 E system_monitor: sensor_register_sensor - Sensor "tsens_tz_sensor0" already registered. Returning
01-07 09:41:48.319   348   348 I system_monitor: sensor_register_level - Registering level "CRITICAL"
01-07 09:41:48.319   348   348 I system_monitor: sensor_add_action_entry - Adding action "NOTIFY" to "LEVEL_CRITICAL"
01-07 09:41:48.319   348   348 I system_monitor: sensor_add_action_entry - Adding action "SHUTDOWN" to "LEVEL_CRITICAL"
01-07 09:41:48.319   348   348 I system_monitor: sensor_register_level - Registering level "6"
01-07 09:41:48.319   348   348 I system_monitor: sensor_add_action_entry - Adding action "NONE" to "LEVEL_7"
01-07 09:41:48.319   348   348 E system_monitor: sensor_register_sensor - Sensor "tsens_tz_sensor3" already registered. Returning
01-07 09:41:48.319   348   348 I system_monitor: sensor_register_level - Registering level "5"
01-07 09:41:48.319   348   348 I system_monitor: sensor_add_action_entry - Adding action "cpu_perflevel:1512000"to "LEVEL_6"
01-07 09:41:48.319   348   348 E system_monitor: sensor_register_sensor - Sensor "tsens_tz_sensor3" already registered. Returning
01-07 09:41:48.319   348   348 I system_monitor: sensor_register_level - Registering level "4"
01-07 09:41:48.319   348   348 I system_monitor: sensor_add_action_entry - Adding action "cpu_perflevel:1296000"to "LEVEL_5"
01-07 09:41:48.319   348   348 E system_monitor: sensor_register_sensor - Sensor "tsens_tz_sensor3" already registered. Returning
01-07 09:41:48.320   348   348 I system_monitor: sensor_register_level - Registering level "3"
01-07 09:41:48.320   348   348 I system_monitor: sensor_add_action_entry - Adding action "cpu_perflevel:1188000"to "LEVEL_4"
01-07 09:41:48.320   348   348 E system_monitor: sensor_register_sensor - Sensor "tsens_tz_sensor3" already registered. Returning
01-07 09:41:48.320   348   348 I system_monitor: sensor_register_level - Registering level "2"
01-07 09:41:48.320   348   348 I system_monitor: sensor_add_action_entry - Adding action "cpu_perflevel:918000"to "LEVEL_3"
01-07 09:41:48.320   348   348 E system_monitor: sensor_register_sensor - Sensor "tsens_tz_sensor3" already registered. Returning
