a


aMicrosoft Windows [Version 10.0.10547]
(c) Корпорация Майкрософт (Microsoft Corporation), 2015 г. Все права защищены.

C:\WINDOWS\system32>c:\adb\adb logcat
- waiting for device -
--------- beginning of main
01-07 09:41:31.346   186   186 W auditd  : type=2000 audit(0.0:1): initialized
01-07 09:41:37.972   200   200 I /system/bin/tzdatacheck: tzdata file /data/misc/zoneinfo/current/tzdata does not exist. No action required.
--------- beginning of system
01-07 09:41:38.135   191   191 I vold    : Vold 3.0 (the awakening) firing up
01-07 09:41:38.135   191   191 V vold    : Detected support for: exfat ext4 f2fs ntfs vfat
01-07 09:41:38.340   191   216 V vold    : /system/bin/sgdisk
01-07 09:41:38.340   191   216 V vold    :     --android-dump
01-07 09:41:38.340   191   216 V vold    :     /dev/block/vold/disk:179_32
01-07 09:41:38.350   217   217 W linker  : /system/lib/libmllite.so: unused DT entry: type 0xf arg 0x13ff
01-07 09:41:38.383   217   217 W linker  : /system/lib/libmpl.so: unused DT entry: type 0xf arg 0x1bfa
01-07 09:41:38.388   217   217 W linker  : /system/lib/libmlplatform.so: unused DT entry: type 0xf arg 0x801
01-07 09:41:38.428   217   217 W linker  : /system/lib/libmlplatform.so has text relocations. This is wasting memory and prevents security hardening. Please fix.
01-07 09:41:38.429   217   217 D cal_data_manager: MPU3050 calibration start.
01-07 09:41:38.433   217   217 D cal_data_manager: already stored cal.bin data in /data.
01-07 09:41:38.437   191   216 V vold    : DISK mbr
01-07 09:41:38.437   191   216 V vold    : PART 1 c
01-07 09:41:38.492   230   230 I sysinit : Running /system/etc/init.d/00banner
01-07 09:41:38.534   236   236 I cm      : ____ _   _ ____ _  _ ____ ____ ____ _  _ _  _ ____ ___
01-07 09:41:38.549   239   239 I cm      : |     \_/  |__| |\ | |  | | __ |___ |\ | |\/| |  | |  \
01-07 09:41:38.563   244   244 I cm      : |___   |   |  | | \| |__| |__] |___ | \| |  | |__| |__/
01-07 09:41:38.609   255   255 I BOOT    : MSM target '${ro.board.platform}', SoC 'Unknown', HwID '87', SoC ver '0'
01-07 09:41:38.697   274   274 I cm      : Welcome to Android 6.0.1 / CyanogenMod-13.0-20160404-UNOFFICIAL-tsubasa
01-07 09:41:38.715   281   281 I sysinit : Running /system/etc/init.d/90userinit
01-07 09:41:39.000   406   406 E QC-time-services: Daemon:genoff_boot_tod_init: Unable to set TOD at boot up
01-07 09:41:39.000   406   406 E QC-time-services: Daemon: Unable to set TOD at boot up
01-07 09:41:39.000   406   406 D QC-time-services: Daemon:genoff_modem_qmi_init: Initiallizing QMI
--------- beginning of crash
01-07 09:41:39.006   488   488 F libc    : page record for 0xb6f0a00c was not found (block_size=64)
01-07 09:41:39.028   386   386 I Netd    : Netd 1.0 starting
01-07 09:41:39.048   405   405 F libc    : page record for 0xb6f1c00c was not found (block_size=64)
01-07 09:41:39.059   491   491 I rmi4_fw_loader: File FW revision = 0x30,0x55 (48.85)
01-07 09:41:39.059   491   491 I rmi4_fw_loader: Chip FW revision = 0x30.0x55 (48.85)
01-07 09:41:39.059   491   491 I rmi4_fw_loader: FW Developer ID: 0x00 (0)
01-07 09:41:39.059   491   491 I rmi4_fw_loader: Chip developer ID: 0x00 (0)
01-07 09:41:39.059   491   491 I rmi4_fw_loader: FW test ID: 0x00 (0)
01-07 09:41:39.059   491   491 I rmi4_fw_loader: Chip test ID: 0x00 (0)
01-07 09:41:39.059   491   491 I rmi4_fw_loader: Full FW update not required
01-07 09:41:39.059   491   491 I rmi4_fw_loader: No config update is required.
01-07 09:41:39.059   491   491 I rmi4_fw_loader: Done
01-07 09:41:39.077   386   386 I QtiConnectivityAdapter: Failed to open libconnctrl, some features may not be present.
01-07 09:41:39.077   386   386 D TetherController: Setting IP forward enable = 0
01-07 09:41:39.098   343   343 D libEGL  : loaded /vendor/lib/egl/libEGL_adreno.so
01-07 09:41:39.112   341   341 I lowmemorykiller: Using in-kernel low memory killer interface
01-07 09:41:39.115   527   527 E ta_param_loader: Failed to read unit 60240: Unit not found
01-07 09:41:39.129   347   347 D QSEECOMD: : qseecom listener services process entry PPID = 152
01-07 09:41:39.129   347   347 D QSEECOMD: : Parent qseecom daemon process paused!!
01-07 09:41:39.137   345   345 I rmt_storage: No EBR found
01-07 09:41:39.137   345   345 I rmt_storage: Error (-1) parsing MBR partitions
01-07 09:41:39.137   345   345 I rmt_storage: Registering modemst1: 0x4a /boot/modem_fs1
01-07 09:41:39.137   345   345 I rmt_storage: Registering modemst2: 0x4b /boot/modem_fs2
01-07 09:41:39.137   345   345 I rmt_storage: Registering fsg: 0x58 /boot/modem_fsg
01-07 09:41:39.137   345   345 I rmt_storage: 3 GPT partitions found
01-07 09:41:39.138   375   375 D QSEECOMD: : QSEECOM DAEMON RUNNING
01-07 09:41:39.138   375   375 D QSEECOMD: : qseecom listener service threads starting!!!
01-07 09:41:39.138   375   375 D QSEECOMD: : Total listener services to start = 2
01-07 09:41:39.140   511   511 F libc    : page record for 0xb6f2800c was not found (block_size=64)
01-07 09:41:39.144   498   498 F libc    : page record for 0xb6ede00c was not found (block_size=64)
01-07 09:41:39.145   375   375 D QSEECOMD: : Init dlopen(libdrmtime.so, RTLD_NOW) succeeds
01-07 09:41:39.145   375   375 D QSEECOMD: : Init::Init dlsym(g_FSHandle atime_start) succeeds
01-07 09:41:39.145   375   375 D QSEECOMAPI: : QSEECom_register_listener 11 sb_length = 0x5000
01-07 09:41:39.146   375   375 D QSEECOMD: : Init atime_start ret = 0
01-07 09:41:39.146   375   375 D QSEECOMD: : time services: Started
01-07 09:41:39.146   375   375 D QSEECOMD: : Init dlopen(libdrmfs.so, RTLD_NOW) succeeds
01-07 09:41:39.146   375   375 D QSEECOMD: : Init::Init dlsym(g_FSHandle fs_start) succeeds
01-07 09:41:39.146   375   375 D QSEECOMAPI: : QSEECom_register_listener 10 sb_length = 0x5000
01-07 09:41:39.147   375   375 D QSEECOMD: : Init fs_start ret = 0
01-07 09:41:39.147   375   375 D QSEECOMD: : file system services: Started
01-07 09:41:39.156   343   343 D libEGL  : loaded /vendor/lib/egl/libGLESv1_CM_adreno.so
01-07 09:41:39.178   348   348 I system_monitor: add_plugin - Type: mitigation, name: SHUTDOWN
01-07 09:41:39.178   348   348 I system_monitor: add_plugin - Type: mitigation, name: NOTIFY
01-07 09:41:39.189   348   348 E sysmon-batt_therm: start_plugin - Sensor name = batt_therm
01-07 09:41:39.189   348   348 E sysmon-batt_therm: start_plugin - Input path = /sys/bus/platform/devices/pm8xxx-adc/batt_therm
01-07 09:41:39.189   348   348 I system_monitor: add_plugin - Type: sensor, name: batt_therm
01-07 09:41:39.191   348   348 I system_monitor: add_plugin - Type: mitigation, name: camif
01-07 09:41:39.193   348   348 I system_monitor: add_plugin - Type: mitigation, name: charge_current_limit
01-07 09:41:39.200   348   348 I system_monitor: add_plugin - Type: mitigation, name: cpu_corelimit
01-07 09:41:39.202   348   402 V sysmon-fl_function: starting force_limit_thread...
01-07 09:41:39.212   348   348 I system_monitor: add_plugin - Type: mitigation, name: disable_charging1
01-07 09:41:39.213   348   399 V sysmon-fl_function: starting force_limit_thread...
01-07 09:41:39.238   348   348 I system_monitor: add_plugin - Type: mitigation, name: disable_charging2
01-07 09:41:39.262   348   348 I system_monitor: add_plugin - Type: mitigation, name: enable_charging
01-07 09:41:39.303   397   397 I bs_updatemiscta: Version info filename defaulted to: /version
01-07 09:41:39.303   397   397 W bs_updatemiscta: read_sw_version_info_file: Can not open file: '/version'
01-07 09:41:39.303   397   397 E bs_updatemiscta: Read "ro.semc.version.sw":  -> ERROR
01-07 09:41:39.303   397   397 E bs_updatemiscta: Read "ro.semc.version.sw_revision":  -> ERROR
01-07 09:41:39.303   397   397 E bs_updatemiscta: Read "ro.semc.version.sw_variant":  -> ERROR
01-07 09:41:39.303   397   397 E bs_updatemiscta: Read "ro.semc.version.sw_type":  -> ERROR
01-07 09:41:39.303   397   397 E bs_updatemiscta: Step Reading version properties information -> ERROR
01-07 09:41:39.303   397   397 E bs_updatemiscta: update_ta_sw_version: SpaceId string length error
01-07 09:41:39.303   397   397 I bs_updatemiscta: Failed to set "TA_SW_VERSION", defaulting to: Unknown: Mar 26 2014/21:59:37
01-07 09:41:39.313   348   348 I sysmon-gpu_frequency: Number of GPU cores 1
01-07 09:41:39.313   348   348 I system_monitor: add_plugin - Type: mitigation, name: gpu_perflevel
01-07 09:41:39.315   348   466 V sysmon-fl_function: starting force_limit_thread...
01-07 09:41:39.332   391   391 I installd: installd firing up
01-07 09:41:39.333   403   403 I perfprofd: starting Android Wide Profiling daemon
01-07 09:41:39.343   397   397 E bs_updatemiscta: Update SW_VERSION information -> ERROR
01-07 09:41:39.346   348   348 E system_monitor: load_plugins - Failed to open library. Error: dlopen failed: library "liblights-core.so" not found
01-07 09:41:39.348   397   397 W bs_updatemiscta: Read TA_AC_VERSION -> NOTFOUND
01-07 09:41:39.348   397   397 E bs_updatemiscta: Read "ro.semc.version.fs":  -> ERROR
01-07 09:41:39.348   397   397 I bs_updatemiscta: Failed to set "TA_FS_VERSION", defaulting to: Unknown: Mar 26 2014/21:59:37
01-07 09:41:39.350   397   397 W bs_updatemiscta: Failed to read "ro.semc.version.cust" (this is OK if this is an unofficial build, since this property not is required to exist then)
01-07 09:41:39.350   397   397 I bs_updatemiscta: Failed to set "TA_CUST_VERSION", defaulting to: Unknown: Mar 26 2014/21:59:37
01-07 09:41:39.351   397   397 E bs_updatemiscta: Read "ro.semc.product.model":  -> ERROR
01-07 09:41:39.351   397   397 I bs_updatemiscta: Failed to set "TA_PHONE_NAME", defaulting to: Unknown: Mar 26 2014/21:59:37
01-07 09:41:39.361   387   387 I DEBUG   : debuggerd: starting
01-07 09:41:39.365   403   403 E perfprofd: unable to open configuration file /data/data/com.google.android.gms/files/perfprofd.conf
01-07 09:41:39.365   403   403 I perfprofd: random seed set to 213668179
01-07 09:41:39.368   343   343 D libEGL  : loaded /vendor/lib/egl/libGLESv2_adreno.so
01-07 09:41:39.379   343   343 W Adreno-GSL: <get_panel_settings:3805>: Android framework reported version 2. So, don't force ES30
01-07 09:41:39.394   407   407 E wcnss_service: source file do not exist /system/etc/wifi/WCNSS_qcom_cfg.ini
01-07 09:41:39.394   407   407 E wcnss_service: Serial Number is  9042e45c
01-07 09:41:39.395   407   407 E wcnss_service: CAL file not found
01-07 09:41:39.399   407   407 I wcnss_service: wcnss_read_and_store_cal_data trying to read cal
01-07 09:41:39.414   343   343 I SurfaceFlinger: SurfaceFlinger is starting
01-07 09:41:39.414   343   343 I SurfaceFlinger: SurfaceFlinger's main thread ready to run. Initializing graphics H/W...
01-07 09:41:39.424   397   397 I bs_updatemiscta: Found 84 version history entries in TA_VERSION_HISTORY, logging the last 5 (from old to new):
01-07 09:41:39.424   397   397 I bs_updatemiscta: NEW_VERSION: erased_user_data:true, variant:user, s1boot_version:1264-2289 R11AB029, cdf_version:1265-0553_R17I, fs_version:KDDI-LTE_9.2.A.2.5, sw_version:Unknown: Mar 26 2014/21:59:37
01-07 09:41:39.424   397   397 I bs_updatemiscta: NEW_VERSION: erased_user_data:true, variant:user, s1boot_version:1264-2289 R11AB029, cdf_version:Unknown: Mar 26 2014/21:59:37, fs_version:Unknown: Mar 26 2014/21:59:37, sw_version:Unknown: Mar 26 2014/21:59:37
01-07 09:41:39.424   397   397 I bs_updatemiscta: NEW_VERSION: erased_user_data:true, variant:user, s1boot_version:1264-2289 R11AB029, cdf_version:1265-0553_R17I, fs_version:KDDI-LTE_9.2.A.2.5, sw_version:Unknown: Mar 26 2014/21:59:37
01-07 09:41:39.424   397   397 I bs_updatemiscta: NEW_VERSION: erased_user_data:true, variant:user, s1boot_version:1264-2289 R11AB029, cdf_version:1266-5813_R3J, fs_version:GLOBAL-HSPA_9.2.A.2.5, sw_version:Unknown: Mar 13 2014/18:03:09
01-07 09:41:39.424   397   397 I bs_updatemiscta: NEW_VERSION: erased_user_data:true, variant:user, s1boot_version:1264-2289 R11AB029, cdf_version:Unknown: Mar 26 2014/21:59:37, fs_version:Unknown: Mar 26 2014/21:59:37, sw_version:Unknown: Mar 26 2014/21:59:37
01-07 09:41:39.424   397   397 E bs_updatemiscta: UpdateMiscTa ended with error -> ERROR
01-07 09:41:39.492   343   343 I Adreno-EGL: <qeglDrvAPI_eglInitialize:381>: EGL 1.4 QUALCOMM build:  (CL3869936)
01-07 09:41:39.492   343   343 I Adreno-EGL: OpenGL ES Shader Compiler Version: 17.01.11.SPL
01-07 09:41:39.492   343   343 I Adreno-EGL: Build Date: 03/28/14 Fri
01-07 09:41:39.492   343   343 I Adreno-EGL: Local Branch:
01-07 09:41:39.492   343   343 I Adreno-EGL: Remote Branch:
01-07 09:41:39.492   343   343 I Adreno-EGL: Local Patches:
01-07 09:41:39.492   343   343 I Adreno-EGL: Reconstruct Branch:
01-07 09:41:39.506   392   392 I keystore: Found keymaster0 module Keymaster OpenSSL HAL, version 2
01-07 09:41:39.506   392   392 I SoftKeymaster: system/keymaster/soft_keymaster_device.cpp, Line 122: Creating device
01-07 09:41:39.506   392   392 D SoftKeymaster: system/keymaster/soft_keymaster_device.cpp, Line 123: Device address: 0xb7112588
01-07 09:41:39.506   392   392 I keystore: Keymaster0 module is software-only.  Using SoftKeymasterDevice instead.
01-07 09:41:39.506   392   392 I SoftKeymaster: system/keymaster/soft_keymaster_device.cpp, Line 122: Creating device
01-07 09:41:39.506   392   392 D SoftKeymaster: system/keymaster/soft_keymaster_device.cpp, Line 123: Device address: 0xb7112770
01-07 09:41:39.506   392   392 I keystore: SELinux: Keystore SELinux is disabled.
01-07 09:41:39.517   401   401 I gatekeeperd: Starting gatekeeperd...
01-07 09:41:39.523   401   401 W gatekeeperd: falling back to software GateKeeper
01-07 09:41:39.551   406   406 D QC-time-services: Daemon:genoff_pre_init::Base = 0
01-07 09:41:39.551   406   406 D QC-time-services: Daemon:ats_rtc_init: Time read from RTC -- year = 70, month = 0,day = 7
01-07 09:41:39.552   406   406 D QC-time-services: Daemon:Value read from RTC seconds = 553299000
01-07 09:41:39.552   406   406 D QC-time-services: Daemon:genoff_init_config: ATS_RTC initialized
01-07 09:41:39.552   406   406 D QC-time-services: Daemon:genoff_pre_init::Base = 1
01-07 09:41:39.552   406   406 D QC-time-services: Daemon: Storage Name: ats_1
01-07 09:41:39.552   406   406 D QC-time-services: Daemon:Opening File: /data/time/ats_1
01-07 09:41:39.552   406   406 D QC-time-services: Daemon:time_persistent_memory_opr:Genoff Read operation
01-07 09:41:39.555   393   393 E Diag_Lib: Thread state: conn_id=48, state=MAIN_THREAD_POWERUP_INIT
01-07 09:41:39.567   408   408 F libc    : page record for 0xb6f2c00c was not found (block_size=64)
01-07 09:41:39.577   406   406 D QC-time-services: Daemon:Unable to open filefor read
01-07 09:41:39.577   406   406 D QC-time-services: Daemon:genoff_post_init:Error in accessing storage
01-07 09:41:39.577   406   406 D QC-time-services: Daemon:genoff_pre_init::Base = 2
01-07 09:41:39.577   406   406 D QC-time-services: Daemon: Storage Name: ats_2
01-07 09:41:39.577   406   406 D QC-time-services: Daemon:Opening File: /data/time/ats_2
01-07 09:41:39.577   406   406 D QC-time-services: Daemon:time_persistent_memory_opr:Genoff Read operation
01-07 09:41:39.577   406   406 D QC-time-services: Daemon:Unable to open filefor read
01-07 09:41:39.577   406   406 D QC-time-services: Daemon:genoff_post_init:Error in accessing storage
01-07 09:41:39.577   406   406 D QC-time-services: Daemon:genoff_pre_init::Base = 3
01-07 09:41:39.577   406   406 D QC-time-services: Daemon: Storage Name: ats_3
01-07 09:41:39.577   406   406 D QC-time-services: Daemon:Opening File: /data/time/ats_3
01-07 09:41:39.577   406   406 D QC-time-services: Daemon:time_persistent_memory_opr:Genoff Read operation
01-07 09:41:39.577   406   406 D QC-time-services: Daemon:Unable to open filefor read
01-07 09:41:39.577   406   406 D QC-time-services: Daemon:genoff_post_init:Error in accessing storage
01-07 09:41:39.577   406   406 D QC-time-services: Daemon:genoff_pre_init::Base = 4
01-07 09:41:39.577   406   406 D QC-time-services: Daemon: Storage Name: ats_4
01-07 09:41:39.577   406   406 D QC-time-services: Daemon:Opening File: /data/time/ats_4
01-07 09:41:39.577   406   406 D QC-time-services: Daemon:time_persistent_memory_opr:Genoff Read operation
01-07 09:41:39.577   406   406 D QC-time-services: Daemon:Unable to open filefor read
01-07 09:41:39.577   406   406 D QC-time-services: Daemon:genoff_post_init:Error in accessing storage
01-07 09:41:39.577   406   406 D QC-time-services: Daemon:genoff_pre_init::Base = 5
01-07 09:41:39.577   406   406 D QC-time-services: Daemon: Storage Name: ats_5
01-07 09:41:39.577   406   406 D QC-time-services: Daemon:Opening File: /data/time/ats_5
01-07 09:41:39.577   406   406 D QC-time-services: Daemon:time_persistent_memory_opr:Genoff Read operation
01-07 09:41:39.577   406   406 D QC-time-services: Daemon:Unable to open filefor read
01-07 09:41:39.578   406   406 D QC-time-services: Daemon:genoff_post_init:Error in accessing storage
01-07 09:41:39.578   406   406 D QC-time-services: Daemon:genoff_pre_init::Base = 6
01-07 09:41:39.578   406   406 D QC-time-services: Daemon: Storage Name: ats_6
01-07 09:41:39.578   406   406 D QC-time-services: Daemon:Opening File: /data/time/ats_6
01-07 09:41:39.578   406   406 D QC-time-services: Daemon:time_persistent_memory_opr:Genoff Read operation
01-07 09:41:39.578   406   406 D QC-time-services: Daemon:Unable to open filefor read
01-07 09:41:39.578   406   406 D QC-time-services: Daemon:genoff_post_init:Error in accessing storage
01-07 09:41:39.578   406   406 D QC-time-services: Daemon:genoff_pre_init::Base = 7
01-07 09:41:39.578   406   406 D QC-time-services: Daemon: Storage Name: ats_7
01-07 09:41:39.578   406   406 D QC-time-services: Daemon:Opening File: /data/time/ats_7
01-07 09:41:39.578   406   406 D QC-time-services: Daemon:time_persistent_memory_opr:Genoff Read operation
01-07 09:41:39.578   406   406 D QC-time-services: Daemon:Unable to open filefor read
01-07 09:41:39.578   406   406 D QC-time-services: Daemon:genoff_post_init:Error in accessing storage
01-07 09:41:39.578   406   406 D QC-time-services: Daemon:genoff_pre_init::Base = 8
01-07 09:41:39.578   406   406 D QC-time-services: Daemon: Storage Name: ats_8
01-07 09:41:39.578   406   406 D QC-time-services: Daemon:Opening File: /data/time/ats_8
01-07 09:41:39.578   406   406 D QC-time-services: Daemon:time_persistent_memory_opr:Genoff Read operation
01-07 09:41:39.578   406   406 D QC-time-services: Daemon:Unable to open filefor read
01-07 09:41:39.578   406   406 D QC-time-services: Daemon:genoff_post_init:Error in accessing storage
01-07 09:41:39.578   406   406 D QC-time-services: Daemon:genoff_pre_init::Base = 9
01-07 09:41:39.578   406   406 D QC-time-services: Daemon: Storage Name: ats_9
01-07 09:41:39.578   406   406 D QC-time-services: Daemon:Opening File: /data/time/ats_9
01-07 09:41:39.578   406   406 D QC-time-services: Daemon:time_persistent_memory_opr:Genoff Read operation
01-07 09:41:39.578   406   406 D QC-time-services: Daemon:Unable to open filefor read
01-07 09:41:39.578   406   406 D QC-time-services: Daemon:genoff_post_init:Error in accessing storage
01-07 09:41:39.578   406   406 D QC-time-services: Daemon:genoff_pre_init::Base = 10
01-07 09:41:39.578   406   406 D QC-time-services: Daemon: Storage Name: ats_10
01-07 09:41:39.578   406   406 D QC-time-services: Daemon:Opening File: /data/time/ats_10
01-07 09:41:39.578   406   406 D QC-time-services: Daemon:time_persistent_memory_opr:Genoff Read operation
01-07 09:41:39.578   406   406 D QC-time-services: Daemon:Unable to open filefor read
01-07 09:41:39.578   406   406 D QC-time-services: Daemon:genoff_post_init:Error in accessing storage
01-07 09:41:39.578   406   406 D QC-time-services: Daemon:genoff_pre_init::Base = 11
01-07 09:41:39.578   406   406 D QC-time-services: Daemon: Storage Name: ats_11
01-07 09:41:39.578   406   406 D QC-time-services: Daemon:Opening File: /data/time/ats_11
01-07 09:41:39.578   406   406 D QC-time-services: Daemon:time_persistent_memory_opr:Genoff Read operation
01-07 09:41:39.578   406   406 D QC-time-services: Daemon:Unable to open filefor read
01-07 09:41:39.578   406   406 D QC-time-services: Daemon:genoff_post_init:Error in accessing storage
01-07 09:41:39.578   406   406 D QC-time-services: Daemon:genoff_pre_init::Base = 12
01-07 09:41:39.578   406   406 D QC-time-services: Daemon: Storage Name: ats_12
01-07 09:41:39.578   406   406 D QC-time-services: Daemon:Opening File: /data/time/ats_12
01-07 09:41:39.579   406   406 D QC-time-services: Daemon:time_persistent_memory_opr:Genoff Read operation
01-07 09:41:39.579   406   406 D QC-time-services: Daemon:Unable to open filefor read
01-07 09:41:39.579   406   406 D QC-time-services: Daemon:genoff_post_init:Error in accessing storage
01-07 09:41:39.579   406   406 D QC-time-services: Daemon:genoff_pre_init::Base = 13
01-07 09:41:39.579   406   406 D QC-time-services: Daemon: Storage Name: ats_13
01-07 09:41:39.579   406   406 D QC-time-services: Daemon:Opening File: /data/time/ats_13
01-07 09:41:39.579   406   406 D QC-time-services: Daemon:time_persistent_memory_opr:Genoff Read operation
01-07 09:41:39.579   406   406 D QC-time-services: Daemon:Unable to open filefor read
01-07 09:41:39.579   406   406 D QC-time-services: Daemon:genoff_post_init:Error in accessing storage
01-07 09:41:39.579   406   406 D QC-time-services: Daemon:genoff_init_config: Other bases initilized, exiting genoff_init
01-07 09:41:39.579   406   406 D QC-time-services: Daemon:genoff_opr: Base = 1, val = 0, operation = 1
01-07 09:41:39.579   406   406 D QC-time-services: Daemon: genoff get for 1
01-07 09:41:39.579   406   406 D QC-time-services: Daemon:rtc_get: Time read from RTC -- MM/DD/YY HH:MM:SS0/7/70 9:41:39
01-07 09:41:39.579   406   406 D QC-time-services: Daemon:Value read from RTC seconds = 553299000
01-07 09:41:39.579   406   406 D QC-time-services: Daemon:Value read from RTC seconds = 553299000
01-07 09:41:39.579   406   406 D QC-time-services: Daemon:Value read from generif offset = 0
01-07 09:41:39.579   406   406 D QC-time-services: Daemon:Final Time = 553299000
01-07 09:41:39.579   406   406 D QC-time-services: Daemon:genoff_boot_tod_init: Setting system time to sec =553299, nsec =0
01-07 09:41:39.607   388   570 E Diag_Lib: qmi_init:  Not initialized, calling process init sequence
01-07 09:41:39.607   388   570 E Diag_Lib: Setting internal use port to rmnet0
01-07 09:41:40.212   343   343 D qdoverlay: initoverlay:: opening the device:: /dev/graphics/fb0
01-07 09:41:40.212   343   343 D qdoverlay: initoverlay:: opening the device:: /dev/graphics/fb1
01-07 09:41:40.212   343   343 D qdoverlay: initoverlay:: opening the device:: /dev/graphics/fb2
01-07 09:41:40.237   390   390 I mediaserver: ServiceManager: 0xb7f17be0
01-07 09:41:40.237   390   390 I AudioFlinger: Using default 3000 mSec as standby time.
01-07 09:41:40.238   390   390 E BatteryNotifier: batterystats service unavailable!
01-07 09:41:40.238   390   390 E BatteryNotifier: batterystats service unavailable!
01-07 09:41:40.243   390   390 I CameraService: CameraService started (pid=390)
01-07 09:41:40.243   390   390 I CameraService: CameraService process starting
01-07 09:41:40.243   390   390 E BatteryNotifier: batterystats service unavailable!
01-07 09:41:40.243   390   390 E BatteryNotifier: batterystats service unavailable!
01-07 09:41:40.269   343   343 I qdhwcomposer: Initializing Qualcomm Hardware Composer
01-07 09:41:40.269   343   343 I qdhwcomposer: MDP version: 430
01-07 09:41:40.269   343   343 I SurfaceFlinger: Using composer version 1.4
01-07 09:41:40.269   343   343 I qdhwcomposer: hwc_registerProcs
01-07 09:41:40.269   343   343 I qdhwcomposer: Initializing UEVENT Thread
01-07 09:41:40.269   343   343 I qdhwcomposer: Initializing VSYNC Thread
01-07 09:41:40.269   343   343 D qdhwcomposer: hwc_getDisplayAttributes disp = 0, width = 720
01-07 09:41:40.269   343   343 D qdhwcomposer: hwc_getDisplayAttributes disp = 0, height = 1280
01-07 09:41:40.270   343   343 I SurfaceFlinger: EGL information:
01-07 09:41:40.270   343   343 I SurfaceFlinger: vendor    : Android
01-07 09:41:40.270   343   343 I SurfaceFlinger: version   : 1.4 Android META-EGL
01-07 09:41:40.270   343   343 I SurfaceFlinger: extensions: EGL_KHR_get_all_proc_addresses EGL_ANDROID_presentation_time EGL_KHR_swap_buffers_with_damage EGL_KHR_image EGL_KHR_image_base EGL_KHR_lock_surface EGL_KHR_gl_texture_2D_image EGL_KHR_gl_texture_3D_image EGL_KHR_gl_texture_cubemap_image EGL_KHR_gl_renderbuffer_image EGL_KHR_fence_sync EGL_KHR_create_context EGL_EXT_create_context_robustness EGL_ANDROID_image_native_buffer EGL_KHR_wait_sync EGL_ANDROID_recordable
01-07 09:41:40.270   343   343 I SurfaceFlinger: Client API: OpenGL_ES
01-07 09:41:40.270   343   343 I SurfaceFlinger: EGLSurface: 8-8-8-8, config=0x5
01-07 09:41:40.428   343   343 I SurfaceFlinger: OpenGL ES informations:
01-07 09:41:40.428   343   343 I SurfaceFlinger: vendor    : Qualcomm
01-07 09:41:40.428   343   343 I SurfaceFlinger: renderer  : Adreno (TM) 225
01-07 09:41:40.428   343   343 I SurfaceFlinger: version   : OpenGL ES 2.0 V@45.0 AU@  (CL@3869936)
01-07 09:41:40.428   343   343 I SurfaceFlinger: extensions: GL_AMD_compressed_ATC_texture GL_AMD_performance_monitor GL_AMD_program_binary_Z400 GL_EXT_debug_label GL_EXT_debug_marker GL_EXT_discard_framebuffer GL_EXT_robustness GL_EXT_texture_format_BGRA8888 GL_EXT_texture_type_2_10_10_10_REV GL_NV_fence GL_OES_compressed_ETC1_RGB8_texture GL_OES_depth_texture GL_OES_depth24 GL_OES_EGL_image GL_OES_EGL_image_external GL_OES_element_index_uint GL_OES_fbo_render_mipmap GL_OES_fragment_precision_high GL_OES_get_program_binary GL_OES_packed_depth_stencil GL_OES_depth_texture_cube_map GL_OES_rgb8_rgba8 GL_OES_standard_derivatives GL_OES_texture_3D GL_OES_texture_float GL_OES_texture_half_float GL_OES_texture_half_float_linear GL_OES_texture_npot GL_OES_vertex_half_float GL_OES_vertex_type_10_10_10_2 GL_OES_vertex_array_object GL_QCOM_alpha_test GL_QCOM_binning_control GL_QCOM_driver_control GL_QCOM_perfmon_global_mode GL_QCOM_extended_get GL_QCOM_extended_get2 GL_QCOM_tiled_rendering GL_QCOM_writeonly_rendering GL_AMD_compressed_3DC_texture GL_EXT_sRGB GL_EXT_
01-07 09:41:40.428   343   343 I SurfaceFlinger: GL_MAX_TEXTURE_SIZE = 4096
01-07 09:41:40.428   343   343 I SurfaceFlinger: GL_MAX_VIEWPORT_DIMS = 4096
01-07 09:41:40.462   343   343 D SurfaceFlinger: Set power mode=2, type=0 flinger=0xb830de80
01-07 09:41:40.462   343   343 D qdhwcomposer: hwc_setPowerMode: Setting mode 2 on display: 0
01-07 09:41:40.567   343   343 D qdhwcomposer: hwc_setPowerMode: Done setting mode 2 on display 0
01-07 09:41:40.571   390   390 W linker  : /system/lib/libcald_imageutil.so has text relocations. This is wasting memory and prevents security hardening. Please fix.
01-07 09:41:40.578   390   390 W linker  : /system/lib/libface.so has text relocations. This is wasting memory and prevents security hardening. Please fix.
01-07 09:41:40.606   390   390 W linker  : /system/lib/libmmjpeg.so has text relocations. This is wasting memory and prevents security hardening. Please fix.
01-07 09:41:40.617   390   390 D libcameralight: blue_calc_parameters.c indicator_level set to: 3125. Should be 3125
01-07 09:41:40.617   390   390 D libcameralight:
01-07 09:41:40.617   390   390 D libcameralight: blue_calc_parameters.c if_torch_vr set to:  187500. Shold be 187500
01-07 09:41:40.617   390   390 D libcameralight:
01-07 09:41:40.617   390   390 D libcameralight: blue_calc_parameters.c vf_factory set to: 3500. Should be 3500
01-07 09:41:40.617   390   390 D libcameralight:
01-07 09:41:40.617   390   390 D libcameralight: blue_calc_parameters.c v_batt_min set to: 3500. Should be 3500
01-07 09:41:40.617   390   390 D libcameralight:
01-07 09:41:40.617   390   390 D libcameralight: blue_calc_parameters.c ratio_vdrop_normal set to: 80.Should be 80
01-07 09:41:40.617   390   390 D libcameralight:
01-07 09:41:40.617   390   390 D libcameralight: blue_calc_parameters.c ratio_vdrop_torch set to 60.Should be 60
01-07 09:41:40.617   390   390 D libcameralight:
01-07 09:41:40.617   390   390 D libcameralight: blue_calc_parameters.c ratio_vdrop_high set to: 50.Should be 50
01-07 09:41:40.617   390   390 D libcameralight:
01-07 09:41:40.617   390   390 D libcameralight: blue_calc_parameters.c eff_h set to: 90. Should be 90
01-07 09:41:40.617   390   390 D libcameralight:
01-07 09:41:40.617   390   390 D libcameralight: blue_calc_parameters.c eff_l set to: 70. Should be 70
01-07 09:41:40.617   390   390 D libcameralight:
01-07 09:41:40.617   390   390 D libcameralight: blue_calc_parameters.c drv_eff_threshold set to: 2000000.Should be 2000000
01-07 09:41:40.617   390   390 D libcameralight:
01-07 09:41:40.617   390   390 D libcameralight: blue_calc_parameters.c c_redeye set to: 50. Should be 50
01-07 09:41:40.617   390   390 D libcameralight:
01-07 09:41:40.617   390   390 D libcameralight: blue_calc_parameters.c c_alien set to: 50. Should be 50
01-07 09:41:40.617   390   390 D libcameralight:
01-07 09:41:40.617   390   390 D libcameralight: blue_calc_parameters.c c_charging set to: 50. Should be 50
01-07 09:41:40.617   390   390 D libcameralight:
01-07 09:41:40.617   390   390 D libcameralight: blue_calc_parameters.c rtotal_min set to: 70. Should be 70
01-07 09:41:40.617   390   390 D libcameralight:
01-07 09:41:40.617   390   390 D libcameralight: blue_calc_parameters.c rtotal_offset set to: 100. Should be 100
01-07 09:41:40.617   390   390 D libcameralight:
01-07 09:41:40.617   390   390 D libcameralight: blue_calc_parameters.c t_rtotal_threshold set to: 5.Should be 5
01-07 09:41:40.617   390   390 D libcameralight:
01-07 09:41:40.617   390   390 D libcameralight: blue_calc_parameters.c c_rtotal_a set to: 196. Should be 196
01-07 09:41:40.617   390   390 D libcameralight:
01-07 09:41:40.617   390   390 D libcameralight: blue_calc_parameters.c c_rtotal_b set to: -8500. Should be -8500
01-07 09:41:40.617   390   390 D libcameralight:
01-07 09:41:40.617   390   390 D libcameralight: blue_calc_parameters.c c_rtotal_c set to: 248700. Should be 248700
01-07 09:41:40.617   390   390 D libcameralight:
01-07 09:41:40.617   390   390 D libcameralight: blue_calc_parameters.c c_vdrop_a set to: 389600. Should be 389600
01-07 09:41:40.617   390   390 D libcameralight:
01-07 09:41:40.617   390   390 D libcameralight: blue_calc_parameters.c c_vdrop_b set to: -1072000. Should be -1072000
01-07 09:41:40.617   390   390 D libcameralight:
01-07 09:41:40.617   390   390 D libcameralight: blue_calc_parameters.c c_vdrop_c set to: 303300. Should be 303300
01-07 09:41:40.617   390   390 D libcameralight:
01-07 09:41:40.617   390   390 D libcameralight: blue_calc_parameters.c c_vf_a set to: 26020. Should be 26020
01-07 09:41:40.617   390   390 D libcameralight:
01-07 09:41:40.617   390   390 D libcameralight: blue_calc_parameters.c c_vf_b set to 627000. Should be 627000
01-07 09:41:40.617   390   390 D libcameralight:
01-07 09:41:40.617   390   390 D libcameralight: blue_calc_parameters.c c_vf_c set to 2986000. Should be 2986000
01-07 09:41:40.617   390   390 D libcameralight:
01-07 09:41:40.617   390   390 D libcameralight: blue_calc_parameters.c c_vf_t set to 0. Should be 0
01-07 09:41:40.617   390   390 D libcameralight:
01-07 09:41:40.617   390   390 D libcameralight: blue_calc_parameters.c t_ref set to 25. Should be 25
01-07 09:41:40.617   390   390 D libcameralight:
01-07 09:41:40.617   390   390 D libcameralight: blue_calc_parameters.c vf_ref set to: 3200. Should be 3200
01-07 09:41:40.617   390   390 D libcameralight:
01-07 09:41:40.617   390   390 D libcameralight: blue_calc_parameters.c i_batt_max_high set to: 500000. Should be 500000
01-07 09:41:40.617   390   390 D libcameralight:
01-07 09:41:40.617   390   390 D libcameralight: blue_calc_parameters.c i_batt_max_torch set to: 500000.Should be 500000
01-07 09:41:40.617   390   390 D libcameralight:
01-07 09:41:40.617   390   390 D libcameralight: blue_calc_parameters.c max_if_flash set to: 1500000. Should be 1500000
01-07 09:41:40.617   390   390 D libcameralight:
01-07 09:41:40.617   390   390 D libcameralight: blue_calc_parameters.c max_if_torch_3a set to: 500000. Should be 500000
01-07 09:41:40.617   390   390 D libcameralight:
01-07 09:41:40.617   390   390 D libcameralight: blue_calc_parameters.c v_batt_meas_range set to: 150.Should be 150
01-07 09:41:40.617   390   390 D libcameralight:
01-07 09:41:40.618   390   390 D libcameralight: blue_calc_parameters.c i_batt_meas_range set to: 50000.Should be 50000
01-07 09:41:40.618   390   390 D libcameralight:
01-07 09:41:40.618   390   390 D libcameralight: blue_calc_parameters.c if_flash_critical set to: 125000.Should be 125000
01-07 09:41:40.618   390   390 D libcameralight:
01-07 09:41:40.618   390   390 D libcameralight: blue_calc_parameters.c if_torch_critical set to: 125000.Should be 125000
01-07 09:41:40.618   390   390 D libcameralight:
01-07 09:41:40.618   390   390 D libcameralight: blue_calc_parameters.c valid[0]:0
01-07 09:41:40.618   390   390 D libcameralight: blue_calc_parameters.c valid[1]:0
01-07 09:41:40.618   390   390 D libcameralight: blue_calc_parameters.c valid[2]:0
01-07 09:41:40.618   390   390 D libcameralight: blue_calc_parameters.c valid[3]:0
01-07 09:41:40.618   390   390 D libcameralight: blue_calc_parameters.c valid[4]:0
01-07 09:41:40.618   390   390 D libcameralight: blue_calc_parameters.c valid[5]:0
01-07 09:41:40.618   390   390 D libcameralight: blue_calc_parameters.c valid[6]:0
01-07 09:41:40.618   390   390 D libcameralight: blue_calc_parameters.c valid[7]:0
01-07 09:41:40.618   390   390 D libcameralight: blue_calc_parameters.c calcparam_get_factory - Detect factory NV value vf_factory = 3500
01-07 09:41:40.618   390   390 D libcameralight: blue_calc_parameters.c log_param: if_indicator_level = 3125
01-07 09:41:40.618   390   390 D libcameralight: blue_calc_parameters.c log_param: if_torch_vr = 187500
01-07 09:41:40.618   390   390 D libcameralight: blue_calc_parameters.c log_param: vf_factory = 3500
01-07 09:41:40.618   390   390 D libcameralight: blue_calc_parameters.c log_param: v_batt_min = 3500
01-07 09:41:40.618   390   390 D libcameralight: blue_calc_parameters.c log_param: vdrop_ratio = 80
01-07 09:41:40.618   390   390 D libcameralight: blue_calc_parameters.c log_param: ratio_vdrop_torch = 60
01-07 09:41:40.618   390   390 D libcameralight: blue_calc_parameters.c log_param: ratio_vdrop_high = 50
01-07 09:41:40.618   390   390 D libcameralight: blue_calc_parameters.c log_param: eff_h = 90
01-07 09:41:40.618   390   390 D libcameralight: blue_calc_parameters.c log_param: eff_l = 70
01-07 09:41:40.618   390   390 D libcameralight: blue_calc_parameters.c log_param: drv_eff_threshold = 2000000
01-07 09:41:40.618   390   390 D libcameralight: blue_calc_parameters.c log_param: c_redeye = 50
01-07 09:41:40.618   390   390 D libcameralight: blue_calc_parameters.c log_param: c_alien = 50
01-07 09:41:40.618   390   390 D libcameralight: blue_calc_parameters.c log_param: c_charging = 50
01-07 09:41:40.618   390   390 D libcameralight: blue_calc_parameters.c log_param: rtotal_min = 70
01-07 09:41:40.618   390   390 D libcameralight: blue_calc_parameters.c log_param: rtotal_offset = 100
01-07 09:41:40.618   390   390 D libcameralight: blue_calc_parameters.c log_param: t_rtotal_threshold = 5
01-07 09:41:40.618   390   390 D libcameralight: blue_calc_parameters.c log_param: c_rtotal[0] = 196
01-07 09:41:40.618   390   390 D libcameralight: blue_calc_parameters.c log_param: c_rtotal[1] = -8500
01-07 09:41:40.618   390   390 D libcameralight: blue_calc_parameters.c log_param: c_rtotal[2] = 248700
01-07 09:41:40.618   390   390 D libcameralight: blue_calc_parameters.c log_param: c_vdrop[0] = 389600
01-07 09:41:40.618   390   390 D libcameralight: blue_calc_parameters.c log_param: c_vdrop[1] = -1072000
01-07 09:41:40.618   390   390 D libcameralight: blue_calc_parameters.c log_param: c_vdrop[2] = 303300
01-07 09:41:40.618   390   390 D libcameralight: blue_calc_parameters.c log_param: c_vf[0] = 26020
01-07 09:41:40.618   390   390 D libcameralight: blue_calc_parameters.c log_param: c_vf[1] = 627000
01-07 09:41:40.618   390   390 D libcameralight: blue_calc_parameters.c log_param: c_vf[2] = 2986000
01-07 09:41:40.618   390   390 D libcameralight: blue_calc_parameters.c log_param: c_vf_t = 0
01-07 09:41:40.618   390   390 D libcameralight: blue_calc_parameters.c log_param: vf_ref = 3200
01-07 09:41:40.618   390   390 D libcameralight: blue_calc_parameters.c log_param: t_ref = 25
01-07 09:41:40.618   390   390 D libcameralight: blue_calc_parameters.c log_param: i_batt_max_high = 500000
01-07 09:41:40.618   390   390 D libcameralight: blue_calc_parameters.c log_param: i_batt_max_torch = 500000
01-07 09:41:40.618   390   390 D libcameralight: blue_calc_parameters.c log_param: max_if_flash = 1500000
01-07 09:41:40.619   390   390 D libcameralight: blue_calc_parameters.c log_param: max_if_torch_3a = 500000
01-07 09:41:40.619   390   390 D libcameralight: blue_calc_parameters.c log_param: v_batt_meas_range = 150
01-07 09:41:40.619   390   390 D libcameralight: blue_calc_parameters.c log_param: i_batt_meas_range = 50000
01-07 09:41:40.619   390   390 D libcameralight: blue_calc_parameters.c log_param: if_flash_critical = 125000
01-07 09:41:40.619   390   390 D libcameralight: blue_calc_parameters.c log_param: if_torch_critical = 125000
01-07 09:41:40.620   390   390 E libals-utils: verify_interface: can't access '/sys/bus/i2c/devices/10-0040/als_on'
01-07 09:41:40.620   390   390 I libals-as367x: as367x_init: no als enable/disable: check permissions!
01-07 09:41:40.620   390   390 I libals-as367x: as367x_init: device ok, path '/sys/bus/i2c/devices/10-0040/'
01-07 09:41:40.632   390   390 I libcamera: HAL_getNumberOfCameras: E
01-07 09:41:40.632   390   390 I libcamera: HAL_Camera_GetCameraInfo: HAL_gCameraNum=-1
01-07 09:41:40.633   390   390 W caladbolg:     422920 cald_pal.c                        (2231)   390 W [PAL] No cache data
01-07 09:41:40.651   390   390 I caladbolg:     424752 cald_pal.c                        (4812)   390 I [INF] PAL_Create
01-07 09:41:40.665   390   714 I mm-camera: qcamsvr_start: old_mode = 3f
01-07 09:41:40.820   390   731 I mm-camera: mctl_store_curr_target Current target is 0
01-07 09:41:40.886   390   714 E mm-camera: camera_plugin_grant_rdi_interface: rdi intf value :2
01-07 09:41:40.887   390   731 I mm-camera: config_shutdown_pp Camera not in streaming mode. Returning.
01-07 09:41:41.462   343   581 W SurfaceFlinger: Timed out waiting for hw vsync; faking it
01-07 09:41:41.466   693   756 D libEGL  : loaded /vendor/lib/egl/libEGL_adreno.so
01-07 09:41:41.469   693   756 D libEGL  : loaded /vendor/lib/egl/libGLESv1_CM_adreno.so
01-07 09:41:41.498   693   756 D libEGL  : loaded /vendor/lib/egl/libGLESv2_adreno.so
01-07 09:41:41.544   693   756 W Adreno-GSL: <get_panel_settings:3805>: Android framework reported version 2. So, don't force ES30
01-07 09:41:41.544   693   756 I Adreno-EGL: <qeglDrvAPI_eglInitialize:381>: EGL 1.4 QUALCOMM build:  (CL3869936)
01-07 09:41:41.544   693   756 I Adreno-EGL: OpenGL ES Shader Compiler Version: 17.01.11.SPL
01-07 09:41:41.544   693   756 I Adreno-EGL: Build Date: 03/28/14 Fri
01-07 09:41:41.544   693   756 I Adreno-EGL: Local Branch:
01-07 09:41:41.544   693   756 I Adreno-EGL: Remote Branch:
01-07 09:41:41.544   693   756 I Adreno-EGL: Local Patches:
01-07 09:41:41.544   693   756 I Adreno-EGL: Reconstruct Branch:
01-07 09:41:41.586   693   756 E BootAnimation: couldn't find audio_conf.txt
01-07 09:41:41.604   390   801 I mm-camera: mctl_store_curr_target Current target is 0
01-07 09:41:41.611   400   400 D AndroidRuntime: >>>>>> START com.android.internal.os.ZygoteInit uid 0 <<<<<<
01-07 09:41:41.615   390   714 E caladbolg:     829421 semc_sub_camera_sensor_driver_mt9m114.c   (582)   714 E [HAL] SECAM_ERR :  mt9m114_sensor_version_read: register read ERROR!!
01-07 09:41:41.694   400   400 D AndroidRuntime: CheckJNI is OFF
01-07 09:41:41.715   400   400 I art     : option[0]=-Xzygote
01-07 09:41:41.715   400   400 I art     : option[1]=-Xstacktracefile:/data/anr/traces.txt
01-07 09:41:41.715   400   400 I art     : option[2]=exit
01-07 09:41:41.715   400   400 I art     : option[3]=vfprintf
01-07 09:41:41.715   400   400 I art     : option[4]=sensitiveThread
01-07 09:41:41.715   400   400 I art     : option[5]=-verbose:gc
01-07 09:41:41.715   400   400 I art     : option[6]=-Xms8m
01-07 09:41:41.715   400   400 I art     : option[7]=-Xmx256m
01-07 09:41:41.715   400   400 I art     : option[8]=-XX:HeapGrowthLimit=96m
01-07 09:41:41.715   400   400 I art     : option[9]=-XX:HeapMinFree=2m
01-07 09:41:41.715   400   400 I art     : option[10]=-XX:HeapMaxFree=8m
01-07 09:41:41.715   400   400 I art     : option[11]=-XX:HeapTargetUtilization=0.75
01-07 09:41:41.715   400   400 I art     : option[12]=-agentlib:jdwp=transport=dt_android_adb,suspend=n,server=y
01-07 09:41:41.715   400   400 I art     : option[13]=-Xlockprofthreshold:500
01-07 09:41:41.715   400   400 I art     : option[14]=-Ximage-compiler-option
01-07 09:41:41.715   400   400 I art     : option[15]=--runtime-arg
01-07 09:41:41.715   400   400 I art     : option[16]=-Ximage-compiler-option
01-07 09:41:41.716   400   400 I art     : option[17]=-Xms64m
01-07 09:41:41.716   400   400 I art     : option[18]=-Ximage-compiler-option
01-07 09:41:41.716   400   400 I art     : option[19]=--runtime-arg
01-07 09:41:41.716   400   400 I art     : option[20]=-Ximage-compiler-option
01-07 09:41:41.716   400   400 I art     : option[21]=-Xmx64m
01-07 09:41:41.716   400   400 I art     : option[22]=-Ximage-compiler-option
01-07 09:41:41.716   400   400 I art     : option[23]=--image-classes=/system/etc/preloaded-classes
01-07 09:41:41.716   400   400 I art     : option[24]=-Xcompiler-option
01-07 09:41:41.716   400   400 I art     : option[25]=--runtime-arg
01-07 09:41:41.716   400   400 I art     : option[26]=-Xcompiler-option
01-07 09:41:41.716   400   400 I art     : option[27]=-Xms64m
01-07 09:41:41.716   400   400 I art     : option[28]=-Xcompiler-option
01-07 09:41:41.716   400   400 I art     : option[29]=--runtime-arg
01-07 09:41:41.716   400   400 I art     : option[30]=-Xcompiler-option
01-07 09:41:41.716   400   400 I art     : option[31]=-Xmx512m
01-07 09:41:41.716   400   400 I art     : option[32]=-Ximage-compiler-option
01-07 09:41:41.716   400   400 I art     : option[33]=--instruction-set-variant=krait
01-07 09:41:41.716   400   400 I art     : option[34]=-Xcompiler-option
01-07 09:41:41.716   400   400 I art     : option[35]=--instruction-set-variant=krait
01-07 09:41:41.716   400   400 I art     : option[36]=-Ximage-compiler-option
01-07 09:41:41.716   400   400 I art     : option[37]=--instruction-set-features=default
01-07 09:41:41.716   400   400 I art     : option[38]=-Xcompiler-option
01-07 09:41:41.716   400   400 I art     : option[39]=--instruction-set-features=default
01-07 09:41:41.716   400   400 I art     : option[40]=-Duser.locale=en-US
01-07 09:41:41.716   400   400 I art     : option[41]=--cpu-abilist=armeabi-v7a,armeabi
01-07 09:41:41.716   400   400 I art     : option[42]=-Xfingerprint:Sony/LT25i/LT25i:4.3/9.2.A.1.210/Lfv_tg:user/release-keys
01-07 09:41:41.733   343   343 D SurfaceFlinger: SF. shader cache generated - 26 shaders in 269.702118 ms
01-07 09:41:41.745   343   343 D qdutils : DEBUG_CALC_FPS: 0
01-07 09:41:41.745   343   343 D qdutils : period: 10
01-07 09:41:41.745   343   343 D qdutils : ignorethresh_us: 500000
01-07 09:41:41.797   693   756 D BootAnimation: Use save memory method, maybe small fps in actual.
01-07 09:41:41.946   390   714 E mm-camera: camera_plugin_grant_rdi_interface: rdi intf value :2
01-07 09:41:41.947   390   801 I mm-camera: config_shutdown_pp Camera not in streaming mode. Returning.
01-07 09:41:41.954   390   390 I caladbolg:     841934 cald_pal.c                        (4835)   390 I [INF] PAL_Delete
01-07 09:41:41.972   390   390 I libcamera: HAL_getNumberOfCameras: X
01-07 09:41:41.972   390   390 I CameraService: Loaded "Xperia Camera Wrapper" camera module
01-07 09:41:41.972   390   390 I libcamera: HAL_getNumberOfCameras: E
01-07 09:41:41.972   390   390 I libcamera: HAL_Camera_GetCameraInfo: HAL_gCameraNum=2
01-07 09:41:41.972   390   390 I libcamera: HAL_getNumberOfCameras: X
01-07 09:41:41.972   390   390 I libcamera: HAL_getNumberOfCameras: E
01-07 09:41:41.972   390   390 I libcamera: HAL_Camera_GetCameraInfo: HAL_gCameraNum=2
01-07 09:41:41.972   390   390 I libcamera: HAL_getNumberOfCameras: X
01-07 09:41:41.972   390   390 I CameraFlashlight: Opening camera 0
01-07 09:41:41.972   390   390 I libcamera: HAL_getCameraInfo: E cameraId=0
01-07 09:41:41.972   390   390 I libcamera: HAL_Camera_GetCameraInfo: HAL_gCameraNum=2
01-07 09:41:41.972   390   390 I libcamera: HAL_getCameraInfo: X
01-07 09:41:41.972   390   390 I libcamera: HAL_getNumberOfCameras: E
01-07 09:41:41.972   390   390 I libcamera: HAL_Camera_GetCameraInfo: HAL_gCameraNum=2
01-07 09:41:41.972   390   390 I libcamera: HAL_getNumberOfCameras: X
01-07 09:41:41.972   390   390 I libcamera: HAL_openCameraHardware: E cameraId=0
01-07 09:41:41.973   390   390 I SHIM_ServiceManager: Waiting to check permission android.permission.CAMERA from uid=1013 pid=390
01-07 09:41:42.435   400   400 D ICU     : No timezone override file found: /data/misc/zoneinfo/current/icu/icu_tzdata.dat
01-07 09:41:42.975   949   949 F libc    : page record for 0xb6e5400c was not found (block_size=64)
01-07 09:41:43.003   950   950 F libc    : page record for 0xb6f8000c was not found (block_size=64)
01-07 09:41:43.040   400   400 I Radio-JNI: register_android_hardware_Radio DONE
01-07 09:41:43.097   400   400 I SamplingProfilerIntegration: Profiling disabled.
01-07 09:41:43.101   400   400 D Zygote  : begin preload
01-07 09:41:43.108   400   400 I Zygote  : Preloading classes...
01-07 09:41:43.219   185   185 I ta_qmi_service: Starting MiscTA QMI service
01-07 09:41:43.220   348   492 E Diag_Lib: Setting internal use port to rmnet0
01-07 09:41:43.221   406   406 E Diag_Lib: Setting internal use port to rmnet0
01-07 09:41:43.221   406   406 E QMI_FW  : QMUXD: WARNING qmi_qmux_if_pwr_up_init failed! rc=-1
01-07 09:41:43.221   406   406 E QMI_FW  : QMUXD: WARNING qmi_qmux_if_pwr_up_init failed! rc=-1
01-07 09:41:43.222   406   406 E QMI_FW  : QMUXD: WARNING qmi_qmux_if_pwr_up_init failed! rc=-1
01-07 09:41:43.223   406   406 E QMI_FW  : QMUXD: WARNING qmi_qmux_if_pwr_up_init failed! rc=-1
01-07 09:41:43.223   406   406 E QMI_FW  : QMUXD: WARNING qmi_qmux_if_pwr_up_init failed! rc=-1
01-07 09:41:43.223   406   406 E QMI_FW  : QMUXD: WARNING qmi_qmux_if_pwr_up_init failed! rc=-1
01-07 09:41:43.223   406   406 E QC-time-services: Daemon:genoff_modem_qmi_init: qmi_client_get_service_list returned -2num_services 0
01-07 09:41:43.948   345   345 I rmt_storage: rmt_storage_connect_cb: clnt_h=0x1 conn_h=0xb7095dc0
01-07 09:41:43.948   345   345 I rmt_storage: rmt_storage_open_cb: /boot/modem_fs1: clnt_h=0x1: req_h=0x1 msg_id=1: Client found
01-07 09:41:43.948   345   345 I rmt_storage: rmt_storage_open_cb: /boot/modem_fs1: clnt_h=0x1: req_h=0x1 msg_id=1: Send response: res=0 err=0
01-07 09:41:43.949   345   345 I rmt_storage: rmt_storage_connect_cb: clnt_h=0x2 conn_h=0xb7095e18
01-07 09:41:43.949   345   345 I rmt_storage: rmt_storage_open_cb: /boot/modem_fs2: clnt_h=0x2: req_h=0x2 msg_id=1: Client found
01-07 09:41:43.949   345   345 I rmt_storage: rmt_storage_open_cb: /boot/modem_fs2: clnt_h=0x2: req_h=0x2 msg_id=1: Send response: res=0 err=0
01-07 09:41:43.949   345  1076 I rmt_storage: rmt_storage_client_thread: /boot/modem_fs1: clnt_h=0x1 Worker thread started
01-07 09:41:43.949   345  1076 I rmt_storage: wake lock name: rmt_storage_-1227773648, name creation success: 23
01-07 09:41:43.949   345  1077 I rmt_storage: rmt_storage_client_thread: /boot/modem_fs2: clnt_h=0x2 Worker thread started
01-07 09:41:43.949   345  1077 I rmt_storage: wake lock name: rmt_storage_-1228818128, name creation success: 23
01-07 09:41:43.949   345   345 I rmt_storage: rmt_storage_connect_cb: clnt_h=0x3 conn_h=0xb7095e70
01-07 09:41:43.950   345   345 I rmt_storage: rmt_storage_open_cb: /boot/modem_fsg: clnt_h=0x3: req_h=0x3 msg_id=1: Client found
01-07 09:41:43.950   345   345 I rmt_storage: rmt_storage_open_cb: /boot/modem_fsg: clnt_h=0x3: req_h=0x3 msg_id=1: Send response: res=0 err=0
01-07 09:41:43.950   345   345 I rmt_storage: rmt_storage_alloc_buff_cb: /boot/modem_fs1: clnt_h=0x1: req_h=0x4 msg_id=4: Alloc request received: Size: 3145728
01-07 09:41:43.950   345   345 I rmt_storage: rmt_storage_alloc_buff_cb: /boot/modem_fs1: clnt_h=0x1: req_h=0x4 msg_id=4: Send response: res=0 err=0
01-07 09:41:43.950   345   345 I rmt_storage: rmt_storage_rw_iovec_cb: /boot/modem_fs1: clnt_h=0x1: req_h=0x5 msg_id=3: R/W request received
01-07 09:41:43.950   345   345 I rmt_storage: Shared mem address set to 0xb6718000
01-07 09:41:43.950   345   345 I rmt_storage: wakelock acquired: 1, error no: 42
01-07 09:41:43.951   345  1078 I rmt_storage: rmt_storage_client_thread: /boot/modem_fsg: clnt_h=0x3 Worker thread started
01-07 09:41:43.951   345  1078 I rmt_storage: wake lock name: rmt_storage_-1229887184, name creation success: 23
01-07 09:41:43.951   345  1076 I rmt_storage: rmt_storage_client_thread: /boot/modem_fs1: clnt_h=0x1 Unblock worker thread (th_id: -1227773648)
01-07 09:41:43.953   345  1076 I rmt_storage: rmt_storage_client_thread: /boot/modem_fs1: clnt_h=0x1: req_h=0x5 msg_id=3: Bytes read = 512
01-07 09:41:43.963   345  1076 I rmt_storage: rmt_storage_client_thread: /boot/modem_fs1: clnt_h=0x1: req_h=0x5 msg_id=3: Bytes read = 512
